53 subjects  (24 MDD / 29 HC)  |  fs=125Hz  ch=125  win=4.0s/500smp  windows/subj: min=42 med=127 max=160

=== LOSO training/evaluation — stage bd (53 folds) ===
 fold   subject true  score pred  ok  win  cumAUC  cumBACC    time
------------------------------------------------------------------------------
  ... fold  1/53: training on 52 subjects (held-out sid=2010002) ...
/home/hasan/miniconda3/lib/python3.13/site-packages/pyriemann/utils/base.py:51: UserWarning: Convergence not reached
  return func(X, *args, **kwargs)
/home/hasan/miniconda3/lib/python3.13/site-packages/pyriemann/utils/base.py:51: UserWarning: Convergence not reached
  return func(X, *args, **kwargs)
    1   2010002  MDD  0.198   HC   .  120     -       -     276.0s
  ... fold  2/53: training on 52 subjects (held-out sid=2010004) ...
    2   2010004  MDD  0.842  MDD   Y   44     -       -      25.7s
  ... fold  3/53: training on 52 subjects (held-out sid=2010005) ...
    3   2010005  MDD  0.208   HC   .  120     -       -      25.7s
  ... fold  4/53: training on 52 subjects (held-out sid=2010006) ...
    4   2010006  MDD  0.106   HC   .  120     -       -      25.0s
  ... fold  5/53: training on 52 subjects (held-out sid=2010008) ...
    5   2010008  MDD  0.335   HC   .  120     -       -      25.2s
  ... fold  6/53: training on 52 subjects (held-out sid=2010010) ...
    6   2010010  MDD  0.566  MDD   Y   92     -       -      25.6s
  ... fold  7/53: training on 52 subjects (held-out sid=2010011) ...
    7   2010011  MDD  0.046   HC   .  120     -       -      25.6s
  ... fold  8/53: training on 52 subjects (held-out sid=2010012) ...
    8   2010012  MDD  0.987  MDD   Y  112     -       -      26.0s
  ... fold  9/53: training on 52 subjects (held-out sid=2010013) ...
    9   2010013  MDD  0.999  MDD   Y  120     -       -      25.1s
  ... fold 10/53: training on 52 subjects (held-out sid=2010015) ...
   10   2010015  MDD  0.030   HC   .  120     -       -      25.8s
  ... fold 11/53: training on 52 subjects (held-out sid=2010016) ...
   11   2010016  MDD  0.149   HC   .  120     -       -      25.3s
  ... fold 12/53: training on 52 subjects (held-out sid=2010018) ...
   12   2010018  MDD  0.755  MDD   Y  120     -       -      24.9s
  ... fold 13/53: training on 52 subjects (held-out sid=2010019) ...
   13   2010019  MDD  0.837  MDD   Y  120     -       -      25.3s
  ... fold 14/53: training on 52 subjects (held-out sid=2010021) ...
   14   2010021  MDD  0.041   HC   .  120     -       -      25.4s
  ... fold 15/53: training on 52 subjects (held-out sid=2010022) ...
   15   2010022  MDD  0.971  MDD   Y  107     -       -      25.4s
  ... fold 16/53: training on 52 subjects (held-out sid=2010023) ...
   16   2010023  MDD  0.365   HC   .  120     -       -      25.2s
  ... fold 17/53: training on 52 subjects (held-out sid=2010024) ...
   17   2010024  MDD  0.975  MDD   Y  120     -       -      25.4s
  ... fold 18/53: training on 52 subjects (held-out sid=2010025) ...
   18   2010025  MDD  0.576  MDD   Y  120     -       -      25.5s
  ... fold 19/53: training on 52 subjects (held-out sid=2010026) ...
   19   2010026  MDD  0.749  MDD   Y  115     -       -      25.2s
  ... fold 20/53: training on 52 subjects (held-out sid=2010028) ...
   20   2010028  MDD  0.287   HC   .  120     -       -      25.7s
  ... fold 21/53: training on 52 subjects (held-out sid=2010030) ...
   21   2010030  MDD  0.958  MDD   Y  120     -       -      25.2s
  ... fold 22/53: training on 52 subjects (held-out sid=2010033) ...
   22   2010033  MDD  0.599  MDD   Y  120     -       -      25.8s
  ... fold 23/53: training on 52 subjects (held-out sid=2010034) ...
   23   2010034  MDD  0.327   HC   .   70     -       -      25.5s
  ... fold 24/53: training on 52 subjects (held-out sid=2010036) ...
   24   2010036  MDD  0.611  MDD   Y   99     -       -      25.2s
  ... fold 25/53: training on 52 subjects (held-out sid=2020008) ...
   25   2020008   HC  0.861  MDD   .   42  0.2083   0.2708   25.2s
  ... fold 26/53: training on 52 subjects (held-out sid=2020010) ...
   26   2020010   HC  0.024   HC   Y  112  0.6042   0.5208   25.3s
  ... fold 27/53: training on 52 subjects (held-out sid=2020013) ...
   27   2020013   HC  0.016   HC   Y  113  0.7361   0.6042   25.2s
  ... fold 28/53: training on 52 subjects (held-out sid=2020014) ...
   28   2020014   HC  0.771  MDD   .   66  0.6250   0.5208   24.7s
  ... fold 29/53: training on 52 subjects (held-out sid=2020015) ...
   29   2020015   HC  0.721  MDD   .  120  0.5750   0.4708   25.2s
  ... fold 30/53: training on 52 subjects (held-out sid=2020016) ...
   30   2020016   HC  0.379   HC   Y  119  0.5694   0.5208   25.0s
  ... fold 31/53: training on 52 subjects (held-out sid=2020018) ...
   31   2020018   HC  0.018   HC   Y   95  0.6310   0.5565   25.3s
  ... fold 32/53: training on 52 subjects (held-out sid=2020019) ...
   32   2020019   HC  0.010   HC   Y   90  0.6771   0.5833   24.7s
  ... fold 33/53: training on 52 subjects (held-out sid=2020020) ...
   33   2020020   HC  0.173   HC   Y  120  0.6898   0.6042   24.7s
  ... fold 34/53: training on 52 subjects (held-out sid=2020021) ...
   34   2020021   HC  0.088   HC   Y  120  0.7083   0.6208   25.2s
  ... fold 35/53: training on 52 subjects (held-out sid=2020022) ...
   35   2020022   HC  0.007   HC   Y  120  0.7348   0.6345   24.8s
  ... fold 36/53: training on 52 subjects (held-out sid=2020023) ...
   36   2020023   HC  0.889  MDD   .  120  0.6910   0.6042   24.8s
  ... fold 37/53: training on 52 subjects (held-out sid=2020025) ...
   37   2020025   HC  0.156   HC   Y  120  0.6987   0.6170   24.6s
  ... fold 38/53: training on 52 subjects (held-out sid=2020026) ...
   38   2020026   HC  0.515  MDD   .  120  0.6875   0.5923   24.9s
  ... fold 39/53: training on 52 subjects (held-out sid=2020027) ...
   39   2020027   HC  0.240   HC   Y  120  0.6889   0.6042   25.1s
  ... fold 40/53: training on 52 subjects (held-out sid=2020029) ...
   40   2020029   HC  0.025   HC   Y   96  0.7083   0.6146   25.6s
  ... fold 41/53: training on 52 subjects (held-out sid=2030002) ...
   41   2030002   HC  0.129   HC   Y  120  0.7157   0.6238   35.4s
  ... fold 42/53: training on 52 subjects (held-out sid=2030003) ...
   42   2030003   HC  0.353   HC   Y   94  0.7083   0.6319   33.3s
  ... fold 43/53: training on 52 subjects (held-out sid=2030004) ...
   43   2030004   HC  0.237   HC   Y  120  0.7083   0.6393   32.9s
  ... fold 44/53: training on 52 subjects (held-out sid=2030005) ...
   44   2030005   HC  0.700  MDD   .   90  0.6917   0.6208   33.9s
  ... fold 45/53: training on 52 subjects (held-out sid=2030006) ...
   45   2030006   HC  0.003   HC   Y  120  0.7063   0.6280   38.4s
  ... fold 46/53: training on 52 subjects (held-out sid=2030007) ...
   46   2030007   HC  0.005   HC   Y  120  0.7197   0.6345   30.1s
  ... fold 47/53: training on 52 subjects (held-out sid=2030009) ...
   47   2030009   HC  0.010   HC   Y   95  0.7319   0.6404   40.6s
  ... fold 48/53: training on 52 subjects (held-out sid=2030014) ...
   48   2030014   HC  0.942  MDD   .  120  0.7101   0.6250   37.7s
  ... fold 49/53: training on 52 subjects (held-out sid=2030017) ...
   49   2030017   HC  0.524  MDD   .  120  0.7033   0.6108   35.8s
  ... fold 50/53: training on 52 subjects (held-out sid=2030018) ...
   50   2030018   HC  0.885  MDD   .  104  0.6843   0.5978   28.1s
  ... fold 51/53: training on 52 subjects (held-out sid=2030019) ...
   51   2030019   HC  0.001   HC   Y  120  0.6960   0.6042   35.0s
  ... fold 52/53: training on 52 subjects (held-out sid=2030020) ...
   52   2030020   HC  0.982  MDD   .  120  0.6741   0.5923   33.8s
  ... fold 53/53: training on 52 subjects (held-out sid=2030021) ...
   53   2030021   HC  0.007   HC   Y  120  0.6853   0.5984   31.7s
------------------------------------------------------------------------------

FINAL  stage bd  |  53 subjects (24 MDD / 29 HC)
  Subject-level ROC-AUC : 0.6853   (primary)
  Balanced accuracy     : 0.5984  @thr=0.50   |  0.6897  @thr=0.030 (Youden)
  Macro-F1              : 0.5986  @thr=0.50   |  0.6386  @thr=0.030
  Confusion matrix @0.50 (rows=true HC/MDD, cols=pred HC/MDD):
        pred_HC  pred_MDD
  HC        19        10
  MDD       11        13

Total wall time: 1709.5s
Saved per-fold results -> /home/hasan/fable's rEEG/results/bd_loso.json
