53 subjects  (24 MDD / 29 HC)  |  fs=125Hz  ch=125  win=4.0s/500smp  windows/subj: min=42 med=127 max=160

=== LOSO training/evaluation — stage bd (53 folds) ===
 fold   subject true  score pred  ok  win  cumAUC  cumBACC    time
------------------------------------------------------------------------------
  ... fold  1/53: training on 52 subjects (held-out sid=2010002) ...
    1   2010002  MDD  0.184   HC   .  120     -       -     364.3s
  ... fold  2/53: training on 52 subjects (held-out sid=2010004) ...
    2   2010004  MDD  0.821  MDD   Y   44     -       -      30.4s
  ... fold  3/53: training on 52 subjects (held-out sid=2010005) ...
    3   2010005  MDD  0.189   HC   .  120     -       -      30.6s
  ... fold  4/53: training on 52 subjects (held-out sid=2010006) ...
    4   2010006  MDD  0.103   HC   .  120     -       -      26.9s
  ... fold  5/53: training on 52 subjects (held-out sid=2010008) ...
    5   2010008  MDD  0.321   HC   .  120     -       -      28.1s
  ... fold  6/53: training on 52 subjects (held-out sid=2010010) ...
    6   2010010  MDD  0.550  MDD   Y   92     -       -      24.9s
  ... fold  7/53: training on 52 subjects (held-out sid=2010011) ...
    7   2010011  MDD  0.077   HC   .  120     -       -      28.0s
  ... fold  8/53: training on 52 subjects (held-out sid=2010012) ...
    8   2010012  MDD  0.989  MDD   Y  112     -       -      28.5s
  ... fold  9/53: training on 52 subjects (held-out sid=2010013) ...
    9   2010013  MDD  0.998  MDD   Y  120     -       -      29.8s
  ... fold 10/53: training on 52 subjects (held-out sid=2010015) ...
   10   2010015  MDD  0.051   HC   .  120     -       -      29.2s
  ... fold 11/53: training on 52 subjects (held-out sid=2010016) ...
   11   2010016  MDD  0.139   HC   .  120     -       -      30.4s
  ... fold 12/53: training on 52 subjects (held-out sid=2010018) ...
   12   2010018  MDD  0.739  MDD   Y  120     -       -      24.9s
  ... fold 13/53: training on 52 subjects (held-out sid=2010019) ...
   13   2010019  MDD  0.835  MDD   Y  120     -       -      25.1s
  ... fold 14/53: training on 52 subjects (held-out sid=2010021) ...
   14   2010021  MDD  0.044   HC   .  120     -       -      27.4s
  ... fold 15/53: training on 52 subjects (held-out sid=2010022) ...
   15   2010022  MDD  0.980  MDD   Y  107     -       -      29.2s
  ... fold 16/53: training on 52 subjects (held-out sid=2010023) ...
   16   2010023  MDD  0.440   HC   .  120     -       -      40.6s
  ... fold 17/53: training on 52 subjects (held-out sid=2010024) ...
   17   2010024  MDD  0.970  MDD   Y  120     -       -      29.5s
  ... fold 18/53: training on 52 subjects (held-out sid=2010025) ...
   18   2010025  MDD  0.556  MDD   Y  120     -       -      31.4s
  ... fold 19/53: training on 52 subjects (held-out sid=2010026) ...
   19   2010026  MDD  0.838  MDD   Y  115     -       -      32.6s
  ... fold 20/53: training on 52 subjects (held-out sid=2010028) ...
   20   2010028  MDD  0.311   HC   .  120     -       -      28.8s
  ... fold 21/53: training on 52 subjects (held-out sid=2010030) ...
   21   2010030  MDD  0.961  MDD   Y  120     -       -      26.7s
  ... fold 22/53: training on 52 subjects (held-out sid=2010033) ...
   22   2010033  MDD  0.591  MDD   Y  120     -       -      25.1s
  ... fold 23/53: training on 52 subjects (held-out sid=2010034) ...
   23   2010034  MDD  0.288   HC   .   70     -       -      25.3s
  ... fold 24/53: training on 52 subjects (held-out sid=2010036) ...
   24   2010036  MDD  0.592  MDD   Y   99     -       -      26.1s
  ... fold 25/53: training on 52 subjects (held-out sid=2020008) ...
   25   2020008   HC  0.867  MDD   .   42  0.2083   0.2708   24.9s
  ... fold 26/53: training on 52 subjects (held-out sid=2020010) ...
   26   2020010   HC  0.027   HC   Y  112  0.6042   0.5208   24.9s
  ... fold 27/53: training on 52 subjects (held-out sid=2020013) ...
   27   2020013   HC  0.016   HC   Y  113  0.7361   0.6042   25.8s
  ... fold 28/53: training on 52 subjects (held-out sid=2020014) ...
   28   2020014   HC  0.788  MDD   .   66  0.6354   0.5208   28.0s
  ... fold 29/53: training on 52 subjects (held-out sid=2020015) ...
   29   2020015   HC  0.725  MDD   .  120  0.5833   0.4708   25.1s
  ... fold 30/53: training on 52 subjects (held-out sid=2020016) ...
   30   2020016   HC  0.339   HC   Y  119  0.5833   0.5208   25.0s
  ... fold 31/53: training on 52 subjects (held-out sid=2020018) ...
   31   2020018   HC  0.018   HC   Y   95  0.6429   0.5565   28.7s
  ... fold 32/53: training on 52 subjects (held-out sid=2020019) ...
   32   2020019   HC  0.013   HC   Y   90  0.6875   0.5833   30.1s
  ... fold 33/53: training on 52 subjects (held-out sid=2020020) ...
   33   2020020   HC  0.196   HC   Y  120  0.6898   0.6042   29.1s
  ... fold 34/53: training on 52 subjects (held-out sid=2020021) ...
   34   2020021   HC  0.069   HC   Y  120  0.7125   0.6208   27.7s
  ... fold 35/53: training on 52 subjects (held-out sid=2020022) ...
   35   2020022   HC  0.007   HC   Y  120  0.7386   0.6345   26.6s
  ... fold 36/53: training on 52 subjects (held-out sid=2020023) ...
   36   2020023   HC  0.881  MDD   .  120  0.6944   0.6042   29.2s
  ... fold 37/53: training on 52 subjects (held-out sid=2020025) ...
   37   2020025   HC  0.151   HC   Y  120  0.7019   0.6170   32.8s
  ... fold 38/53: training on 52 subjects (held-out sid=2020026) ...
   38   2020026   HC  0.527  MDD   .  120  0.6905   0.5923   38.3s
  ... fold 39/53: training on 52 subjects (held-out sid=2020027) ...
   39   2020027   HC  0.254   HC   Y  120  0.6917   0.6042   36.0s
  ... fold 40/53: training on 52 subjects (held-out sid=2020029) ...
   40   2020029   HC  0.023   HC   Y   96  0.7109   0.6146   33.4s
  ... fold 41/53: training on 52 subjects (held-out sid=2030002) ...
   41   2030002   HC  0.091   HC   Y  120  0.7206   0.6238   26.9s
  ... fold 42/53: training on 52 subjects (held-out sid=2030003) ...
   42   2030003   HC  0.338   HC   Y   94  0.7130   0.6319   31.5s
  ... fold 43/53: training on 52 subjects (held-out sid=2030004) ...
   43   2030004   HC  0.212   HC   Y  120  0.7127   0.6393   28.1s
  ... fold 44/53: training on 52 subjects (held-out sid=2030005) ...
   44   2030005   HC  0.659  MDD   .   90  0.6958   0.6208   26.5s
  ... fold 45/53: training on 52 subjects (held-out sid=2030006) ...
   45   2030006   HC  0.005   HC   Y  120  0.7103   0.6280   27.4s
  ... fold 46/53: training on 52 subjects (held-out sid=2030007) ...
   46   2030007   HC  0.009   HC   Y  120  0.7235   0.6345   30.0s
  ... fold 47/53: training on 52 subjects (held-out sid=2030009) ...
   47   2030009   HC  0.010   HC   Y   95  0.7355   0.6404   28.0s
  ... fold 48/53: training on 52 subjects (held-out sid=2030014) ...
   48   2030014   HC  0.943  MDD   .  120  0.7135   0.6250   26.3s
  ... fold 49/53: training on 52 subjects (held-out sid=2030017) ...
   49   2030017   HC  0.520  MDD   .  120  0.7067   0.6108   26.4s
  ... fold 50/53: training on 52 subjects (held-out sid=2030018) ...
   50   2030018   HC  0.878  MDD   .  104  0.6875   0.5978   25.6s
  ... fold 51/53: training on 52 subjects (held-out sid=2030019) ...
   51   2030019   HC  0.001   HC   Y  120  0.6991   0.6042   27.7s
  ... fold 52/53: training on 52 subjects (held-out sid=2030020) ...
   52   2030020   HC  0.986  MDD   .  120  0.6771   0.5923   26.4s
  ... fold 53/53: training on 52 subjects (held-out sid=2030021) ...
   53   2030021   HC  0.004   HC   Y  120  0.6882   0.5984   25.2s
------------------------------------------------------------------------------

FINAL  stage bd  |  53 subjects (24 MDD / 29 HC)
  Subject-level ROC-AUC : 0.6882   (primary)
  Balanced accuracy     : 0.5984  @thr=0.50   |  0.6897  @thr=0.044 (Youden)
  Macro-F1              : 0.5986  @thr=0.50   |  0.6386  @thr=0.044
  Confusion matrix @0.50 (rows=true HC/MDD, cols=pred HC/MDD):
        pred_HC  pred_MDD
  HC        19        10
  MDD       11        13

Total wall time: 1847.8s
Saved per-fold results -> /home/hasan/fable's rEEG/results/bd_loso.json
