53 subjects  (24 MDD / 29 HC)  |  fs=125Hz  ch=125  win=4.0s/500smp  windows/subj: min=42 med=127 max=160

=== LOSO training/evaluation — stage cl (53 folds) ===
 fold   subject true  score pred  ok  win  cumAUC  cumBACC    time
------------------------------------------------------------------------------
  ... fold  1/53: training on 52 subjects (held-out sid=2010002) ...
    1   2010002  MDD  0.242   HC   .  120     -       -      10.3s
  ... fold  2/53: training on 52 subjects (held-out sid=2010004) ...
    2   2010004  MDD  0.701  MDD   Y   44     -       -       0.2s
  ... fold  3/53: training on 52 subjects (held-out sid=2010005) ...
    3   2010005  MDD  0.092   HC   .  120     -       -       0.2s
  ... fold  4/53: training on 52 subjects (held-out sid=2010006) ...
    4   2010006  MDD  0.324   HC   .  120     -       -       0.2s
  ... fold  5/53: training on 52 subjects (held-out sid=2010008) ...
    5   2010008  MDD  0.522  MDD   Y  120     -       -       0.2s
  ... fold  6/53: training on 52 subjects (held-out sid=2010010) ...
    6   2010010  MDD  0.432   HC   .   92     -       -       0.2s
  ... fold  7/53: training on 52 subjects (held-out sid=2010011) ...
    7   2010011  MDD  0.481   HC   .  120     -       -       0.2s
  ... fold  8/53: training on 52 subjects (held-out sid=2010012) ...
    8   2010012  MDD  0.172   HC   .  112     -       -       0.2s
  ... fold  9/53: training on 52 subjects (held-out sid=2010013) ...
    9   2010013  MDD  0.960  MDD   Y  120     -       -       0.2s
  ... fold 10/53: training on 52 subjects (held-out sid=2010015) ...
   10   2010015  MDD  0.415   HC   .  120     -       -       0.2s
  ... fold 11/53: training on 52 subjects (held-out sid=2010016) ...
   11   2010016  MDD  0.499   HC   .  120     -       -       0.2s
  ... fold 12/53: training on 52 subjects (held-out sid=2010018) ...
   12   2010018  MDD  0.384   HC   .  120     -       -       0.2s
  ... fold 13/53: training on 52 subjects (held-out sid=2010019) ...
   13   2010019  MDD  0.389   HC   .  120     -       -       0.2s
  ... fold 14/53: training on 52 subjects (held-out sid=2010021) ...
   14   2010021  MDD  0.820  MDD   Y  120     -       -       0.2s
  ... fold 15/53: training on 52 subjects (held-out sid=2010022) ...
   15   2010022  MDD  0.621  MDD   Y  107     -       -       0.2s
  ... fold 16/53: training on 52 subjects (held-out sid=2010023) ...
   16   2010023  MDD  0.411   HC   .  120     -       -       0.2s
  ... fold 17/53: training on 52 subjects (held-out sid=2010024) ...
   17   2010024  MDD  0.707  MDD   Y  120     -       -       0.2s
  ... fold 18/53: training on 52 subjects (held-out sid=2010025) ...
   18   2010025  MDD  0.649  MDD   Y  120     -       -       0.2s
  ... fold 19/53: training on 52 subjects (held-out sid=2010026) ...
   19   2010026  MDD  0.364   HC   .  115     -       -       0.2s
  ... fold 20/53: training on 52 subjects (held-out sid=2010028) ...
   20   2010028  MDD  0.516  MDD   Y  120     -       -       0.2s
  ... fold 21/53: training on 52 subjects (held-out sid=2010030) ...
   21   2010030  MDD  0.498   HC   .  120     -       -       0.2s
  ... fold 22/53: training on 52 subjects (held-out sid=2010033) ...
   22   2010033  MDD  0.718  MDD   Y  120     -       -       0.2s
  ... fold 23/53: training on 52 subjects (held-out sid=2010034) ...
   23   2010034  MDD  0.378   HC   .   70     -       -       0.2s
  ... fold 24/53: training on 52 subjects (held-out sid=2010036) ...
   24   2010036  MDD  0.432   HC   .   99     -       -       0.2s
  ... fold 25/53: training on 52 subjects (held-out sid=2020008) ...
   25   2020008   HC  0.418   HC   Y   42  0.5833   0.6875    0.2s
  ... fold 26/53: training on 52 subjects (held-out sid=2020010) ...
   26   2020010   HC  0.722  MDD   .  112  0.3333   0.4375    0.2s
  ... fold 27/53: training on 52 subjects (held-out sid=2020013) ...
   27   2020013   HC  0.493   HC   Y  113  0.3750   0.5208    0.2s
  ... fold 28/53: training on 52 subjects (held-out sid=2020014) ...
   28   2020014   HC  0.644  MDD   .   66  0.3438   0.4375    0.2s
  ... fold 29/53: training on 52 subjects (held-out sid=2020015) ...
   29   2020015   HC  0.921  MDD   .  120  0.2833   0.3875    0.2s
  ... fold 30/53: training on 52 subjects (held-out sid=2020016) ...
   30   2020016   HC  0.415   HC   Y  119  0.3403   0.4375    0.2s
  ... fold 31/53: training on 52 subjects (held-out sid=2020018) ...
   31   2020018   HC  0.354   HC   Y   95  0.4107   0.4732    0.2s
  ... fold 32/53: training on 52 subjects (held-out sid=2020019) ...
   32   2020019   HC  0.481   HC   Y   90  0.4219   0.5000    0.2s
  ... fold 33/53: training on 52 subjects (held-out sid=2020020) ...
   33   2020020   HC  0.415   HC   Y  120  0.4398   0.5208    0.2s
  ... fold 34/53: training on 52 subjects (held-out sid=2020021) ...
   34   2020021   HC  0.463   HC   Y  120  0.4458   0.5375    0.2s
  ... fold 35/53: training on 52 subjects (held-out sid=2020022) ...
   35   2020022   HC  0.971  MDD   .  120  0.4053   0.5057    0.2s
  ... fold 36/53: training on 52 subjects (held-out sid=2020023) ...
   36   2020023   HC  0.948  MDD   .  120  0.3750   0.4792    0.2s
  ... fold 37/53: training on 52 subjects (held-out sid=2020025) ...
   37   2020025   HC  0.486   HC   Y  120  0.3814   0.4952    0.2s
  ... fold 38/53: training on 52 subjects (held-out sid=2020026) ...
   38   2020026   HC  0.672  MDD   .  120  0.3690   0.4732    0.2s
  ... fold 39/53: training on 52 subjects (held-out sid=2020027) ...
   39   2020027   HC  0.333   HC   Y  120  0.4000   0.4875    0.2s
  ... fold 40/53: training on 52 subjects (held-out sid=2020029) ...
   40   2020029   HC  0.506  MDD   .   96  0.3984   0.4688    0.2s
  ... fold 41/53: training on 52 subjects (held-out sid=2030002) ...
   41   2030002   HC  0.616  MDD   .  120  0.3922   0.4522    0.2s
  ... fold 42/53: training on 52 subjects (held-out sid=2030003) ...
   42   2030003   HC  0.470   HC   Y   94  0.3981   0.4653    0.2s
  ... fold 43/53: training on 52 subjects (held-out sid=2030004) ...
   43   2030004   HC  0.168   HC   Y  120  0.4276   0.4770    0.2s
  ... fold 44/53: training on 52 subjects (held-out sid=2030005) ...
   44   2030005   HC  0.941  MDD   .   90  0.4083   0.4625    0.2s
  ... fold 45/53: training on 52 subjects (held-out sid=2030006) ...
   45   2030006   HC  0.023   HC   Y  120  0.4365   0.4732    0.2s
  ... fold 46/53: training on 52 subjects (held-out sid=2030007) ...
   46   2030007   HC  0.601  MDD   .  120  0.4299   0.4602    0.2s
  ... fold 47/53: training on 52 subjects (held-out sid=2030009) ...
   47   2030009   HC  0.456   HC   Y   95  0.4330   0.4701    0.2s
  ... fold 48/53: training on 52 subjects (held-out sid=2030014) ...
   48   2030014   HC  0.503  MDD   .  120  0.4306   0.4583    0.2s
  ... fold 49/53: training on 52 subjects (held-out sid=2030017) ...
   49   2030017   HC  0.430   HC   Y  120  0.4367   0.4675    0.2s
  ... fold 50/53: training on 52 subjects (held-out sid=2030018) ...
   50   2030018   HC  0.200   HC   Y  104  0.4551   0.4760    0.2s
  ... fold 51/53: training on 52 subjects (held-out sid=2030019) ...
   51   2030019   HC  0.370   HC   Y  120  0.4676   0.4838    0.2s
  ... fold 52/53: training on 52 subjects (held-out sid=2030020) ...
   52   2030020   HC  0.148   HC   Y  120  0.4851   0.4911    0.2s
  ... fold 53/53: training on 52 subjects (held-out sid=2030021) ...
   53   2030021   HC  0.314   HC   Y  120  0.4986   0.4978    0.2s
------------------------------------------------------------------------------

FINAL  stage cl  |  53 subjects (24 MDD / 29 HC)
  Subject-level ROC-AUC : 0.4986   (primary)
  Balanced accuracy     : 0.4978  @thr=0.50   |  0.5395  @thr=0.498 (Youden)
  Macro-F1              : 0.4949  @thr=0.50   |  0.5391  @thr=0.498
  Confusion matrix @0.50 (rows=true HC/MDD, cols=pred HC/MDD):
        pred_HC  pred_MDD
  HC        18        11
  MDD       15         9

Total wall time: 21.3s
Saved per-fold results -> /home/hasan/fable's rEEG/results/cl_loso.json
