53 subjects  (24 MDD / 29 HC)  |  fs=125Hz  ch=125  win=4.0s/500smp  windows/subj: min=42 med=127 max=160

=== LOSO training/evaluation — stage cl (53 folds) ===
 fold   subject true  score pred  ok  win  cumAUC  cumBACC    time
------------------------------------------------------------------------------
  ... fold  1/53: training on 52 subjects (held-out sid=2010002) ...
    1   2010002  MDD  0.299   HC   .  120     -       -      10.3s
  ... fold  2/53: training on 52 subjects (held-out sid=2010004) ...
    2   2010004  MDD  0.720  MDD   Y   44     -       -       0.3s
  ... fold  3/53: training on 52 subjects (held-out sid=2010005) ...
    3   2010005  MDD  0.092   HC   .  120     -       -       0.3s
  ... fold  4/53: training on 52 subjects (held-out sid=2010006) ...
    4   2010006  MDD  0.478   HC   .  120     -       -       0.3s
  ... fold  5/53: training on 52 subjects (held-out sid=2010008) ...
    5   2010008  MDD  0.800  MDD   Y  120     -       -       0.3s
  ... fold  6/53: training on 52 subjects (held-out sid=2010010) ...
    6   2010010  MDD  0.288   HC   .   92     -       -       0.3s
  ... fold  7/53: training on 52 subjects (held-out sid=2010011) ...
    7   2010011  MDD  0.437   HC   .  120     -       -       0.3s
  ... fold  8/53: training on 52 subjects (held-out sid=2010012) ...
    8   2010012  MDD  0.228   HC   .  112     -       -       0.3s
  ... fold  9/53: training on 52 subjects (held-out sid=2010013) ...
    9   2010013  MDD  0.960  MDD   Y  120     -       -       0.3s
  ... fold 10/53: training on 52 subjects (held-out sid=2010015) ...
   10   2010015  MDD  0.573  MDD   Y  120     -       -       0.3s
  ... fold 11/53: training on 52 subjects (held-out sid=2010016) ...
   11   2010016  MDD  0.690  MDD   Y  120     -       -       0.3s
  ... fold 12/53: training on 52 subjects (held-out sid=2010018) ...
   12   2010018  MDD  0.308   HC   .  120     -       -       0.3s
  ... fold 13/53: training on 52 subjects (held-out sid=2010019) ...
   13   2010019  MDD  0.568  MDD   Y  120     -       -       0.2s
  ... fold 14/53: training on 52 subjects (held-out sid=2010021) ...
   14   2010021  MDD  0.614  MDD   Y  120     -       -       0.3s
  ... fold 15/53: training on 52 subjects (held-out sid=2010022) ...
   15   2010022  MDD  0.525  MDD   Y  107     -       -       0.2s
  ... fold 16/53: training on 52 subjects (held-out sid=2010023) ...
   16   2010023  MDD  0.574  MDD   Y  120     -       -       0.2s
  ... fold 17/53: training on 52 subjects (held-out sid=2010024) ...
   17   2010024  MDD  0.637  MDD   Y  120     -       -       0.3s
  ... fold 18/53: training on 52 subjects (held-out sid=2010025) ...
   18   2010025  MDD  0.653  MDD   Y  120     -       -       0.3s
  ... fold 19/53: training on 52 subjects (held-out sid=2010026) ...
   19   2010026  MDD  0.195   HC   .  115     -       -       0.2s
  ... fold 20/53: training on 52 subjects (held-out sid=2010028) ...
   20   2010028  MDD  0.451   HC   .  120     -       -       0.3s
  ... fold 21/53: training on 52 subjects (held-out sid=2010030) ...
   21   2010030  MDD  0.153   HC   .  120     -       -       0.3s
  ... fold 22/53: training on 52 subjects (held-out sid=2010033) ...
   22   2010033  MDD  0.929  MDD   Y  120     -       -       0.3s
  ... fold 23/53: training on 52 subjects (held-out sid=2010034) ...
   23   2010034  MDD  0.353   HC   .   70     -       -       0.2s
  ... fold 24/53: training on 52 subjects (held-out sid=2010036) ...
   24   2010036  MDD  0.099   HC   .   99     -       -       0.2s
  ... fold 25/53: training on 52 subjects (held-out sid=2020008) ...
   25   2020008   HC  0.312   HC   Y   42  0.6667   0.7500    0.3s
  ... fold 26/53: training on 52 subjects (held-out sid=2020010) ...
   26   2020010   HC  0.461   HC   Y  112  0.6042   0.7500    0.3s
  ... fold 27/53: training on 52 subjects (held-out sid=2020013) ...
   27   2020013   HC  0.465   HC   Y  113  0.5833   0.7500    0.3s
  ... fold 28/53: training on 52 subjects (held-out sid=2020014) ...
   28   2020014   HC  0.655  MDD   .   66  0.4896   0.6250    0.3s
  ... fold 29/53: training on 52 subjects (held-out sid=2020015) ...
   29   2020015   HC  0.976  MDD   .  120  0.3917   0.5500    0.3s
  ... fold 30/53: training on 52 subjects (held-out sid=2020016) ...
   30   2020016   HC  0.667  MDD   .  119  0.3611   0.5000    0.3s
  ... fold 31/53: training on 52 subjects (held-out sid=2020018) ...
   31   2020018   HC  0.591  MDD   .   95  0.3571   0.4643    0.3s
  ... fold 32/53: training on 52 subjects (held-out sid=2020019) ...
   32   2020019   HC  0.573  MDD   .   90  0.3594   0.4375    0.3s
  ... fold 33/53: training on 52 subjects (held-out sid=2020020) ...
   33   2020020   HC  0.405   HC   Y  120  0.3889   0.4722    0.3s
  ... fold 34/53: training on 52 subjects (held-out sid=2020021) ...
   34   2020021   HC  0.484   HC   Y  120  0.4000   0.5000    0.2s
  ... fold 35/53: training on 52 subjects (held-out sid=2020022) ...
   35   2020022   HC  0.992  MDD   .  120  0.3636   0.4773    0.3s
  ... fold 36/53: training on 52 subjects (held-out sid=2020023) ...
   36   2020023   HC  0.916  MDD   .  120  0.3403   0.4583    0.3s
  ... fold 37/53: training on 52 subjects (held-out sid=2020025) ...
   37   2020025   HC  0.717  MDD   .  120  0.3269   0.4423    0.2s
  ... fold 38/53: training on 52 subjects (held-out sid=2020026) ...
   38   2020026   HC  0.626  MDD   .  120  0.3244   0.4286    0.2s
  ... fold 39/53: training on 52 subjects (held-out sid=2020027) ...
   39   2020027   HC  0.276   HC   Y  120  0.3556   0.4500    0.3s
  ... fold 40/53: training on 52 subjects (held-out sid=2020029) ...
   40   2020029   HC  0.558  MDD   .   96  0.3620   0.4375    0.3s
  ... fold 41/53: training on 52 subjects (held-out sid=2030002) ...
   41   2030002   HC  0.546  MDD   .  120  0.3676   0.4265    0.2s
  ... fold 42/53: training on 52 subjects (held-out sid=2030003) ...
   42   2030003   HC  0.368   HC   Y   94  0.3819   0.4444    0.3s
  ... fold 43/53: training on 52 subjects (held-out sid=2030004) ...
   43   2030004   HC  0.277   HC   Y  120  0.4035   0.4605    0.2s
  ... fold 44/53: training on 52 subjects (held-out sid=2030005) ...
   44   2030005   HC  0.843  MDD   .   90  0.3875   0.4500    0.3s
  ... fold 45/53: training on 52 subjects (held-out sid=2030006) ...
   45   2030006   HC  0.013   HC   Y  120  0.4167   0.4643    0.2s
  ... fold 46/53: training on 52 subjects (held-out sid=2030007) ...
   46   2030007   HC  0.794  MDD   .  120  0.4034   0.4545    0.3s
  ... fold 47/53: training on 52 subjects (held-out sid=2030009) ...
   47   2030009   HC  0.454   HC   Y   95  0.4094   0.4674    0.3s
  ... fold 48/53: training on 52 subjects (held-out sid=2030014) ...
   48   2030014   HC  0.752  MDD   .  120  0.3976   0.4583    0.2s
  ... fold 49/53: training on 52 subjects (held-out sid=2030017) ...
   49   2030017   HC  0.259   HC   Y  120  0.4133   0.4700    0.2s
  ... fold 50/53: training on 52 subjects (held-out sid=2030018) ...
   50   2030018   HC  0.345   HC   Y  104  0.4231   0.4808    0.3s
  ... fold 51/53: training on 52 subjects (held-out sid=2030019) ...
   51   2030019   HC  0.240   HC   Y  120  0.4367   0.4907    0.3s
  ... fold 52/53: training on 52 subjects (held-out sid=2030020) ...
   52   2030020   HC  0.165   HC   Y  120  0.4524   0.5000    0.3s
  ... fold 53/53: training on 52 subjects (held-out sid=2030021) ...
   53   2030021   HC  0.404   HC   Y  120  0.4583   0.5086    0.2s
------------------------------------------------------------------------------

FINAL  stage cl  |  53 subjects (24 MDD / 29 HC)
  Subject-level ROC-AUC : 0.4583   (primary)
  Balanced accuracy     : 0.5086  @thr=0.50   |  0.5223  @thr=0.568 (Youden)
  Macro-F1              : 0.5079  @thr=0.50   |  0.5222  @thr=0.568
  Confusion matrix @0.50 (rows=true HC/MDD, cols=pred HC/MDD):
        pred_HC  pred_MDD
  HC        15        14
  MDD       12        12

Total wall time: 23.7s
Saved per-fold results -> /home/hasan/fable's rEEG/results/cl_loso.json
