53 subjects  (24 MDD / 29 HC)  |  fs=125Hz  ch=125  win=4.0s/500smp  windows/subj: min=42 med=127 max=160

=== LOSO training/evaluation — stage cl (53 folds) ===
 fold   subject true  score pred  ok  win  cumAUC  cumBACC    time
------------------------------------------------------------------------------
  ... fold  1/53: training on 52 subjects (held-out sid=2010002) ...
    1   2010002  MDD  0.131   HC   .  120     -       -      10.4s
  ... fold  2/53: training on 52 subjects (held-out sid=2010004) ...
    2   2010004  MDD  0.670  MDD   Y   44     -       -       0.2s
  ... fold  3/53: training on 52 subjects (held-out sid=2010005) ...
    3   2010005  MDD  0.339   HC   .  120     -       -       0.2s
  ... fold  4/53: training on 52 subjects (held-out sid=2010006) ...
    4   2010006  MDD  0.382   HC   .  120     -       -       0.2s
  ... fold  5/53: training on 52 subjects (held-out sid=2010008) ...
    5   2010008  MDD  0.536  MDD   Y  120     -       -       0.2s
  ... fold  6/53: training on 52 subjects (held-out sid=2010010) ...
    6   2010010  MDD  0.471   HC   .   92     -       -       0.2s
  ... fold  7/53: training on 52 subjects (held-out sid=2010011) ...
    7   2010011  MDD  0.422   HC   .  120     -       -       0.2s
  ... fold  8/53: training on 52 subjects (held-out sid=2010012) ...
    8   2010012  MDD  0.408   HC   .  112     -       -       0.2s
  ... fold  9/53: training on 52 subjects (held-out sid=2010013) ...
    9   2010013  MDD  0.693  MDD   Y  120     -       -       0.2s
  ... fold 10/53: training on 52 subjects (held-out sid=2010015) ...
   10   2010015  MDD  0.497   HC   .  120     -       -       0.2s
  ... fold 11/53: training on 52 subjects (held-out sid=2010016) ...
   11   2010016  MDD  0.650  MDD   Y  120     -       -       0.2s
  ... fold 12/53: training on 52 subjects (held-out sid=2010018) ...
   12   2010018  MDD  0.367   HC   .  120     -       -       0.2s
  ... fold 13/53: training on 52 subjects (held-out sid=2010019) ...
   13   2010019  MDD  0.516  MDD   Y  120     -       -       0.2s
  ... fold 14/53: training on 52 subjects (held-out sid=2010021) ...
   14   2010021  MDD  0.648  MDD   Y  120     -       -       0.2s
  ... fold 15/53: training on 52 subjects (held-out sid=2010022) ...
   15   2010022  MDD  0.582  MDD   Y  107     -       -       0.2s
  ... fold 16/53: training on 52 subjects (held-out sid=2010023) ...
   16   2010023  MDD  0.463   HC   .  120     -       -       0.2s
  ... fold 17/53: training on 52 subjects (held-out sid=2010024) ...
   17   2010024  MDD  0.657  MDD   Y  120     -       -       0.2s
  ... fold 18/53: training on 52 subjects (held-out sid=2010025) ...
   18   2010025  MDD  0.520  MDD   Y  120     -       -       0.2s
  ... fold 19/53: training on 52 subjects (held-out sid=2010026) ...
   19   2010026  MDD  0.814  MDD   Y  115     -       -       0.2s
  ... fold 20/53: training on 52 subjects (held-out sid=2010028) ...
   20   2010028  MDD  0.427   HC   .  120     -       -       0.2s
  ... fold 21/53: training on 52 subjects (held-out sid=2010030) ...
   21   2010030  MDD  0.785  MDD   Y  120     -       -       0.2s
  ... fold 22/53: training on 52 subjects (held-out sid=2010033) ...
   22   2010033  MDD  0.679  MDD   Y  120     -       -       0.2s
  ... fold 23/53: training on 52 subjects (held-out sid=2010034) ...
   23   2010034  MDD  0.660  MDD   Y   70     -       -       0.2s
  ... fold 24/53: training on 52 subjects (held-out sid=2010036) ...
   24   2010036  MDD  0.509  MDD   Y   99     -       -       0.2s
  ... fold 25/53: training on 52 subjects (held-out sid=2020008) ...
   25   2020008   HC  0.396   HC   Y   42  0.8333   0.7917    0.2s
  ... fold 26/53: training on 52 subjects (held-out sid=2020010) ...
   26   2020010   HC  0.700  MDD   .  112  0.4583   0.5417    0.2s
  ... fold 27/53: training on 52 subjects (held-out sid=2020013) ...
   27   2020013   HC  0.439   HC   Y  113  0.5417   0.6250    0.2s
  ... fold 28/53: training on 52 subjects (held-out sid=2020014) ...
   28   2020014   HC  0.660  MDD   .   66  0.4583   0.5417    0.2s
  ... fold 29/53: training on 52 subjects (held-out sid=2020015) ...
   29   2020015   HC  0.713  MDD   .  120  0.3833   0.4917    0.2s
  ... fold 30/53: training on 52 subjects (held-out sid=2020016) ...
   30   2020016   HC  0.418   HC   Y  119  0.4514   0.5417    0.2s
  ... fold 31/53: training on 52 subjects (held-out sid=2020018) ...
   31   2020018   HC  0.434   HC   Y   95  0.4881   0.5774    0.2s
  ... fold 32/53: training on 52 subjects (held-out sid=2020019) ...
   32   2020019   HC  0.551  MDD   .   90  0.4792   0.5417    0.2s
  ... fold 33/53: training on 52 subjects (held-out sid=2020020) ...
   33   2020020   HC  0.398   HC   Y  120  0.5185   0.5694    0.2s
  ... fold 34/53: training on 52 subjects (held-out sid=2020021) ...
   34   2020021   HC  0.488   HC   Y  120  0.5292   0.5917    0.2s
  ... fold 35/53: training on 52 subjects (held-out sid=2020022) ...
   35   2020022   HC  0.820  MDD   .  120  0.4811   0.5644    0.2s
  ... fold 36/53: training on 52 subjects (held-out sid=2020023) ...
   36   2020023   HC  0.572  MDD   .  120  0.4757   0.5417    0.2s
  ... fold 37/53: training on 52 subjects (held-out sid=2020025) ...
   37   2020025   HC  0.460   HC   Y  120  0.4936   0.5609    0.2s
  ... fold 38/53: training on 52 subjects (held-out sid=2020026) ...
   38   2020026   HC  0.661  MDD   .  120  0.4732   0.5417    0.2s
  ... fold 39/53: training on 52 subjects (held-out sid=2020027) ...
   39   2020027   HC  0.279   HC   Y  120  0.5056   0.5583    0.2s
  ... fold 40/53: training on 52 subjects (held-out sid=2020029) ...
   40   2020029   HC  0.412   HC   Y   96  0.5234   0.5729    0.2s
  ... fold 41/53: training on 52 subjects (held-out sid=2030002) ...
   41   2030002   HC  0.622  MDD   .  120  0.5147   0.5564    0.2s
  ... fold 42/53: training on 52 subjects (held-out sid=2030003) ...
   42   2030003   HC  0.543  MDD   .   94  0.5093   0.5417    0.2s
  ... fold 43/53: training on 52 subjects (held-out sid=2030004) ...
   43   2030004   HC  0.585  MDD   .  120  0.5022   0.5285    0.2s
  ... fold 44/53: training on 52 subjects (held-out sid=2030005) ...
   44   2030005   HC  0.576  MDD   .   90  0.4979   0.5167    0.2s
  ... fold 45/53: training on 52 subjects (held-out sid=2030006) ...
   45   2030006   HC  0.234   HC   Y  120  0.5198   0.5298    0.2s
  ... fold 46/53: training on 52 subjects (held-out sid=2030007) ...
   46   2030007   HC  0.666  MDD   .  120  0.5057   0.5189    0.2s
  ... fold 47/53: training on 52 subjects (held-out sid=2030009) ...
   47   2030009   HC  0.618  MDD   .   95  0.5000   0.5091    0.2s
  ... fold 48/53: training on 52 subjects (held-out sid=2030014) ...
   48   2030014   HC  0.526  MDD   .  120  0.4983   0.5000    0.2s
  ... fold 49/53: training on 52 subjects (held-out sid=2030017) ...
   49   2030017   HC  0.322   HC   Y  120  0.5167   0.5117    0.2s
  ... fold 50/53: training on 52 subjects (held-out sid=2030018) ...
   50   2030018   HC  0.378   HC   Y  104  0.5304   0.5224    0.2s
  ... fold 51/53: training on 52 subjects (held-out sid=2030019) ...
   51   2030019   HC  0.363   HC   Y  120  0.5448   0.5324    0.2s
  ... fold 52/53: training on 52 subjects (held-out sid=2030020) ...
   52   2030020   HC  0.529  MDD   .  120  0.5417   0.5238    0.2s
  ... fold 53/53: training on 52 subjects (held-out sid=2030021) ...
   53   2030021   HC  0.301   HC   Y  120  0.5560   0.5330    0.2s
------------------------------------------------------------------------------

FINAL  stage cl  |  53 subjects (24 MDD / 29 HC)
  Subject-level ROC-AUC : 0.5560   (primary)
  Balanced accuracy     : 0.5330  @thr=0.50   |  0.5841  @thr=0.648 (Youden)
  Macro-F1              : 0.5283  @thr=0.50   |  0.5741  @thr=0.648
  Confusion matrix @0.50 (rows=true HC/MDD, cols=pred HC/MDD):
        pred_HC  pred_MDD
  HC        14        15
  MDD       10        14

Total wall time: 19.8s
Saved per-fold results -> /home/hasan/fable's rEEG/results/cl_loso.json
