53 subjects  (24 MDD / 29 HC)  |  fs=125Hz  ch=125  win=4.0s/500smp  windows/subj: min=42 med=127 max=160

=== LOSO training/evaluation — stage cl (53 folds) ===
 fold   subject true  score pred  ok  win  cumAUC  cumBACC    time
------------------------------------------------------------------------------
  ... fold  1/53: training on 52 subjects (held-out sid=2010002) ...
    1   2010002  MDD  0.499   HC   .  120     -       -      10.2s
  ... fold  2/53: training on 52 subjects (held-out sid=2010004) ...
    2   2010004  MDD  0.500  MDD   Y   44     -       -       0.1s
  ... fold  3/53: training on 52 subjects (held-out sid=2010005) ...
    3   2010005  MDD  0.492   HC   .  120     -       -       0.1s
  ... fold  4/53: training on 52 subjects (held-out sid=2010006) ...
    4   2010006  MDD  0.498   HC   .  120     -       -       0.1s
  ... fold  5/53: training on 52 subjects (held-out sid=2010008) ...
    5   2010008  MDD  0.479   HC   .  120     -       -       0.1s
  ... fold  6/53: training on 52 subjects (held-out sid=2010010) ...
    6   2010010  MDD  0.483   HC   .   92     -       -       0.1s
  ... fold  7/53: training on 52 subjects (held-out sid=2010011) ...
    7   2010011  MDD  0.495   HC   .  120     -       -       0.1s
  ... fold  8/53: training on 52 subjects (held-out sid=2010012) ...
    8   2010012  MDD  0.493   HC   .  112     -       -       0.1s
  ... fold  9/53: training on 52 subjects (held-out sid=2010013) ...
    9   2010013  MDD  0.498   HC   .  120     -       -       0.1s
  ... fold 10/53: training on 52 subjects (held-out sid=2010015) ...
   10   2010015  MDD  0.461   HC   .  120     -       -       0.1s
  ... fold 11/53: training on 52 subjects (held-out sid=2010016) ...
   11   2010016  MDD  0.498   HC   .  120     -       -       0.1s
  ... fold 12/53: training on 52 subjects (held-out sid=2010018) ...
   12   2010018  MDD  0.482   HC   .  120     -       -       0.1s
  ... fold 13/53: training on 52 subjects (held-out sid=2010019) ...
   13   2010019  MDD  0.501  MDD   Y  120     -       -       0.1s
  ... fold 14/53: training on 52 subjects (held-out sid=2010021) ...
   14   2010021  MDD  0.500   HC   .  120     -       -       0.1s
  ... fold 15/53: training on 52 subjects (held-out sid=2010022) ...
   15   2010022  MDD  0.467   HC   .  107     -       -       0.1s
  ... fold 16/53: training on 52 subjects (held-out sid=2010023) ...
   16   2010023  MDD  0.480   HC   .  120     -       -       0.1s
  ... fold 17/53: training on 52 subjects (held-out sid=2010024) ...
   17   2010024  MDD  0.484   HC   .  120     -       -       0.1s
  ... fold 18/53: training on 52 subjects (held-out sid=2010025) ...
   18   2010025  MDD  0.498   HC   .  120     -       -       0.1s
  ... fold 19/53: training on 52 subjects (held-out sid=2010026) ...
   19   2010026  MDD  0.503  MDD   Y  115     -       -       0.1s
  ... fold 20/53: training on 52 subjects (held-out sid=2010028) ...
   20   2010028  MDD  0.489   HC   .  120     -       -       0.1s
  ... fold 21/53: training on 52 subjects (held-out sid=2010030) ...
   21   2010030  MDD  0.504  MDD   Y  120     -       -       0.1s
  ... fold 22/53: training on 52 subjects (held-out sid=2010033) ...
   22   2010033  MDD  0.505  MDD   Y  120     -       -       0.1s
  ... fold 23/53: training on 52 subjects (held-out sid=2010034) ...
   23   2010034  MDD  0.501  MDD   Y   70     -       -       0.1s
  ... fold 24/53: training on 52 subjects (held-out sid=2010036) ...
   24   2010036  MDD  0.486   HC   .   99     -       -       0.1s
  ... fold 25/53: training on 52 subjects (held-out sid=2020008) ...
   25   2020008   HC  0.494   HC   Y   42  0.5417   0.6250    0.1s
  ... fold 26/53: training on 52 subjects (held-out sid=2020010) ...
   26   2020010   HC  0.494   HC   Y  112  0.5417   0.6250    0.1s
  ... fold 27/53: training on 52 subjects (held-out sid=2020013) ...
   27   2020013   HC  0.507  MDD   .  113  0.3611   0.4583    0.1s
  ... fold 28/53: training on 52 subjects (held-out sid=2020014) ...
   28   2020014   HC  0.495   HC   Y   66  0.3958   0.5000    0.1s
  ... fold 29/53: training on 52 subjects (held-out sid=2020015) ...
   29   2020015   HC  0.505  MDD   .  120  0.3250   0.4250    0.1s
  ... fold 30/53: training on 52 subjects (held-out sid=2020016) ...
   30   2020016   HC  0.496   HC   Y  119  0.3542   0.4583    0.1s
  ... fold 31/53: training on 52 subjects (held-out sid=2020018) ...
   31   2020018   HC  0.494   HC   Y   95  0.3810   0.4821    0.1s
  ... fold 32/53: training on 52 subjects (held-out sid=2020019) ...
   32   2020019   HC  0.512  MDD   .   90  0.3333   0.4375    0.1s
  ... fold 33/53: training on 52 subjects (held-out sid=2020020) ...
   33   2020020   HC  0.496   HC   Y  120  0.3519   0.4583    0.1s
  ... fold 34/53: training on 52 subjects (held-out sid=2020021) ...
   34   2020021   HC  0.495   HC   Y  120  0.3708   0.4750    0.1s
  ... fold 35/53: training on 52 subjects (held-out sid=2020022) ...
   35   2020022   HC  0.501  MDD   .  120  0.3561   0.4432    0.1s
  ... fold 36/53: training on 52 subjects (held-out sid=2020023) ...
   36   2020023   HC  0.494   HC   Y  120  0.3715   0.4583    0.1s
  ... fold 37/53: training on 52 subjects (held-out sid=2020025) ...
   37   2020025   HC  0.494   HC   Y  120  0.3846   0.4712    0.1s
  ... fold 38/53: training on 52 subjects (held-out sid=2020026) ...
   38   2020026   HC  0.494   HC   Y  120  0.3958   0.4821    0.1s
  ... fold 39/53: training on 52 subjects (held-out sid=2020027) ...
   39   2020027   HC  0.503  MDD   .  120  0.3750   0.4583    0.1s
  ... fold 40/53: training on 52 subjects (held-out sid=2020029) ...
   40   2020029   HC  0.503  MDD   .   96  0.3568   0.4375    0.1s
  ... fold 41/53: training on 52 subjects (held-out sid=2030002) ...
   41   2030002   HC  0.492   HC   Y  120  0.3701   0.4485    0.1s
  ... fold 42/53: training on 52 subjects (held-out sid=2030003) ...
   42   2030003   HC  0.490   HC   Y   94  0.3843   0.4583    0.1s
  ... fold 43/53: training on 52 subjects (held-out sid=2030004) ...
   43   2030004   HC  0.498   HC   Y  120  0.3860   0.4671    0.1s
  ... fold 44/53: training on 52 subjects (held-out sid=2030005) ...
   44   2030005   HC  0.503  MDD   .   90  0.3729   0.4500    0.1s
  ... fold 45/53: training on 52 subjects (held-out sid=2030006) ...
   45   2030006   HC  0.597  MDD   .  120  0.3552   0.4345    0.1s
  ... fold 46/53: training on 52 subjects (held-out sid=2030007) ...
   46   2030007   HC  0.553  MDD   .  120  0.3390   0.4205    0.1s
  ... fold 47/53: training on 52 subjects (held-out sid=2030009) ...
   47   2030009   HC  0.493   HC   Y   95  0.3478   0.4293    0.1s
  ... fold 48/53: training on 52 subjects (held-out sid=2030014) ...
   48   2030014   HC  0.494   HC   Y  120  0.3559   0.4375    0.1s
  ... fold 49/53: training on 52 subjects (held-out sid=2030017) ...
   49   2030017   HC  0.524  MDD   .  120  0.3417   0.4250    0.1s
  ... fold 50/53: training on 52 subjects (held-out sid=2030018) ...
   50   2030018   HC  0.503  MDD   .  104  0.3317   0.4135    0.1s
  ... fold 51/53: training on 52 subjects (held-out sid=2030019) ...
   51   2030019   HC  0.497   HC   Y  120  0.3380   0.4213    0.1s
  ... fold 52/53: training on 52 subjects (held-out sid=2030020) ...
   52   2030020   HC  0.563  MDD   .  120  0.3259   0.4107    0.1s
  ... fold 53/53: training on 52 subjects (held-out sid=2030021) ...
   53   2030021   HC  0.508  MDD   .  120  0.3147   0.4009    0.1s
------------------------------------------------------------------------------

FINAL  stage cl  |  53 subjects (24 MDD / 29 HC)
  Subject-level ROC-AUC : 0.3147   (primary)
  Balanced accuracy     : 0.4009  @thr=0.50   |  0.5086  @thr=0.498 (Youden)
  Macro-F1              : 0.3935  @thr=0.50   |  0.5079  @thr=0.498
  Confusion matrix @0.50 (rows=true HC/MDD, cols=pred HC/MDD):
        pred_HC  pred_MDD
  HC        16        13
  MDD       18         6

Total wall time: 14.1s
Saved per-fold results -> /home/hasan/fable's rEEG/results/cl_loso.json
