53 subjects  (24 MDD / 29 HC)  |  fs=125Hz  ch=125  win=4.0s/500smp  windows/subj: min=42 med=127 max=160

=== LOSO training/evaluation — stage cl (53 folds) ===
 fold   subject true  score pred  ok  win  cumAUC  cumBACC    time
------------------------------------------------------------------------------
  ... fold  1/53: training on 52 subjects (held-out sid=2010002) ...
    1   2010002  MDD  0.500  MDD   Y  120     -       -      10.3s
  ... fold  2/53: training on 52 subjects (held-out sid=2010004) ...
    2   2010004  MDD  0.500  MDD   Y   44     -       -       0.0s
  ... fold  3/53: training on 52 subjects (held-out sid=2010005) ...
    3   2010005  MDD  0.500  MDD   Y  120     -       -       0.0s
  ... fold  4/53: training on 52 subjects (held-out sid=2010006) ...
    4   2010006  MDD  0.500  MDD   Y  120     -       -       0.0s
  ... fold  5/53: training on 52 subjects (held-out sid=2010008) ...
    5   2010008  MDD  0.500  MDD   Y  120     -       -       0.0s
  ... fold  6/53: training on 52 subjects (held-out sid=2010010) ...
    6   2010010  MDD  0.500  MDD   Y   92     -       -       0.0s
  ... fold  7/53: training on 52 subjects (held-out sid=2010011) ...
    7   2010011  MDD  0.500  MDD   Y  120     -       -       0.0s
  ... fold  8/53: training on 52 subjects (held-out sid=2010012) ...
    8   2010012  MDD  0.500  MDD   Y  112     -       -       0.0s
  ... fold  9/53: training on 52 subjects (held-out sid=2010013) ...
    9   2010013  MDD  0.500  MDD   Y  120     -       -       0.0s
  ... fold 10/53: training on 52 subjects (held-out sid=2010015) ...
   10   2010015  MDD  0.500  MDD   Y  120     -       -       0.0s
  ... fold 11/53: training on 52 subjects (held-out sid=2010016) ...
   11   2010016  MDD  0.500  MDD   Y  120     -       -       0.0s
  ... fold 12/53: training on 52 subjects (held-out sid=2010018) ...
   12   2010018  MDD  0.500  MDD   Y  120     -       -       0.0s
  ... fold 13/53: training on 52 subjects (held-out sid=2010019) ...
   13   2010019  MDD  0.500  MDD   Y  120     -       -       0.0s
  ... fold 14/53: training on 52 subjects (held-out sid=2010021) ...
   14   2010021  MDD  0.500  MDD   Y  120     -       -       0.0s
  ... fold 15/53: training on 52 subjects (held-out sid=2010022) ...
   15   2010022  MDD  0.500  MDD   Y  107     -       -       0.0s
  ... fold 16/53: training on 52 subjects (held-out sid=2010023) ...
   16   2010023  MDD  0.500  MDD   Y  120     -       -       0.0s
  ... fold 17/53: training on 52 subjects (held-out sid=2010024) ...
   17   2010024  MDD  0.500  MDD   Y  120     -       -       0.0s
  ... fold 18/53: training on 52 subjects (held-out sid=2010025) ...
   18   2010025  MDD  0.500  MDD   Y  120     -       -       0.0s
  ... fold 19/53: training on 52 subjects (held-out sid=2010026) ...
   19   2010026  MDD  0.500  MDD   Y  115     -       -       0.0s
  ... fold 20/53: training on 52 subjects (held-out sid=2010028) ...
   20   2010028  MDD  0.500  MDD   Y  120     -       -       0.0s
  ... fold 21/53: training on 52 subjects (held-out sid=2010030) ...
   21   2010030  MDD  0.500  MDD   Y  120     -       -       0.0s
  ... fold 22/53: training on 52 subjects (held-out sid=2010033) ...
   22   2010033  MDD  0.500  MDD   Y  120     -       -       0.0s
  ... fold 23/53: training on 52 subjects (held-out sid=2010034) ...
   23   2010034  MDD  0.500  MDD   Y   70     -       -       0.0s
  ... fold 24/53: training on 52 subjects (held-out sid=2010036) ...
   24   2010036  MDD  0.500  MDD   Y   99     -       -       0.0s
  ... fold 25/53: training on 52 subjects (held-out sid=2020008) ...
   25   2020008   HC  0.500  MDD   .   42  0.5000   0.5000    0.0s
  ... fold 26/53: training on 52 subjects (held-out sid=2020010) ...
   26   2020010   HC  0.500  MDD   .  112  0.5000   0.5000    0.0s
  ... fold 27/53: training on 52 subjects (held-out sid=2020013) ...
   27   2020013   HC  0.500  MDD   .  113  0.5000   0.5000    0.0s
  ... fold 28/53: training on 52 subjects (held-out sid=2020014) ...
   28   2020014   HC  0.500  MDD   .   66  0.5000   0.5000    0.0s
  ... fold 29/53: training on 52 subjects (held-out sid=2020015) ...
   29   2020015   HC  0.500  MDD   .  120  0.5000   0.5000    0.0s
  ... fold 30/53: training on 52 subjects (held-out sid=2020016) ...
   30   2020016   HC  0.500  MDD   .  119  0.5000   0.5000    0.0s
  ... fold 31/53: training on 52 subjects (held-out sid=2020018) ...
   31   2020018   HC  0.500  MDD   .   95  0.5000   0.5000    0.0s
  ... fold 32/53: training on 52 subjects (held-out sid=2020019) ...
   32   2020019   HC  0.500  MDD   .   90  0.5000   0.5000    0.0s
  ... fold 33/53: training on 52 subjects (held-out sid=2020020) ...
   33   2020020   HC  0.500  MDD   .  120  0.5000   0.5000    0.0s
  ... fold 34/53: training on 52 subjects (held-out sid=2020021) ...
   34   2020021   HC  0.500  MDD   .  120  0.5000   0.5000    0.0s
  ... fold 35/53: training on 52 subjects (held-out sid=2020022) ...
   35   2020022   HC  0.500  MDD   .  120  0.5000   0.5000    0.0s
  ... fold 36/53: training on 52 subjects (held-out sid=2020023) ...
   36   2020023   HC  0.500  MDD   .  120  0.5000   0.5000    0.0s
  ... fold 37/53: training on 52 subjects (held-out sid=2020025) ...
   37   2020025   HC  0.500  MDD   .  120  0.5000   0.5000    0.0s
  ... fold 38/53: training on 52 subjects (held-out sid=2020026) ...
   38   2020026   HC  0.500  MDD   .  120  0.5000   0.5000    0.0s
  ... fold 39/53: training on 52 subjects (held-out sid=2020027) ...
   39   2020027   HC  0.500  MDD   .  120  0.5000   0.5000    0.0s
  ... fold 40/53: training on 52 subjects (held-out sid=2020029) ...
   40   2020029   HC  0.500  MDD   .   96  0.5000   0.5000    0.0s
  ... fold 41/53: training on 52 subjects (held-out sid=2030002) ...
   41   2030002   HC  0.500  MDD   .  120  0.5000   0.5000    0.0s
  ... fold 42/53: training on 52 subjects (held-out sid=2030003) ...
   42   2030003   HC  0.500  MDD   .   94  0.5000   0.5000    0.0s
  ... fold 43/53: training on 52 subjects (held-out sid=2030004) ...
   43   2030004   HC  0.500  MDD   .  120  0.5000   0.5000    0.0s
  ... fold 44/53: training on 52 subjects (held-out sid=2030005) ...
   44   2030005   HC  0.500  MDD   .   90  0.5000   0.5000    0.0s
  ... fold 45/53: training on 52 subjects (held-out sid=2030006) ...
   45   2030006   HC  0.500  MDD   .  120  0.5000   0.5000    0.0s
  ... fold 46/53: training on 52 subjects (held-out sid=2030007) ...
   46   2030007   HC  0.500  MDD   .  120  0.5000   0.5000    0.0s
  ... fold 47/53: training on 52 subjects (held-out sid=2030009) ...
   47   2030009   HC  0.500  MDD   .   95  0.5000   0.5000    0.0s
  ... fold 48/53: training on 52 subjects (held-out sid=2030014) ...
   48   2030014   HC  0.500  MDD   .  120  0.5000   0.5000    0.0s
  ... fold 49/53: training on 52 subjects (held-out sid=2030017) ...
   49   2030017   HC  0.500  MDD   .  120  0.5000   0.5000    0.0s
  ... fold 50/53: training on 52 subjects (held-out sid=2030018) ...
   50   2030018   HC  0.500  MDD   .  104  0.5000   0.5000    0.0s
  ... fold 51/53: training on 52 subjects (held-out sid=2030019) ...
   51   2030019   HC  0.500  MDD   .  120  0.5000   0.5000    0.0s
  ... fold 52/53: training on 52 subjects (held-out sid=2030020) ...
   52   2030020   HC  0.500  MDD   .  120  0.5000   0.5000    0.0s
  ... fold 53/53: training on 52 subjects (held-out sid=2030021) ...
   53   2030021   HC  0.500  MDD   .  120  0.5000   0.5000    0.0s
------------------------------------------------------------------------------

FINAL  stage cl  |  53 subjects (24 MDD / 29 HC)
  Subject-level ROC-AUC : 0.5000   (primary)
  Balanced accuracy     : 0.5000  @thr=0.50   |  0.5000  @thr=0.500 (Youden)
  Macro-F1              : 0.3117  @thr=0.50   |  0.3117  @thr=0.500
  Confusion matrix @0.50 (rows=true HC/MDD, cols=pred HC/MDD):
        pred_HC  pred_MDD
  HC         0        29
  MDD        0        24

Total wall time: 12.2s
Saved per-fold results -> /home/hasan/fable's rEEG/results/cl_loso.json
