53 subjects  (24 MDD / 29 HC)  |  fs=125Hz  ch=125  win=4.0s/500smp  windows/subj: min=42 med=127 max=160

=== LOSO training/evaluation — stage cr (53 folds) ===
 fold   subject true  score pred  ok  win  cumAUC  cumBACC    time
------------------------------------------------------------------------------
  ... fold  1/53: training on 52 subjects (held-out sid=2010002) ...
/home/hasan/miniconda3/lib/python3.13/site-packages/pyriemann/utils/base.py:51: UserWarning: Convergence not reached
  return func(X, *args, **kwargs)
    1   2010002  MDD  0.140   HC   .  120     -       -     130.5s
  ... fold  2/53: training on 52 subjects (held-out sid=2010004) ...
    2   2010004  MDD  0.981  MDD   Y   44     -       -      10.6s
  ... fold  3/53: training on 52 subjects (held-out sid=2010005) ...
    3   2010005  MDD  0.112   HC   .  120     -       -      10.1s
  ... fold  4/53: training on 52 subjects (held-out sid=2010006) ...
    4   2010006  MDD  0.092   HC   .  120     -       -       8.8s
  ... fold  5/53: training on 52 subjects (held-out sid=2010008) ...
    5   2010008  MDD  0.286   HC   .  120     -       -       8.9s
  ... fold  6/53: training on 52 subjects (held-out sid=2010010) ...
    6   2010010  MDD  0.502  MDD   Y   92     -       -       8.7s
  ... fold  7/53: training on 52 subjects (held-out sid=2010011) ...
    7   2010011  MDD  0.057   HC   .  120     -       -       8.6s
  ... fold  8/53: training on 52 subjects (held-out sid=2010012) ...
    8   2010012  MDD  0.991  MDD   Y  112     -       -       8.6s
  ... fold  9/53: training on 52 subjects (held-out sid=2010013) ...
    9   2010013  MDD  0.998  MDD   Y  120     -       -       8.6s
  ... fold 10/53: training on 52 subjects (held-out sid=2010015) ...
   10   2010015  MDD  0.091   HC   .  120     -       -       8.6s
  ... fold 11/53: training on 52 subjects (held-out sid=2010016) ...
   11   2010016  MDD  0.123   HC   .  120     -       -       8.6s
  ... fold 12/53: training on 52 subjects (held-out sid=2010018) ...
   12   2010018  MDD  0.431   HC   .  120     -       -       8.8s
  ... fold 13/53: training on 52 subjects (held-out sid=2010019) ...
   13   2010019  MDD  0.915  MDD   Y  120     -       -       8.6s
  ... fold 14/53: training on 52 subjects (held-out sid=2010021) ...
   14   2010021  MDD  0.029   HC   .  120     -       -       8.6s
  ... fold 15/53: training on 52 subjects (held-out sid=2010022) ...
   15   2010022  MDD  0.977  MDD   Y  107     -       -       8.7s
  ... fold 16/53: training on 52 subjects (held-out sid=2010023) ...
   16   2010023  MDD  0.407   HC   .  120     -       -       8.7s
  ... fold 17/53: training on 52 subjects (held-out sid=2010024) ...
   17   2010024  MDD  1.000  MDD   Y  120     -       -       8.6s
  ... fold 18/53: training on 52 subjects (held-out sid=2010025) ...
   18   2010025  MDD  0.358   HC   .  120     -       -       8.6s
  ... fold 19/53: training on 52 subjects (held-out sid=2010026) ...
   19   2010026  MDD  0.936  MDD   Y  115     -       -       8.8s
  ... fold 20/53: training on 52 subjects (held-out sid=2010028) ...
   20   2010028  MDD  0.187   HC   .  120     -       -       8.6s
  ... fold 21/53: training on 52 subjects (held-out sid=2010030) ...
   21   2010030  MDD  0.993  MDD   Y  120     -       -       8.6s
  ... fold 22/53: training on 52 subjects (held-out sid=2010033) ...
   22   2010033  MDD  0.447   HC   .  120     -       -       8.5s
  ... fold 23/53: training on 52 subjects (held-out sid=2010034) ...
   23   2010034  MDD  0.339   HC   .   70     -       -       8.6s
  ... fold 24/53: training on 52 subjects (held-out sid=2010036) ...
   24   2010036  MDD  0.921  MDD   Y   99     -       -       8.5s
  ... fold 25/53: training on 52 subjects (held-out sid=2020008) ...
   25   2020008   HC  0.794  MDD   .   42  0.3750   0.2083    8.5s
  ... fold 26/53: training on 52 subjects (held-out sid=2020010) ...
   26   2020010   HC  0.003   HC   Y  112  0.6875   0.4583    8.7s
  ... fold 27/53: training on 52 subjects (held-out sid=2020013) ...
   27   2020013   HC  0.017   HC   Y  113  0.7917   0.5417    8.7s
  ... fold 28/53: training on 52 subjects (held-out sid=2020014) ...
   28   2020014   HC  0.357   HC   Y   66  0.7396   0.5833    8.6s
  ... fold 29/53: training on 52 subjects (held-out sid=2020015) ...
   29   2020015   HC  0.842  MDD   .  120  0.6667   0.5083    8.7s
  ... fold 30/53: training on 52 subjects (held-out sid=2020016) ...
   30   2020016   HC  0.311   HC   Y  119  0.6597   0.5417    8.6s
  ... fold 31/53: training on 52 subjects (held-out sid=2020018) ...
   31   2020018   HC  0.023   HC   Y   95  0.7083   0.5655    8.4s
  ... fold 32/53: training on 52 subjects (held-out sid=2020019) ...
   32   2020019   HC  0.014   HC   Y   90  0.7448   0.5833    8.4s
  ... fold 33/53: training on 52 subjects (held-out sid=2020020) ...
   33   2020020   HC  0.177   HC   Y  120  0.7407   0.5972    8.8s
  ... fold 34/53: training on 52 subjects (held-out sid=2020021) ...
   34   2020021   HC  0.045   HC   Y  120  0.7625   0.6083    8.5s
  ... fold 35/53: training on 52 subjects (held-out sid=2020022) ...
   35   2020022   HC  0.006   HC   Y  120  0.7841   0.6174    8.5s
  ... fold 36/53: training on 52 subjects (held-out sid=2020023) ...
   36   2020023   HC  0.779  MDD   .  120  0.7500   0.5833    8.6s
  ... fold 37/53: training on 52 subjects (held-out sid=2020025) ...
   37   2020025   HC  0.220   HC   Y  120  0.7436   0.5929    8.6s
  ... fold 38/53: training on 52 subjects (held-out sid=2020026) ...
   38   2020026   HC  0.495   HC   Y  120  0.7202   0.6012    9.7s
  ... fold 39/53: training on 52 subjects (held-out sid=2020027) ...
   39   2020027   HC  0.305   HC   Y  120  0.7139   0.6083   10.3s
  ... fold 40/53: training on 52 subjects (held-out sid=2020029) ...
   40   2020029   HC  0.008   HC   Y   96  0.7318   0.6146    9.9s
  ... fold 41/53: training on 52 subjects (held-out sid=2030002) ...
   41   2030002   HC  0.076   HC   Y  120  0.7426   0.6201    9.1s
  ... fold 42/53: training on 52 subjects (held-out sid=2030003) ...
   42   2030003   HC  0.184   HC   Y   94  0.7407   0.6250    8.9s
  ... fold 43/53: training on 52 subjects (held-out sid=2030004) ...
   43   2030004   HC  0.166   HC   Y  120  0.7390   0.6294    9.4s
  ... fold 44/53: training on 52 subjects (held-out sid=2030005) ...
   44   2030005   HC  0.296   HC   Y   90  0.7333   0.6333    8.7s
  ... fold 45/53: training on 52 subjects (held-out sid=2030006) ...
   45   2030006   HC  0.001   HC   Y  120  0.7460   0.6369    8.8s
  ... fold 46/53: training on 52 subjects (held-out sid=2030007) ...
   46   2030007   HC  0.005   HC   Y  120  0.7576   0.6402    9.2s
  ... fold 47/53: training on 52 subjects (held-out sid=2030009) ...
   47   2030009   HC  0.028   HC   Y   95  0.7681   0.6431    9.2s
  ... fold 48/53: training on 52 subjects (held-out sid=2030014) ...
   48   2030014   HC  0.992  MDD   .  120  0.7413   0.6250   10.6s
  ... fold 49/53: training on 52 subjects (held-out sid=2030017) ...
   49   2030017   HC  0.498   HC   Y  120  0.7283   0.6283   10.6s
  ... fold 50/53: training on 52 subjects (held-out sid=2030018) ...
   50   2030018   HC  0.959  MDD   .  104  0.7099   0.6122    8.9s
  ... fold 51/53: training on 52 subjects (held-out sid=2030019) ...
   51   2030019   HC  0.001   HC   Y  120  0.7207   0.6157    8.7s
  ... fold 52/53: training on 52 subjects (held-out sid=2030020) ...
   52   2030020   HC  0.976  MDD   .  120  0.7039   0.6012    8.6s
  ... fold 53/53: training on 52 subjects (held-out sid=2030021) ...
   53   2030021   HC  0.004   HC   Y  120  0.7141   0.6049    8.7s
------------------------------------------------------------------------------

FINAL  stage cr  |  53 subjects (24 MDD / 29 HC)
  Subject-level ROC-AUC : 0.7141   (primary)
  Balanced accuracy     : 0.6049  @thr=0.50   |  0.6897  @thr=0.029 (Youden)
  Macro-F1              : 0.5985  @thr=0.50   |  0.6386  @thr=0.029
  Confusion matrix @0.50 (rows=true HC/MDD, cols=pred HC/MDD):
        pred_HC  pred_MDD
  HC        23         6
  MDD       14        10

Total wall time: 595.3s
Saved per-fold results -> /home/hasan/fable's rEEG/results/cr_loso.json
