53 subjects  (24 MDD / 29 HC)  |  fs=125Hz  ch=125  win=4.0s/500smp  windows/subj: min=42 med=127 max=160

=== LOSO training/evaluation — stage cr (53 folds) ===
 fold   subject true  score pred  ok  win  cumAUC  cumBACC    time
------------------------------------------------------------------------------
  ... fold  1/53: training on 52 subjects (held-out sid=2010002) ...
/home/hasan/miniconda3/lib/python3.13/site-packages/pyriemann/utils/base.py:51: UserWarning: Convergence not reached
  return func(X, *args, **kwargs)
    1   2010002  MDD  0.573  MDD   Y  120     -       -     116.9s
  ... fold  2/53: training on 52 subjects (held-out sid=2010004) ...
    2   2010004  MDD  0.384   HC   .   44     -       -       8.6s
  ... fold  3/53: training on 52 subjects (held-out sid=2010005) ...
    3   2010005  MDD  0.058   HC   .  120     -       -       8.6s
  ... fold  4/53: training on 52 subjects (held-out sid=2010006) ...
    4   2010006  MDD  0.464   HC   .  120     -       -       8.8s
  ... fold  5/53: training on 52 subjects (held-out sid=2010008) ...
    5   2010008  MDD  0.343   HC   .  120     -       -       8.6s
  ... fold  6/53: training on 52 subjects (held-out sid=2010010) ...
    6   2010010  MDD  0.518  MDD   Y   92     -       -       8.5s
  ... fold  7/53: training on 52 subjects (held-out sid=2010011) ...
    7   2010011  MDD  0.018   HC   .  120     -       -       8.8s
  ... fold  8/53: training on 52 subjects (held-out sid=2010012) ...
    8   2010012  MDD  0.983  MDD   Y  112     -       -      10.0s
  ... fold  9/53: training on 52 subjects (held-out sid=2010013) ...
    9   2010013  MDD  0.878  MDD   Y  120     -       -       9.6s
  ... fold 10/53: training on 52 subjects (held-out sid=2010015) ...
   10   2010015  MDD  0.180   HC   .  120     -       -       9.1s
  ... fold 11/53: training on 52 subjects (held-out sid=2010016) ...
   11   2010016  MDD  0.572  MDD   Y  120     -       -       8.9s
  ... fold 12/53: training on 52 subjects (held-out sid=2010018) ...
   12   2010018  MDD  0.382   HC   .  120     -       -       8.8s
  ... fold 13/53: training on 52 subjects (held-out sid=2010019) ...
   13   2010019  MDD  0.289   HC   .  120     -       -       8.8s
  ... fold 14/53: training on 52 subjects (held-out sid=2010021) ...
   14   2010021  MDD  0.564  MDD   Y  120     -       -       9.0s
  ... fold 15/53: training on 52 subjects (held-out sid=2010022) ...
   15   2010022  MDD  0.772  MDD   Y  107     -       -       8.8s
  ... fold 16/53: training on 52 subjects (held-out sid=2010023) ...
   16   2010023  MDD  0.465   HC   .  120     -       -       8.8s
  ... fold 17/53: training on 52 subjects (held-out sid=2010024) ...
   17   2010024  MDD  0.932  MDD   Y  120     -       -       9.0s
  ... fold 18/53: training on 52 subjects (held-out sid=2010025) ...
   18   2010025  MDD  0.384   HC   .  120     -       -       9.3s
  ... fold 19/53: training on 52 subjects (held-out sid=2010026) ...
   19   2010026  MDD  0.447   HC   .  115     -       -       8.9s
  ... fold 20/53: training on 52 subjects (held-out sid=2010028) ...
   20   2010028  MDD  0.915  MDD   Y  120     -       -       9.0s
  ... fold 21/53: training on 52 subjects (held-out sid=2010030) ...
   21   2010030  MDD  0.991  MDD   Y  120     -       -       9.1s
  ... fold 22/53: training on 52 subjects (held-out sid=2010033) ...
   22   2010033  MDD  0.249   HC   .  120     -       -       8.8s
  ... fold 23/53: training on 52 subjects (held-out sid=2010034) ...
   23   2010034  MDD  0.818  MDD   Y   70     -       -       8.9s
  ... fold 24/53: training on 52 subjects (held-out sid=2010036) ...
   24   2010036  MDD  0.547  MDD   Y   99     -       -       9.1s
  ... fold 25/53: training on 52 subjects (held-out sid=2020008) ...
   25   2020008   HC  0.737  MDD   .   42  0.2917   0.2500    8.9s
  ... fold 26/53: training on 52 subjects (held-out sid=2020010) ...
   26   2020010   HC  0.035   HC   Y  112  0.6250   0.5000    9.0s
  ... fold 27/53: training on 52 subjects (held-out sid=2020013) ...
   27   2020013   HC  0.248   HC   Y  113  0.7083   0.5833   10.4s
  ... fold 28/53: training on 52 subjects (held-out sid=2020014) ...
   28   2020014   HC  0.918  MDD   .   66  0.5625   0.5000   10.7s
  ... fold 29/53: training on 52 subjects (held-out sid=2020015) ...
   29   2020015   HC  0.839  MDD   .  120  0.4917   0.4500   10.7s
  ... fold 30/53: training on 52 subjects (held-out sid=2020016) ...
   30   2020016   HC  0.299   HC   Y  119  0.5417   0.5000    9.7s
  ... fold 31/53: training on 52 subjects (held-out sid=2020018) ...
   31   2020018   HC  0.018   HC   Y   95  0.6071   0.5357    9.3s
  ... fold 32/53: training on 52 subjects (held-out sid=2020019) ...
   32   2020019   HC  0.107   HC   Y   90  0.6458   0.5625    9.9s
  ... fold 33/53: training on 52 subjects (held-out sid=2020020) ...
   33   2020020   HC  0.716  MDD   .  120  0.6065   0.5278    9.6s
  ... fold 34/53: training on 52 subjects (held-out sid=2020021) ...
   34   2020021   HC  0.010   HC   Y  120  0.6458   0.5500    9.5s
  ... fold 35/53: training on 52 subjects (held-out sid=2020022) ...
   35   2020022   HC  0.159   HC   Y  120  0.6705   0.5682   10.2s
  ... fold 36/53: training on 52 subjects (held-out sid=2020023) ...
   36   2020023   HC  0.754  MDD   .  120  0.6389   0.5417   10.1s
  ... fold 37/53: training on 52 subjects (held-out sid=2020025) ...
   37   2020025   HC  0.209   HC   Y  120  0.6571   0.5577    9.4s
  ... fold 38/53: training on 52 subjects (held-out sid=2020026) ...
   38   2020026   HC  0.478   HC   Y  120  0.6458   0.5714    9.2s
  ... fold 39/53: training on 52 subjects (held-out sid=2020027) ...
   39   2020027   HC  0.509  MDD   .  120  0.6361   0.5500    9.3s
  ... fold 40/53: training on 52 subjects (held-out sid=2020029) ...
   40   2020029   HC  0.008   HC   Y   96  0.6589   0.5625    9.4s
  ... fold 41/53: training on 52 subjects (held-out sid=2030002) ...
   41   2030002   HC  0.573  MDD   .  120  0.6397   0.5441    9.1s
  ... fold 42/53: training on 52 subjects (held-out sid=2030003) ...
   42   2030003   HC  0.126   HC   Y   94  0.6551   0.5556   10.6s
  ... fold 43/53: training on 52 subjects (held-out sid=2030004) ...
   43   2030004   HC  0.333   HC   Y  120  0.6623   0.5658    9.6s
  ... fold 44/53: training on 52 subjects (held-out sid=2030005) ...
   44   2030005   HC  0.862  MDD   .   90  0.6396   0.5500    9.3s
  ... fold 45/53: training on 52 subjects (held-out sid=2030006) ...
   45   2030006   HC  0.139   HC   Y  120  0.6528   0.5595    9.3s
  ... fold 46/53: training on 52 subjects (held-out sid=2030007) ...
   46   2030007   HC  0.061   HC   Y  120  0.6648   0.5682    9.4s
  ... fold 47/53: training on 52 subjects (held-out sid=2030009) ...
   47   2030009   HC  0.020   HC   Y   95  0.6775   0.5761   13.7s
  ... fold 48/53: training on 52 subjects (held-out sid=2030014) ...
   48   2030014   HC  0.963  MDD   .  120  0.6528   0.5625    9.9s
  ... fold 49/53: training on 52 subjects (held-out sid=2030017) ...
   49   2030017   HC  0.732  MDD   .  120  0.6383   0.5500    9.7s
  ... fold 50/53: training on 52 subjects (held-out sid=2030018) ...
   50   2030018   HC  0.429   HC   Y  104  0.6378   0.5577    9.3s
  ... fold 51/53: training on 52 subjects (held-out sid=2030019) ...
   51   2030019   HC  0.007   HC   Y  120  0.6512   0.5648    9.4s
  ... fold 52/53: training on 52 subjects (held-out sid=2030020) ...
   52   2030020   HC  0.052   HC   Y  120  0.6622   0.5714    9.7s
  ... fold 53/53: training on 52 subjects (held-out sid=2030021) ...
   53   2030021   HC  0.069   HC   Y  120  0.6710   0.5776    8.8s
------------------------------------------------------------------------------

FINAL  stage cr  |  53 subjects (24 MDD / 29 HC)
  Subject-level ROC-AUC : 0.6710   (primary)
  Balanced accuracy     : 0.5776  @thr=0.50   |  0.6961  @thr=0.249 (Youden)
  Macro-F1              : 0.5775  @thr=0.50   |  0.6751  @thr=0.249
  Confusion matrix @0.50 (rows=true HC/MDD, cols=pred HC/MDD):
        pred_HC  pred_MDD
  HC        19        10
  MDD       12        12

Total wall time: 607.4s
Saved per-fold results -> /home/hasan/fable's rEEG/results/cr_loso.json
