53 subjects  (24 MDD / 29 HC)  |  fs=125Hz  ch=125  win=4.0s/500smp  windows/subj: min=42 med=127 max=160

=== LOSO training/evaluation — stage cr (53 folds) ===
 fold   subject true  score pred  ok  win  cumAUC  cumBACC    time
------------------------------------------------------------------------------
  ... fold  1/53: training on 52 subjects (held-out sid=2010002) ...
/home/hasan/miniconda3/lib/python3.13/site-packages/pyriemann/utils/base.py:51: UserWarning: Convergence not reached
  return func(X, *args, **kwargs)
    1   2010002  MDD  0.132   HC   .  120     -       -     126.6s
  ... fold  2/53: training on 52 subjects (held-out sid=2010004) ...
    2   2010004  MDD  0.969  MDD   Y   44     -       -       8.9s
  ... fold  3/53: training on 52 subjects (held-out sid=2010005) ...
    3   2010005  MDD  0.088   HC   .  120     -       -       8.7s
  ... fold  4/53: training on 52 subjects (held-out sid=2010006) ...
    4   2010006  MDD  0.096   HC   .  120     -       -       8.9s
  ... fold  5/53: training on 52 subjects (held-out sid=2010008) ...
    5   2010008  MDD  0.226   HC   .  120     -       -       9.0s
  ... fold  6/53: training on 52 subjects (held-out sid=2010010) ...
    6   2010010  MDD  0.537  MDD   Y   92     -       -       9.2s
  ... fold  7/53: training on 52 subjects (held-out sid=2010011) ...
    7   2010011  MDD  0.084   HC   .  120     -       -       8.9s
  ... fold  8/53: training on 52 subjects (held-out sid=2010012) ...
    8   2010012  MDD  0.990  MDD   Y  112     -       -      11.4s
  ... fold  9/53: training on 52 subjects (held-out sid=2010013) ...
    9   2010013  MDD  0.997  MDD   Y  120     -       -      11.4s
  ... fold 10/53: training on 52 subjects (held-out sid=2010015) ...
   10   2010015  MDD  0.136   HC   .  120     -       -      12.8s
  ... fold 11/53: training on 52 subjects (held-out sid=2010016) ...
   11   2010016  MDD  0.075   HC   .  120     -       -       9.4s
  ... fold 12/53: training on 52 subjects (held-out sid=2010018) ...
   12   2010018  MDD  0.377   HC   .  120     -       -       9.0s
  ... fold 13/53: training on 52 subjects (held-out sid=2010019) ...
   13   2010019  MDD  0.919  MDD   Y  120     -       -       9.8s
  ... fold 14/53: training on 52 subjects (held-out sid=2010021) ...
   14   2010021  MDD  0.003   HC   .  120     -       -       9.6s
  ... fold 15/53: training on 52 subjects (held-out sid=2010022) ...
   15   2010022  MDD  0.980  MDD   Y  107     -       -       9.8s
  ... fold 16/53: training on 52 subjects (held-out sid=2010023) ...
   16   2010023  MDD  0.512  MDD   Y  120     -       -       9.7s
  ... fold 17/53: training on 52 subjects (held-out sid=2010024) ...
   17   2010024  MDD  1.000  MDD   Y  120     -       -       9.6s
  ... fold 18/53: training on 52 subjects (held-out sid=2010025) ...
   18   2010025  MDD  0.390   HC   .  120     -       -       9.5s
  ... fold 19/53: training on 52 subjects (held-out sid=2010026) ...
   19   2010026  MDD  0.960  MDD   Y  115     -       -       9.4s
  ... fold 20/53: training on 52 subjects (held-out sid=2010028) ...
   20   2010028  MDD  0.292   HC   .  120     -       -       9.4s
  ... fold 21/53: training on 52 subjects (held-out sid=2010030) ...
   21   2010030  MDD  0.992  MDD   Y  120     -       -       9.2s
  ... fold 22/53: training on 52 subjects (held-out sid=2010033) ...
   22   2010033  MDD  0.392   HC   .  120     -       -       9.1s
  ... fold 23/53: training on 52 subjects (held-out sid=2010034) ...
   23   2010034  MDD  0.317   HC   .   70     -       -       9.1s
  ... fold 24/53: training on 52 subjects (held-out sid=2010036) ...
   24   2010036  MDD  0.904  MDD   Y   99     -       -       9.6s
  ... fold 25/53: training on 52 subjects (held-out sid=2020008) ...
   25   2020008   HC  0.774  MDD   .   42  0.3750   0.2292    9.9s
  ... fold 26/53: training on 52 subjects (held-out sid=2020010) ...
   26   2020010   HC  0.003   HC   Y  112  0.6667   0.4792   10.9s
  ... fold 27/53: training on 52 subjects (held-out sid=2020013) ...
   27   2020013   HC  0.009   HC   Y  113  0.7639   0.5625   10.6s
  ... fold 28/53: training on 52 subjects (held-out sid=2020014) ...
   28   2020014   HC  0.427   HC   Y   66  0.6875   0.6042   12.7s
  ... fold 29/53: training on 52 subjects (held-out sid=2020015) ...
   29   2020015   HC  0.822  MDD   .  120  0.6250   0.5292   13.6s
  ... fold 30/53: training on 52 subjects (held-out sid=2020016) ...
   30   2020016   HC  0.334   HC   Y  119  0.6181   0.5625   11.8s
  ... fold 31/53: training on 52 subjects (held-out sid=2020018) ...
   31   2020018   HC  0.019   HC   Y   95  0.6667   0.5863   14.4s
  ... fold 32/53: training on 52 subjects (held-out sid=2020019) ...
   32   2020019   HC  0.015   HC   Y   90  0.7031   0.6042   12.4s
  ... fold 33/53: training on 52 subjects (held-out sid=2020020) ...
   33   2020020   HC  0.232   HC   Y  120  0.6991   0.6181   34.9s
  ... fold 34/53: training on 52 subjects (held-out sid=2020021) ...
   34   2020021   HC  0.035   HC   Y  120  0.7250   0.6292  1255.8s
  ... fold 35/53: training on 52 subjects (held-out sid=2020022) ...
   35   2020022   HC  0.007   HC   Y  120  0.7462   0.6383   12.8s
  ... fold 36/53: training on 52 subjects (held-out sid=2020023) ...
   36   2020023   HC  0.791  MDD   .  120  0.7153   0.6042   10.2s
  ... fold 37/53: training on 52 subjects (held-out sid=2020025) ...
   37   2020025   HC  0.241   HC   Y  120  0.7115   0.6138   10.7s
  ... fold 38/53: training on 52 subjects (held-out sid=2020026) ...
   38   2020026   HC  0.566  MDD   .  120  0.6875   0.5863    9.3s
  ... fold 39/53: training on 52 subjects (held-out sid=2020027) ...
   39   2020027   HC  0.376   HC   Y  120  0.6806   0.5958   10.0s
  ... fold 40/53: training on 52 subjects (held-out sid=2020029) ...
   40   2020029   HC  0.005   HC   Y   96  0.6979   0.6042   11.7s
  ... fold 41/53: training on 52 subjects (held-out sid=2030002) ...
   41   2030002   HC  0.018   HC   Y  120  0.7132   0.6115   10.4s
  ... fold 42/53: training on 52 subjects (held-out sid=2030003) ...
   42   2030003   HC  0.095   HC   Y   94  0.7199   0.6181   10.1s
  ... fold 43/53: training on 52 subjects (held-out sid=2030004) ...
   43   2030004   HC  0.067   HC   Y  120  0.7325   0.6239    9.3s
  ... fold 44/53: training on 52 subjects (held-out sid=2030005) ...
   44   2030005   HC  0.243   HC   Y   90  0.7292   0.6292   10.2s
  ... fold 45/53: training on 52 subjects (held-out sid=2030006) ...
   45   2030006   HC  0.001   HC   Y  120  0.7421   0.6339    9.8s
  ... fold 46/53: training on 52 subjects (held-out sid=2030007) ...
   46   2030007   HC  0.002   HC   Y  120  0.7538   0.6383   10.2s
  ... fold 47/53: training on 52 subjects (held-out sid=2030009) ...
   47   2030009   HC  0.011   HC   Y   95  0.7627   0.6422    9.2s
  ... fold 48/53: training on 52 subjects (held-out sid=2030014) ...
   48   2030014   HC  0.995  MDD   .  120  0.7344   0.6250    9.1s
  ... fold 49/53: training on 52 subjects (held-out sid=2030017) ...
   49   2030017   HC  0.483   HC   Y  120  0.7233   0.6292    9.2s
  ... fold 50/53: training on 52 subjects (held-out sid=2030018) ...
   50   2030018   HC  0.921  MDD   .  104  0.7067   0.6138    9.2s
  ... fold 51/53: training on 52 subjects (held-out sid=2030019) ...
   51   2030019   HC  0.000   HC   Y  120  0.7176   0.6181   10.8s
  ... fold 52/53: training on 52 subjects (held-out sid=2030020) ...
   52   2030020   HC  0.958  MDD   .  120  0.7024   0.6042    9.4s
  ... fold 53/53: training on 52 subjects (held-out sid=2030021) ...
   53   2030021   HC  0.001   HC   Y  120  0.7126   0.6085    9.1s
------------------------------------------------------------------------------

FINAL  stage cr  |  53 subjects (24 MDD / 29 HC)
  Subject-level ROC-AUC : 0.7126   (primary)
  Balanced accuracy     : 0.6085  @thr=0.50   |  0.7205  @thr=0.075 (Youden)
  Macro-F1              : 0.6057  @thr=0.50   |  0.6891  @thr=0.075
  Confusion matrix @0.50 (rows=true HC/MDD, cols=pred HC/MDD):
        pred_HC  pred_MDD
  HC        22         7
  MDD       13        11

Total wall time: 1926.9s
Saved per-fold results -> /home/hasan/fable's rEEG/results/cr_loso.json
