53 subjects  (24 MDD / 29 HC)  |  fs=125Hz  ch=125  win=4.0s/500smp  windows/subj: min=42 med=127 max=160

=== LOSO training/evaluation — stage cr (53 folds) ===
 fold   subject true  score pred  ok  win  cumAUC  cumBACC    time
------------------------------------------------------------------------------
  ... fold  1/53: training on 52 subjects (held-out sid=2010002) ...
/home/hasan/miniconda3/lib/python3.13/site-packages/pyriemann/utils/base.py:51: UserWarning: Convergence not reached
  return func(X, *args, **kwargs)
    1   2010002  MDD  0.404   HC   .  120     -       -     163.9s
  ... fold  2/53: training on 52 subjects (held-out sid=2010004) ...
    2   2010004  MDD  0.427   HC   .   44     -       -       9.5s
  ... fold  3/53: training on 52 subjects (held-out sid=2010005) ...
    3   2010005  MDD  0.114   HC   .  120     -       -       9.7s
  ... fold  4/53: training on 52 subjects (held-out sid=2010006) ...
    4   2010006  MDD  0.511  MDD   Y  120     -       -       9.8s
  ... fold  5/53: training on 52 subjects (held-out sid=2010008) ...
    5   2010008  MDD  0.397   HC   .  120     -       -       9.1s
  ... fold  6/53: training on 52 subjects (held-out sid=2010010) ...
    6   2010010  MDD  0.454   HC   .   92     -       -       9.1s
  ... fold  7/53: training on 52 subjects (held-out sid=2010011) ...
    7   2010011  MDD  0.016   HC   .  120     -       -       9.5s
  ... fold  8/53: training on 52 subjects (held-out sid=2010012) ...
    8   2010012  MDD  0.968  MDD   Y  112     -       -      12.6s
  ... fold  9/53: training on 52 subjects (held-out sid=2010013) ...
    9   2010013  MDD  0.918  MDD   Y  120     -       -      11.1s
  ... fold 10/53: training on 52 subjects (held-out sid=2010015) ...
   10   2010015  MDD  0.201   HC   .  120     -       -       9.1s
  ... fold 11/53: training on 52 subjects (held-out sid=2010016) ...
   11   2010016  MDD  0.603  MDD   Y  120     -       -       9.4s
  ... fold 12/53: training on 52 subjects (held-out sid=2010018) ...
   12   2010018  MDD  0.443   HC   .  120     -       -      10.2s
  ... fold 13/53: training on 52 subjects (held-out sid=2010019) ...
   13   2010019  MDD  0.446   HC   .  120     -       -      10.8s
  ... fold 14/53: training on 52 subjects (held-out sid=2010021) ...
   14   2010021  MDD  0.134   HC   .  120     -       -       9.8s
  ... fold 15/53: training on 52 subjects (held-out sid=2010022) ...
   15   2010022  MDD  0.873  MDD   Y  107     -       -      10.2s
  ... fold 16/53: training on 52 subjects (held-out sid=2010023) ...
   16   2010023  MDD  0.482   HC   .  120     -       -      10.4s
  ... fold 17/53: training on 52 subjects (held-out sid=2010024) ...
   17   2010024  MDD  0.950  MDD   Y  120     -       -       9.5s
  ... fold 18/53: training on 52 subjects (held-out sid=2010025) ...
   18   2010025  MDD  0.461   HC   .  120     -       -       9.6s
  ... fold 19/53: training on 52 subjects (held-out sid=2010026) ...
   19   2010026  MDD  0.563  MDD   Y  115     -       -       9.2s
  ... fold 20/53: training on 52 subjects (held-out sid=2010028) ...
   20   2010028  MDD  0.921  MDD   Y  120     -       -      10.6s
  ... fold 21/53: training on 52 subjects (held-out sid=2010030) ...
   21   2010030  MDD  0.964  MDD   Y  120     -       -      10.3s
  ... fold 22/53: training on 52 subjects (held-out sid=2010033) ...
   22   2010033  MDD  0.140   HC   .  120     -       -      10.5s
  ... fold 23/53: training on 52 subjects (held-out sid=2010034) ...
   23   2010034  MDD  0.881  MDD   Y   70     -       -       9.7s
  ... fold 24/53: training on 52 subjects (held-out sid=2010036) ...
   24   2010036  MDD  0.634  MDD   Y   99     -       -      10.5s
  ... fold 25/53: training on 52 subjects (held-out sid=2020008) ...
   25   2020008   HC  0.908  MDD   .   42  0.2083   0.2292    9.2s
  ... fold 26/53: training on 52 subjects (held-out sid=2020010) ...
   26   2020010   HC  0.020   HC   Y  112  0.5833   0.4792    8.9s
  ... fold 27/53: training on 52 subjects (held-out sid=2020013) ...
   27   2020013   HC  0.126   HC   Y  113  0.6944   0.5625   12.3s
  ... fold 28/53: training on 52 subjects (held-out sid=2020014) ...
   28   2020014   HC  0.876  MDD   .   66  0.5833   0.4792   11.5s
  ... fold 29/53: training on 52 subjects (held-out sid=2020015) ...
   29   2020015   HC  0.818  MDD   .  120  0.5250   0.4292    8.8s
  ... fold 30/53: training on 52 subjects (held-out sid=2020016) ...
   30   2020016   HC  0.376   HC   Y  119  0.5694   0.4792    9.1s
  ... fold 31/53: training on 52 subjects (held-out sid=2020018) ...
   31   2020018   HC  0.024   HC   Y   95  0.6250   0.5149    9.0s
  ... fold 32/53: training on 52 subjects (held-out sid=2020019) ...
   32   2020019   HC  0.071   HC   Y   90  0.6667   0.5417    8.9s
  ... fold 33/53: training on 52 subjects (held-out sid=2020020) ...
   33   2020020   HC  0.677  MDD   .  120  0.6250   0.5069    9.0s
  ... fold 34/53: training on 52 subjects (held-out sid=2020021) ...
   34   2020021   HC  0.026   HC   Y  120  0.6583   0.5292    9.3s
  ... fold 35/53: training on 52 subjects (held-out sid=2020022) ...
   35   2020022   HC  0.370   HC   Y  120  0.6705   0.5473    8.8s
  ... fold 36/53: training on 52 subjects (held-out sid=2020023) ...
   36   2020023   HC  0.885  MDD   .  120  0.6319   0.5208    8.9s
  ... fold 37/53: training on 52 subjects (held-out sid=2020025) ...
   37   2020025   HC  0.157   HC   Y  120  0.6474   0.5369    9.7s
  ... fold 38/53: training on 52 subjects (held-out sid=2020026) ...
   38   2020026   HC  0.357   HC   Y  120  0.6577   0.5506    9.6s
  ... fold 39/53: training on 52 subjects (held-out sid=2020027) ...
   39   2020027   HC  0.495   HC   Y  120  0.6444   0.5625    8.6s
  ... fold 40/53: training on 52 subjects (held-out sid=2020029) ...
   40   2020029   HC  0.006   HC   Y   96  0.6667   0.5729    8.7s
  ... fold 41/53: training on 52 subjects (held-out sid=2030002) ...
   41   2030002   HC  0.666  MDD   .  120  0.6446   0.5527    8.7s
  ... fold 42/53: training on 52 subjects (held-out sid=2030003) ...
   42   2030003   HC  0.154   HC   Y   94  0.6551   0.5625    8.5s
  ... fold 43/53: training on 52 subjects (held-out sid=2030004) ...
   43   2030004   HC  0.254   HC   Y  120  0.6623   0.5713    9.1s
  ... fold 44/53: training on 52 subjects (held-out sid=2030005) ...
   44   2030005   HC  0.845  MDD   .   90  0.6438   0.5542    9.2s
  ... fold 45/53: training on 52 subjects (held-out sid=2030006) ...
   45   2030006   HC  0.016   HC   Y  120  0.6587   0.5625    9.6s
  ... fold 46/53: training on 52 subjects (held-out sid=2030007) ...
   46   2030007   HC  0.142   HC   Y  120  0.6667   0.5701    8.9s
  ... fold 47/53: training on 52 subjects (held-out sid=2030009) ...
   47   2030009   HC  0.033   HC   Y   95  0.6793   0.5770    8.9s
  ... fold 48/53: training on 52 subjects (held-out sid=2030014) ...
   48   2030014   HC  0.953  MDD   .  120  0.6545   0.5625    9.1s
  ... fold 49/53: training on 52 subjects (held-out sid=2030017) ...
   49   2030017   HC  0.388   HC   Y  120  0.6600   0.5692    8.9s
  ... fold 50/53: training on 52 subjects (held-out sid=2030018) ...
   50   2030018   HC  0.313   HC   Y  104  0.6651   0.5753    9.3s
  ... fold 51/53: training on 52 subjects (held-out sid=2030019) ...
   51   2030019   HC  0.005   HC   Y  120  0.6775   0.5810    9.3s
  ... fold 52/53: training on 52 subjects (held-out sid=2030020) ...
   52   2030020   HC  0.051   HC   Y  120  0.6875   0.5863    9.2s
  ... fold 53/53: training on 52 subjects (held-out sid=2030021) ...
   53   2030021   HC  0.023   HC   Y  120  0.6968   0.5912   11.0s
------------------------------------------------------------------------------

FINAL  stage cr  |  53 subjects (24 MDD / 29 HC)
  Subject-level ROC-AUC : 0.6968   (primary)
  Balanced accuracy     : 0.5912  @thr=0.50   |  0.7407  @thr=0.397 (Youden)
  Macro-F1              : 0.5891  @thr=0.50   |  0.7358  @thr=0.397
  Confusion matrix @0.50 (rows=true HC/MDD, cols=pred HC/MDD):
        pred_HC  pred_MDD
  HC        21         8
  MDD       13        11

Total wall time: 665.6s
Saved per-fold results -> /home/hasan/fable's rEEG/results/cr_loso.json
