[dataset] modma  raw=/home/hasan/fable's rEEG/EEG_128channels_resting_lanzhou_2015  cache=/home/hasan/fable's rEEG/cache  fs_orig=250->125Hz  ch=128
** harmonised to shared 17-channel 10-20 montage **
53 subjects  (24 MDD / 29 HC)  |  fs=125Hz  ch=17  win=4.0s/500smp  windows/subj: min=50 med=144 max=165

=== 10-fold CV training/evaluation — stage nr (53 subjects) ===
 fold   subject true  score pred  ok  win  cumAUC  cumBACC    time
------------------------------------------------------------------------------
  ... fold  1/10: training on 47 subjects (held-out: 2010005, 2010012, 2010016, 2020019, 2020021, 2030002) ...
    1   2010005  MDD  1.000  MDD   Y  120     -       -       0.6s
    2   2010012  MDD  0.615  MDD   Y  120     -       -       0.6s
    3   2010016  MDD  0.206   HC   .  120     -       -       0.6s
    4   2020019   HC  0.036   HC   Y  110  1.0000   0.8333    0.6s
    5   2020021   HC  0.270   HC   Y  120  0.8333   0.8333    0.6s
    6   2030002   HC  0.958  MDD   .  120  0.6667   0.6667    0.6s
  ... fold  2/10: training on 47 subjects (held-out: 2010015, 2010021, 2010022, 2020016, 2020020, 2020029) ...
    7   2010015  MDD  0.174   HC   .  120  0.5833   0.5833    0.0s
    8   2010021  MDD  0.000   HC   .  120  0.4667   0.5333    0.0s
    9   2010022  MDD  0.812  MDD   Y  120  0.5000   0.5833    0.0s
   10   2020016   HC  0.146   HC   Y  120  0.5833   0.6250    0.0s
   11   2020020   HC  0.002   HC   Y  120  0.6333   0.6500    0.0s
   12   2020029   HC  0.118   HC   Y  120  0.6667   0.6667    0.0s
  ... fold  3/10: training on 47 subjects (held-out: 2010002, 2010028, 2010036, 2020013, 2020023, 2020026) ...
   13   2010002  MDD  1.000  MDD   Y  120  0.7143   0.7024    0.1s
   14   2010028  MDD  0.018   HC   .  120  0.6458   0.6667    0.1s
   15   2010036  MDD  0.971  MDD   Y  120  0.6852   0.6944    0.1s
   16   2020013   HC  0.372   HC   Y  120  0.6667   0.7063    0.1s
   17   2020023   HC  0.032   HC   Y  120  0.6806   0.7153    0.1s
   18   2020026   HC  0.009   HC   Y  120  0.7037   0.7222    0.1s
  ... fold  4/10: training on 48 subjects (held-out: 2010008, 2010010, 2010030, 2020010, 2030009) ...
   19   2010008  MDD  0.860  MDD   Y  120  0.7222   0.7444    0.1s
   20   2010010  MDD  0.515  MDD   Y  120  0.7374   0.7626    0.1s
   21   2010030  MDD  0.023   HC   .  120  0.6944   0.7361    0.1s
   22   2020010   HC  0.241   HC   Y  120  0.6833   0.7417    0.1s
   23   2030009   HC  0.014   HC   Y  120  0.7045   0.7462    0.1s
  ... fold  5/10: training on 48 subjects (held-out: 2010011, 2010018, 2020014, 2020022, 2030021) ...
   24   2010011  MDD  0.141   HC   .  120  0.6923   0.7238    0.1s
   25   2010018  MDD  0.067   HC   .  120  0.6753   0.7045    0.1s
   26   2020014   HC  0.747  MDD   .  103  0.6488   0.6667    0.1s
   27   2020022   HC  0.018   HC   Y  120  0.6648   0.6731    0.1s
   28   2030021   HC  0.973  MDD   .  120  0.6276   0.6429    0.1s
  ... fold  6/10: training on 48 subjects (held-out: 2010019, 2010033, 2030006, 2030007, 2030014) ...
   29   2010019  MDD  0.191   HC   .  120  0.6238   0.6262    0.1s
   30   2010033  MDD  0.866  MDD   Y  120  0.6384   0.6429    0.1s
   31   2030006   HC  0.000   HC   Y  120  0.6625   0.6500    0.1s
   32   2030007   HC  0.415   HC   Y  120  0.6523   0.6562    0.1s
   33   2030014   HC  1.000  MDD   .  120  0.6213   0.6324    0.1s
  ... fold  7/10: training on 48 subjects (held-out: 2010004, 2010024, 2020008, 2020018, 2030004) ...
   34   2010004  MDD  1.000  MDD   Y   50  0.6436   0.6471    0.1s
   35   2010024  MDD  1.000  MDD   Y  120  0.6634   0.6601    0.1s
   36   2020008   HC  0.225   HC   Y  104  0.6574   0.6667    0.1s
   37   2020018   HC  0.001   HC   Y  120  0.6725   0.6725    0.1s
   38   2030004   HC  0.066   HC   Y  120  0.6806   0.6778    0.1s
  ... fold  8/10: training on 48 subjects (held-out: 2010006, 2010034, 2020015, 2030005, 2030019) ...
   39   2010006  MDD  0.902  MDD   Y  120  0.6895   0.6895    0.1s
   40   2010034  MDD  0.380   HC   .  120  0.6925   0.6750    0.1s
   41   2020015   HC  0.965  MDD   .  120  0.6714   0.6560    0.1s
   42   2030005   HC  0.663  MDD   .  120  0.6614   0.6386    0.1s
   43   2030019   HC  0.112   HC   Y  120  0.6674   0.6446    0.1s
  ... fold  9/10: training on 48 subjects (held-out: 2010013, 2010025, 2020027, 2030017, 2030020) ...
   44   2010013  MDD  0.995  MDD   Y  120  0.6812   0.6553    0.1s
   45   2010025  MDD  0.982  MDD   Y  120  0.6937   0.6650    0.1s
   46   2020027   HC  0.025   HC   Y  120  0.7008   0.6705    0.1s
   47   2030017   HC  0.988  MDD   .  120  0.6818   0.6555    0.1s
   48   2030020   HC  1.000  MDD   .  120  0.6608   0.6416    0.1s
  ... fold 10/10: training on 48 subjects (held-out: 2010023, 2010026, 2020025, 2030003, 2030018) ...
   49   2010023  MDD  0.031   HC   .  120  0.6438   0.6288    0.1s
   50   2010026  MDD  0.043   HC   .  120  0.6314   0.6170    0.1s
   51   2020025   HC  0.171   HC   Y  120  0.6343   0.6227    0.1s
   52   2030003   HC  0.294   HC   Y  120  0.6324   0.6280    0.1s
   53   2030018   HC  0.995  MDD   .  120  0.6164   0.6157    0.1s
------------------------------------------------------------------------------

FINAL  stage nr  [10-fold CV]  |  53 subjects (24 MDD / 29 HC)
  Subject-level ROC-AUC : 0.6164   (primary)
  Balanced accuracy     : 0.6157  @thr=0.50   |  0.6193  @thr=0.380 (Youden)
  Macro-F1              : 0.6159  @thr=0.50   |  0.6193  @thr=0.380
  Confusion matrix @0.50 (rows=true HC/MDD, cols=pred HC/MDD):
        pred_HC  pred_MDD
  HC        20         9
  MDD       11        13

Total wall time: 6.8s
