[dataset] modma  raw=/home/hasan/fable's rEEG/EEG_128channels_resting_lanzhou_2015  cache=/home/hasan/fable's rEEG/cache  fs_orig=250->125Hz  ch=128
** harmonised to shared 17-channel 10-20 montage **
53 subjects  (24 MDD / 29 HC)  |  fs=125Hz  ch=17  win=4.0s/500smp  windows/subj: min=50 med=144 max=165

=== 10-fold CV training/evaluation — stage nr (53 subjects) ===
 fold   subject true  score pred  ok  win  cumAUC  cumBACC    time
------------------------------------------------------------------------------
  ... fold  1/10: training on 47 subjects (held-out: 2010005, 2010012, 2010016, 2020019, 2020021, 2030002) ...
    1   2010005  MDD  1.000  MDD   Y  120     -       -       0.6s
    2   2010012  MDD  0.734  MDD   Y  120     -       -       0.6s
    3   2010016  MDD  0.166   HC   .  120     -       -       0.6s
    4   2020019   HC  0.023   HC   Y  110  1.0000   0.8333    0.6s
    5   2020021   HC  0.248   HC   Y  120  0.8333   0.8333    0.6s
    6   2030002   HC  0.939  MDD   .  120  0.6667   0.6667    0.6s
  ... fold  2/10: training on 47 subjects (held-out: 2010015, 2010021, 2010022, 2020016, 2020020, 2020029) ...
    7   2010015  MDD  0.087   HC   .  120  0.5833   0.5833    0.0s
    8   2010021  MDD  0.000   HC   .  120  0.4667   0.5333    0.0s
    9   2010022  MDD  0.815  MDD   Y  120  0.5000   0.5833    0.0s
   10   2020016   HC  0.084   HC   Y  120  0.5833   0.6250    0.0s
   11   2020020   HC  0.002   HC   Y  120  0.6333   0.6500    0.0s
   12   2020029   HC  0.106   HC   Y  120  0.6389   0.6667    0.0s
  ... fold  3/10: training on 47 subjects (held-out: 2010002, 2010028, 2010036, 2020013, 2020023, 2020026) ...
   13   2010002  MDD  0.999  MDD   Y  120  0.6905   0.7024    0.0s
   14   2010028  MDD  0.008   HC   .  120  0.6250   0.6667    0.0s
   15   2010036  MDD  0.981  MDD   Y  120  0.6667   0.6944    0.0s
   16   2020013   HC  0.266   HC   Y  120  0.6508   0.7063    0.0s
   17   2020023   HC  0.021   HC   Y  120  0.6667   0.7153    0.0s
   18   2020026   HC  0.006   HC   Y  120  0.6914   0.7222    0.0s
  ... fold  4/10: training on 48 subjects (held-out: 2010008, 2010010, 2010030, 2020010, 2030009) ...
   19   2010008  MDD  0.880  MDD   Y  120  0.7111   0.7444    0.1s
   20   2010010  MDD  0.423   HC   .  120  0.7273   0.7172    0.1s
   21   2010030  MDD  0.471   HC   .  120  0.7407   0.6944    0.1s
   22   2020010   HC  0.122   HC   Y  120  0.7417   0.7000    0.1s
   23   2030009   HC  0.016   HC   Y  120  0.7500   0.7045    0.1s
  ... fold  5/10: training on 48 subjects (held-out: 2010011, 2010018, 2020014, 2020022, 2030021) ...
   24   2010011  MDD  0.179   HC   .  120  0.7483   0.6853    0.1s
   25   2010018  MDD  0.101   HC   .  120  0.7338   0.6688    0.1s
   26   2020014   HC  0.791  MDD   .  103  0.7024   0.6310    0.1s
   27   2020022   HC  0.036   HC   Y  120  0.7143   0.6374    0.1s
   28   2030021   HC  0.994  MDD   .  120  0.6735   0.6071    0.1s
  ... fold  6/10: training on 48 subjects (held-out: 2010019, 2010033, 2030006, 2030007, 2030014) ...
   29   2010019  MDD  0.206   HC   .  120  0.6714   0.5929    0.1s
   30   2010033  MDD  0.884  MDD   Y  120  0.6830   0.6116    0.1s
   31   2030006   HC  0.000   HC   Y  120  0.7042   0.6188    0.1s
   32   2030007   HC  0.085   HC   Y  120  0.7148   0.6250    0.1s
   33   2030014   HC  1.000  MDD   .  120  0.6765   0.6011    0.1s
  ... fold  7/10: training on 48 subjects (held-out: 2010004, 2010024, 2020008, 2020018, 2030004) ...
   34   2010004  MDD  1.000  MDD   Y   50  0.6955   0.6176    0.1s
   35   2010024  MDD  1.000  MDD   Y  120  0.7124   0.6324    0.1s
   36   2020008   HC  0.125   HC   Y  104  0.7160   0.6389    0.1s
   37   2020018   HC  0.001   HC   Y  120  0.7281   0.6447    0.1s
   38   2030004   HC  0.099   HC   Y  120  0.7333   0.6500    0.1s
  ... fold  8/10: training on 48 subjects (held-out: 2010006, 2010034, 2020015, 2030005, 2030019) ...
   39   2010006  MDD  0.909  MDD   Y  120  0.7395   0.6632    0.1s
   40   2010034  MDD  0.379   HC   .  120  0.7425   0.6500    0.1s
   41   2020015   HC  0.996  MDD   .  120  0.7167   0.6310    0.1s
   42   2030005   HC  0.619  MDD   .  120  0.7068   0.6136    0.1s
   43   2030019   HC  0.093   HC   Y  120  0.7130   0.6196    0.1s
  ... fold  9/10: training on 48 subjects (held-out: 2010013, 2010025, 2020027, 2030017, 2030020) ...
   44   2010013  MDD  0.986  MDD   Y  120  0.7205   0.6315    0.1s
   45   2010025  MDD  0.983  MDD   Y  120  0.7273   0.6423    0.1s
   46   2020027   HC  0.040   HC   Y  120  0.7348   0.6477    0.1s
   47   2030017   HC  0.993  MDD   .  120  0.7127   0.6327    0.1s
   48   2030020   HC  1.000  MDD   .  120  0.6906   0.6189    0.1s
  ... fold 10/10: training on 48 subjects (held-out: 2010023, 2010026, 2020025, 2030003, 2030018) ...
   49   2010023  MDD  0.020   HC   .  120  0.6689   0.6070    0.1s
   50   2010026  MDD  0.070   HC   .  120  0.6554   0.5962    0.1s
   51   2020025   HC  0.121   HC   Y  120  0.6590   0.6019    0.1s
   52   2030003   HC  0.357   HC   Y  120  0.6577   0.6071    0.1s
   53   2030018   HC  0.997  MDD   .  120  0.6408   0.5948    0.1s
------------------------------------------------------------------------------

FINAL  stage nr  [10-fold CV]  |  53 subjects (24 MDD / 29 HC)
  Subject-level ROC-AUC : 0.6408   (primary)
  Balanced accuracy     : 0.5948  @thr=0.50   |  0.6681  @thr=0.166 (Youden)
  Macro-F1              : 0.5945  @thr=0.50   |  0.6603  @thr=0.166
  Confusion matrix @0.50 (rows=true HC/MDD, cols=pred HC/MDD):
        pred_HC  pred_MDD
  HC        20         9
  MDD       12        12

Total wall time: 6.4s
