[dataset] mumtaz  raw=/home/hasan/fable's rEEG/Mumtaz  cache=/home/hasan/fable's rEEG/cache/mumtaz  fs_orig=256->125Hz  ch=19
** harmonised to shared 17-channel 10-20 montage **
58 subjects  (30 MDD / 28 HC)  |  fs=125Hz  ch=17  win=4.0s/500smp  windows/subj: min=79 med=141 max=187

=== 10-fold CV training/evaluation — stage nr (58 subjects) ===
 fold   subject true  score pred  ok  win  cumAUC  cumBACC    time
------------------------------------------------------------------------------
  ... fold  1/10: training on 52 subjects (held-out: 5, 13, 16, 1001, 1017, 1023) ...
    1         5   HC  0.250   HC   Y  120     -       -       0.7s
    2        13   HC  0.134   HC   Y  120     -       -       0.7s
    3        16   HC  0.618  MDD   .  120     -       -       0.7s
    4      1001  MDD  0.566  MDD   Y   79  0.6667   0.8333    0.7s
    5      1017  MDD  0.519  MDD   Y  120  0.6667   0.8333    0.7s
    6      1023  MDD  0.933  MDD   Y  120  0.7778   0.8333    0.7s
  ... fold  2/10: training on 52 subjects (held-out: 14, 15, 20, 1002, 1015, 1022) ...
    7        14   HC  0.128   HC   Y  120  0.8333   0.8750    0.1s
    8        15   HC  0.749  MDD   .  120  0.7333   0.8000    0.1s
    9        20   HC  0.299   HC   Y  120  0.7778   0.8333    0.1s
   10      1002  MDD  0.884  MDD   Y  120  0.8333   0.8333    0.1s
   11      1015  MDD  0.463   HC   .  120  0.8000   0.7333    0.1s
   12      1022  MDD  0.949  MDD   Y  120  0.8333   0.7500    0.1s
  ... fold  3/10: training on 52 subjects (held-out: 3, 26, 30, 1007, 1019, 1021) ...
   13         3   HC  0.088   HC   Y  120  0.8571   0.7738    0.1s
   14        26   HC  0.241   HC   Y  120  0.8750   0.7917    0.1s
   15        30   HC  0.000   HC   Y  120  0.8889   0.8056    0.1s
   16      1007  MDD  0.993  MDD   Y  111  0.9048   0.8175    0.1s
   17      1019  MDD  0.525  MDD   Y  120  0.8889   0.8264    0.1s
   18      1021  MDD  0.555  MDD   Y  120  0.8765   0.8333    0.1s
  ... fold  4/10: training on 52 subjects (held-out: 1, 9, 27, 1011, 1030, 1033) ...
   19         1   HC  0.386   HC   Y  120  0.8889   0.8444    0.1s
   20         9   HC  0.329   HC   Y  120  0.8990   0.8535    0.1s
   21        27   HC  0.000   HC   Y  120  0.9074   0.8611    0.1s
   22      1011  MDD  0.243   HC   .  120  0.8667   0.8167    0.1s
   23      1030  MDD  0.437   HC   .  119  0.8636   0.7803    0.1s
   24      1033  MDD  0.979  MDD   Y  120  0.8750   0.7917    0.1s
  ... fold  5/10: training on 52 subjects (held-out: 6, 10, 28, 1005, 1013, 1028) ...
   25         6   HC  0.318   HC   Y  120  0.8782   0.7981    0.1s
   26        10   HC  0.036   HC   Y  120  0.8869   0.8036    0.1s
   27        28   HC  0.179   HC   Y  120  0.8944   0.8083    0.1s
   28      1005  MDD  0.947  MDD   Y  120  0.9026   0.8179    0.1s
   29      1013  MDD  0.559  MDD   Y  120  0.9000   0.8262    0.1s
   30      1028  MDD  0.814  MDD   Y  119  0.9067   0.8333    0.1s
  ... fold  6/10: training on 52 subjects (held-out: 7, 11, 17, 1020, 1029, 1031) ...
   31         7   HC  0.697  MDD   .  120  0.8792   0.8063    0.1s
   32        11   HC  0.523  MDD   .  120  0.8706   0.7824    0.1s
   33        17   HC  0.299   HC   Y  120  0.8741   0.7889    0.1s
   34      1020  MDD  0.370   HC   .  120  0.8646   0.7639    0.1s
   35      1029  MDD  0.802  MDD   Y  120  0.8725   0.7712    0.1s
   36      1031  MDD  0.944  MDD   Y  120  0.8796   0.7778    0.1s
  ... fold  7/10: training on 52 subjects (held-out: 23, 25, 29, 1006, 1024, 1026) ...
   37        23   HC  0.041   HC   Y  120  0.8860   0.7836    0.1s
   38        25   HC  0.925  MDD   .  120  0.8583   0.7639    0.1s
   39        29   HC  0.035   HC   Y  120  0.8651   0.7698    0.1s
   40      1006  MDD  0.045   HC   .  120  0.8321   0.7494    0.1s
   41      1024  MDD  0.598  MDD   Y  120  0.8310   0.7560    0.1s
   42      1026  MDD  0.607  MDD   Y  120  0.8299   0.7619    0.1s
  ... fold  8/10: training on 52 subjects (held-out: 4, 8, 19, 1003, 1014, 1027) ...
   43         4   HC  0.047   HC   Y  120  0.8355   0.7673    0.1s
   44         8   HC  0.029   HC   Y  120  0.8427   0.7723    0.1s
   45        19   HC  0.011   HC   Y  120  0.8492   0.7768    0.1s
   46      1003  MDD  0.980  MDD   Y   84  0.8561   0.7822    0.1s
   47      1014  MDD  0.429   HC   .  120  0.8533   0.7654    0.1s
   48      1027  MDD  0.293   HC   .  120  0.8420   0.7500    0.1s
  ... fold  9/10: training on 53 subjects (held-out: 2, 22, 1010, 1018, 1032) ...
   49         2   HC  0.040   HC   Y  120  0.8483   0.7542    0.1s
   50        22   HC  0.983  MDD   .  120  0.8173   0.7388    0.1s
   51      1010  MDD  0.725  MDD   Y  120  0.8200   0.7446    0.1s
   52      1018  MDD  1.000  MDD   Y  120  0.8269   0.7500    0.1s
   53      1032  MDD  0.996  MDD   Y  120  0.8333   0.7550    0.1s
  ... fold 10/10: training on 53 subjects (held-out: 21, 24, 1009, 1025, 1034) ...
   54        21   HC  0.213   HC   Y  120  0.8381   0.7593    0.1s
   55        24   HC  0.215   HC   Y  120  0.8426   0.7632    0.1s
   56      1009  MDD  0.941  MDD   Y  120  0.8469   0.7679    0.1s
   57      1025  MDD  0.481   HC   .  120  0.8448   0.7549    0.1s
   58      1034  MDD  0.979  MDD   Y  120  0.8488   0.7595    0.1s
------------------------------------------------------------------------------

FINAL  stage nr  [10-fold CV]  |  58 subjects (30 MDD / 28 HC)
  Subject-level ROC-AUC : 0.8488   (primary)
  Balanced accuracy     : 0.7595  @thr=0.50   |  0.8262  @thr=0.429 (Youden)
  Macro-F1              : 0.7586  @thr=0.50   |  0.8268  @thr=0.429
  Confusion matrix @0.50 (rows=true HC/MDD, cols=pred HC/MDD):
        pred_HC  pred_MDD
  HC        22         6
  MDD        8        22

Total wall time: 9.6s
