[dataset] opennuero  raw=/home/hasan/fable's rEEG/ds003478-download  cache=/home/hasan/fable's rEEG/cache/opennuero  fs_orig=500->125Hz  ch=64
** harmonised to shared 17-channel 10-20 montage **
121 subjects  (46 MDD / 75 HC)  |  fs=125Hz  ch=17  win=4.0s/500smp  windows/subj: min=44 med=142 max=209

=== 10-fold CV training/evaluation — stage nr (121 subjects) ===
 fold   subject true  score pred  ok  win  cumAUC  cumBACC    time
------------------------------------------------------------------------------
  ... fold  1/10: training on 108 subjects (held-out: 1, 4, 17, 27, 40, 45, 61, 77, 82, 85, 98, 101, 114) ...
    1         1   HC  0.381   HC   Y  120     -       -       0.7s
    2         4   HC  0.287   HC   Y  120     -       -       0.7s
    3        17   HC  0.561  MDD   .  115     -       -       0.7s
    4        27   HC  0.362   HC   Y  120     -       -       0.7s
    5        40   HC  0.458   HC   Y  120     -       -       0.7s
    6        45   HC  0.583  MDD   .  120     -       -       0.7s
    7        61  MDD  0.318   HC   .  120  0.1667   0.3333    0.7s
    8        77   HC  0.812  MDD   .  111  0.1429   0.2857    0.7s
    9        82   HC  0.420   HC   Y  120  0.1250   0.3125    0.7s
   10        85  MDD  0.451   HC   .  120  0.3125   0.3125    0.7s
   11        98  MDD  0.661  MDD   Y  120  0.5000   0.4792    0.7s
   12       101  MDD  0.765  MDD   Y  113  0.5938   0.5625    0.7s
   13       114  MDD  0.578  MDD   Y  120  0.6250   0.6125    0.7s
  ... fold  2/10: training on 109 subjects (held-out: 3, 8, 15, 37, 43, 51, 60, 70, 94, 107, 111, 112) ...
   14         3   HC  0.355   HC   Y  120  0.6444   0.6333    0.1s
   15         8   HC  0.296   HC   Y  120  0.6800   0.6500    0.1s
   16        15   HC  0.775  MDD   .  120  0.6182   0.6182    0.1s
   17        37   HC  0.559  MDD   .  120  0.6167   0.5917    0.1s
   18        43   HC  0.481   HC   Y  120  0.6154   0.6077    0.1s
   19        51   HC  0.509  MDD   .  120  0.6143   0.5857    0.1s
   20        60  MDD  0.768  MDD   Y   76  0.6548   0.6190    0.1s
   21        70   HC  0.356   HC   Y  109  0.6667   0.6333    0.1s
   22        94   HC  0.567  MDD   .  120  0.6667   0.6146    0.1s
   23       107  MDD  0.376   HC   .   44  0.6161   0.5670    0.1s
   24       111  MDD  0.832  MDD   Y  111  0.6641   0.5938    0.1s
   25       112  MDD  0.521  MDD   Y  120  0.6597   0.6146    0.1s
  ... fold  3/10: training on 109 subjects (held-out: 14, 16, 23, 33, 41, 55, 79, 83, 87, 97, 105, 108) ...
   26        14   HC  0.142   HC   Y  120  0.6797   0.6275    0.1s
   27        16   HC  0.142   HC   Y  118  0.6975   0.6389    0.1s
   28        23   HC  0.390   HC   Y  117  0.7018   0.6491    0.1s
   29        33   HC  0.331   HC   Y  120  0.7111   0.6583    0.1s
   30        41   HC  0.357   HC   Y  120  0.7196   0.6667    0.1s
   31        55  MDD  0.233   HC   .  120  0.6571   0.6333    0.1s
   32        79   HC  0.740  MDD   .  120  0.6409   0.6182    0.1s
   33        83   HC  0.289   HC   Y  120  0.6522   0.6261    0.1s
   34        87   HC  0.290   HC   Y  120  0.6625   0.6333    0.1s
   35        97  MDD  0.298   HC   .  120  0.6250   0.6061    0.1s
   36       105  MDD  0.851  MDD   Y  120  0.6562   0.6250    0.1s
   37       108  MDD  0.078   HC   .  120  0.6058   0.6026    0.1s
  ... fold  4/10: training on 109 subjects (held-out: 7, 26, 30, 35, 52, 54, 57, 64, 76, 103, 115, 121) ...
   38         7   HC  0.350   HC   Y  120  0.6092   0.6092    0.1s
   39        26   HC  0.326   HC   Y  120  0.6124   0.6154    0.1s
   40        30   HC  0.393   HC   Y  120  0.6125   0.6211    0.1s
   41        35   HC  0.454   HC   Y  120  0.6099   0.6264    0.1s
   42        52  MDD  0.200   HC   .  120  0.5714   0.6071    0.1s
   43        54   HC  0.566  MDD   .  109  0.5665   0.5948    0.1s
   44        57   HC  0.599  MDD   .  116  0.5595   0.5833    0.1s
   45        64   HC  0.247   HC   Y  101  0.5668   0.5887    0.1s
   46        76   HC  0.223   HC   Y   97  0.5759   0.5938    0.1s
   47       103  MDD  0.720  MDD   Y  120  0.5979   0.6104    0.1s
   48       115  MDD  0.242   HC   .  120  0.5664   0.5938    0.1s
   49       121  MDD  0.584  MDD   Y  120  0.5846   0.6085    0.1s
  ... fold  5/10: training on 109 subjects (held-out: 5, 11, 18, 21, 42, 46, 71, 75, 91, 104, 120, 122) ...
   50         5   HC  0.209   HC   Y  120  0.5936   0.6132    0.1s
   51        11   HC  0.161   HC   Y  101  0.6038   0.6176    0.1s
   52        18   HC  0.613  MDD   .  120  0.5966   0.6076    0.1s
   53        21   HC  0.521  MDD   .  117  0.5931   0.5980    0.1s
   54        42   HC  0.892  MDD   .  112  0.5771   0.5890    0.1s
   55        46   HC  0.127   HC   Y  120  0.5867   0.5937    0.1s
   56        71   HC  0.418   HC   Y  116  0.5867   0.5980    0.1s
   57        75   HC  0.793  MDD   .   93  0.5750   0.5897    0.1s
   58        91  MDD  0.607  MDD   Y  120  0.5903   0.6028    0.1s
   59       104  MDD  0.879  MDD   Y  120  0.6105   0.6145    0.1s
   60       120  MDD  0.427   HC   .  100  0.6088   0.6000    0.1s
   61       122  MDD  0.772  MDD   Y  115  0.6226   0.6107    0.1s
  ... fold  6/10: training on 109 subjects (held-out: 12, 22, 24, 25, 49, 56, 65, 67, 84, 117, 118, 119) ...
   62        12   HC  0.181   HC   Y  120  0.6307   0.6150    0.1s
   63        22   HC  0.466   HC   Y  120  0.6293   0.6190    0.1s
   64        24   HC  0.764  MDD   .  120  0.6213   0.6113    0.1s
   65        25   HC  0.510  MDD   .  120  0.6201   0.6039    0.1s
   66        49   HC  0.165   HC   Y  120  0.6275   0.6079    0.1s
   67        56   HC  0.207   HC   Y  120  0.6335   0.6118    0.1s
   68        65  MDD  0.568  MDD   Y  120  0.6413   0.6215    0.1s
   69        67   HC  0.248   HC   Y  120  0.6451   0.6252    0.1s
   70        84  MDD  0.319   HC   .  120  0.6309   0.6124    0.1s
   71       117  MDD  0.478   HC   .  107  0.6312   0.6006    0.1s
   72       118  MDD  0.550  MDD   Y  120  0.6349   0.6098    0.1s
   73       119  MDD  0.740  MDD   Y  109  0.6448   0.6182    0.1s
  ... fold  7/10: training on 109 subjects (held-out: 13, 29, 31, 32, 58, 62, 63, 78, 89, 95, 102, 116) ...
   74        13   HC  0.280   HC   Y  120  0.6490   0.6218    0.1s
   75        29   HC  0.290   HC   Y  120  0.6531   0.6252    0.1s
   76        31   HC  0.695  MDD   .  120  0.6462   0.6185    0.1s
   77        32   HC  0.514  MDD   .  120  0.6448   0.6120    0.1s
   78        58  MDD  0.523  MDD   Y  120  0.6478   0.6198    0.1s
   79        62   HC  0.147   HC   Y  120  0.6538   0.6232    0.1s
   80        63  MDD  0.244   HC   .  120  0.6374   0.6126    0.1s
   81        78   HC  0.584  MDD   .  116  0.6327   0.6065    0.1s
   82        89  MDD  0.682  MDD   Y  117  0.6409   0.6139    0.1s
   83        95   HC  0.853  MDD   .  120  0.6296   0.6079    0.1s
   84       102  MDD  0.515  MDD   Y  109  0.6315   0.6148    0.1s
   85       116  MDD  0.580  MDD   Y  101  0.6362   0.6213    0.1s
  ... fold  8/10: training on 109 subjects (held-out: 19, 28, 39, 48, 69, 73, 86, 90, 92, 96, 99, 106) ...
   86        19   HC  0.632  MDD   .  120  0.6305   0.6155    0.1s
   87        28   HC  0.355   HC   Y  120  0.6325   0.6190    0.1s
   88        39   HC  0.330   HC   Y  120  0.6344   0.6222    0.1s
   89        48   HC  0.630  MDD   .  120  0.6290   0.6168    0.1s
   90        69   HC  0.388   HC   Y  120  0.6304   0.6200    0.1s
   91        73   HC  0.105   HC   Y  120  0.6360   0.6231    0.1s
   92        86  MDD  0.111   HC   .  120  0.6167   0.6135    0.1s
   93        90   HC  0.106   HC   Y  120  0.6224   0.6165    0.1s
   94        92  MDD  0.497   HC   .  120  0.6230   0.6076    0.1s
   95        96  MDD  0.590  MDD   Y  120  0.6283   0.6138    0.1s
   96        99  MDD  0.452   HC   .  120  0.6267   0.6054    0.1s
   97       106  MDD  0.109   HC   .  113  0.6102   0.5974    0.1s
  ... fold  9/10: training on 109 subjects (held-out: 2, 6, 10, 20, 34, 53, 68, 74, 80, 100, 109, 113) ...
   98         2   HC  0.386   HC   Y  120  0.6116   0.6004    0.1s
   99         6   HC  0.441   HC   Y   96  0.6124   0.6032    0.1s
  100        10   HC  0.221   HC   Y  120  0.6168   0.6059    0.1s
  101        20   HC  0.463   HC   Y  120  0.6167   0.6085    0.1s
  102        34   HC  0.648  MDD   .  120  0.6115   0.6035    0.1s
  103        53  MDD  0.216   HC   .  120  0.5995   0.5960    0.1s
  104        68   HC  0.107   HC   Y  120  0.6051   0.5986    0.1s
  105        74   HC  0.673  MDD   .  120  0.5998   0.5938    0.1s
  106        80  MDD  0.091   HC   .  120  0.5840   0.5867    0.1s
  107       100  MDD  0.558  MDD   Y  120  0.5871   0.5928    0.1s
  108       109  MDD  0.434   HC   .  111  0.5864   0.5860    0.1s
  109       113  MDD  0.288   HC   .  120  0.5786   0.5796    0.1s
  ... fold 10/10: training on 109 subjects (held-out: 9, 36, 44, 47, 50, 59, 66, 72, 81, 88, 93, 110) ...
  110         9   HC  0.383   HC   Y  120  0.5797   0.5822    0.1s
  111        36   HC  0.351   HC   Y  120  0.5812   0.5847    0.1s
  112        44   HC  0.287   HC   Y  120  0.5840   0.5871    0.1s
  113        47   HC  0.183   HC   Y  120  0.5884   0.5894    0.1s
  114        50   HC  0.661  MDD   .  120  0.5834   0.5849    0.1s
  115        59  MDD  0.608  MDD   Y  120  0.5887   0.5907    0.1s
  116        66  MDD  0.359   HC   .  120  0.5855   0.5846    0.1s
  117        72   HC  0.367   HC   Y  120  0.5867   0.5869    0.1s
  118        81  MDD  0.686  MDD   Y  120  0.5937   0.5924    0.1s
  119        88  MDD  0.206   HC   .  116  0.5838   0.5866    0.1s
  120        93   HC  0.372   HC   Y  120  0.5849   0.5889    0.1s
  121       110  MDD  0.775  MDD   Y  120  0.5925   0.5942    0.1s
------------------------------------------------------------------------------

FINAL  stage nr  [10-fold CV]  |  121 subjects (46 MDD / 75 HC)
  Subject-level ROC-AUC : 0.5925   (primary)
  Balanced accuracy     : 0.5942  @thr=0.50   |  0.6194  @thr=0.427 (Youden)
  Macro-F1              : 0.5928  @thr=0.50   |  0.6063  @thr=0.427
  Confusion matrix @0.50 (rows=true HC/MDD, cols=pred HC/MDD):
        pred_HC  pred_MDD
  HC        50        25
  MDD       22        24

Total wall time: 16.1s
