[dataset] opennuero  raw=/home/hasan/fable's rEEG/ds003478-download  cache=/home/hasan/fable's rEEG/cache/opennuero  fs_orig=500->125Hz  ch=64
** harmonised to shared 17-channel 10-20 montage **
121 subjects  (46 MDD / 75 HC)  |  fs=125Hz  ch=17  win=4.0s/500smp  windows/subj: min=44 med=142 max=209

=== 10-fold CV training/evaluation — stage nr (121 subjects) ===
 fold   subject true  score pred  ok  win  cumAUC  cumBACC    time
------------------------------------------------------------------------------
  ... fold  1/10: training on 108 subjects (held-out: 1, 4, 17, 27, 40, 45, 61, 77, 82, 85, 98, 101, 114) ...
    1         1   HC  0.415   HC   Y  120     -       -       0.7s
    2         4   HC  0.273   HC   Y  120     -       -       0.7s
    3        17   HC  0.468   HC   Y  115     -       -       0.7s
    4        27   HC  0.415   HC   Y  120     -       -       0.7s
    5        40   HC  0.416   HC   Y  120     -       -       0.7s
    6        45   HC  0.500   HC   Y  120     -       -       0.7s
    7        61  MDD  0.286   HC   .  120  0.1667   0.5000    0.7s
    8        77   HC  0.808  MDD   .  111  0.1429   0.4286    0.7s
    9        82   HC  0.340   HC   Y  120  0.1250   0.4375    0.7s
   10        85  MDD  0.424   HC   .  120  0.3750   0.4375    0.7s
   11        98  MDD  0.592  MDD   Y  120  0.5417   0.6042    0.7s
   12       101  MDD  0.744  MDD   Y  113  0.6250   0.6875    0.7s
   13       114  MDD  0.528  MDD   Y  120  0.6750   0.7375    0.7s
  ... fold  2/10: training on 109 subjects (held-out: 3, 8, 15, 37, 43, 51, 60, 70, 94, 107, 111, 112) ...
   14         3   HC  0.352   HC   Y  120  0.6889   0.7444    0.1s
   15         8   HC  0.284   HC   Y  120  0.7200   0.7500    0.1s
   16        15   HC  0.822  MDD   .  120  0.6545   0.7091    0.1s
   17        37   HC  0.527  MDD   .  120  0.6500   0.6750    0.1s
   18        43   HC  0.439   HC   Y  120  0.6462   0.6846    0.1s
   19        51   HC  0.512  MDD   .  120  0.6429   0.6571    0.1s
   20        60  MDD  0.790  MDD   Y   76  0.6786   0.6905    0.1s
   21        70   HC  0.354   HC   Y  109  0.6889   0.7000    0.1s
   22        94   HC  0.566  MDD   .  120  0.6771   0.6771    0.1s
   23       107  MDD  0.403   HC   .   44  0.6250   0.6295    0.1s
   24       111  MDD  0.832  MDD   Y  111  0.6719   0.6562    0.1s
   25       112  MDD  0.498   HC   .  120  0.6667   0.6215    0.1s
  ... fold  3/10: training on 109 subjects (held-out: 14, 16, 23, 33, 41, 55, 79, 83, 87, 97, 105, 108) ...
   26        14   HC  0.150   HC   Y  120  0.6863   0.6307    0.1s
   27        16   HC  0.119   HC   Y  118  0.7037   0.6389    0.1s
   28        23   HC  0.481   HC   Y  117  0.7018   0.6462    0.1s
   29        33   HC  0.279   HC   Y  120  0.7167   0.6528    0.1s
   30        41   HC  0.348   HC   Y  120  0.7249   0.6587    0.1s
   31        55  MDD  0.276   HC   .  120  0.6667   0.6310    0.1s
   32        79   HC  0.767  MDD   .  120  0.6455   0.6136    0.1s
   33        83   HC  0.307   HC   Y  120  0.6522   0.6196    0.1s
   34        87   HC  0.314   HC   Y  120  0.6583   0.6250    0.1s
   35        97  MDD  0.305   HC   .  120  0.6174   0.6023    0.1s
   36       105  MDD  0.891  MDD   Y  120  0.6493   0.6250    0.1s
   37       108  MDD  0.067   HC   .  120  0.5994   0.6058    0.1s
  ... fold  4/10: training on 109 subjects (held-out: 7, 26, 30, 35, 52, 54, 57, 64, 76, 103, 115, 121) ...
   38         7   HC  0.303   HC   Y  120  0.6062   0.6108    0.1s
   39        26   HC  0.280   HC   Y  120  0.6154   0.6154    0.1s
   40        30   HC  0.379   HC   Y  120  0.6182   0.6197    0.1s
   41        35   HC  0.461   HC   Y  120  0.6154   0.6236    0.1s
   42        52  MDD  0.207   HC   .  120  0.5765   0.6071    0.1s
   43        54   HC  0.588  MDD   .  109  0.5690   0.5936    0.1s
   44        57   HC  0.566  MDD   .  116  0.5619   0.5810    0.1s
   45        64   HC  0.285   HC   Y  101  0.5691   0.5853    0.1s
   46        76   HC  0.239   HC   Y   97  0.5781   0.5893    0.1s
   47       103  MDD  0.718  MDD   Y  120  0.6000   0.6083    0.1s
   48       115  MDD  0.257   HC   .  120  0.5684   0.5938    0.1s
   49       121  MDD  0.663  MDD   Y  120  0.5882   0.6103    0.1s
  ... fold  5/10: training on 109 subjects (held-out: 5, 11, 18, 21, 42, 46, 71, 75, 91, 104, 120, 122) ...
   50         5   HC  0.190   HC   Y  120  0.5989   0.6141    0.1s
   51        11   HC  0.150   HC   Y  101  0.6090   0.6176    0.1s
   52        18   HC  0.542  MDD   .  120  0.6034   0.6067    0.1s
   53        21   HC  0.487   HC   Y  117  0.6013   0.6103    0.1s
   54        42   HC  0.860  MDD   .  112  0.5866   0.6002    0.1s
   55        46   HC  0.094   HC   Y  120  0.5960   0.6037    0.1s
   56        71   HC  0.390   HC   Y  116  0.5973   0.6071    0.1s
   57        75   HC  0.817  MDD   .   93  0.5853   0.5978    0.1s
   58        91  MDD  0.688  MDD   Y  120  0.6014   0.6125    0.1s
   59       104  MDD  0.909  MDD   Y  120  0.6224   0.6257    0.1s
   60       120  MDD  0.311   HC   .  100  0.6075   0.6125    0.1s
   61       122  MDD  0.732  MDD   Y  115  0.6202   0.6244    0.1s
  ... fold  6/10: training on 109 subjects (held-out: 12, 22, 24, 25, 49, 56, 65, 67, 84, 117, 118, 119) ...
   62        12   HC  0.212   HC   Y  120  0.6272   0.6278    0.1s
   63        22   HC  0.404   HC   Y  120  0.6270   0.6310    0.1s
   64        24   HC  0.797  MDD   .  120  0.6157   0.6224    0.1s
   65        25   HC  0.504  MDD   .  120  0.6136   0.6142    0.1s
   66        49   HC  0.127   HC   Y  120  0.6212   0.6175    0.1s
   67        56   HC  0.201   HC   Y  120  0.6284   0.6206    0.1s
   68        65  MDD  0.463   HC   .  120  0.6285   0.6087    0.1s
   69        67   HC  0.258   HC   Y  120  0.6335   0.6117    0.1s
   70        84  MDD  0.354   HC   .  120  0.6263   0.6008    0.1s
   71       117  MDD  0.337   HC   .  107  0.6161   0.5909    0.1s
   72       118  MDD  0.484   HC   .  120  0.6187   0.5817    0.1s
   73       119  MDD  0.773  MDD   Y  109  0.6293   0.5925    0.1s
  ... fold  7/10: training on 109 subjects (held-out: 13, 29, 31, 32, 58, 62, 63, 78, 89, 95, 102, 116) ...
   74        13   HC  0.289   HC   Y  120  0.6330   0.5954    0.1s
   75        29   HC  0.283   HC   Y  120  0.6374   0.5981    0.1s
   76        31   HC  0.710  MDD   .  120  0.6308   0.5908    0.1s
   77        32   HC  0.550  MDD   .  120  0.6267   0.5837    0.1s
   78        58  MDD  0.584  MDD   Y  120  0.6347   0.5937    0.1s
   79        62   HC  0.131   HC   Y  120  0.6410   0.5965    0.1s
   80        63  MDD  0.202   HC   .  120  0.6236   0.5879    0.1s
   81        78   HC  0.625  MDD   .  116  0.6186   0.5812    0.1s
   82        89  MDD  0.606  MDD   Y  117  0.6265   0.5904    0.1s
   83        95   HC  0.824  MDD   .  120  0.6169   0.5840    0.1s
   84       102  MDD  0.497   HC   .  109  0.6185   0.5759    0.1s
   85       116  MDD  0.664  MDD   Y  101  0.6260   0.5845    0.1s
  ... fold  8/10: training on 109 subjects (held-out: 19, 28, 39, 48, 69, 73, 86, 90, 92, 96, 99, 106) ...
   86        19   HC  0.617  MDD   .  120  0.6211   0.5783    0.1s
   87        28   HC  0.283   HC   Y  120  0.6250   0.5812    0.1s
   88        39   HC  0.335   HC   Y  120  0.6271   0.5840    0.1s
   89        48   HC  0.654  MDD   .  120  0.6224   0.5781    0.1s
   90        69   HC  0.410   HC   Y  120  0.6227   0.5809    0.1s
   91        73   HC  0.104   HC   Y  120  0.6285   0.5836    0.1s
   92        86  MDD  0.132   HC   .  120  0.6115   0.5760    0.1s
   93        90   HC  0.098   HC   Y  120  0.6173   0.5786    0.1s
   94        92  MDD  0.499   HC   .  120  0.6190   0.5715    0.1s
   95        96  MDD  0.558  MDD   Y  120  0.6234   0.5796    0.1s
   96        99  MDD  0.495   HC   .  120  0.6248   0.5728    0.1s
   97       106  MDD  0.109   HC   .  113  0.6088   0.5665    0.1s
  ... fold  9/10: training on 109 subjects (held-out: 2, 6, 10, 20, 34, 53, 68, 74, 80, 100, 109, 113) ...
   98         2   HC  0.376   HC   Y  120  0.6098   0.5690    0.1s
   99         6   HC  0.433   HC   Y   96  0.6098   0.5714    0.1s
  100        10   HC  0.217   HC   Y  120  0.6137   0.5738    0.1s
  101        20   HC  0.360   HC   Y  120  0.6145   0.5761    0.1s
  102        34   HC  0.687  MDD   .  120  0.6090   0.5707    0.1s
  103        53  MDD  0.176   HC   .  120  0.5958   0.5647    0.1s
  104        68   HC  0.132   HC   Y  120  0.6010   0.5670    0.1s
  105        74   HC  0.717  MDD   .  120  0.5954   0.5618    0.1s
  106        80  MDD  0.082   HC   .  120  0.5797   0.5561    0.1s
  107       100  MDD  0.626  MDD   Y  120  0.5863   0.5635    0.1s
  108       109  MDD  0.389   HC   .  111  0.5842   0.5581    0.1s
  109       113  MDD  0.241   HC   .  120  0.5750   0.5529    0.1s
  ... fold 10/10: training on 109 subjects (held-out: 9, 36, 44, 47, 50, 59, 66, 72, 81, 88, 93, 110) ...
  110         9   HC  0.411   HC   Y  120  0.5751   0.5551    0.1s
  111        36   HC  0.398   HC   Y  120  0.5756   0.5573    0.1s
  112        44   HC  0.240   HC   Y  120  0.5792   0.5594    0.1s
  113        47   HC  0.208   HC   Y  120  0.5827   0.5615    0.1s
  114        50   HC  0.691  MDD   .  120  0.5773   0.5566    0.1s
  115        59  MDD  0.599  MDD   Y  120  0.5828   0.5636    0.1s
  116        66  MDD  0.438   HC   .  120  0.5836   0.5586    0.1s
  117        72   HC  0.317   HC   Y  120  0.5852   0.5607    0.1s
  118        81  MDD  0.734  MDD   Y  120  0.5924   0.5673    0.1s
  119        88  MDD  0.165   HC   .  116  0.5820   0.5625    0.1s
  120        93   HC  0.345   HC   Y  120  0.5831   0.5644    0.1s
  121       110  MDD  0.815  MDD   Y  120  0.5910   0.5707    0.1s
------------------------------------------------------------------------------

FINAL  stage nr  [10-fold CV]  |  121 subjects (46 MDD / 75 HC)
  Subject-level ROC-AUC : 0.5910   (primary)
  Balanced accuracy     : 0.5707  @thr=0.50   |  0.6117  @thr=0.484 (Youden)
  Macro-F1              : 0.5714  @thr=0.50   |  0.6101  @thr=0.484
  Confusion matrix @0.50 (rows=true HC/MDD, cols=pred HC/MDD):
        pred_HC  pred_MDD
  HC        53        22
  MDD       26        20

Total wall time: 18.6s
