53 subjects  (24 MDD / 29 HC)  |  fs=125Hz  ch=125  win=4.0s/500smp  windows/subj: min=42 med=127 max=160

=== LOSO training/evaluation — stage ds (53 folds) ===
 fold   subject true  score pred  ok  win  cumAUC  cumBACC    time
------------------------------------------------------------------------------
  ... fold  1/53: training on 52 subjects (held-out sid=2010002) ...
      [ds sid=2010002 y=1] meanp=0.496 medp=0.496 meanlogit=-0.017
    1   2010002  MDD  0.496   HC   .  120     -       -      26.4s
  ... fold  2/53: training on 52 subjects (held-out sid=2010004) ...
      [ds sid=2010004 y=1] meanp=0.575 medp=0.576 meanlogit=+0.304
    2   2010004  MDD  0.575  MDD   Y   44     -       -      12.3s
  ... fold  3/53: training on 52 subjects (held-out sid=2010005) ...
      [ds sid=2010005 y=1] meanp=0.421 medp=0.421 meanlogit=-0.320
    3   2010005  MDD  0.421   HC   .  120     -       -      12.1s
  ... fold  4/53: training on 52 subjects (held-out sid=2010006) ...
      [ds sid=2010006 y=1] meanp=0.497 medp=0.496 meanlogit=-0.012
    4   2010006  MDD  0.497   HC   .  120     -       -      12.1s
  ... fold  5/53: training on 52 subjects (held-out sid=2010008) ...
      [ds sid=2010008 y=1] meanp=0.501 medp=0.501 meanlogit=+0.002
    5   2010008  MDD  0.501  MDD   Y  120     -       -      11.4s
  ... fold  6/53: training on 52 subjects (held-out sid=2010010) ...
      [ds sid=2010010 y=1] meanp=0.527 medp=0.528 meanlogit=+0.110
    6   2010010  MDD  0.527  MDD   Y   92     -       -      12.2s
  ... fold  7/53: training on 52 subjects (held-out sid=2010011) ...
      [ds sid=2010011 y=1] meanp=0.453 medp=0.451 meanlogit=-0.191
    7   2010011  MDD  0.453   HC   .  120     -       -      12.5s
  ... fold  8/53: training on 52 subjects (held-out sid=2010012) ...
      [ds sid=2010012 y=1] meanp=0.484 medp=0.484 meanlogit=-0.063
    8   2010012  MDD  0.484   HC   .  112     -       -      10.8s
  ... fold  9/53: training on 52 subjects (held-out sid=2010013) ...
      [ds sid=2010013 y=1] meanp=0.468 medp=0.468 meanlogit=-0.128
    9   2010013  MDD  0.468   HC   .  120     -       -      10.6s
  ... fold 10/53: training on 52 subjects (held-out sid=2010015) ...
      [ds sid=2010015 y=1] meanp=0.485 medp=0.484 meanlogit=-0.062
   10   2010015  MDD  0.485   HC   .  120     -       -      10.6s
  ... fold 11/53: training on 52 subjects (held-out sid=2010016) ...
      [ds sid=2010016 y=1] meanp=0.481 medp=0.484 meanlogit=-0.078
   11   2010016  MDD  0.481   HC   .  120     -       -      14.6s
  ... fold 12/53: training on 52 subjects (held-out sid=2010018) ...
      [ds sid=2010018 y=1] meanp=0.491 medp=0.491 meanlogit=-0.034
   12   2010018  MDD  0.491   HC   .  120     -       -      10.6s
  ... fold 13/53: training on 52 subjects (held-out sid=2010019) ...
      [ds sid=2010019 y=1] meanp=0.403 medp=0.410 meanlogit=-0.396
   13   2010019  MDD  0.403   HC   .  120     -       -      14.6s
  ... fold 14/53: training on 52 subjects (held-out sid=2010021) ...
      [ds sid=2010021 y=1] meanp=0.088 medp=0.088 meanlogit=-2.356
   14   2010021  MDD  0.088   HC   .  120     -       -      18.1s
  ... fold 15/53: training on 52 subjects (held-out sid=2010022) ...
      [ds sid=2010022 y=1] meanp=0.507 medp=0.506 meanlogit=+0.026
   15   2010022  MDD  0.507  MDD   Y  107     -       -      10.6s
  ... fold 16/53: training on 52 subjects (held-out sid=2010023) ...
      [ds sid=2010023 y=1] meanp=0.485 medp=0.483 meanlogit=-0.060
   16   2010023  MDD  0.485   HC   .  120     -       -      10.5s
  ... fold 17/53: training on 52 subjects (held-out sid=2010024) ...
      [ds sid=2010024 y=1] meanp=0.482 medp=0.482 meanlogit=-0.074
   17   2010024  MDD  0.482   HC   .  120     -       -      10.7s
  ... fold 18/53: training on 52 subjects (held-out sid=2010025) ...
      [ds sid=2010025 y=1] meanp=0.504 medp=0.504 meanlogit=+0.015
   18   2010025  MDD  0.504  MDD   Y  120     -       -      10.4s
  ... fold 19/53: training on 52 subjects (held-out sid=2010026) ...
      [ds sid=2010026 y=1] meanp=0.484 medp=0.487 meanlogit=-0.065
   19   2010026  MDD  0.484   HC   .  115     -       -      10.4s
  ... fold 20/53: training on 52 subjects (held-out sid=2010028) ...
      [ds sid=2010028 y=1] meanp=0.487 medp=0.487 meanlogit=-0.053
   20   2010028  MDD  0.487   HC   .  120     -       -      10.5s
  ... fold 21/53: training on 52 subjects (held-out sid=2010030) ...
      [ds sid=2010030 y=1] meanp=0.467 medp=0.467 meanlogit=-0.132
   21   2010030  MDD  0.467   HC   .  120     -       -      10.5s
  ... fold 22/53: training on 52 subjects (held-out sid=2010033) ...
      [ds sid=2010033 y=1] meanp=0.490 medp=0.491 meanlogit=-0.040
   22   2010033  MDD  0.490   HC   .  120     -       -      10.4s
  ... fold 23/53: training on 52 subjects (held-out sid=2010034) ...
      [ds sid=2010034 y=1] meanp=0.473 medp=0.473 meanlogit=-0.109
   23   2010034  MDD  0.473   HC   .   70     -       -      10.5s
  ... fold 24/53: training on 52 subjects (held-out sid=2010036) ...
      [ds sid=2010036 y=1] meanp=0.467 medp=0.467 meanlogit=-0.131
   24   2010036  MDD  0.467   HC   .   99     -       -      10.5s
  ... fold 25/53: training on 52 subjects (held-out sid=2020008) ...
      [ds sid=2020008 y=0] meanp=0.490 medp=0.489 meanlogit=-0.041
   25   2020008   HC  0.490   HC   Y   42  0.3750   0.6042   10.5s
  ... fold 26/53: training on 52 subjects (held-out sid=2020010) ...
      [ds sid=2020010 y=0] meanp=0.513 medp=0.513 meanlogit=+0.051
   26   2020010   HC  0.513  MDD   .  112  0.2292   0.3542   10.3s
  ... fold 27/53: training on 52 subjects (held-out sid=2020013) ...
      [ds sid=2020013 y=0] meanp=0.467 medp=0.466 meanlogit=-0.131
   27   2020013   HC  0.467   HC   Y  113  0.4028   0.4375   10.3s
  ... fold 28/53: training on 52 subjects (held-out sid=2020014) ...
      [ds sid=2020014 y=0] meanp=0.475 medp=0.473 meanlogit=-0.102
   28   2020014   HC  0.475   HC   Y   66  0.4687   0.4792   10.4s
  ... fold 29/53: training on 52 subjects (held-out sid=2020015) ...
      [ds sid=2020015 y=0] meanp=0.422 medp=0.422 meanlogit=-0.316
   29   2020015   HC  0.422   HC   Y  120  0.5500   0.5042   10.3s
  ... fold 30/53: training on 52 subjects (held-out sid=2020016) ...
      [ds sid=2020016 y=0] meanp=0.490 medp=0.493 meanlogit=-0.038
   30   2020016   HC  0.490   HC   Y  119  0.5139   0.5208   10.3s
  ... fold 31/53: training on 52 subjects (held-out sid=2020018) ...
      [ds sid=2020018 y=0] meanp=0.487 medp=0.486 meanlogit=-0.054
   31   2020018   HC  0.487   HC   Y   95  0.5000   0.5327   10.4s
  ... fold 32/53: training on 52 subjects (held-out sid=2020019) ...
      [ds sid=2020019 y=0] meanp=0.507 medp=0.506 meanlogit=+0.027
   32   2020019   HC  0.507  MDD   .   90  0.4479   0.4792   10.5s
  ... fold 33/53: training on 52 subjects (held-out sid=2020020) ...
      [ds sid=2020020 y=0] meanp=0.482 medp=0.482 meanlogit=-0.073
   33   2020020   HC  0.482   HC   Y  120  0.4630   0.4931   10.5s
  ... fold 34/53: training on 52 subjects (held-out sid=2020021) ...
      [ds sid=2020021 y=0] meanp=0.503 medp=0.503 meanlogit=+0.014
   34   2020021   HC  0.503  MDD   .  120  0.4333   0.4542   10.9s
  ... fold 35/53: training on 52 subjects (held-out sid=2020022) ...
      [ds sid=2020022 y=0] meanp=0.487 medp=0.487 meanlogit=-0.053
   35   2020022   HC  0.487   HC   Y  120  0.4318   0.4678   11.0s
  ... fold 36/53: training on 52 subjects (held-out sid=2020023) ...
      [ds sid=2020023 y=0] meanp=0.530 medp=0.530 meanlogit=+0.120
   36   2020023   HC  0.530  MDD   .  120  0.3993   0.4375   11.4s
  ... fold 37/53: training on 52 subjects (held-out sid=2020025) ...
      [ds sid=2020025 y=0] meanp=0.490 medp=0.488 meanlogit=-0.040
   37   2020025   HC  0.490   HC   Y  120  0.3942   0.4503   10.4s
  ... fold 38/53: training on 52 subjects (held-out sid=2020026) ...
      [ds sid=2020026 y=0] meanp=0.480 medp=0.480 meanlogit=-0.081
   38   2020026   HC  0.480   HC   Y  120  0.4137   0.4613   10.4s
  ... fold 39/53: training on 52 subjects (held-out sid=2020027) ...
      [ds sid=2020027 y=0] meanp=0.494 medp=0.493 meanlogit=-0.025
   39   2020027   HC  0.494   HC   Y  120  0.4056   0.4708   10.7s
  ... fold 40/53: training on 52 subjects (held-out sid=2020029) ...
      [ds sid=2020029 y=0] meanp=0.498 medp=0.498 meanlogit=-0.009
   40   2020029   HC  0.498   HC   Y   96  0.3932   0.4792   10.9s
  ... fold 41/53: training on 52 subjects (held-out sid=2030002) ...
      [ds sid=2030002 y=0] meanp=0.484 medp=0.484 meanlogit=-0.064
   41   2030002   HC  0.484   HC   Y  120  0.4020   0.4865   11.1s
  ... fold 42/53: training on 52 subjects (held-out sid=2030003) ...
      [ds sid=2030003 y=0] meanp=0.504 medp=0.507 meanlogit=+0.018
   42   2030003   HC  0.504  MDD   .   94  0.3866   0.4653   10.5s
  ... fold 43/53: training on 52 subjects (held-out sid=2030004) ...
      [ds sid=2030004 y=0] meanp=0.483 medp=0.483 meanlogit=-0.067
   43   2030004   HC  0.483   HC   Y  120  0.3969   0.4726   10.6s
  ... fold 44/53: training on 52 subjects (held-out sid=2030005) ...
      [ds sid=2030005 y=0] meanp=0.494 medp=0.494 meanlogit=-0.026
   44   2030005   HC  0.494   HC   Y   90  0.3917   0.4792   10.8s
  ... fold 45/53: training on 52 subjects (held-out sid=2030006) ...
      [ds sid=2030006 y=0] meanp=0.445 medp=0.445 meanlogit=-0.222
   45   2030006   HC  0.445   HC   Y  120  0.4147   0.4851   10.8s
  ... fold 46/53: training on 52 subjects (held-out sid=2030007) ...
      [ds sid=2030007 y=0] meanp=0.455 medp=0.455 meanlogit=-0.182
   46   2030007   HC  0.455   HC   Y  120  0.4337   0.4905   10.5s
  ... fold 47/53: training on 52 subjects (held-out sid=2030009) ...
      [ds sid=2030009 y=0] meanp=0.479 medp=0.479 meanlogit=-0.085
   47   2030009   HC  0.479   HC   Y   95  0.4438   0.4955   10.5s
  ... fold 48/53: training on 52 subjects (held-out sid=2030014) ...
      [ds sid=2030014 y=0] meanp=0.510 medp=0.510 meanlogit=+0.041
   48   2030014   HC  0.510  MDD   .  120  0.4288   0.4792   10.7s
  ... fold 49/53: training on 52 subjects (held-out sid=2030017) ...
      [ds sid=2030017 y=0] meanp=0.474 medp=0.474 meanlogit=-0.105
   49   2030017   HC  0.474   HC   Y  120  0.4383   0.4842   10.8s
  ... fold 50/53: training on 52 subjects (held-out sid=2030018) ...
      [ds sid=2030018 y=0] meanp=0.490 medp=0.491 meanlogit=-0.039
   50   2030018   HC  0.490   HC   Y  104  0.4343   0.4888   10.6s
  ... fold 51/53: training on 52 subjects (held-out sid=2030019) ...
      [ds sid=2030019 y=0] meanp=0.452 medp=0.453 meanlogit=-0.191
   51   2030019   HC  0.452   HC   Y  120  0.4506   0.4931   10.5s
  ... fold 52/53: training on 52 subjects (held-out sid=2030020) ...
      [ds sid=2030020 y=0] meanp=0.453 medp=0.453 meanlogit=-0.187
   52   2030020   HC  0.453   HC   Y  120  0.4643   0.4970   10.6s
  ... fold 53/53: training on 52 subjects (held-out sid=2030021) ...
      [ds sid=2030021 y=0] meanp=0.458 medp=0.458 meanlogit=-0.167
   53   2030021   HC  0.458   HC   Y  120  0.4770   0.5007   10.5s
------------------------------------------------------------------------------

FINAL  stage ds  |  53 subjects (24 MDD / 29 HC)
  Subject-level ROC-AUC : 0.4770   (primary)
  Balanced accuracy     : 0.5007  @thr=0.50   |  0.5251  @thr=0.496 (Youden)
  Macro-F1              : 0.4668  @thr=0.50   |  0.5077  @thr=0.496
  Confusion matrix @0.50 (rows=true HC/MDD, cols=pred HC/MDD):
        pred_HC  pred_MDD
  HC        23         6
  MDD       19         5

Total wall time: 603.8s
Saved per-fold results -> /home/hasan/fable's rEEG/results/ds_loso.json
