53 subjects  (24 MDD / 29 HC)  |  fs=125Hz  ch=125  win=4.0s/500smp  windows/subj: min=42 med=127 max=160

=== LOSO training/evaluation — stage ds (53 folds) ===
 fold   subject true  score pred  ok  win  cumAUC  cumBACC    time
------------------------------------------------------------------------------
  ... fold  1/53: training on 52 subjects (held-out sid=2010002) ...
      [ds sid=2010002 y=1] meanp=0.413 medp=0.415 meanlogit=-0.350
    1   2010002  MDD  0.413   HC   .  120     -       -      14.3s
  ... fold  2/53: training on 52 subjects (held-out sid=2010004) ...
      [ds sid=2010004 y=1] meanp=0.414 medp=0.414 meanlogit=-0.349
    2   2010004  MDD  0.414   HC   .   44     -       -       3.8s
  ... fold  3/53: training on 52 subjects (held-out sid=2010005) ...
      [ds sid=2010005 y=1] meanp=0.434 medp=0.436 meanlogit=-0.265
    3   2010005  MDD  0.434   HC   .  120     -       -       4.0s
  ... fold  4/53: training on 52 subjects (held-out sid=2010006) ...
      [ds sid=2010006 y=1] meanp=0.451 medp=0.450 meanlogit=-0.195
    4   2010006  MDD  0.451   HC   .  120     -       -       4.5s
  ... fold  5/53: training on 52 subjects (held-out sid=2010008) ...
      [ds sid=2010008 y=1] meanp=0.450 medp=0.451 meanlogit=-0.199
    5   2010008  MDD  0.450   HC   .  120     -       -       4.5s
  ... fold  6/53: training on 52 subjects (held-out sid=2010010) ...
      [ds sid=2010010 y=1] meanp=0.431 medp=0.430 meanlogit=-0.277
    6   2010010  MDD  0.431   HC   .   92     -       -       4.2s
  ... fold  7/53: training on 52 subjects (held-out sid=2010011) ...
      [ds sid=2010011 y=1] meanp=0.411 medp=0.408 meanlogit=-0.360
    7   2010011  MDD  0.411   HC   .  120     -       -       4.6s
  ... fold  8/53: training on 52 subjects (held-out sid=2010012) ...
      [ds sid=2010012 y=1] meanp=0.397 medp=0.396 meanlogit=-0.418
    8   2010012  MDD  0.397   HC   .  112     -       -       3.5s
  ... fold  9/53: training on 52 subjects (held-out sid=2010013) ...
      [ds sid=2010013 y=1] meanp=0.405 medp=0.405 meanlogit=-0.383
    9   2010013  MDD  0.405   HC   .  120     -       -       3.6s
  ... fold 10/53: training on 52 subjects (held-out sid=2010015) ...
      [ds sid=2010015 y=1] meanp=0.463 medp=0.464 meanlogit=-0.147
   10   2010015  MDD  0.463   HC   .  120     -       -       5.8s
  ... fold 11/53: training on 52 subjects (held-out sid=2010016) ...
      [ds sid=2010016 y=1] meanp=0.438 medp=0.439 meanlogit=-0.247
   11   2010016  MDD  0.438   HC   .  120     -       -       4.1s
  ... fold 12/53: training on 52 subjects (held-out sid=2010018) ...
      [ds sid=2010018 y=1] meanp=0.508 medp=0.509 meanlogit=+0.031
   12   2010018  MDD  0.508  MDD   Y  120     -       -       5.8s
  ... fold 13/53: training on 52 subjects (held-out sid=2010019) ...
      [ds sid=2010019 y=1] meanp=0.506 medp=0.506 meanlogit=+0.025
   13   2010019  MDD  0.506  MDD   Y  120     -       -       5.7s
  ... fold 14/53: training on 52 subjects (held-out sid=2010021) ...
      [ds sid=2010021 y=1] meanp=0.540 medp=0.541 meanlogit=+0.161
   14   2010021  MDD  0.540  MDD   Y  120     -       -       6.3s
  ... fold 15/53: training on 52 subjects (held-out sid=2010022) ...
      [ds sid=2010022 y=1] meanp=0.484 medp=0.486 meanlogit=-0.065
   15   2010022  MDD  0.484   HC   .  107     -       -       6.1s
  ... fold 16/53: training on 52 subjects (held-out sid=2010023) ...
      [ds sid=2010023 y=1] meanp=0.500 medp=0.499 meanlogit=-0.000
   16   2010023  MDD  0.500   HC   .  120     -       -       6.9s
  ... fold 17/53: training on 52 subjects (held-out sid=2010024) ...
      [ds sid=2010024 y=1] meanp=0.454 medp=0.454 meanlogit=-0.183
   17   2010024  MDD  0.454   HC   .  120     -       -       4.5s
  ... fold 18/53: training on 52 subjects (held-out sid=2010025) ...
      [ds sid=2010025 y=1] meanp=0.494 medp=0.492 meanlogit=-0.024
   18   2010025  MDD  0.494   HC   .  120     -       -       4.7s
  ... fold 19/53: training on 52 subjects (held-out sid=2010026) ...
      [ds sid=2010026 y=1] meanp=0.474 medp=0.472 meanlogit=-0.104
   19   2010026  MDD  0.474   HC   .  115     -       -       5.8s
  ... fold 20/53: training on 52 subjects (held-out sid=2010028) ...
      [ds sid=2010028 y=1] meanp=0.509 medp=0.509 meanlogit=+0.038
   20   2010028  MDD  0.509  MDD   Y  120     -       -       6.6s
  ... fold 21/53: training on 52 subjects (held-out sid=2010030) ...
      [ds sid=2010030 y=1] meanp=0.513 medp=0.512 meanlogit=+0.051
   21   2010030  MDD  0.513  MDD   Y  120     -       -       6.6s
  ... fold 22/53: training on 52 subjects (held-out sid=2010033) ...
      [ds sid=2010033 y=1] meanp=0.513 medp=0.513 meanlogit=+0.054
   22   2010033  MDD  0.513  MDD   Y  120     -       -       8.0s
  ... fold 23/53: training on 52 subjects (held-out sid=2010034) ...
      [ds sid=2010034 y=1] meanp=0.535 medp=0.536 meanlogit=+0.140
   23   2010034  MDD  0.535  MDD   Y   70     -       -       9.2s
  ... fold 24/53: training on 52 subjects (held-out sid=2010036) ...
      [ds sid=2010036 y=1] meanp=0.498 medp=0.497 meanlogit=-0.008
   24   2010036  MDD  0.498   HC   .   99     -       -       5.2s
  ... fold 25/53: training on 52 subjects (held-out sid=2020008) ...
      [ds sid=2020008 y=0] meanp=0.490 medp=0.490 meanlogit=-0.040
   25   2020008   HC  0.490   HC   Y   42  0.4167   0.6458    6.2s
  ... fold 26/53: training on 52 subjects (held-out sid=2020010) ...
      [ds sid=2020010 y=0] meanp=0.513 medp=0.514 meanlogit=+0.052
   26   2020010   HC  0.513  MDD   .  112  0.2708   0.3958   12.8s
  ... fold 27/53: training on 52 subjects (held-out sid=2020013) ...
      [ds sid=2020013 y=0] meanp=0.513 medp=0.514 meanlogit=+0.052
   27   2020013   HC  0.513  MDD   .  113  0.2222   0.3125   11.8s
  ... fold 28/53: training on 52 subjects (held-out sid=2020014) ...
      [ds sid=2020014 y=0] meanp=0.506 medp=0.506 meanlogit=+0.025
   28   2020014   HC  0.506  MDD   .   66  0.2292   0.2708   32.4s
  ... fold 29/53: training on 52 subjects (held-out sid=2020015) ...
