53 subjects  (24 MDD / 29 HC)  |  fs=125Hz  ch=125  win=4.0s/500smp  windows/subj: min=42 med=127 max=160

=== LOSO training/evaluation — stage ds (53 folds) ===
 fold   subject true  score pred  ok  win  cumAUC  cumBACC    time
------------------------------------------------------------------------------
  ... fold  1/53: training on 52 subjects (held-out sid=2010002) ...
      [ds sid=2010002 y=1] meanp=0.507 medp=0.513 meanlogit=+0.027
    1   2010002  MDD  0.507  MDD   Y  120     -       -      19.8s
  ... fold  2/53: training on 52 subjects (held-out sid=2010004) ...
      [ds sid=2010004 y=1] meanp=0.472 medp=0.474 meanlogit=-0.111
    2   2010004  MDD  0.472   HC   .   44     -       -       5.1s
  ... fold  3/53: training on 52 subjects (held-out sid=2010005) ...
      [ds sid=2010005 y=1] meanp=0.509 medp=0.510 meanlogit=+0.037
    3   2010005  MDD  0.509  MDD   Y  120     -       -       6.6s
  ... fold  4/53: training on 52 subjects (held-out sid=2010006) ...
      [ds sid=2010006 y=1] meanp=0.504 medp=0.500 meanlogit=+0.016
    4   2010006  MDD  0.504  MDD   Y  120     -       -       6.7s
  ... fold  5/53: training on 52 subjects (held-out sid=2010008) ...
      [ds sid=2010008 y=1] meanp=0.509 medp=0.509 meanlogit=+0.036
    5   2010008  MDD  0.509  MDD   Y  120     -       -       6.6s
  ... fold  6/53: training on 52 subjects (held-out sid=2010010) ...
      [ds sid=2010010 y=1] meanp=0.498 medp=0.496 meanlogit=-0.010
    6   2010010  MDD  0.498   HC   .   92     -       -       8.0s
  ... fold  7/53: training on 52 subjects (held-out sid=2010011) ...
      [ds sid=2010011 y=1] meanp=0.454 medp=0.451 meanlogit=-0.187
    7   2010011  MDD  0.454   HC   .  120     -       -       6.6s
  ... fold  8/53: training on 52 subjects (held-out sid=2010012) ...
      [ds sid=2010012 y=1] meanp=0.480 medp=0.481 meanlogit=-0.079
    8   2010012  MDD  0.480   HC   .  112     -       -       6.7s
  ... fold  9/53: training on 52 subjects (held-out sid=2010013) ...
      [ds sid=2010013 y=1] meanp=0.486 medp=0.486 meanlogit=-0.056
    9   2010013  MDD  0.486   HC   .  120     -       -       5.7s
  ... fold 10/53: training on 52 subjects (held-out sid=2010015) ...
      [ds sid=2010015 y=1] meanp=0.484 medp=0.484 meanlogit=-0.066
   10   2010015  MDD  0.484   HC   .  120     -       -       5.8s
  ... fold 11/53: training on 52 subjects (held-out sid=2010016) ...
      [ds sid=2010016 y=1] meanp=0.484 medp=0.484 meanlogit=-0.066
   11   2010016  MDD  0.484   HC   .  120     -       -       6.1s
  ... fold 12/53: training on 52 subjects (held-out sid=2010018) ...
      [ds sid=2010018 y=1] meanp=0.513 medp=0.513 meanlogit=+0.053
   12   2010018  MDD  0.513  MDD   Y  120     -       -       5.8s
  ... fold 13/53: training on 52 subjects (held-out sid=2010019) ...
      [ds sid=2010019 y=1] meanp=0.500 medp=0.502 meanlogit=+0.001
   13   2010019  MDD  0.500  MDD   Y  120     -       -       8.4s
  ... fold 14/53: training on 52 subjects (held-out sid=2010021) ...
      [ds sid=2010021 y=1] meanp=0.509 medp=0.510 meanlogit=+0.037
   14   2010021  MDD  0.509  MDD   Y  120     -       -       6.6s
  ... fold 15/53: training on 52 subjects (held-out sid=2010022) ...
      [ds sid=2010022 y=1] meanp=0.472 medp=0.474 meanlogit=-0.110
   15   2010022  MDD  0.472   HC   .  107     -       -       6.4s
  ... fold 16/53: training on 52 subjects (held-out sid=2010023) ...
      [ds sid=2010023 y=1] meanp=0.474 medp=0.473 meanlogit=-0.105
   16   2010023  MDD  0.474   HC   .  120     -       -       5.8s
  ... fold 17/53: training on 52 subjects (held-out sid=2010024) ...
      [ds sid=2010024 y=1] meanp=0.475 medp=0.475 meanlogit=-0.101
   17   2010024  MDD  0.475   HC   .  120     -       -       6.0s
  ... fold 18/53: training on 52 subjects (held-out sid=2010025) ...
      [ds sid=2010025 y=1] meanp=0.491 medp=0.489 meanlogit=-0.037
   18   2010025  MDD  0.491   HC   .  120     -       -       6.2s
  ... fold 19/53: training on 52 subjects (held-out sid=2010026) ...
      [ds sid=2010026 y=1] meanp=0.454 medp=0.453 meanlogit=-0.183
   19   2010026  MDD  0.454   HC   .  115     -       -       8.5s
  ... fold 20/53: training on 52 subjects (held-out sid=2010028) ...
      [ds sid=2010028 y=1] meanp=0.477 medp=0.478 meanlogit=-0.090
   20   2010028  MDD  0.477   HC   .  120     -       -       9.5s
  ... fold 21/53: training on 52 subjects (held-out sid=2010030) ...
      [ds sid=2010030 y=1] meanp=0.489 medp=0.488 meanlogit=-0.044
   21   2010030  MDD  0.489   HC   .  120     -       -       6.0s
  ... fold 22/53: training on 52 subjects (held-out sid=2010033) ...
      [ds sid=2010033 y=1] meanp=0.485 medp=0.484 meanlogit=-0.062
   22   2010033  MDD  0.485   HC   .  120     -       -       6.4s
  ... fold 23/53: training on 52 subjects (held-out sid=2010034) ...
      [ds sid=2010034 y=1] meanp=0.511 medp=0.512 meanlogit=+0.045
   23   2010034  MDD  0.511  MDD   Y   70     -       -       6.7s
  ... fold 24/53: training on 52 subjects (held-out sid=2010036) ...
      [ds sid=2010036 y=1] meanp=0.492 medp=0.492 meanlogit=-0.032
   24   2010036  MDD  0.492   HC   .   99     -       -       6.9s
  ... fold 25/53: training on 52 subjects (held-out sid=2020008) ...
      [ds sid=2020008 y=0] meanp=0.487 medp=0.487 meanlogit=-0.054
   25   2020008   HC  0.487   HC   Y   42  0.5000   0.6667    7.6s
  ... fold 26/53: training on 52 subjects (held-out sid=2020010) ...
      [ds sid=2020010 y=0] meanp=0.495 medp=0.496 meanlogit=-0.018
   26   2020010   HC  0.495   HC   Y  112  0.4375   0.6667    8.1s
  ... fold 27/53: training on 52 subjects (held-out sid=2020013) ...
      [ds sid=2020013 y=0] meanp=0.498 medp=0.499 meanlogit=-0.006
   27   2020013   HC  0.498   HC   Y  113  0.4028   0.6667   11.2s
  ... fold 28/53: training on 52 subjects (held-out sid=2020014) ...
      [ds sid=2020014 y=0] meanp=0.485 medp=0.485 meanlogit=-0.060
   28   2020014   HC  0.485   HC   Y   66  0.4375   0.6667    8.1s
  ... fold 29/53: training on 52 subjects (held-out sid=2020015) ...
      [ds sid=2020015 y=0] meanp=0.491 medp=0.491 meanlogit=-0.037
   29   2020015   HC  0.491   HC   Y  120  0.4417   0.6667    8.9s
  ... fold 30/53: training on 52 subjects (held-out sid=2020016) ...
      [ds sid=2020016 y=0] meanp=0.492 medp=0.492 meanlogit=-0.033
   30   2020016   HC  0.492   HC   Y  119  0.4375   0.6667    7.6s
  ... fold 31/53: training on 52 subjects (held-out sid=2020018) ...
      [ds sid=2020018 y=0] meanp=0.498 medp=0.498 meanlogit=-0.010
   31   2020018   HC  0.498   HC   Y   95  0.4226   0.6667    9.3s
  ... fold 32/53: training on 52 subjects (held-out sid=2020019) ...
      [ds sid=2020019 y=0] meanp=0.490 medp=0.491 meanlogit=-0.039
   32   2020019   HC  0.490   HC   Y   90  0.4271   0.6667    7.2s
  ... fold 33/53: training on 52 subjects (held-out sid=2020020) ...
      [ds sid=2020020 y=0] meanp=0.482 medp=0.482 meanlogit=-0.074
   33   2020020   HC  0.482   HC   Y  120  0.4537   0.6667    7.1s
  ... fold 34/53: training on 52 subjects (held-out sid=2020021) ...
      [ds sid=2020021 y=0] meanp=0.504 medp=0.505 meanlogit=+0.016
   34   2020021   HC  0.504  MDD   .  120  0.4333   0.6167    8.0s
  ... fold 35/53: training on 52 subjects (held-out sid=2020022) ...
      [ds sid=2020022 y=0] meanp=0.507 medp=0.507 meanlogit=+0.027
   35   2020022   HC  0.507  MDD   .  120  0.4167   0.5758    8.4s
  ... fold 36/53: training on 52 subjects (held-out sid=2020023) ...
      [ds sid=2020023 y=0] meanp=0.503 medp=0.504 meanlogit=+0.011
   36   2020023   HC  0.503  MDD   .  120  0.4062   0.5417    8.2s
  ... fold 37/53: training on 52 subjects (held-out sid=2020025) ...
      [ds sid=2020025 y=0] meanp=0.487 medp=0.486 meanlogit=-0.051
   37   2020025   HC  0.487   HC   Y  120  0.4135   0.5513    8.1s
  ... fold 38/53: training on 52 subjects (held-out sid=2020026) ...
      [ds sid=2020026 y=0] meanp=0.483 medp=0.483 meanlogit=-0.068
   38   2020026   HC  0.483   HC   Y  120  0.4315   0.5595    8.1s
  ... fold 39/53: training on 52 subjects (held-out sid=2020027) ...
      [ds sid=2020027 y=0] meanp=0.487 medp=0.487 meanlogit=-0.050
   39   2020027   HC  0.487   HC   Y  120  0.4361   0.5667    8.3s
  ... fold 40/53: training on 52 subjects (held-out sid=2020029) ...
      [ds sid=2020029 y=0] meanp=0.500 medp=0.502 meanlogit=-0.000
   40   2020029   HC  0.500   HC   Y   96  0.4297   0.5729    7.4s
  ... fold 41/53: training on 52 subjects (held-out sid=2030002) ...
      [ds sid=2030002 y=0] meanp=0.528 medp=0.530 meanlogit=+0.114
   41   2030002   HC  0.528  MDD   .  120  0.4044   0.5490    8.8s
  ... fold 42/53: training on 52 subjects (held-out sid=2030003) ...
      [ds sid=2030003 y=0] meanp=0.473 medp=0.474 meanlogit=-0.109
   42   2030003   HC  0.473   HC   Y   94  0.4282   0.5556    8.4s
  ... fold 43/53: training on 52 subjects (held-out sid=2030004) ...
      [ds sid=2030004 y=0] meanp=0.511 medp=0.511 meanlogit=+0.045
   43   2030004   HC  0.511  MDD   .  120  0.4101   0.5351    7.3s
  ... fold 44/53: training on 52 subjects (held-out sid=2030005) ...
      [ds sid=2030005 y=0] meanp=0.547 medp=0.549 meanlogit=+0.189
   44   2030005   HC  0.547  MDD   .   90  0.3896   0.5167    8.0s
  ... fold 45/53: training on 52 subjects (held-out sid=2030006) ...
      [ds sid=2030006 y=0] meanp=0.454 medp=0.453 meanlogit=-0.186
   45   2030006   HC  0.454   HC   Y  120  0.4167   0.5238    7.3s
  ... fold 46/53: training on 52 subjects (held-out sid=2030007) ...
      [ds sid=2030007 y=0] meanp=0.454 medp=0.454 meanlogit=-0.186
   46   2030007   HC  0.454   HC   Y  120  0.4413   0.5303    7.1s
  ... fold 47/53: training on 52 subjects (held-out sid=2030009) ...
      [ds sid=2030009 y=0] meanp=0.479 medp=0.480 meanlogit=-0.082
   47   2030009   HC  0.479   HC   Y   95  0.4529   0.5362    8.9s
  ... fold 48/53: training on 52 subjects (held-out sid=2030014) ...
      [ds sid=2030014 y=0] meanp=0.518 medp=0.518 meanlogit=+0.072
   48   2030014   HC  0.518  MDD   .  120  0.4340   0.5208    8.6s
  ... fold 49/53: training on 52 subjects (held-out sid=2030017) ...
      [ds sid=2030017 y=0] meanp=0.479 medp=0.478 meanlogit=-0.083
   49   2030017   HC  0.479   HC   Y  120  0.4450   0.5267    8.6s
  ... fold 50/53: training on 52 subjects (held-out sid=2030018) ...
      [ds sid=2030018 y=0] meanp=0.506 medp=0.505 meanlogit=+0.024
   50   2030018   HC  0.506  MDD   .  104  0.4375   0.5128    7.3s
  ... fold 51/53: training on 52 subjects (held-out sid=2030019) ...
      [ds sid=2030019 y=0] meanp=0.540 medp=0.538 meanlogit=+0.159
   51   2030019   HC  0.540  MDD   .  120  0.4213   0.5000    8.7s
  ... fold 52/53: training on 52 subjects (held-out sid=2030020) ...
      [ds sid=2030020 y=0] meanp=0.460 medp=0.460 meanlogit=-0.161
   52   2030020   HC  0.460   HC   Y  120  0.4390   0.5060    9.1s
  ... fold 53/53: training on 52 subjects (held-out sid=2030021) ...
      [ds sid=2030021 y=0] meanp=0.507 medp=0.503 meanlogit=+0.028
   53   2030021   HC  0.507  MDD   .  120  0.4310   0.4943    9.6s
------------------------------------------------------------------------------

FINAL  stage ds  |  53 subjects (24 MDD / 29 HC)
  Subject-level ROC-AUC : 0.4310   (primary)
  Balanced accuracy     : 0.4943  @thr=0.50   |  0.5216  @thr=0.507 (Youden)
  Macro-F1              : 0.4874  @thr=0.50   |  0.4952  @thr=0.507
  Confusion matrix @0.50 (rows=true HC/MDD, cols=pred HC/MDD):
        pred_HC  pred_MDD
  HC        19        10
  MDD       16         8

Total wall time: 413.0s
Saved per-fold results -> /home/hasan/fable's rEEG/results/ds_loso.json
