[dataset] modma  raw=/home/hasan/fable's rEEG/EEG_128channels_resting_lanzhou_2015  cache=/home/hasan/fable's rEEG/cache  fs_orig=250->125Hz  ch=128
  [train] modma      53 subjects  (24 MDD / 29 HC)  |  fs=125Hz  ch=17  win=4.0s/500smp  windows/subj: min=50 med=144 max=165
  [train] mumtaz     58 subjects  (30 MDD / 28 HC)  |  fs=125Hz  ch=17  win=4.0s/500smp  windows/subj: min=79 med=141 max=187
  [test ] opennuero  121 subjects  (46 MDD / 75 HC)  |  fs=125Hz  ch=17  win=4.0s/500smp  windows/subj: min=44 med=142 max=209
** harmonised to shared 17-channel 10-20 montage **

=== LODO modma+mumtaz -> opennuero training/evaluation — stage nrde (121 subjects) ===
 fold   subject true  score pred  ok  win  cumAUC  cumBACC    time
------------------------------------------------------------------------------
    1         1   HC  0.463   HC   Y  120     -       -       0.1s
    2         2   HC  0.168   HC   Y  120     -       -       0.1s
    3         3   HC  0.171   HC   Y  120     -       -       0.1s
    4         4   HC  0.035   HC   Y  120     -       -       0.1s
    5         5   HC  0.026   HC   Y  120     -       -       0.1s
    6         6   HC  0.313   HC   Y   96     -       -       0.1s
    7         7   HC  0.066   HC   Y  120     -       -       0.1s
    8         8   HC  0.265   HC   Y  120     -       -       0.1s
    9         9   HC  0.715  MDD   .  120     -       -       0.1s
   10        10   HC  0.089   HC   Y  120     -       -       0.1s
   11        11   HC  0.443   HC   Y  101     -       -       0.1s
   12        12   HC  0.874  MDD   .  120     -       -       0.1s
   13        13   HC  0.018   HC   Y  120     -       -       0.1s
   14        14   HC  0.017   HC   Y  120     -       -       0.1s
   15        15   HC  0.376   HC   Y  120     -       -       0.1s
   16        16   HC  0.995  MDD   .  118     -       -       0.1s
   17        17   HC  0.055   HC   Y  115     -       -       0.1s
   18        18   HC  0.149   HC   Y  120     -       -       0.1s
   19        19   HC  0.016   HC   Y  120     -       -       0.1s
   20        20   HC  0.361   HC   Y  120     -       -       0.1s
   21        21   HC  0.440   HC   Y  117     -       -       0.1s
   22        22   HC  0.272   HC   Y  120     -       -       0.1s
   23        23   HC  0.086   HC   Y  117     -       -       0.1s
   24        24   HC  0.628  MDD   .  120     -       -       0.1s
   25        25   HC  0.230   HC   Y  120     -       -       0.1s
   26        26   HC  0.458   HC   Y  120     -       -       0.1s
   27        27   HC  0.740  MDD   .  120     -       -       0.1s
   28        28   HC  0.158   HC   Y  120     -       -       0.1s
   29        29   HC  0.153   HC   Y  120     -       -       0.1s
   30        30   HC  0.013   HC   Y  120     -       -       0.1s
   31        31   HC  0.436   HC   Y  120     -       -       0.1s
   32        32   HC  0.952  MDD   .  120     -       -       0.1s
   33        33   HC  0.142   HC   Y  120     -       -       0.1s
   34        34   HC  0.032   HC   Y  120     -       -       0.1s
   35        35   HC  0.148   HC   Y  120     -       -       0.1s
   36        36   HC  0.409   HC   Y  120     -       -       0.1s
   37        37   HC  0.248   HC   Y  120     -       -       0.1s
   38        39   HC  0.289   HC   Y  120     -       -       0.1s
   39        40   HC  0.280   HC   Y  120     -       -       0.1s
   40        41   HC  0.020   HC   Y  120     -       -       0.1s
   41        42   HC  0.111   HC   Y  112     -       -       0.1s
   42        43   HC  0.406   HC   Y  120     -       -       0.1s
   43        44   HC  0.471   HC   Y  120     -       -       0.1s
   44        45   HC  0.010   HC   Y  120     -       -       0.1s
   45        46   HC  0.037   HC   Y  120     -       -       0.1s
   46        47   HC  0.202   HC   Y  120     -       -       0.1s
   47        48   HC  0.069   HC   Y  120     -       -       0.1s
   48        49   HC  0.381   HC   Y  120     -       -       0.1s
   49        50   HC  0.749  MDD   .  120     -       -       0.1s
   50        51   HC  0.468   HC   Y  120     -       -       0.1s
   51        52  MDD  0.996  MDD   Y  120  1.0000   0.9300    0.1s
   52        53  MDD  0.441   HC   .  120  0.8800   0.6800    0.1s
   53        54   HC  0.019   HC   Y  109  0.8824   0.6814    0.1s
   54        55  MDD  0.913  MDD   Y  120  0.9085   0.7647    0.1s
   55        56   HC  0.443   HC   Y  120  0.9038   0.7660    0.1s
   56        57   HC  0.417   HC   Y  116  0.9057   0.7673    0.1s
   57        58  MDD  0.779  MDD   Y  120  0.9151   0.8090    0.1s
   58        59  MDD  0.317   HC   .  120  0.8528   0.7340    0.1s
   59        60  MDD  0.423   HC   .   76  0.8302   0.6840    0.1s
   60        61  MDD  0.958  MDD   Y  120  0.8518   0.7197    0.1s
   61        62   HC  0.581  MDD   .  120  0.8466   0.7116    0.1s
   62        63  MDD  0.532  MDD   Y  120  0.8472   0.7384    0.1s
   63        64   HC  0.536  MDD   .  101  0.8409   0.7307    0.1s
   64        65  MDD  0.013   HC   .  120  0.7495   0.6960    0.1s
   65        66  MDD  0.086   HC   .  120  0.7018   0.6682    0.1s
   66        67   HC  0.064   HC   Y  120  0.7054   0.6696    0.1s
   67        68   HC  0.191   HC   Y  120  0.7070   0.6711    0.1s
   68        69   HC  0.792  MDD   .  120  0.7000   0.6638    0.1s
   69        70   HC  0.010   HC   Y  109  0.7051   0.6653    0.1s
   70        71   HC  0.220   HC   Y  116  0.7067   0.6667    0.1s
   71        72   HC  0.057   HC   Y  120  0.7098   0.6680    0.1s
   72        73   HC  0.522  MDD   .  120  0.7065   0.6613    0.1s
   73        74   HC  0.606  MDD   .  120  0.7016   0.6548    0.1s
   74        75   HC  0.293   HC   Y   93  0.7031   0.6562    0.1s
   75        76   HC  0.740  MDD   .   97  0.6985   0.6500    0.1s
   76        77   HC  0.769  MDD   .  111  0.6939   0.6439    0.1s
   77        78   HC  0.544  MDD   .  116  0.6896   0.6381    0.1s
   78        79   HC  0.547  MDD   .  120  0.6853   0.6324    0.1s
   79        80  MDD  0.276   HC   .  120  0.6684   0.6096    0.1s
   80        81  MDD  0.015   HC   .  120  0.6164   0.5907    0.1s
   81        82   HC  0.217   HC   Y  120  0.6184   0.5924    0.1s
   82        83   HC  0.093   HC   Y  120  0.6202   0.5940    0.1s
   83        84  MDD  0.621  MDD   Y  120  0.6385   0.6165    0.1s
   84        85  MDD  0.050   HC   .  120  0.6051   0.6000    0.1s
   85        86  MDD  0.213   HC   .  120  0.5933   0.5857    0.1s
   86        87   HC  0.072   HC   Y  120  0.5962   0.5873    0.1s
   87        88  MDD  0.012   HC   .  116  0.5607   0.5748    0.1s
   88        89  MDD  0.333   HC   .  117  0.5617   0.5638    0.1s
   89        90   HC  0.135   HC   Y  120  0.5637   0.5654    0.1s
   90        91  MDD  0.289   HC   .  120  0.5633   0.5556    0.1s
   91        92  MDD  0.215   HC   .  120  0.5570   0.5468    0.1s
   92        93   HC  0.224   HC   Y  120  0.5580   0.5483    0.1s
   93        94   HC  0.215   HC   Y  120  0.5590   0.5498    0.1s
   94        95   HC  0.331   HC   Y  120  0.5579   0.5512    0.1s
   95        96  MDD  0.536  MDD   Y  120  0.5707   0.5683    0.1s
   96        97  MDD  0.035   HC   .  120  0.5498   0.5600    0.1s
   97        98  MDD  0.734  MDD   Y  120  0.5655   0.5752    0.1s
   98        99  MDD  0.527  MDD   Y  120  0.5757   0.5890    0.1s
   99       100  MDD  0.334   HC   .  120  0.5767   0.5808    0.1s
  100       101  MDD  0.643  MDD   Y  113  0.5888   0.5933    0.1s
  101       102  MDD  0.140   HC   .  109  0.5779   0.5856    0.1s
  102       103  MDD  0.192   HC   .  120  0.5719   0.5785    0.1s
  103       104  MDD  0.070   HC   .  120  0.5595   0.5719    0.1s
  104       105  MDD  0.000   HC   .  120  0.5402   0.5657    0.1s
  105       106  MDD  0.691  MDD   Y  113  0.5516   0.5767    0.1s
  106       107  MDD  0.109   HC   .   44  0.5428   0.5708    0.1s
  107       108  MDD  0.939  MDD   Y  120  0.5562   0.5808    0.1s
  108       109  MDD  0.872  MDD   Y  111  0.5685   0.5903    0.1s
  109       110  MDD  0.668  MDD   Y  120  0.5776   0.5992    0.1s
  110       111  MDD  0.802  MDD   Y  111  0.5886   0.6076    0.1s
  111       112  MDD  0.384   HC   .  120  0.5900   0.6017    0.1s
  112       113  MDD  0.398   HC   .  120  0.5914   0.5960    0.1s
  113       114  MDD  0.516  MDD   Y  120  0.5965   0.6039    0.1s
  114       115  MDD  0.586  MDD   Y  120  0.6031   0.6113    0.1s
  115       116  MDD  0.270   HC   .  101  0.6010   0.6058    0.1s
  116       117  MDD  0.037   HC   .  107  0.5902   0.6007    0.1s
  117       118  MDD  0.213   HC   .  120  0.5863   0.5957    0.1s
  118       119  MDD  0.440   HC   .  109  0.5891   0.5910    0.1s
  119       120  MDD  0.727  MDD   Y  100  0.5961   0.5979    0.1s
  120       121  MDD  0.297   HC   .  120  0.5956   0.5933    0.1s
  121       122  MDD  0.096   HC   .  115  0.5887   0.5890    0.1s
------------------------------------------------------------------------------

FINAL  stage nrde  [LODO modma+mumtaz -> opennuero]  |  121 subjects (46 MDD / 75 HC)
  Subject-level ROC-AUC : 0.5887   (primary)
  Balanced accuracy     : 0.5890  @thr=0.50   |  0.5890  @thr=0.516 (Youden)
  Macro-F1              : 0.5892  @thr=0.50   |  0.5892  @thr=0.516
  Confusion matrix @0.50 (rows=true HC/MDD, cols=pred HC/MDD):
        pred_HC  pred_MDD
  HC        59        16
  MDD       28        18

Total wall time: 33.1s
Saved per-fold results -> /home/hasan/fable's rEEG/results/lodo_opennuero_nrde_harm_rc.json
