[dataset] modma  raw=/home/hasan/fable's rEEG/EEG_128channels_resting_lanzhou_2015  cache=/home/hasan/fable's rEEG/cache  fs_orig=250->125Hz  ch=128
  [train] mumtaz     58 subjects  (30 MDD / 28 HC)  |  fs=125Hz  ch=17  win=4.0s/500smp  windows/subj: min=79 med=141 max=187
  [train] opennuero  121 subjects  (46 MDD / 75 HC)  |  fs=125Hz  ch=17  win=4.0s/500smp  windows/subj: min=44 med=142 max=209
  [test ] modma      53 subjects  (24 MDD / 29 HC)  |  fs=125Hz  ch=17  win=4.0s/500smp  windows/subj: min=50 med=144 max=165
** harmonised to shared 17-channel 10-20 montage **

=== LODO mumtaz+opennuero -> modma training/evaluation — stage spddann (53 subjects) ===
 fold   subject true  score pred  ok  win  cumAUC  cumBACC    time
------------------------------------------------------------------------------
/home/hasan/fable's rEEG/triad/spddann.py:292: UserWarning: Converting a tensor with requires_grad=True to a scalar may lead to unexpected behavior.
Consider using tensor.detach() first. (Triggered internally at /pytorch/torch/csrc/autograd/generated/python_variable_methods.cpp:838.)
  tot += float(L_C) * len(bs)
    1   2010002  MDD  0.921  MDD   Y  100     -       -       7.5s
    2   2010004  MDD  1.000  MDD   Y   50     -       -       7.4s
    3   2010005  MDD  0.785  MDD   Y  100     -       -       7.5s
    4   2010006  MDD  0.607  MDD   Y  100     -       -       7.5s
    5   2010008  MDD  0.994  MDD   Y  100     -       -       7.5s
    6   2010010  MDD  0.609  MDD   Y  100     -       -       7.5s
    7   2010011  MDD  0.456   HC   .  100     -       -       7.5s
    8   2010012  MDD  0.632  MDD   Y  100     -       -       7.5s
    9   2010013  MDD  0.789  MDD   Y  100     -       -       7.5s
   10   2010015  MDD  0.021   HC   .  100     -       -       7.5s
   11   2010016  MDD  0.937  MDD   Y  100     -       -       7.5s
   12   2010018  MDD  0.992  MDD   Y  100     -       -       7.5s
   13   2010019  MDD  0.959  MDD   Y  100     -       -       7.5s
   14   2010021  MDD  0.395   HC   .  100     -       -       7.5s
   15   2010022  MDD  0.761  MDD   Y  100     -       -       7.5s
   16   2010023  MDD  0.624  MDD   Y  100     -       -       7.5s
   17   2010024  MDD  1.000  MDD   Y  100     -       -       7.5s
   18   2010025  MDD  0.906  MDD   Y  100     -       -       7.5s
   19   2010026  MDD  0.990  MDD   Y  100     -       -       7.5s
   20   2010028  MDD  0.990  MDD   Y  100     -       -       7.5s
   21   2010030  MDD  0.687  MDD   Y  100     -       -       7.5s
   22   2010033  MDD  0.000   HC   .  100     -       -       7.5s
   23   2010034  MDD  0.707  MDD   Y  100     -       -       7.5s
   24   2010036  MDD  0.610  MDD   Y  100     -       -       7.5s
   25   2020008   HC  0.163   HC   Y  100  0.9167   0.9167    7.5s
   26   2020010   HC  1.000  MDD   .  100  0.5000   0.6667    7.5s
   27   2020013   HC  0.502  MDD   .  100  0.6111   0.5833    7.5s
   28   2020014   HC  0.256   HC   Y  100  0.6875   0.6667    7.5s
   29   2020015   HC  0.002   HC   Y  100  0.7417   0.7167    7.5s
   30   2020016   HC  0.161   HC   Y  100  0.7708   0.7500    7.5s
   31   2020018   HC  0.932  MDD   .  100  0.7083   0.7024    7.5s
   32   2020019   HC  0.292   HC   Y  100  0.7344   0.7292    7.5s
   33   2020020   HC  0.085   HC   Y  100  0.7546   0.7500    7.5s
   34   2020021   HC  0.213   HC   Y  100  0.7708   0.7667    7.5s
   35   2020022   HC  0.401   HC   Y  100  0.7803   0.7803    7.5s
   36   2020023   HC  0.302   HC   Y  100  0.7917   0.7917    7.5s
   37   2020025   HC  0.435   HC   Y  100  0.7981   0.8013    7.5s
   38   2020026   HC  0.532  MDD   .  100  0.8006   0.7738    7.5s
   39   2020027   HC  0.484   HC   Y  100  0.8028   0.7833    7.5s
   40   2020029   HC  0.702  MDD   .  100  0.7891   0.7604    7.5s
   41   2030002   HC  0.161   HC   Y  100  0.7966   0.7696    7.5s
   42   2030003   HC  0.241   HC   Y  100  0.8032   0.7778    7.5s
   43   2030004   HC  0.996  MDD   .  100  0.7654   0.7588    7.5s
   44   2030005   HC  0.921  MDD   .  100  0.7458   0.7417    7.5s
   45   2030006   HC  0.984  MDD   .  100  0.7222   0.7262    7.5s
   46   2030007   HC  0.119   HC   Y  100  0.7311   0.7348    7.5s
   47   2030009   HC  0.999  MDD   .  100  0.7029   0.7210    7.5s
   48   2030014   HC  0.370   HC   Y  100  0.7118   0.7292    7.5s
   49   2030017   HC  0.146   HC   Y  100  0.7200   0.7367    7.5s
   50   2030018   HC  0.273   HC   Y  100  0.7276   0.7436    7.5s
   51   2030019   HC  0.957  MDD   .  100  0.7114   0.7315    7.5s
   52   2030020   HC  1.000  MDD   .  100  0.6890   0.7202    7.5s
   53   2030021   HC  0.225   HC   Y  100  0.6968   0.7270    7.5s
------------------------------------------------------------------------------

FINAL  stage spddann  [LODO mumtaz+opennuero -> modma]  |  53 subjects (24 MDD / 29 HC)
  Subject-level ROC-AUC : 0.6968   (primary)
  Balanced accuracy     : 0.7270  @thr=0.50   |  0.7615  @thr=0.607 (Youden)
  Macro-F1              : 0.7166  @thr=0.50   |  0.7547  @thr=0.607
  Confusion matrix @0.50 (rows=true HC/MDD, cols=pred HC/MDD):
        pred_HC  pred_MDD
  HC        18        11
  MDD        4        20

Total wall time: 395.9s
Saved per-fold results -> /home/hasan/fable's rEEG/results/lodo_modma_spddann_harm.json
