[dataset] modma  raw=/home/hasan/fable's rEEG/EEG_128channels_resting_lanzhou_2015  cache=/home/hasan/fable's rEEG/cache  fs_orig=250->125Hz  ch=128
  [train] modma      53 subjects  (24 MDD / 29 HC)  |  fs=125Hz  ch=17  win=4.0s/500smp  windows/subj: min=50 med=144 max=165
  [train] mumtaz     58 subjects  (30 MDD / 28 HC)  |  fs=125Hz  ch=17  win=4.0s/500smp  windows/subj: min=79 med=141 max=187
  [test ] opennuero  121 subjects  (46 MDD / 75 HC)  |  fs=125Hz  ch=17  win=4.0s/500smp  windows/subj: min=44 med=142 max=209
** harmonised to shared 17-channel 10-20 montage **

=== LODO modma+mumtaz -> opennuero training/evaluation — stage nrde (121 subjects) ===
 fold   subject true  score pred  ok  win  cumAUC  cumBACC    time
------------------------------------------------------------------------------
    1         1   HC  0.836  MDD   .  120     -       -       0.1s
    2         2   HC  0.599  MDD   .  120     -       -       0.1s
    3         3   HC  0.492   HC   Y  120     -       -       0.1s
    4         4   HC  0.256   HC   Y  120     -       -       0.1s
    5         5   HC  0.250   HC   Y  120     -       -       0.1s
    6         6   HC  0.382   HC   Y   96     -       -       0.1s
    7         7   HC  0.378   HC   Y  120     -       -       0.1s
    8         8   HC  0.799  MDD   .  120     -       -       0.1s
    9         9   HC  0.951  MDD   .  120     -       -       0.1s
   10        10   HC  0.406   HC   Y  120     -       -       0.1s
   11        11   HC  0.787  MDD   .  101     -       -       0.1s
   12        12   HC  0.996  MDD   .  120     -       -       0.1s
   13        13   HC  0.147   HC   Y  120     -       -       0.1s
   14        14   HC  0.443   HC   Y  120     -       -       0.1s
   15        15   HC  0.589  MDD   .  120     -       -       0.1s
   16        16   HC  1.000  MDD   .  118     -       -       0.1s
   17        17   HC  0.229   HC   Y  115     -       -       0.1s
   18        18   HC  0.201   HC   Y  120     -       -       0.1s
   19        19   HC  0.105   HC   Y  120     -       -       0.1s
   20        20   HC  0.818  MDD   .  120     -       -       0.1s
   21        21   HC  0.929  MDD   .  117     -       -       0.1s
   22        22   HC  0.700  MDD   .  120     -       -       0.1s
   23        23   HC  0.441   HC   Y  117     -       -       0.1s
   24        24   HC  0.892  MDD   .  120     -       -       0.1s
   25        25   HC  0.706  MDD   .  120     -       -       0.1s
   26        26   HC  0.494   HC   Y  120     -       -       0.1s
   27        27   HC  0.884  MDD   .  120     -       -       0.1s
   28        28   HC  0.502  MDD   .  120     -       -       0.1s
   29        29   HC  0.647  MDD   .  120     -       -       0.1s
   30        30   HC  0.209   HC   Y  120     -       -       0.1s
   31        31   HC  0.884  MDD   .  120     -       -       0.1s
   32        32   HC  0.995  MDD   .  120     -       -       0.1s
   33        33   HC  0.799  MDD   .  120     -       -       0.1s
   34        34   HC  0.382   HC   Y  120     -       -       0.1s
   35        35   HC  0.508  MDD   .  120     -       -       0.1s
   36        36   HC  0.733  MDD   .  120     -       -       0.1s
   37        37   HC  0.645  MDD   .  120     -       -       0.1s
   38        39   HC  0.827  MDD   .  120     -       -       0.1s
   39        40   HC  0.713  MDD   .  120     -       -       0.1s
   40        41   HC  0.197   HC   Y  120     -       -       0.1s
   41        42   HC  0.302   HC   Y  112     -       -       0.1s
   42        43   HC  0.759  MDD   .  120     -       -       0.1s
   43        44   HC  0.616  MDD   .  120     -       -       0.1s
   44        45   HC  0.188   HC   Y  120     -       -       0.1s
   45        46   HC  0.298   HC   Y  120     -       -       0.1s
   46        47   HC  0.519  MDD   .  120     -       -       0.1s
   47        48   HC  0.289   HC   Y  120     -       -       0.1s
   48        49   HC  0.889  MDD   .  120     -       -       0.1s
   49        50   HC  0.992  MDD   .  120     -       -       0.1s
   50        51   HC  0.937  MDD   .  120     -       -       0.1s
   51        52  MDD  1.000  MDD   Y  120  0.9800   0.7000    0.1s
   52        53  MDD  0.795  MDD   Y  120  0.8300   0.7000    0.1s
   53        54   HC  0.073   HC   Y  109  0.8333   0.7059    0.1s
   54        55  MDD  0.996  MDD   Y  120  0.8758   0.7059    0.1s
   55        56   HC  0.971  MDD   .  120  0.8718   0.7019    0.1s
   56        57   HC  0.870  MDD   .  116  0.8679   0.6981    0.1s
   57        58  MDD  0.992  MDD   Y  120  0.8821   0.6981    0.1s
   58        59  MDD  0.824  MDD   Y  120  0.8491   0.6981    0.1s
   59        60  MDD  0.850  MDD   Y   76  0.8333   0.6981    0.1s
   60        61  MDD  0.994  MDD   Y  120  0.8491   0.6981    0.1s
   61        62   HC  0.924  MDD   .  120  0.8439   0.6944    0.1s
   62        63  MDD  0.856  MDD   Y  120  0.8310   0.6944    0.1s
   63        64   HC  0.849  MDD   .  101  0.8295   0.6909    0.1s
   64        65  MDD  0.310   HC   .  120  0.7636   0.6354    0.1s
   65        66  MDD  0.488   HC   .  120  0.7218   0.5909    0.1s
   66        67   HC  0.794  MDD   .  120  0.7232   0.5875    0.1s
   67        68   HC  0.698  MDD   .  120  0.7246   0.5842    0.1s
   68        69   HC  0.977  MDD   .  120  0.7190   0.5810    0.1s
   69        70   HC  0.173   HC   Y  109  0.7237   0.5864    0.1s
   70        71   HC  0.518  MDD   .  116  0.7250   0.5833    0.1s
   71        72   HC  0.386   HC   Y  120  0.7279   0.5885    0.1s
   72        73   HC  0.848  MDD   .  120  0.7258   0.5855    0.1s
   73        74   HC  0.913  MDD   .  120  0.7206   0.5825    0.1s
   74        75   HC  0.555  MDD   .   93  0.7219   0.5797    0.1s
   75        76   HC  0.940  MDD   .   97  0.7169   0.5769    0.1s
   76        77   HC  0.902  MDD   .  111  0.7121   0.5742    0.1s
   77        78   HC  0.908  MDD   .  116  0.7075   0.5716    0.1s
   78        79   HC  0.853  MDD   .  120  0.7044   0.5691    0.1s
   79        80  MDD  0.836  MDD   Y  120  0.7019   0.5782    0.1s
   80        81  MDD  0.129   HC   .  120  0.6458   0.5441    0.1s
   81        82   HC  0.727  MDD   .  120  0.6473   0.5417    0.1s
   82        83   HC  0.333   HC   Y  120  0.6500   0.5464    0.1s
   83        84  MDD  0.961  MDD   Y  120  0.6703   0.5560    0.1s
   84        85  MDD  0.231   HC   .  120  0.6316   0.5286    0.1s
   85        86  MDD  0.376   HC   .  120  0.6038   0.5048    0.1s
   86        87   HC  0.559  MDD   .  120  0.6047   0.5023    0.1s
   87        88  MDD  0.135   HC   .  116  0.5687   0.4815    0.1s
   88        89  MDD  0.747  MDD   Y  117  0.5692   0.4925    0.1s
   89        90   HC  0.704  MDD   .  120  0.5703   0.4902    0.1s
   90        91  MDD  0.817  MDD   Y  120  0.5748   0.5000    0.1s
   91        92  MDD  0.798  MDD   Y  120  0.5775   0.5088    0.1s
   92        93   HC  0.750  MDD   .  120  0.5782   0.5065    0.1s
   93        94   HC  0.536  MDD   .  120  0.5797   0.5043    0.1s
   94        95   HC  0.757  MDD   .  120  0.5804   0.5021    0.1s
   95        96  MDD  0.871  MDD   Y  120  0.5893   0.5100    0.1s
   96        97  MDD  0.385   HC   .  120  0.5727   0.4933    0.1s
   97        98  MDD  0.957  MDD   Y  120  0.5885   0.5009    0.1s
   98        99  MDD  0.839  MDD   Y  120  0.5936   0.5078    0.1s
   99       100  MDD  0.743  MDD   Y  120  0.5928   0.5142    0.1s
  100       101  MDD  0.912  MDD   Y  113  0.6027   0.5200    0.1s
  101       102  MDD  0.490   HC   .  109  0.5908   0.5062    0.1s
  102       103  MDD  0.662  MDD   Y  120  0.5867   0.5119    0.1s
  103       104  MDD  0.558  MDD   Y  120  0.5800   0.5171    0.1s
  104       105  MDD  0.005   HC   .  120  0.5600   0.5048    0.1s
  105       106  MDD  0.919  MDD   Y  113  0.5698   0.5100    0.1s
  106       107  MDD  0.783  MDD   Y   44  0.5712   0.5148    0.1s
  107       108  MDD  0.991  MDD   Y  120  0.5829   0.5194    0.1s
  108       109  MDD  0.997  MDD   Y  111  0.5952   0.5236    0.1s
  109       110  MDD  0.970  MDD   Y  120  0.6047   0.5276    0.1s
  110       111  MDD  0.968  MDD   Y  111  0.6137   0.5314    0.1s
  111       112  MDD  0.813  MDD   Y  120  0.6152   0.5350    0.1s
  112       113  MDD  0.695  MDD   Y  120  0.6115   0.5384    0.1s
  113       114  MDD  0.775  MDD   Y  120  0.6116   0.5416    0.1s
  114       115  MDD  0.899  MDD   Y  120  0.6168   0.5446    0.1s
  115       116  MDD  0.760  MDD   Y  101  0.6167   0.5475    0.1s
  116       117  MDD  0.303   HC   .  107  0.6062   0.5380    0.1s
  117       118  MDD  0.749  MDD   Y  120  0.6054   0.5410    0.1s
  118       119  MDD  0.834  MDD   Y  109  0.6074   0.5437    0.1s
  119       120  MDD  0.920  MDD   Y  100  0.6130   0.5464    0.1s
  120       121  MDD  0.568  MDD   Y  120  0.6086   0.5489    0.1s
  121       122  MDD  0.561  MDD   Y  115  0.6043   0.5513    0.1s
------------------------------------------------------------------------------

FINAL  stage nrde  [LODO modma+mumtaz -> opennuero]  |  121 subjects (46 MDD / 75 HC)
  Subject-level ROC-AUC : 0.6043   (primary)
  Balanced accuracy     : 0.5513  @thr=0.50   |  0.6236  @thr=0.743 (Youden)
  Macro-F1              : 0.4909  @thr=0.50   |  0.6077  @thr=0.743
  Confusion matrix @0.50 (rows=true HC/MDD, cols=pred HC/MDD):
        pred_HC  pred_MDD
  HC        24        51
  MDD       10        36

Total wall time: 33.1s
Saved per-fold results -> /home/hasan/fable's rEEG/results/lodo_opennuero_nrde_harm_destd.json
