[dataset] modma  raw=/home/hasan/fable's rEEG/EEG_128channels_resting_lanzhou_2015  cache=/home/hasan/fable's rEEG/cache  fs_orig=250->125Hz  ch=128
  [train] modma      53 subjects  (24 MDD / 29 HC)  |  fs=125Hz  ch=17  win=4.0s/500smp  windows/subj: min=50 med=144 max=165
  [train] mumtaz     58 subjects  (30 MDD / 28 HC)  |  fs=125Hz  ch=17  win=4.0s/500smp  windows/subj: min=79 med=141 max=187
  [test ] opennuero  121 subjects  (46 MDD / 75 HC)  |  fs=125Hz  ch=17  win=4.0s/500smp  windows/subj: min=44 med=142 max=209
** harmonised to shared 17-channel 10-20 montage **

=== LODO modma+mumtaz -> opennuero training/evaluation — stage de (121 subjects) ===
 fold   subject true  score pred  ok  win  cumAUC  cumBACC    time
------------------------------------------------------------------------------
    1         1   HC  0.438   HC   Y  120     -       -       0.1s
    2         2   HC  0.046   HC   Y  120     -       -       0.1s
    3         3   HC  0.151   HC   Y  120     -       -       0.1s
    4         4   HC  0.519  MDD   .  120     -       -       0.1s
    5         5   HC  0.050   HC   Y  120     -       -       0.1s
    6         6   HC  0.475   HC   Y  120     -       -       0.1s
    7         7   HC  0.193   HC   Y  120     -       -       0.1s
    8         8   HC  0.490   HC   Y  120     -       -       0.1s
    9         9   HC  0.515  MDD   .  120     -       -       0.1s
   10        10   HC  0.248   HC   Y  120     -       -       0.1s
   11        11   HC  0.175   HC   Y  120     -       -       0.1s
   12        12   HC  0.073   HC   Y  120     -       -       0.2s
   13        13   HC  0.514  MDD   .  120     -       -       0.1s
   14        14   HC  0.474   HC   Y  120     -       -       0.1s
   15        15   HC  0.708  MDD   .  120     -       -       0.1s
   16        16   HC  0.475   HC   Y  120     -       -       0.1s
   17        17   HC  0.154   HC   Y  120     -       -       0.1s
   18        18   HC  0.144   HC   Y  120     -       -       0.2s
   19        19   HC  0.506  MDD   .  120     -       -       0.1s
   20        20   HC  0.281   HC   Y  120     -       -       0.1s
   21        21   HC  0.539  MDD   .  120     -       -       0.1s
   22        22   HC  0.233   HC   Y  120     -       -       0.1s
   23        23   HC  0.306   HC   Y  120     -       -       0.1s
   24        24   HC  0.170   HC   Y  120     -       -       0.1s
   25        25   HC  0.396   HC   Y  120     -       -       0.1s
   26        26   HC  0.638  MDD   .  120     -       -       0.1s
   27        27   HC  0.030   HC   Y  120     -       -       0.1s
   28        28   HC  0.786  MDD   .  120     -       -       0.1s
   29        29   HC  0.167   HC   Y  120     -       -       0.1s
   30        30   HC  0.030   HC   Y  120     -       -       0.1s
   31        31   HC  0.147   HC   Y  120     -       -       0.2s
   32        32   HC  0.489   HC   Y  120     -       -       0.2s
   33        33   HC  0.134   HC   Y  120     -       -       0.2s
   34        34   HC  0.006   HC   Y  120     -       -       0.2s
   35        35   HC  0.234   HC   Y  120     -       -       0.2s
   36        36   HC  0.202   HC   Y  120     -       -       0.2s
   37        37   HC  0.261   HC   Y  120     -       -       0.2s
   38        39   HC  0.076   HC   Y  120     -       -       0.2s
   39        40   HC  0.074   HC   Y  120     -       -       0.2s
   40        41   HC  0.080   HC   Y  120     -       -       0.2s
   41        42   HC  0.060   HC   Y  112     -       -       0.2s
   42        43   HC  0.118   HC   Y  120     -       -       0.2s
   43        44   HC  0.052   HC   Y  120     -       -       0.2s
   44        45   HC  0.071   HC   Y  120     -       -       0.2s
   45        46   HC  0.010   HC   Y  120     -       -       0.2s
   46        47   HC  0.188   HC   Y  120     -       -       0.2s
   47        48   HC  0.449   HC   Y  120     -       -       0.2s
   48        49   HC  0.633  MDD   .  120     -       -       0.2s
   49        50   HC  0.087   HC   Y  120     -       -       0.2s
   50        51   HC  0.080   HC   Y  120     -       -       0.2s
   51        52  MDD  0.018   HC   .  120  0.0400   0.4100    0.2s
   52        53  MDD  0.049   HC   .  120  0.0700   0.4100    0.2s
   53        54   HC  0.083   HC   Y  109  0.0686   0.4118    0.2s
   54        55  MDD  0.130   HC   .  120  0.1569   0.4118    0.2s
   55        56   HC  0.514  MDD   .  120  0.1538   0.4038    0.2s
   56        57   HC  0.057   HC   Y  116  0.1572   0.4057    0.2s
   57        58  MDD  0.327   HC   .  120  0.2830   0.4057    0.2s
   58        59  MDD  0.546  MDD   Y  120  0.4113   0.5057    0.2s
   59        60  MDD  0.349   HC   .   76  0.4528   0.4890    0.2s
   60        61  MDD  0.221   HC   .  120  0.4663   0.4771    0.2s
   61        62   HC  0.634  MDD   .  120  0.4577   0.4696    0.2s
   62        63  MDD  0.339   HC   .  120  0.4815   0.4606    0.2s
   63        64   HC  0.141   HC   Y  101  0.4841   0.4625    0.2s
   64        65  MDD  0.253   HC   .  120  0.4970   0.4556    0.2s
   65        66  MDD  0.180   HC   .  120  0.4964   0.4500    0.2s
   66        67   HC  0.065   HC   Y  120  0.5018   0.4518    0.2s
   67        68   HC  0.081   HC   Y  120  0.5070   0.4535    0.2s
   68        69   HC  0.688  MDD   .  120  0.4983   0.4466    0.2s
   69        70   HC  0.217   HC   Y  109  0.5000   0.4483    0.2s
   70        71   HC  0.038   HC   Y  116  0.5067   0.4500    0.2s
   71        72   HC  0.201   HC   Y  120  0.5082   0.4516    0.2s
   72        73   HC  0.596  MDD   .  120  0.5000   0.4452    0.2s
   73        74   HC  0.063   HC   Y  120  0.5048   0.4468    0.2s
   74        75   HC  0.014   HC   Y   93  0.5125   0.4484    0.2s
   75        76   HC  0.073   HC   Y   97  0.5169   0.4500    0.2s
   76        77   HC  0.061   HC   Y  111  0.5212   0.4515    0.2s
   77        78   HC  0.037   HC   Y  116  0.5269   0.4530    0.2s
   78        79   HC  0.225   HC   Y  120  0.5265   0.4544    0.2s
   79        80  MDD  0.033   HC   .  120  0.4853   0.4499    0.2s
   80        81  MDD  0.003   HC   .  120  0.4449   0.4461    0.2s
   81        82   HC  0.109   HC   Y  120  0.4481   0.4475    0.2s
   82        83   HC  0.040   HC   Y  120  0.4524   0.4488    0.2s
   83        84  MDD  0.306   HC   .  120  0.4703   0.4456    0.2s
   84        85  MDD  0.120   HC   .  120  0.4653   0.4429    0.2s
   85        86  MDD  0.099   HC   .  120  0.4590   0.4405    0.2s
   86        87   HC  0.034   HC   Y  120  0.4638   0.4418    0.2s
   87        88  MDD  0.087   HC   .  116  0.4577   0.4397    0.2s
   88        89  MDD  0.084   HC   .  117  0.4524   0.4379    0.2s
   89        90   HC  0.138   HC   Y  120  0.4526   0.4391    0.2s
   90        91  MDD  0.215   HC   .  120  0.4606   0.4375    0.2s
   91        92  MDD  0.195   HC   .  120  0.4664   0.4360    0.2s
   92        93   HC  0.303   HC   Y  120  0.4636   0.4373    0.2s
   93        94   HC  0.054   HC   Y  120  0.4680   0.4385    0.2s
   94        95   HC  0.196   HC   Y  120  0.4674   0.4396    0.2s
   95        96  MDD  0.354   HC   .  120  0.4800   0.4383    0.2s
   96        97  MDD  0.106   HC   .  120  0.4749   0.4371    0.2s
   97        98  MDD  0.209   HC   .  120  0.4806   0.4361    0.2s
   98        99  MDD  0.154   HC   .  120  0.4806   0.4351    0.2s
   99       100  MDD  0.041   HC   .  120  0.4656   0.4342    0.2s
  100       101  MDD  0.076   HC   .  113  0.4587   0.4333    0.2s
  101       102  MDD  0.137   HC   .  109  0.4569   0.4326    0.2s
  102       103  MDD  0.197   HC   .  120  0.4612   0.4319    0.2s
  103       104  MDD  0.135   HC   .  120  0.4595   0.4312    0.2s
  104       105  MDD  0.007   HC   .  120  0.4441   0.4306    0.2s
  105       106  MDD  0.457   HC   .  113  0.4547   0.4300    0.2s
  106       107  MDD  0.056   HC   .   44  0.4456   0.4295    0.1s
  107       108  MDD  0.765  MDD   Y  120  0.4625   0.4446    0.2s
  108       109  MDD  0.189   HC   .  111  0.4651   0.4436    0.2s
  109       110  MDD  0.412   HC   .  120  0.4729   0.4427    0.2s
  110       111  MDD  0.130   HC   .  111  0.4709   0.4419    0.2s
  111       112  MDD  0.052   HC   .  120  0.4619   0.4411    0.2s
  112       113  MDD  0.029   HC   .  120  0.4505   0.4404    0.2s
  113       114  MDD  0.051   HC   .  120  0.4425   0.4396    0.2s
  114       115  MDD  0.130   HC   .  120  0.4414   0.4390    0.2s
  115       116  MDD  0.052   HC   .  101  0.4343   0.4383    0.2s
  116       117  MDD  0.085   HC   .  107  0.4325   0.4377    0.2s
  117       118  MDD  0.170   HC   .  120  0.4346   0.4371    0.2s
  118       119  MDD  0.194   HC   .  109  0.4375   0.4366    0.2s
  119       120  MDD  0.307   HC   .  100  0.4439   0.4361    0.2s
  120       121  MDD  0.197   HC   .  120  0.4468   0.4356    0.2s
  121       122  MDD  0.034   HC   .  115  0.4386   0.4351    0.2s
------------------------------------------------------------------------------

FINAL  stage de  [LODO modma+mumtaz -> opennuero]  |  121 subjects (46 MDD / 75 HC)
  Subject-level ROC-AUC : 0.4386   (primary)
  Balanced accuracy     : 0.4351  @thr=0.50   |  0.5387  @thr=0.084 (Youden)
  Macro-F1              : 0.3753  @thr=0.50   |  0.4946  @thr=0.084
  Confusion matrix @0.50 (rows=true HC/MDD, cols=pred HC/MDD):
        pred_HC  pred_MDD
  HC        62        13
  MDD       44         2

Total wall time: 19.8s
Saved per-fold results -> /home/hasan/fable's rEEG/results/lodo_opennuero_de_harm.json
