[dataset] modma  raw=/home/hasan/fable's rEEG/EEG_128channels_resting_lanzhou_2015  cache=/home/hasan/fable's rEEG/cache  fs_orig=250->125Hz  ch=128
  [train] modma      53 subjects  (24 MDD / 29 HC)  |  fs=125Hz  ch=17  win=4.0s/500smp  windows/subj: min=50 med=144 max=165
  [train] mumtaz     58 subjects  (30 MDD / 28 HC)  |  fs=125Hz  ch=17  win=4.0s/500smp  windows/subj: min=79 med=141 max=187
  [test ] opennuero  121 subjects  (46 MDD / 75 HC)  |  fs=125Hz  ch=17  win=4.0s/500smp  windows/subj: min=44 med=142 max=209
** harmonised to shared 17-channel 10-20 montage **

=== LODO modma+mumtaz -> opennuero training/evaluation — stage defu (121 subjects) ===
 fold   subject true  score pred  ok  win  cumAUC  cumBACC    time
------------------------------------------------------------------------------
      [defu sid=1 y=0] nr=0.768  de=0.438  fused=0.603
    1         1   HC  0.603  MDD   .  120     -       -       0.3s
      [defu sid=2 y=0] nr=0.678  de=0.046  fused=0.362
    2         2   HC  0.362   HC   Y  120     -       -       0.2s
      [defu sid=3 y=0] nr=0.758  de=0.151  fused=0.455
    3         3   HC  0.455   HC   Y  120     -       -       0.2s
      [defu sid=4 y=0] nr=0.612  de=0.519  fused=0.565
    4         4   HC  0.565  MDD   .  120     -       -       0.2s
      [defu sid=5 y=0] nr=0.105  de=0.050  fused=0.078
    5         5   HC  0.078   HC   Y  120     -       -       0.2s
      [defu sid=6 y=0] nr=0.153  de=0.475  fused=0.314
    6         6   HC  0.314   HC   Y   96     -       -       0.2s
      [defu sid=7 y=0] nr=0.346  de=0.193  fused=0.269
    7         7   HC  0.269   HC   Y  120     -       -       0.2s
      [defu sid=8 y=0] nr=0.437  de=0.490  fused=0.463
    8         8   HC  0.463   HC   Y  120     -       -       0.2s
      [defu sid=9 y=0] nr=0.548  de=0.515  fused=0.532
    9         9   HC  0.532  MDD   .  120     -       -       0.2s
      [defu sid=10 y=0] nr=0.564  de=0.248  fused=0.406
   10        10   HC  0.406   HC   Y  120     -       -       0.2s
      [defu sid=11 y=0] nr=0.500  de=0.175  fused=0.337
   11        11   HC  0.337   HC   Y  101     -       -       0.2s
      [defu sid=12 y=0] nr=0.907  de=0.073  fused=0.490
   12        12   HC  0.490   HC   Y  120     -       -       0.3s
      [defu sid=13 y=0] nr=0.078  de=0.514  fused=0.296
   13        13   HC  0.296   HC   Y  120     -       -       0.2s
      [defu sid=14 y=0] nr=0.366  de=0.474  fused=0.420
   14        14   HC  0.420   HC   Y  120     -       -       0.2s
      [defu sid=15 y=0] nr=0.343  de=0.708  fused=0.525
   15        15   HC  0.525  MDD   .  120     -       -       0.2s
      [defu sid=16 y=0] nr=0.954  de=0.475  fused=0.715
   16        16   HC  0.715  MDD   .  118     -       -       0.2s
      [defu sid=17 y=0] nr=0.218  de=0.154  fused=0.186
   17        17   HC  0.186   HC   Y  115     -       -       0.2s
      [defu sid=18 y=0] nr=0.221  de=0.144  fused=0.182
   18        18   HC  0.182   HC   Y  120     -       -       0.3s
      [defu sid=19 y=0] nr=0.272  de=0.506  fused=0.389
   19        19   HC  0.389   HC   Y  120     -       -       0.2s
      [defu sid=20 y=0] nr=0.562  de=0.281  fused=0.421
   20        20   HC  0.421   HC   Y  120     -       -       0.2s
      [defu sid=21 y=0] nr=0.895  de=0.539  fused=0.717
   21        21   HC  0.717  MDD   .  117     -       -       0.2s
      [defu sid=22 y=0] nr=0.495  de=0.233  fused=0.364
   22        22   HC  0.364   HC   Y  120     -       -       0.2s
      [defu sid=23 y=0] nr=0.678  de=0.306  fused=0.492
   23        23   HC  0.492   HC   Y  117     -       -       0.2s
      [defu sid=24 y=0] nr=0.954  de=0.170  fused=0.562
   24        24   HC  0.562  MDD   .  120     -       -       0.2s
      [defu sid=25 y=0] nr=0.785  de=0.396  fused=0.590
   25        25   HC  0.590  MDD   .  120     -       -       0.2s
      [defu sid=26 y=0] nr=0.195  de=0.638  fused=0.417
   26        26   HC  0.417   HC   Y  120     -       -       0.2s
      [defu sid=27 y=0] nr=0.609  de=0.030  fused=0.320
   27        27   HC  0.320   HC   Y  120     -       -       0.2s
      [defu sid=28 y=0] nr=0.464  de=0.786  fused=0.625
   28        28   HC  0.625  MDD   .  120     -       -       0.2s
      [defu sid=29 y=0] nr=0.267  de=0.167  fused=0.217
   29        29   HC  0.217   HC   Y  120     -       -       0.2s
      [defu sid=30 y=0] nr=0.379  de=0.030  fused=0.205
   30        30   HC  0.205   HC   Y  120     -       -       0.2s
      [defu sid=31 y=0] nr=0.955  de=0.147  fused=0.551
   31        31   HC  0.551  MDD   .  120     -       -       0.3s
      [defu sid=32 y=0] nr=0.875  de=0.489  fused=0.682
   32        32   HC  0.682  MDD   .  120     -       -       0.3s
      [defu sid=33 y=0] nr=0.279  de=0.134  fused=0.207
   33        33   HC  0.207   HC   Y  120     -       -       0.3s
      [defu sid=34 y=0] nr=0.522  de=0.006  fused=0.264
   34        34   HC  0.264   HC   Y  120     -       -       0.3s
      [defu sid=35 y=0] nr=0.301  de=0.234  fused=0.268
   35        35   HC  0.268   HC   Y  120     -       -       0.3s
      [defu sid=36 y=0] nr=0.306  de=0.202  fused=0.254
   36        36   HC  0.254   HC   Y  120     -       -       0.3s
      [defu sid=37 y=0] nr=0.052  de=0.261  fused=0.156
   37        37   HC  0.156   HC   Y  120     -       -       0.3s
      [defu sid=39 y=0] nr=0.747  de=0.076  fused=0.412
   38        39   HC  0.412   HC   Y  120     -       -       0.3s
      [defu sid=40 y=0] nr=0.482  de=0.074  fused=0.278
   39        40   HC  0.278   HC   Y  120     -       -       0.3s
      [defu sid=41 y=0] nr=0.461  de=0.080  fused=0.270
   40        41   HC  0.270   HC   Y  120     -       -       0.3s
      [defu sid=42 y=0] nr=0.531  de=0.060  fused=0.296
   41        42   HC  0.296   HC   Y  112     -       -       0.3s
      [defu sid=43 y=0] nr=0.077  de=0.118  fused=0.097
   42        43   HC  0.097   HC   Y  120     -       -       0.3s
      [defu sid=44 y=0] nr=0.503  de=0.052  fused=0.278
   43        44   HC  0.278   HC   Y  120     -       -       0.3s
      [defu sid=45 y=0] nr=0.340  de=0.071  fused=0.206
   44        45   HC  0.206   HC   Y  120     -       -       0.3s
      [defu sid=46 y=0] nr=0.401  de=0.010  fused=0.205
   45        46   HC  0.205   HC   Y  120     -       -       0.3s
      [defu sid=47 y=0] nr=0.680  de=0.188  fused=0.434
   46        47   HC  0.434   HC   Y  120     -       -       0.3s
      [defu sid=48 y=0] nr=0.370  de=0.449  fused=0.409
   47        48   HC  0.409   HC   Y  120     -       -       0.3s
      [defu sid=49 y=0] nr=0.324  de=0.633  fused=0.478
   48        49   HC  0.478   HC   Y  120     -       -       0.3s
      [defu sid=50 y=0] nr=0.957  de=0.087  fused=0.522
   49        50   HC  0.522  MDD   .  120     -       -       0.3s
      [defu sid=51 y=0] nr=0.896  de=0.080  fused=0.488
   50        51   HC  0.488   HC   Y  120     -       -       0.3s
      [defu sid=52 y=1] nr=0.989  de=0.018  fused=0.503
   51        52  MDD  0.503  MDD   Y  120  0.7600   0.8800    0.3s
      [defu sid=53 y=1] nr=0.572  de=0.049  fused=0.310
   52        53  MDD  0.310   HC   .  120  0.5700   0.6300    0.3s
      [defu sid=54 y=0] nr=0.011  de=0.083  fused=0.047
   53        54   HC  0.047   HC   Y  109  0.5784   0.6324    0.3s
      [defu sid=55 y=1] nr=0.846  de=0.130  fused=0.488
   54        55  MDD  0.488   HC   .  120  0.6209   0.5490    0.3s
      [defu sid=56 y=0] nr=0.650  de=0.514  fused=0.582
   55        56   HC  0.582  MDD   .  120  0.6090   0.5417    0.3s
      [defu sid=57 y=0] nr=0.479  de=0.057  fused=0.268
   56        57   HC  0.268   HC   Y  116  0.6164   0.5440    0.3s
      [defu sid=58 y=1] nr=0.840  de=0.327  fused=0.583
   57        58  MDD  0.583  MDD   Y  120  0.6840   0.6274    0.3s
      [defu sid=59 y=1] nr=0.333  de=0.546  fused=0.439
   58        59  MDD  0.439   HC   .  120  0.6755   0.5774    0.3s
      [defu sid=60 y=1] nr=0.366  de=0.349  fused=0.358
   59        60  MDD  0.358   HC   .   76  0.6384   0.5440    0.3s
      [defu sid=61 y=1] nr=0.825  de=0.221  fused=0.523
   60        61  MDD  0.523  MDD   Y  120  0.6577   0.5916    0.3s
      [defu sid=62 y=0] nr=0.842  de=0.634  fused=0.738
   61        62   HC  0.738  MDD   .  120  0.6455   0.5847    0.3s
      [defu sid=63 y=1] nr=0.486  de=0.339  fused=0.413
   62        63  MDD  0.413   HC   .  120  0.6343   0.5579    0.3s
      [defu sid=64 y=0] nr=0.930  de=0.141  fused=0.535
   63        64   HC  0.535  MDD   .  101  0.6250   0.5511    0.3s
      [defu sid=65 y=1] nr=0.188  de=0.253  fused=0.221
   64        65  MDD  0.221   HC   .  120  0.5778   0.5303    0.3s
      [defu sid=66 y=1] nr=0.428  de=0.180  fused=0.304
   65        66  MDD  0.304   HC   .  120  0.5582   0.5136    0.3s
      [defu sid=67 y=0] nr=0.899  de=0.065  fused=0.482
   66        67   HC  0.482   HC   Y  120  0.5554   0.5161    0.3s
      [defu sid=68 y=0] nr=0.941  de=0.081  fused=0.511
   67        68   HC  0.511  MDD   .  120  0.5491   0.5096    0.3s
      [defu sid=69 y=0] nr=0.390  de=0.688  fused=0.539
   68        69   HC  0.539  MDD   .  120  0.5414   0.5034    0.3s
      [defu sid=70 y=0] nr=0.023  de=0.217  fused=0.120
   69        70   HC  0.120   HC   Y  109  0.5492   0.5059    0.3s
      [defu sid=71 y=0] nr=0.395  de=0.038  fused=0.216
   70        71   HC  0.216   HC   Y  116  0.5567   0.5083    0.3s
      [defu sid=72 y=0] nr=0.400  de=0.201  fused=0.300
   71        72   HC  0.300   HC   Y  120  0.5623   0.5107    0.3s
      [defu sid=73 y=0] nr=0.235  de=0.596  fused=0.415
   72        73   HC  0.415   HC   Y  120  0.5613   0.5129    0.3s
      [defu sid=74 y=0] nr=0.885  de=0.063  fused=0.474
   73        74   HC  0.474   HC   Y  120  0.5587   0.5151    0.3s
      [defu sid=75 y=0] nr=0.897  de=0.014  fused=0.455
   74        75   HC  0.455   HC   Y   93  0.5563   0.5172    0.3s
      [defu sid=76 y=0] nr=0.709  de=0.073  fused=0.391
   75        76   HC  0.391   HC   Y   97  0.5569   0.5192    0.3s
      [defu sid=77 y=0] nr=0.893  de=0.061  fused=0.477
   76        77   HC  0.477   HC   Y  111  0.5545   0.5212    0.3s
      [defu sid=78 y=0] nr=0.608  de=0.037  fused=0.322
   77        78   HC  0.322   HC   Y  116  0.5567   0.5231    0.3s
      [defu sid=79 y=0] nr=0.577  de=0.225  fused=0.401
   78        79   HC  0.401   HC   Y  120  0.5574   0.5250    0.3s
      [defu sid=80 y=1] nr=0.447  de=0.033  fused=0.240
   79        80  MDD  0.240   HC   .  120  0.5241   0.5114    0.3s
      [defu sid=81 y=1] nr=0.587  de=0.003  fused=0.295
   80        81  MDD  0.295   HC   .  120  0.5061   0.5000    0.3s
      [defu sid=82 y=0] nr=0.205  de=0.109  fused=0.157
   81        82   HC  0.157   HC   Y  120  0.5133   0.5018    0.3s
      [defu sid=83 y=0] nr=0.427  de=0.040  fused=0.233
   82        83   HC  0.233   HC   Y  120  0.5190   0.5036    0.3s
      [defu sid=84 y=1] nr=0.373  de=0.306  fused=0.339
   83        84  MDD  0.339   HC   .  120  0.5121   0.4940    0.3s
      [defu sid=85 y=1] nr=0.326  de=0.120  fused=0.223
   84        85  MDD  0.223   HC   .  120  0.4898   0.4857    0.3s
      [defu sid=86 y=1] nr=0.136  de=0.099  fused=0.118
   85        86  MDD  0.118   HC   .  120  0.4600   0.4786    0.3s
      [defu sid=87 y=0] nr=0.356  de=0.034  fused=0.195
   86        87   HC  0.195   HC   Y  120  0.4667   0.4803    0.3s
      [defu sid=88 y=1] nr=0.200  de=0.087  fused=0.143
   87        88  MDD  0.143   HC   .  116  0.4410   0.4740    0.3s
      [defu sid=89 y=1] nr=0.150  de=0.084  fused=0.117
   88        89  MDD  0.117   HC   .  117  0.4176   0.4685    0.3s
      [defu sid=90 y=0] nr=0.612  de=0.138  fused=0.375
   89        90   HC  0.375   HC   Y  120  0.4167   0.4702    0.3s
      [defu sid=91 y=1] nr=0.682  de=0.215  fused=0.449
   90        91  MDD  0.449   HC   .  120  0.4282   0.4653    0.3s
      [defu sid=92 y=1] nr=0.672  de=0.195  fused=0.433
   91        92  MDD  0.433   HC   .  120  0.4379   0.4609    0.3s
      [defu sid=93 y=0] nr=0.066  de=0.303  fused=0.185
   92        93   HC  0.185   HC   Y  120  0.4434   0.4625    0.3s
      [defu sid=94 y=0] nr=0.205  de=0.054  fused=0.130
   93        94   HC  0.130   HC   Y  120  0.4495   0.4641    0.3s
      [defu sid=95 y=0] nr=0.616  de=0.196  fused=0.406
   94        95   HC  0.406   HC   Y  120  0.4491   0.4656    0.3s
      [defu sid=96 y=1] nr=0.484  de=0.354  fused=0.419
   95        96  MDD  0.419   HC   .  120  0.4567   0.4617    0.3s
      [defu sid=97 y=1] nr=0.490  de=0.106  fused=0.298
   96        97  MDD  0.298   HC   .  120  0.4527   0.4581    0.3s
      [defu sid=98 y=1] nr=0.738  de=0.209  fused=0.474
   97        98  MDD  0.474   HC   .  120  0.4630   0.4548    0.3s
      [defu sid=99 y=1] nr=0.678  de=0.154  fused=0.416
   98        99  MDD  0.416   HC   .  120  0.4684   0.4519    0.3s
      [defu sid=100 y=1] nr=0.645  de=0.041  fused=0.343
   99       100  MDD  0.343   HC   .  120  0.4672   0.4492    0.3s
      [defu sid=101 y=1] nr=0.410  de=0.076  fused=0.243
  100       101  MDD  0.243   HC   .  113  0.4581   0.4467    0.3s
      [defu sid=102 y=1] nr=0.490  de=0.137  fused=0.314
  101       102  MDD  0.314   HC   .  109  0.4554   0.4444    0.3s
      [defu sid=103 y=1] nr=0.273  de=0.197  fused=0.235
  102       103  MDD  0.235   HC   .  120  0.4474   0.4422    0.3s
      [defu sid=104 y=1] nr=0.146  de=0.135  fused=0.141
  103       104  MDD  0.141   HC   .  120  0.4338   0.4402    0.3s
      [defu sid=105 y=1] nr=0.249  de=0.007  fused=0.128
  104       105  MDD  0.128   HC   .  120  0.4207   0.4384    0.3s
      [defu sid=106 y=1] nr=0.576  de=0.457  fused=0.516
  105       106  MDD  0.516  MDD   Y  113  0.4329   0.4533    0.3s
      [defu sid=107 y=1] nr=0.309  de=0.056  fused=0.183
  106       107  MDD  0.183   HC   .   44  0.4224   0.4512    0.2s
      [defu sid=108 y=1] nr=0.375  de=0.765  fused=0.570
  107       108  MDD  0.570  MDD   Y  120  0.4371   0.4648    0.3s
      [defu sid=109 y=1] nr=0.602  de=0.189  fused=0.396
  108       109  MDD  0.396   HC   .  111  0.4392   0.4624    0.3s
      [defu sid=110 y=1] nr=0.967  de=0.412  fused=0.689
  109       110  MDD  0.689  MDD   Y  120  0.4545   0.4749    0.3s
      [defu sid=111 y=1] nr=0.845  de=0.130  fused=0.488
  110       111  MDD  0.488   HC   .  111  0.4625   0.4724    0.3s
      [defu sid=112 y=1] nr=0.582  de=0.052  fused=0.317
  111       112  MDD  0.317   HC   .  120  0.4607   0.4700    0.3s
      [defu sid=113 y=1] nr=0.752  de=0.029  fused=0.390
  112       113  MDD  0.390   HC   .  120  0.4616   0.4677    0.3s
      [defu sid=114 y=1] nr=0.900  de=0.051  fused=0.476
  113       114  MDD  0.476   HC   .  120  0.4677   0.4656    0.3s
      [defu sid=115 y=1] nr=0.965  de=0.130  fused=0.547
  114       115  MDD  0.547  MDD   Y  120  0.4776   0.4764    0.3s
      [defu sid=116 y=1] nr=0.895  de=0.052  fused=0.473
  115       116  MDD  0.473   HC   .  101  0.4827   0.4742    0.3s
      [defu sid=117 y=1] nr=0.125  de=0.085  fused=0.105
  116       117  MDD  0.105   HC   .  107  0.4719   0.4720    0.3s
      [defu sid=118 y=1] nr=0.432  de=0.170  fused=0.301
  117       118  MDD  0.301   HC   .  120  0.4698   0.4700    0.3s
      [defu sid=119 y=1] nr=0.339  de=0.194  fused=0.266
  118       119  MDD  0.266   HC   .  109  0.4651   0.4681    0.3s
      [defu sid=120 y=1] nr=0.425  de=0.307  fused=0.366
  119       120  MDD  0.366   HC   .  100  0.4652   0.4662    0.3s
      [defu sid=121 y=1] nr=0.255  de=0.197  fused=0.226
  120       121  MDD  0.226   HC   .  120  0.4599   0.4644    0.3s
      [defu sid=122 y=1] nr=0.265  de=0.034  fused=0.150
  121       122  MDD  0.150   HC   .  115  0.4513   0.4628    0.3s
------------------------------------------------------------------------------

FINAL  stage defu  [LODO modma+mumtaz -> opennuero]  |  121 subjects (46 MDD / 75 HC)
  Subject-level ROC-AUC : 0.4513   (primary)
  Balanced accuracy     : 0.4628  @thr=0.50   |  0.5264  @thr=0.221 (Youden)
  Macro-F1              : 0.4372  @thr=0.50   |  0.4376  @thr=0.221
  Confusion matrix @0.50 (rows=true HC/MDD, cols=pred HC/MDD):
        pred_HC  pred_MDD
  HC        58        17
  MDD       39         7

Total wall time: 35.8s
Saved per-fold results -> /home/hasan/fable's rEEG/results/lodo_opennuero_defu_harm.json
