[dataset] modma  raw=/home/hasan/fable's rEEG/EEG_128channels_resting_lanzhou_2015  cache=/home/hasan/fable's rEEG/cache  fs_orig=250->125Hz  ch=128
  [train] modma      53 subjects  (24 MDD / 29 HC)  |  fs=125Hz  ch=17  win=4.0s/500smp  windows/subj: min=50 med=144 max=165
  [train] opennuero  121 subjects  (46 MDD / 75 HC)  |  fs=125Hz  ch=17  win=4.0s/500smp  windows/subj: min=44 med=142 max=209
  [test ] mumtaz     58 subjects  (30 MDD / 28 HC)  |  fs=125Hz  ch=17  win=4.0s/500smp  windows/subj: min=79 med=141 max=187
** harmonised to shared 17-channel 10-20 montage **

=== LODO modma+opennuero -> mumtaz training/evaluation — stage spddann (58 subjects) ===
 fold   subject true  score pred  ok  win  cumAUC  cumBACC    time
------------------------------------------------------------------------------
/home/hasan/fable's rEEG/triad/spddann.py:292: UserWarning: Converting a tensor with requires_grad=True to a scalar may lead to unexpected behavior.
Consider using tensor.detach() first. (Triggered internally at /pytorch/torch/csrc/autograd/generated/python_variable_methods.cpp:838.)
  tot += float(L_C) * len(bs)
      epoch  10/80  L_C=0.0777 lambd=0.55
      epoch  20/80  L_C=0.1390 lambd=0.85
      epoch  30/80  L_C=0.1369 lambd=0.95
      epoch  40/80  L_C=0.0473 lambd=0.99
      epoch  50/80  L_C=0.0564 lambd=1.00
      epoch  60/80  L_C=0.0549 lambd=1.00
      epoch  70/80  L_C=0.0431 lambd=1.00
      epoch  80/80  L_C=0.2022 lambd=1.00
    1         1   HC  0.516  MDD   .  100     -       -       6.7s
    2         2   HC  0.053   HC   Y  100     -       -       6.7s
    3         3   HC  0.054   HC   Y  100     -       -       6.7s
    4         4   HC  0.000   HC   Y  100     -       -       6.7s
    5         5   HC  0.002   HC   Y  100     -       -       6.7s
    6         6   HC  0.230   HC   Y  100     -       -       6.7s
    7         7   HC  0.133   HC   Y  100     -       -       6.7s
    8         8   HC  0.079   HC   Y  100     -       -       6.7s
    9         9   HC  0.011   HC   Y  100     -       -       6.7s
   10        10   HC  0.080   HC   Y  100     -       -       6.7s
   11        11   HC  0.166   HC   Y  100     -       -       6.7s
   12        13   HC  0.015   HC   Y  100     -       -       6.7s
   13        14   HC  0.000   HC   Y  100     -       -       6.7s
   14        15   HC  0.002   HC   Y  100     -       -       6.7s
   15        16   HC  0.818  MDD   .  100     -       -       6.7s
   16        17   HC  0.020   HC   Y  100     -       -       6.7s
   17        19   HC  0.333   HC   Y  100     -       -       6.7s
   18        20   HC  0.002   HC   Y  100     -       -       6.7s
   19        21   HC  0.014   HC   Y  100     -       -       6.7s
   20        22   HC  0.088   HC   Y  100     -       -       6.7s
   21        23   HC  0.003   HC   Y  100     -       -       6.7s
   22        24   HC  0.037   HC   Y  100     -       -       6.7s
   23        25   HC  0.125   HC   Y  100     -       -       6.7s
   24        26   HC  0.415   HC   Y  100     -       -       6.7s
   25        27   HC  0.150   HC   Y  100     -       -       6.7s
   26        28   HC  0.333   HC   Y  100     -       -       6.7s
   27        29   HC  0.068   HC   Y  100     -       -       6.7s
   28        30   HC  0.150   HC   Y  100     -       -       6.7s
   29      1001  MDD  0.791  MDD   Y   79  0.9643   0.9643    6.7s
   30      1002  MDD  0.233   HC   .  100  0.8929   0.7143    6.7s
   31      1003  MDD  0.856  MDD   Y   84  0.9286   0.7976    6.7s
   32      1005  MDD  0.590  MDD   Y  100  0.9375   0.8393    6.7s
   33      1006  MDD  0.977  MDD   Y  100  0.9500   0.8643    6.7s
   34      1007  MDD  0.924  MDD   Y  100  0.9583   0.8810    6.7s
   35      1009  MDD  0.987  MDD   Y  100  0.9643   0.8929    6.7s
   36      1010  MDD  0.583  MDD   Y  100  0.9643   0.9018    6.7s
   37      1011  MDD  0.298   HC   .  100  0.9484   0.8532    6.7s
   38      1013  MDD  0.861  MDD   Y  100  0.9536   0.8643    6.7s
   39      1014  MDD  0.993  MDD   Y  100  0.9578   0.8734    6.7s
   40      1015  MDD  0.436   HC   .  100  0.9554   0.8393    6.7s
   41      1017  MDD  0.292   HC   .  100  0.9451   0.8104    6.7s
   42      1018  MDD  0.946  MDD   Y  100  0.9490   0.8214    6.7s
   43      1019  MDD  0.958  MDD   Y  100  0.9524   0.8310    6.7s
   44      1020  MDD  0.186   HC   .  100  0.9420   0.8080    6.7s
   45      1021  MDD  0.806  MDD   Y  100  0.9433   0.8172    6.7s
   46      1022  MDD  0.537  MDD   Y  100  0.9444   0.8254    6.7s
   47      1023  MDD  0.997  MDD   Y  100  0.9474   0.8327    6.7s
   48      1024  MDD  1.000  MDD   Y  100  0.9500   0.8393    6.7s
   49      1025  MDD  0.476   HC   .  100  0.9490   0.8214    6.7s
   50      1026  MDD  0.915  MDD   Y  100  0.9513   0.8279    6.7s
   51      1027  MDD  0.006   HC   .  100  0.9193   0.8121    6.7s
   52      1028  MDD  0.085   HC   .  100  0.9048   0.7976    6.7s
   53      1029  MDD  0.954  MDD   Y  100  0.9086   0.8043    6.7s
   54      1030  MDD  0.135   HC   .  100  0.8997   0.7912    6.7s
   55      1031  MDD  0.880  MDD   Y  100  0.9034   0.7976    6.7s
   56      1032  MDD  0.999  MDD   Y  100  0.9069   0.8036    6.7s
   57      1033  MDD  0.835  MDD   Y  100  0.9101   0.8091    6.7s
   58      1034  MDD  0.835  MDD   Y  100  0.9131   0.8143    6.7s
------------------------------------------------------------------------------

FINAL  stage spddann  [LODO modma+opennuero -> mumtaz]  |  58 subjects (30 MDD / 28 HC)
  Subject-level ROC-AUC : 0.9131   (primary)
  Balanced accuracy     : 0.8143  @thr=0.50   |  0.8476  @thr=0.436 (Youden)
  Macro-F1              : 0.8089  @thr=0.50   |  0.8444  @thr=0.436
  Confusion matrix @0.50 (rows=true HC/MDD, cols=pred HC/MDD):
        pred_HC  pred_MDD
  HC        26         2
  MDD        9        21

Total wall time: 389.5s
Saved per-fold results -> /home/hasan/fable's rEEG/results/lodo_mumtaz_spddann_harm.json
