[dataset] modma  raw=/home/hasan/fable's rEEG/EEG_128channels_resting_lanzhou_2015  cache=/home/hasan/fable's rEEG/cache  fs_orig=250->125Hz  ch=128
  [train] modma      53 subjects  (24 MDD / 29 HC)  |  fs=125Hz  ch=17  win=4.0s/500smp  windows/subj: min=50 med=144 max=165
  [train] mumtaz     58 subjects  (30 MDD / 28 HC)  |  fs=125Hz  ch=17  win=4.0s/500smp  windows/subj: min=79 med=141 max=187
  [test ] opennuero  121 subjects  (46 MDD / 75 HC)  |  fs=125Hz  ch=17  win=4.0s/500smp  windows/subj: min=44 med=142 max=209
** harmonised to shared 17-channel 10-20 montage **

=== LODO modma+mumtaz -> opennuero training/evaluation — stage nrde (121 subjects) ===
 fold   subject true  score pred  ok  win  cumAUC  cumBACC    time
------------------------------------------------------------------------------
    1         1   HC  0.573  MDD   .  120     -       -       0.3s
    2         2   HC  0.256   HC   Y  120     -       -       0.3s
    3         3   HC  0.169   HC   Y  120     -       -       0.3s
    4         4   HC  0.036   HC   Y  120     -       -       0.3s
    5         5   HC  0.029   HC   Y  120     -       -       0.3s
    6         6   HC  0.169   HC   Y   96     -       -       0.3s
    7         7   HC  0.108   HC   Y  120     -       -       0.3s
    8         8   HC  0.364   HC   Y  120     -       -       0.3s
    9         9   HC  0.794  MDD   .  120     -       -       0.3s
   10        10   HC  0.079   HC   Y  120     -       -       0.3s
   11        11   HC  0.440   HC   Y  101     -       -       0.3s
   12        12   HC  0.936  MDD   .  120     -       -       0.3s
   13        13   HC  0.010   HC   Y  120     -       -       0.3s
   14        14   HC  0.027   HC   Y  120     -       -       0.3s
   15        15   HC  0.421   HC   Y  120     -       -       0.3s
   16        16   HC  0.996  MDD   .  118     -       -       0.3s
   17        17   HC  0.076   HC   Y  115     -       -       0.3s
   18        18   HC  0.144   HC   Y  120     -       -       0.3s
   19        19   HC  0.032   HC   Y  120     -       -       0.3s
   20        20   HC  0.410   HC   Y  120     -       -       0.3s
   21        21   HC  0.717  MDD   .  117     -       -       0.3s
   22        22   HC  0.291   HC   Y  120     -       -       0.3s
   23        23   HC  0.136   HC   Y  117     -       -       0.3s
   24        24   HC  0.742  MDD   .  120     -       -       0.3s
   25        25   HC  0.313   HC   Y  120     -       -       0.3s
   26        26   HC  0.462   HC   Y  120     -       -       0.3s
   27        27   HC  0.715  MDD   .  120     -       -       0.3s
   28        28   HC  0.189   HC   Y  120     -       -       0.3s
   29        29   HC  0.288   HC   Y  120     -       -       0.3s
   30        30   HC  0.021   HC   Y  120     -       -       0.3s
   31        31   HC  0.566  MDD   .  120     -       -       0.3s
   32        32   HC  0.951  MDD   .  120     -       -       0.3s
   33        33   HC  0.284   HC   Y  120     -       -       0.3s
   34        34   HC  0.066   HC   Y  120     -       -       0.3s
   35        35   HC  0.169   HC   Y  120     -       -       0.3s
   36        36   HC  0.471   HC   Y  120     -       -       0.3s
   37        37   HC  0.321   HC   Y  120     -       -       0.3s
   38        39   HC  0.437   HC   Y  120     -       -       0.3s
   39        40   HC  0.324   HC   Y  120     -       -       0.3s
   40        41   HC  0.028   HC   Y  120     -       -       0.3s
   41        42   HC  0.165   HC   Y  112     -       -       0.3s
   42        43   HC  0.467   HC   Y  120     -       -       0.3s
   43        44   HC  0.454   HC   Y  120     -       -       0.3s
   44        45   HC  0.013   HC   Y  120     -       -       0.3s
   45        46   HC  0.041   HC   Y  120     -       -       0.3s
   46        47   HC  0.255   HC   Y  120     -       -       0.3s
   47        48   HC  0.115   HC   Y  120     -       -       0.3s
   48        49   HC  0.693  MDD   .  120     -       -       0.3s
   49        50   HC  0.831  MDD   .  120     -       -       0.3s
   50        51   HC  0.574  MDD   .  120     -       -       0.3s
   51        52  MDD  0.995  MDD   Y  120  0.9800   0.8800    0.3s
   52        53  MDD  0.532  MDD   Y  120  0.8700   0.8800    0.3s
   53        54   HC  0.021   HC   Y  109  0.8725   0.8824    0.3s
   54        55  MDD  0.944  MDD   Y  120  0.9020   0.8824    0.3s
   55        56   HC  0.725  MDD   .  120  0.8974   0.8750    0.3s
   56        57   HC  0.460   HC   Y  116  0.8994   0.8774    0.3s
   57        58  MDD  0.860  MDD   Y  120  0.9104   0.8774    0.3s
   58        59  MDD  0.420   HC   .  120  0.8491   0.7774    0.3s
   59        60  MDD  0.487   HC   .   76  0.8333   0.7107    0.2s
   60        61  MDD  0.963  MDD   Y  120  0.8544   0.7345    0.3s
   61        62   HC  0.705  MDD   .  120  0.8492   0.7275    0.3s
   62        63  MDD  0.586  MDD   Y  120  0.8426   0.7454    0.3s
   63        64   HC  0.559  MDD   .  101  0.8386   0.7386    0.3s
   64        65  MDD  0.026   HC   .  120  0.7535   0.6970    0.3s
   65        66  MDD  0.106   HC   .  120  0.7018   0.6636    0.3s
   66        67   HC  0.231   HC   Y  120  0.7036   0.6661    0.3s
   67        68   HC  0.198   HC   Y  120  0.7053   0.6684    0.3s
   68        69   HC  0.900  MDD   .  120  0.6983   0.6621    0.3s
   69        70   HC  0.019   HC   Y  109  0.7034   0.6644    0.3s
   70        71   HC  0.315   HC   Y  116  0.7050   0.6667    0.3s
   71        72   HC  0.095   HC   Y  120  0.7082   0.6689    0.3s
   72        73   HC  0.665  MDD   .  120  0.7032   0.6629    0.3s
   73        74   HC  0.742  MDD   .  120  0.6984   0.6571    0.3s
   74        75   HC  0.310   HC   Y   93  0.7000   0.6594    0.3s
   75        76   HC  0.731  MDD   .   97  0.6954   0.6538    0.3s
   76        77   HC  0.695  MDD   .  111  0.6909   0.6485    0.3s
   77        78   HC  0.629  MDD   .  116  0.6866   0.6433    0.3s
   78        79   HC  0.521  MDD   .  120  0.6853   0.6382    0.3s
   79        80  MDD  0.510  MDD   Y  120  0.6845   0.6564    0.3s
   80        81  MDD  0.007   HC   .  120  0.6275   0.6299    0.3s
   81        82   HC  0.298   HC   Y  120  0.6292   0.6322    0.3s
   82        83   HC  0.155   HC   Y  120  0.6310   0.6345    0.3s
   83        84  MDD  0.695  MDD   Y  120  0.6440   0.6505    0.3s
   84        85  MDD  0.030   HC   .  120  0.6061   0.6286    0.3s
   85        86  MDD  0.185   HC   .  120  0.5886   0.6095    0.3s
   86        87   HC  0.113   HC   Y  120  0.5906   0.6117    0.3s
   87        88  MDD  0.023   HC   .  116  0.5581   0.5951    0.3s
   88        89  MDD  0.295   HC   .  117  0.5526   0.5804    0.3s
   89        90   HC  0.235   HC   Y  120  0.5539   0.5825    0.3s
   90        91  MDD  0.314   HC   .  120  0.5517   0.5694    0.3s
   91        92  MDD  0.434   HC   .  120  0.5541   0.5577    0.3s
   92        93   HC  0.386   HC   Y  120  0.5544   0.5598    0.3s
   93        94   HC  0.179   HC   Y  120  0.5569   0.5619    0.3s
   94        95   HC  0.401   HC   Y  120  0.5572   0.5639    0.3s
   95        96  MDD  0.700  MDD   Y  120  0.5707   0.5783    0.3s
   96        97  MDD  0.043   HC   .  120  0.5505   0.5676    0.3s
   97        98  MDD  0.789  MDD   Y  120  0.5673   0.5806    0.3s
   98        99  MDD  0.600  MDD   Y  120  0.5762   0.5925    0.3s
   99       100  MDD  0.443   HC   .  120  0.5789   0.5825    0.3s
  100       101  MDD  0.692  MDD   Y  113  0.5877   0.5933    0.3s
  101       102  MDD  0.147   HC   .  109  0.5754   0.5841    0.3s
  102       103  MDD  0.246   HC   .  120  0.5689   0.5756    0.3s
  103       104  MDD  0.026   HC   .  120  0.5510   0.5676    0.3s
  104       105  MDD  0.000   HC   .  120  0.5320   0.5602    0.3s
  105       106  MDD  0.642  MDD   Y  113  0.5404   0.5700    0.3s
  106       107  MDD  0.174   HC   .   44  0.5338   0.5630    0.2s
  107       108  MDD  0.966  MDD   Y  120  0.5479   0.5721    0.3s
  108       109  MDD  0.918  MDD   Y  111  0.5604   0.5806    0.3s
  109       110  MDD  0.696  MDD   Y  120  0.5682   0.5886    0.3s
  110       111  MDD  0.835  MDD   Y  111  0.5790   0.5962    0.3s
  111       112  MDD  0.392   HC   .  120  0.5789   0.5894    0.3s
  112       113  MDD  0.429   HC   .  120  0.5798   0.5831    0.3s
  113       114  MDD  0.543  MDD   Y  120  0.5835   0.5902    0.3s
  114       115  MDD  0.578  MDD   Y  120  0.5884   0.5969    0.3s
  115       116  MDD  0.293   HC   .  101  0.5853   0.5908    0.3s
  116       117  MDD  0.019   HC   .  107  0.5717   0.5850    0.3s
  117       118  MDD  0.238   HC   .  120  0.5676   0.5795    0.3s
  118       119  MDD  0.503  MDD   Y  109  0.5709   0.5859    0.3s
  119       120  MDD  0.658  MDD   Y  100  0.5758   0.5920    0.3s
  120       121  MDD  0.340   HC   .  120  0.5751   0.5867    0.3s
  121       122  MDD  0.162   HC   .  115  0.5687   0.5816    0.3s
------------------------------------------------------------------------------

FINAL  stage nrde  [LODO modma+mumtaz -> opennuero]  |  121 subjects (46 MDD / 75 HC)
  Subject-level ROC-AUC : 0.5687   (primary)
  Balanced accuracy     : 0.5816  @thr=0.50   |  0.5925  @thr=0.487 (Youden)
  Macro-F1              : 0.5824  @thr=0.50   |  0.5931  @thr=0.487
  Confusion matrix @0.50 (rows=true HC/MDD, cols=pred HC/MDD):
        pred_HC  pred_MDD
  HC        53        22
  MDD       25        21

Total wall time: 34.5s
Saved per-fold results -> /home/hasan/fable's rEEG/results/lodo_opennuero_nrde_harm.json
