[dataset] modma  raw=/home/hasan/fable's rEEG/EEG_128channels_resting_lanzhou_2015  cache=/home/hasan/fable's rEEG/cache  fs_orig=250->125Hz  ch=128
  [train] mumtaz     58 subjects  (30 MDD / 28 HC)  |  fs=125Hz  ch=17  win=4.0s/500smp  windows/subj: min=79 med=141 max=187
  [train] opennuero  121 subjects  (46 MDD / 75 HC)  |  fs=125Hz  ch=17  win=4.0s/500smp  windows/subj: min=44 med=142 max=209
  [test ] modma      53 subjects  (24 MDD / 29 HC)  |  fs=125Hz  ch=17  win=4.0s/500smp  windows/subj: min=50 med=144 max=165
** harmonised to shared 17-channel 10-20 montage **

=== LODO mumtaz+opennuero -> modma training/evaluation — stage spddann (53 subjects) ===
 fold   subject true  score pred  ok  win  cumAUC  cumBACC    time
------------------------------------------------------------------------------
/home/hasan/fable's rEEG/triad/spddann.py:292: UserWarning: Converting a tensor with requires_grad=True to a scalar may lead to unexpected behavior.
Consider using tensor.detach() first. (Triggered internally at /pytorch/torch/csrc/autograd/generated/python_variable_methods.cpp:838.)
  tot += float(L_C) * len(bs)
    1   2010002  MDD  0.949  MDD   Y  100     -       -       7.5s
    2   2010004  MDD  0.980  MDD   Y   50     -       -       7.5s
    3   2010005  MDD  0.478   HC   .  100     -       -       7.5s
    4   2010006  MDD  0.803  MDD   Y  100     -       -       7.5s
    5   2010008  MDD  0.947  MDD   Y  100     -       -       7.5s
    6   2010010  MDD  0.644  MDD   Y  100     -       -       7.5s
    7   2010011  MDD  0.594  MDD   Y  100     -       -       7.5s
    8   2010012  MDD  0.299   HC   .  100     -       -       7.5s
    9   2010013  MDD  0.734  MDD   Y  100     -       -       7.5s
   10   2010015  MDD  0.145   HC   .  100     -       -       7.5s
   11   2010016  MDD  0.961  MDD   Y  100     -       -       7.5s
   12   2010018  MDD  0.952  MDD   Y  100     -       -       7.5s
   13   2010019  MDD  0.832  MDD   Y  100     -       -       7.5s
   14   2010021  MDD  0.449   HC   .  100     -       -       7.5s
   15   2010022  MDD  0.797  MDD   Y  100     -       -       7.5s
   16   2010023  MDD  0.949  MDD   Y  100     -       -       7.5s
   17   2010024  MDD  0.999  MDD   Y  100     -       -       7.5s
   18   2010025  MDD  0.861  MDD   Y  100     -       -       7.5s
   19   2010026  MDD  0.968  MDD   Y  100     -       -       7.5s
   20   2010028  MDD  0.987  MDD   Y  100     -       -       7.5s
   21   2010030  MDD  0.926  MDD   Y  100     -       -       7.5s
   22   2010033  MDD  0.001   HC   .  100     -       -       7.5s
   23   2010034  MDD  0.372   HC   .  100     -       -       7.5s
   24   2010036  MDD  0.996  MDD   Y  100     -       -       7.5s
   25   2020008   HC  0.106   HC   Y  100  0.9583   0.8750    7.5s
   26   2020010   HC  0.999  MDD   .  100  0.4792   0.6250    7.5s
   27   2020013   HC  0.433   HC   Y  100  0.5972   0.7083    7.5s
   28   2020014   HC  0.166   HC   Y  100  0.6771   0.7500    7.5s
   29   2020015   HC  0.004   HC   Y  100  0.7333   0.7750    7.5s
   30   2020016   HC  0.127   HC   Y  100  0.7708   0.7917    7.5s
   31   2020018   HC  0.815  MDD   .  100  0.7381   0.7321    7.5s
   32   2020019   HC  0.166   HC   Y  100  0.7604   0.7500    7.5s
   33   2020020   HC  0.160   HC   Y  100  0.7778   0.7639    7.5s
   34   2020021   HC  0.179   HC   Y  100  0.7917   0.7750    7.5s
   35   2020022   HC  0.327   HC   Y  100  0.7992   0.7841    7.5s
   36   2020023   HC  0.118   HC   Y  100  0.8125   0.7917    7.5s
   37   2020025   HC  0.546  MDD   .  100  0.8077   0.7596    7.5s
   38   2020026   HC  0.714  MDD   .  100  0.7976   0.7321    7.5s
   39   2020027   HC  0.355   HC   Y  100  0.8028   0.7417    7.5s
   40   2020029   HC  0.490   HC   Y  100  0.7995   0.7500    7.5s
   41   2030002   HC  0.012   HC   Y  100  0.8088   0.7574    7.5s
   42   2030003   HC  0.118   HC   Y  100  0.8171   0.7639    7.5s
   43   2030004   HC  0.986  MDD   .  100  0.7807   0.7434    7.5s
   44   2030005   HC  0.927  MDD   .  100  0.7625   0.7250    7.5s
   45   2030006   HC  0.964  MDD   .  100  0.7361   0.7083    7.5s
   46   2030007   HC  0.397   HC   Y  100  0.7405   0.7159    7.5s
   47   2030009   HC  0.001   HC   Y  100  0.7500   0.7228    7.5s
   48   2030014   HC  0.205   HC   Y  100  0.7569   0.7292    7.5s
   49   2030017   HC  0.052   HC   Y  100  0.7650   0.7350    7.5s
   50   2030018   HC  0.213   HC   Y  100  0.7708   0.7404    7.5s
   51   2030019   HC  0.803  MDD   .  100  0.7623   0.7269    7.5s
   52   2030020   HC  1.000  MDD   .  100  0.7351   0.7143    7.5s
   53   2030021   HC  0.383   HC   Y  100  0.7385   0.7198    7.5s
------------------------------------------------------------------------------

FINAL  stage spddann  [LODO mumtaz+opennuero -> modma]  |  53 subjects (24 MDD / 29 HC)
  Subject-level ROC-AUC : 0.7385   (primary)
  Balanced accuracy     : 0.7198  @thr=0.50   |  0.7443  @thr=0.449 (Youden)
  Macro-F1              : 0.7166  @thr=0.50   |  0.7358  @thr=0.449
  Confusion matrix @0.50 (rows=true HC/MDD, cols=pred HC/MDD):
        pred_HC  pred_MDD
  HC        20         9
  MDD        6        18

Total wall time: 399.1s
Saved per-fold results -> /home/hasan/fable's rEEG/results/lodo_modma_spddann_harm.json
