[dataset] modma  raw=/home/hasan/fable's rEEG/EEG_128channels_resting_lanzhou_2015  cache=/home/hasan/fable's rEEG/cache  fs_orig=250->125Hz  ch=128
  [train] mumtaz     58 subjects  (30 MDD / 28 HC)  |  fs=125Hz  ch=17  win=4.0s/500smp  windows/subj: min=79 med=141 max=187
  [train] opennuero  121 subjects  (46 MDD / 75 HC)  |  fs=125Hz  ch=17  win=4.0s/500smp  windows/subj: min=44 med=142 max=209
  [test ] modma      53 subjects  (24 MDD / 29 HC)  |  fs=125Hz  ch=17  win=4.0s/500smp  windows/subj: min=50 med=144 max=165
** harmonised to shared 17-channel 10-20 montage **

=== LODO mumtaz+opennuero -> modma training/evaluation — stage nrde (53 subjects) ===
 fold   subject true  score pred  ok  win  cumAUC  cumBACC    time
------------------------------------------------------------------------------
    1   2010002  MDD  0.817  MDD   Y  120     -       -       0.5s
    2   2010004  MDD  0.204   HC   .   50     -       -       0.5s
    3   2010005  MDD  0.278   HC   .  120     -       -       0.5s
    4   2010006  MDD  0.972  MDD   Y  120     -       -       0.5s
    5   2010008  MDD  0.989  MDD   Y  120     -       -       0.5s
    6   2010010  MDD  0.404   HC   .  120     -       -       0.5s
    7   2010011  MDD  0.993  MDD   Y  120     -       -       0.5s
    8   2010012  MDD  0.413   HC   .  120     -       -       0.5s
    9   2010013  MDD  1.000  MDD   Y  120     -       -       0.5s
   10   2010015  MDD  0.068   HC   .  120     -       -       0.5s
   11   2010016  MDD  0.161   HC   .  120     -       -       0.5s
   12   2010018  MDD  0.999  MDD   Y  120     -       -       0.5s
   13   2010019  MDD  0.230   HC   .  120     -       -       0.5s
   14   2010021  MDD  0.002   HC   .  120     -       -       0.5s
   15   2010022  MDD  0.999  MDD   Y  120     -       -       0.5s
   16   2010023  MDD  0.976  MDD   Y  120     -       -       0.5s
   17   2010024  MDD  0.892  MDD   Y  120     -       -       0.5s
   18   2010025  MDD  0.081   HC   .  120     -       -       0.5s
   19   2010026  MDD  0.236   HC   .  120     -       -       0.5s
   20   2010028  MDD  0.990  MDD   Y  120     -       -       0.5s
   21   2010030  MDD  0.996  MDD   Y  120     -       -       0.5s
   22   2010033  MDD  0.085   HC   .  120     -       -       0.5s
   23   2010034  MDD  0.940  MDD   Y  120     -       -       0.5s
   24   2010036  MDD  0.804  MDD   Y  120     -       -       0.5s
   25   2020008   HC  0.098   HC   Y  104  0.8333   0.7708    0.5s
   26   2020010   HC  0.969  MDD   .  120  0.6042   0.5208    0.5s
   27   2020013   HC  0.900  MDD   .  120  0.5417   0.4375    0.5s
   28   2020014   HC  0.086   HC   Y  103  0.6146   0.5208    0.5s
   29   2020015   HC  0.000   HC   Y  120  0.6917   0.5708    0.5s
   30   2020016   HC  0.797  MDD   .  120  0.6667   0.5208    0.5s
   31   2020018   HC  0.484   HC   Y  120  0.6488   0.5565    0.5s
   32   2020019   HC  0.590  MDD   .  110  0.6354   0.5208    0.5s
   33   2020020   HC  0.126   HC   Y  120  0.6574   0.5486    0.5s
   34   2020021   HC  0.923  MDD   .  120  0.6333   0.5208    0.5s
   35   2020022   HC  0.839  MDD   .  120  0.6174   0.4981    0.5s
   36   2020023   HC  0.493   HC   Y  120  0.6111   0.5208    0.5s
   37   2020025   HC  0.968  MDD   .  120  0.5929   0.5016    0.5s
   38   2020026   HC  0.109   HC   Y  120  0.6101   0.5208    0.5s
   39   2020027   HC  0.977  MDD   .  120  0.5889   0.5042    0.5s
   40   2020029   HC  0.930  MDD   .  120  0.5781   0.4896    0.5s
   41   2030002   HC  0.020   HC   Y  120  0.6005   0.5061    0.5s
   42   2030003   HC  0.800  MDD   .  120  0.5972   0.4931    0.5s
   43   2030004   HC  0.064   HC   Y  120  0.6162   0.5077    0.5s
   44   2030005   HC  0.744  MDD   .  120  0.6125   0.4958    0.5s
   45   2030006   HC  0.132   HC   Y  120  0.6230   0.5089    0.5s
   46   2030007   HC  0.652  MDD   .  120  0.6193   0.4981    0.5s
   47   2030009   HC  0.912  MDD   .  120  0.6105   0.4882    0.5s
   48   2030014   HC  1.000  MDD   .  120  0.5851   0.4792    0.5s
   49   2030017   HC  0.783  MDD   .  120  0.5833   0.4708    0.5s
   50   2030018   HC  0.031   HC   Y  120  0.5978   0.4824    0.5s
   51   2030019   HC  0.953  MDD   .  120  0.5895   0.4745    0.5s
   52   2030020   HC  1.000  MDD   .  120  0.5685   0.4673    0.5s
   53   2030021   HC  0.077   HC   Y  120  0.5805   0.4777    0.5s
------------------------------------------------------------------------------

FINAL  stage nrde  [LODO mumtaz+opennuero -> modma]  |  53 subjects (24 MDD / 29 HC)
  Subject-level ROC-AUC : 0.5805   (primary)
  Balanced accuracy     : 0.4777  @thr=0.50   |  0.6358  @thr=0.972 (Youden)
  Macro-F1              : 0.4715  @thr=0.50   |  0.6214  @thr=0.972
  Confusion matrix @0.50 (rows=true HC/MDD, cols=pred HC/MDD):
        pred_HC  pred_MDD
  HC        12        17
  MDD       11        13

Total wall time: 34.8s
Saved per-fold results -> /home/hasan/fable's rEEG/results/lodo_modma_nrde_harm_destd.json
