[dataset] modma  raw=/home/hasan/fable's rEEG/EEG_128channels_resting_lanzhou_2015  cache=/home/hasan/fable's rEEG/cache  fs_orig=250->125Hz  ch=128
  [train] modma      53 subjects  (24 MDD / 29 HC)  |  fs=125Hz  ch=17  win=4.0s/500smp  windows/subj: min=50 med=144 max=165
  [train] mumtaz     58 subjects  (30 MDD / 28 HC)  |  fs=125Hz  ch=17  win=4.0s/500smp  windows/subj: min=79 med=141 max=187
  [test ] opennuero  121 subjects  (46 MDD / 75 HC)  |  fs=125Hz  ch=17  win=4.0s/500smp  windows/subj: min=44 med=142 max=209
** harmonised to shared 17-channel 10-20 montage **

=== LODO modma+mumtaz -> opennuero training/evaluation — stage ncv (121 subjects) ===
 fold   subject true  score pred  ok  win  cumAUC  cumBACC    time
------------------------------------------------------------------------------
      [nested-K] inner-CV AUC K0=0.719 K1=0.729 K2=0.747 K3=0.684 K5=0.661  -> K*=2
    1         1   HC  0.761  MDD   .  120     -       -       0.2s
    2         2   HC  0.645  MDD   .  120     -       -       0.2s
    3         3   HC  0.780  MDD   .  120     -       -       0.2s
    4         4   HC  0.644  MDD   .  120     -       -       0.2s
    5         5   HC  0.249   HC   Y  120     -       -       0.2s
    6         6   HC  0.294   HC   Y   96     -       -       0.2s
    7         7   HC  0.319   HC   Y  120     -       -       0.2s
    8         8   HC  0.405   HC   Y  120     -       -       0.2s
    9         9   HC  0.497   HC   Y  120     -       -       0.2s
   10        10   HC  0.613  MDD   .  120     -       -       0.2s
   11        11   HC  0.508  MDD   .  101     -       -       0.2s
   12        12   HC  0.912  MDD   .  120     -       -       0.2s
   13        13   HC  0.142   HC   Y  120     -       -       0.2s
   14        14   HC  0.140   HC   Y  120     -       -       0.2s
   15        15   HC  0.471   HC   Y  120     -       -       0.2s
   16        16   HC  0.912  MDD   .  118     -       -       0.2s
   17        17   HC  0.129   HC   Y  115     -       -       0.2s
   18        18   HC  0.175   HC   Y  120     -       -       0.2s
   19        19   HC  0.290   HC   Y  120     -       -       0.2s
   20        20   HC  0.544  MDD   .  120     -       -       0.2s
   21        21   HC  0.661  MDD   .  117     -       -       0.2s
   22        22   HC  0.671  MDD   .  120     -       -       0.2s
   23        23   HC  0.636  MDD   .  117     -       -       0.2s
   24        24   HC  0.871  MDD   .  120     -       -       0.2s
   25        25   HC  0.627  MDD   .  120     -       -       0.2s
   26        26   HC  0.202   HC   Y  120     -       -       0.2s
   27        27   HC  0.894  MDD   .  120     -       -       0.2s
   28        28   HC  0.542  MDD   .  120     -       -       0.2s
   29        29   HC  0.248   HC   Y  120     -       -       0.2s
   30        30   HC  0.312   HC   Y  120     -       -       0.2s
   31        31   HC  0.932  MDD   .  120     -       -       0.2s
   32        32   HC  0.903  MDD   .  120     -       -       0.2s
   33        33   HC  0.190   HC   Y  120     -       -       0.2s
   34        34   HC  0.458   HC   Y  120     -       -       0.2s
   35        35   HC  0.362   HC   Y  120     -       -       0.2s
   36        36   HC  0.335   HC   Y  120     -       -       0.2s
   37        37   HC  0.031   HC   Y  120     -       -       0.2s
   38        39   HC  0.595  MDD   .  120     -       -       0.2s
   39        40   HC  0.554  MDD   .  120     -       -       0.2s
   40        41   HC  0.480   HC   Y  120     -       -       0.2s
   41        42   HC  0.343   HC   Y  112     -       -       0.2s
   42        43   HC  0.081   HC   Y  120     -       -       0.2s
   43        44   HC  0.549  MDD   .  120     -       -       0.2s
   44        45   HC  0.262   HC   Y  120     -       -       0.2s
   45        46   HC  0.452   HC   Y  120     -       -       0.2s
   46        47   HC  0.654  MDD   .  120     -       -       0.2s
   47        48   HC  0.502  MDD   .  120     -       -       0.2s
   48        49   HC  0.497   HC   Y  120     -       -       0.2s
   49        50   HC  0.934  MDD   .  120     -       -       0.2s
   50        51   HC  0.856  MDD   .  120     -       -       0.2s
   51        52  MDD  0.994  MDD   Y  120  1.0000   0.7500    0.2s
   52        53  MDD  0.608  MDD   Y  120  0.8200   0.7500    0.2s
   53        54   HC  0.047   HC   Y  109  0.8235   0.7549    0.2s
   54        55  MDD  0.762  MDD   Y  120  0.8235   0.7549    0.2s
   55        56   HC  0.558  MDD   .  120  0.8269   0.7500    0.2s
   56        57   HC  0.522  MDD   .  116  0.8302   0.7453    0.2s
   57        58  MDD  0.818  MDD   Y  120  0.8349   0.7453    0.2s
   58        59  MDD  0.308   HC   .  120  0.7208   0.6453    0.2s
   59        60  MDD  0.318   HC   .   76  0.6478   0.5786    0.2s
   60        61  MDD  0.840  MDD   Y  120  0.6765   0.6024    0.2s
   61        62   HC  0.648  MDD   .  120  0.6746   0.5979    0.2s
   62        63  MDD  0.579  MDD   Y  120  0.6690   0.6157    0.2s
   63        64   HC  0.954  MDD   .  101  0.6591   0.6114    0.2s
   64        65  MDD  0.114   HC   .  120  0.5919   0.5697    0.2s
   65        66  MDD  0.397   HC   .  120  0.5673   0.5364    0.2s
   66        67   HC  0.685  MDD   .  120  0.5643   0.5321    0.2s
   67        68   HC  0.915  MDD   .  120  0.5561   0.5281    0.2s
   68        69   HC  0.421   HC   Y  120  0.5569   0.5328    0.2s
   69        70   HC  0.064   HC   Y  109  0.5644   0.5373    0.2s
   70        71   HC  0.455   HC   Y  116  0.5650   0.5417    0.2s
   71        72   HC  0.297   HC   Y  120  0.5705   0.5459    0.2s
   72        73   HC  0.229   HC   Y  120  0.5758   0.5500    0.2s
   73        74   HC  0.879  MDD   .  120  0.5683   0.5460    0.2s
   74        75   HC  0.963  MDD   .   93  0.5609   0.5422    0.2s
   75        76   HC  0.768  MDD   .   97  0.5569   0.5385    0.2s
   76        77   HC  0.938  MDD   .  111  0.5500   0.5348    0.2s
   77        78   HC  0.658  MDD   .  116  0.5478   0.5313    0.2s
   78        79   HC  0.515  MDD   .  120  0.5485   0.5279    0.2s
   79        80  MDD  0.207   HC   .  120  0.5120   0.5007    0.2s
   80        81  MDD  0.733  MDD   Y  120  0.5331   0.5196    0.2s
   81        82   HC  0.160   HC   Y  120  0.5386   0.5236    0.2s
   82        83   HC  0.534  MDD   .  120  0.5393   0.5202    0.2s
   83        84  MDD  0.549  MDD   Y  120  0.5418   0.5363    0.2s
   84        85  MDD  0.546  MDD   Y  120  0.5429   0.5500    0.2s
   85        86  MDD  0.275   HC   .  120  0.5210   0.5286    0.2s
   86        87   HC  0.272   HC   Y  120  0.5258   0.5324    0.2s
   87        88  MDD  0.126   HC   .  116  0.4965   0.5136    0.2s
   88        89  MDD  0.133   HC   .  117  0.4714   0.4971    0.2s
   89        90   HC  0.517  MDD   .  120  0.4722   0.4939    0.2s
   90        91  MDD  0.586  MDD   Y  120  0.4799   0.5069    0.2s
   91        92  MDD  0.639  MDD   Y  120  0.4898   0.5186    0.2s
   92        93   HC  0.074   HC   Y  120  0.4968   0.5224    0.2s
   93        94   HC  0.508  MDD   .  120  0.4979   0.5192    0.2s
   94        95   HC  0.613  MDD   .  120  0.4954   0.5161    0.2s
   95        96  MDD  0.348   HC   .  120  0.4867   0.5017    0.2s
   96        97  MDD  0.618  MDD   Y  120  0.4946   0.5124    0.2s
   97        98  MDD  0.780  MDD   Y  120  0.5091   0.5221    0.2s
   98        99  MDD  0.749  MDD   Y  120  0.5212   0.5310    0.2s
   99       100  MDD  0.762  MDD   Y  120  0.5328   0.5392    0.2s
  100       101  MDD  0.304   HC   .  113  0.5221   0.5267    0.2s
  101       102  MDD  0.345   HC   .  109  0.5144   0.5151    0.2s
  102       103  MDD  0.327   HC   .  120  0.5062   0.5044    0.2s
  103       104  MDD  0.380   HC   .  120  0.5000   0.4945    0.2s
  104       105  MDD  0.508  MDD   Y  120  0.4998   0.5025    0.2s
  105       106  MDD  0.853  MDD   Y  113  0.5107   0.5100    0.2s
  106       107  MDD  0.361   HC   .   44  0.5045   0.5009    0.2s
  107       108  MDD  0.221   HC   .  120  0.4938   0.4923    0.2s
  108       109  MDD  0.474   HC   .  111  0.4913   0.4842    0.2s
  109       110  MDD  0.974  MDD   Y  120  0.5063   0.4914    0.2s
  110       111  MDD  0.834  MDD   Y  111  0.5154   0.4981    0.2s
  111       112  MDD  0.485   HC   .  120  0.5130   0.4906    0.2s
  112       113  MDD  0.729  MDD   Y  120  0.5204   0.4969    0.2s
  113       114  MDD  0.876  MDD   Y  120  0.5291   0.5030    0.2s
  114       115  MDD  0.963  MDD   Y  120  0.5409   0.5087    0.2s
  115       116  MDD  0.907  MDD   Y  101  0.5497   0.5142    0.2s
  116       117  MDD  0.279   HC   .  107  0.5418   0.5072    0.2s
  117       118  MDD  0.311   HC   .  120  0.5352   0.5005    0.2s
  118       119  MDD  0.345   HC   .  109  0.5302   0.4941    0.2s
  119       120  MDD  0.491   HC   .  100  0.5279   0.4880    0.2s
  120       121  MDD  0.438   HC   .  120  0.5241   0.4822    0.2s
  121       122  MDD  0.287   HC   .  115  0.5177   0.4767    0.2s
------------------------------------------------------------------------------

FINAL  stage ncv  [LODO modma+mumtaz -> opennuero]  |  121 subjects (46 MDD / 75 HC)
  Subject-level ROC-AUC : 0.5177   (primary)
  Balanced accuracy     : 0.4767  @thr=0.50   |  0.5590  @thr=0.275 (Youden)
  Macro-F1              : 0.4667  @thr=0.50   |  0.4580  @thr=0.275
  Confusion matrix @0.50 (rows=true HC/MDD, cols=pred HC/MDD):
        pred_HC  pred_MDD
  HC        34        41
  MDD       23        23

Total wall time: 29.7s
Saved per-fold results -> /home/hasan/fable's rEEG/results/lodo_opennuero_ncv_harm_rc.json
