[dataset] modma  raw=/home/hasan/fable's rEEG/EEG_128channels_resting_lanzhou_2015  cache=/home/hasan/fable's rEEG/cache  fs_orig=250->125Hz  ch=128
  [train] modma      53 subjects  (24 MDD / 29 HC)  |  fs=125Hz  ch=17  win=4.0s/500smp  windows/subj: min=50 med=144 max=165
  [train] mumtaz     58 subjects  (30 MDD / 28 HC)  |  fs=125Hz  ch=17  win=4.0s/500smp  windows/subj: min=79 med=141 max=187
  [test ] opennuero  121 subjects  (46 MDD / 75 HC)  |  fs=125Hz  ch=17  win=4.0s/500smp  windows/subj: min=44 med=142 max=209
** harmonised to shared 17-channel 10-20 montage **

=== LODO modma+mumtaz -> opennuero training/evaluation — stage ncv (121 subjects) ===
 fold   subject true  score pred  ok  win  cumAUC  cumBACC    time
------------------------------------------------------------------------------
      [nested-K] inner-CV AUC K0=0.675 K1=0.687 K2=0.701 K3=0.696 K5=0.659  -> K*=2
    1         1   HC  0.747  MDD   .  120     -       -       0.4s
    2         2   HC  0.636  MDD   .  120     -       -       0.3s
    3         3   HC  0.744  MDD   .  120     -       -       0.3s
    4         4   HC  0.623  MDD   .  120     -       -       0.3s
    5         5   HC  0.138   HC   Y  120     -       -       0.3s
    6         6   HC  0.137   HC   Y   96     -       -       0.3s
    7         7   HC  0.333   HC   Y  120     -       -       0.3s
    8         8   HC  0.427   HC   Y  120     -       -       0.3s
    9         9   HC  0.514  MDD   .  120     -       -       0.3s
   10        10   HC  0.573  MDD   .  120     -       -       0.3s
   11        11   HC  0.446   HC   Y  101     -       -       0.3s
   12        12   HC  0.928  MDD   .  120     -       -       0.3s
   13        13   HC  0.091   HC   Y  120     -       -       0.3s
   14        14   HC  0.315   HC   Y  120     -       -       0.3s
   15        15   HC  0.348   HC   Y  120     -       -       0.3s
   16        16   HC  0.935  MDD   .  118     -       -       0.3s
   17        17   HC  0.179   HC   Y  115     -       -       0.3s
   18        18   HC  0.194   HC   Y  120     -       -       0.3s
   19        19   HC  0.313   HC   Y  120     -       -       0.3s
   20        20   HC  0.523  MDD   .  120     -       -       0.3s
   21        21   HC  0.856  MDD   .  117     -       -       0.3s
   22        22   HC  0.500  MDD   .  120     -       -       0.3s
   23        23   HC  0.665  MDD   .  117     -       -       0.3s
   24        24   HC  0.947  MDD   .  120     -       -       0.3s
   25        25   HC  0.755  MDD   .  120     -       -       0.3s
   26        26   HC  0.179   HC   Y  120     -       -       0.3s
   27        27   HC  0.658  MDD   .  120     -       -       0.3s
   28        28   HC  0.439   HC   Y  120     -       -       0.3s
   29        29   HC  0.271   HC   Y  120     -       -       0.3s
   30        30   HC  0.367   HC   Y  120     -       -       0.3s
   31        31   HC  0.954  MDD   .  120     -       -       0.3s
   32        32   HC  0.894  MDD   .  120     -       -       0.3s
   33        33   HC  0.209   HC   Y  120     -       -       0.3s
   34        34   HC  0.498   HC   Y  120     -       -       0.3s
   35        35   HC  0.333   HC   Y  120     -       -       0.3s
   36        36   HC  0.339   HC   Y  120     -       -       0.3s
   37        37   HC  0.040   HC   Y  120     -       -       0.3s
   38        39   HC  0.704  MDD   .  120     -       -       0.3s
   39        40   HC  0.481   HC   Y  120     -       -       0.3s
   40        41   HC  0.459   HC   Y  120     -       -       0.3s
   41        42   HC  0.472   HC   Y  112     -       -       0.3s
   42        43   HC  0.072   HC   Y  120     -       -       0.3s
   43        44   HC  0.505  MDD   .  120     -       -       0.3s
   44        45   HC  0.341   HC   Y  120     -       -       0.3s
   45        46   HC  0.396   HC   Y  120     -       -       0.3s
   46        47   HC  0.699  MDD   .  120     -       -       0.3s
   47        48   HC  0.427   HC   Y  120     -       -       0.3s
   48        49   HC  0.356   HC   Y  120     -       -       0.3s
   49        50   HC  0.964  MDD   .  120     -       -       0.3s
   50        51   HC  0.861  MDD   .  120     -       -       0.3s
   51        52  MDD  0.993  MDD   Y  120  1.0000   0.7800    0.3s
   52        53  MDD  0.538  MDD   Y  120  0.8200   0.7800    0.3s
   53        54   HC  0.018   HC   Y  109  0.8235   0.7843    0.3s
   54        55  MDD  0.827  MDD   Y  120  0.8301   0.7843    0.3s
   55        56   HC  0.664  MDD   .  120  0.8269   0.7788    0.3s
   56        57   HC  0.456   HC   Y  116  0.8302   0.7830    0.3s
   57        58  MDD  0.848  MDD   Y  120  0.8349   0.7830    0.3s
   58        59  MDD  0.296   HC   .  120  0.7094   0.6830    0.3s
   59        60  MDD  0.353   HC   .   76  0.6478   0.6164    0.3s
   60        61  MDD  0.820  MDD   Y  120  0.6765   0.6402    0.3s
   61        62   HC  0.796  MDD   .  120  0.6746   0.6349    0.3s
   62        63  MDD  0.425   HC   .  120  0.6389   0.5903    0.3s
   63        64   HC  0.924  MDD   .  101  0.6295   0.5852    0.3s
   64        65  MDD  0.141   HC   .  120  0.5717   0.5505    0.3s
   65        66  MDD  0.443   HC   .  120  0.5582   0.5227    0.3s
   66        67   HC  0.881  MDD   .  120  0.5500   0.5179    0.3s
   67        68   HC  0.934  MDD   .  120  0.5421   0.5132    0.3s
   68        69   HC  0.404   HC   Y  120  0.5448   0.5172    0.3s
   69        70   HC  0.035   HC   Y  109  0.5525   0.5212    0.3s
   70        71   HC  0.389   HC   Y  116  0.5550   0.5250    0.3s
   71        72   HC  0.357   HC   Y  120  0.5574   0.5287    0.3s
   72        73   HC  0.216   HC   Y  120  0.5629   0.5323    0.3s
   73        74   HC  0.891  MDD   .  120  0.5556   0.5278    0.3s
   74        75   HC  0.898  MDD   .   93  0.5484   0.5234    0.3s
   75        76   HC  0.714  MDD   .   97  0.5462   0.5192    0.3s
   76        77   HC  0.856  MDD   .  111  0.5394   0.5152    0.3s
   77        78   HC  0.595  MDD   .  116  0.5373   0.5112    0.3s
   78        79   HC  0.558  MDD   .  120  0.5353   0.5074    0.3s
   79        80  MDD  0.420   HC   .  120  0.5214   0.4846    0.3s
   80        81  MDD  0.613  MDD   Y  120  0.5294   0.5074    0.3s
   81        82   HC  0.192   HC   Y  120  0.5350   0.5109    0.3s
   82        83   HC  0.470   HC   Y  120  0.5345   0.5143    0.3s
   83        84  MDD  0.396   HC   .  120  0.5209   0.4951    0.3s
   84        85  MDD  0.383   HC   .  120  0.5082   0.4786    0.3s
   85        86  MDD  0.164   HC   .  120  0.4810   0.4643    0.3s
   86        87   HC  0.357   HC   Y  120  0.4845   0.4676    0.3s
   87        88  MDD  0.182   HC   .  116  0.4621   0.4551    0.3s
   88        89  MDD  0.114   HC   .  117  0.4391   0.4441    0.3s
   89        90   HC  0.621  MDD   .  120  0.4363   0.4404    0.3s
   90        91  MDD  0.674  MDD   Y  120  0.4514   0.4583    0.3s
   91        92  MDD  0.665  MDD   Y  120  0.4642   0.4744    0.3s
   92        93   HC  0.093   HC   Y  120  0.4715   0.4776    0.3s
   93        94   HC  0.226   HC   Y  120  0.4758   0.4808    0.3s
   94        95   HC  0.592  MDD   .  120  0.4744   0.4772    0.3s
   95        96  MDD  0.416   HC   .  120  0.4707   0.4667    0.3s
   96        97  MDD  0.555  MDD   Y  120  0.4762   0.4810    0.3s
   97        98  MDD  0.737  MDD   Y  120  0.4891   0.4939    0.3s
   98        99  MDD  0.724  MDD   Y  120  0.5009   0.5058    0.3s
   99       100  MDD  0.689  MDD   Y  120  0.5100   0.5167    0.3s
  100       101  MDD  0.326   HC   .  113  0.4992   0.5067    0.3s
  101       102  MDD  0.441   HC   .  109  0.4969   0.4974    0.3s
  102       103  MDD  0.252   HC   .  120  0.4859   0.4889    0.3s
  103       104  MDD  0.207   HC   .  120  0.4743   0.4810    0.3s
  104       105  MDD  0.295   HC   .  120  0.4653   0.4736    0.3s
  105       106  MDD  0.552  MDD   Y  113  0.4693   0.4833    0.3s
  106       107  MDD  0.346   HC   .   44  0.4637   0.4763    0.3s
  107       108  MDD  0.355   HC   .  120  0.4587   0.4698    0.3s
  108       109  MDD  0.528  MDD   Y  111  0.4626   0.4788    0.3s
  109       110  MDD  0.965  MDD   Y  120  0.4784   0.4873    0.3s
  110       111  MDD  0.816  MDD   Y  111  0.4880   0.4952    0.3s
  111       112  MDD  0.501  MDD   Y  120  0.4896   0.5028    0.3s
  112       113  MDD  0.705  MDD   Y  120  0.4966   0.5099    0.3s
  113       114  MDD  0.880  MDD   Y  120  0.5060   0.5167    0.3s
  114       115  MDD  0.958  MDD   Y  120  0.5183   0.5231    0.3s
  115       116  MDD  0.904  MDD   Y  101  0.5280   0.5292    0.3s
  116       117  MDD  0.123   HC   .  107  0.5171   0.5228    0.3s
  117       118  MDD  0.415   HC   .  120  0.5143   0.5167    0.3s
  118       119  MDD  0.377   HC   .  109  0.5107   0.5109    0.3s
  119       120  MDD  0.386   HC   .  100  0.5073   0.5053    0.3s
  120       121  MDD  0.291   HC   .  120  0.5007   0.5000    0.3s
  121       122  MDD  0.242   HC   .  115  0.4942   0.4949    0.3s
------------------------------------------------------------------------------

FINAL  stage ncv  [LODO modma+mumtaz -> opennuero]  |  121 subjects (46 MDD / 75 HC)
  Subject-level ROC-AUC : 0.4942   (primary)
  Balanced accuracy     : 0.4949  @thr=0.50   |  0.5400  @thr=0.114 (Youden)
  Macro-F1              : 0.4916  @thr=0.50   |  0.3598  @thr=0.114
  Confusion matrix @0.50 (rows=true HC/MDD, cols=pred HC/MDD):
        pred_HC  pred_MDD
  HC        40        35
  MDD       25        21

Total wall time: 36.8s
Saved per-fold results -> /home/hasan/fable's rEEG/results/lodo_opennuero_ncv_harm.json
