[dataset] modma  raw=/home/hasan/fable's rEEG/EEG_128channels_resting_lanzhou_2015  cache=/home/hasan/fable's rEEG/cache  fs_orig=250->125Hz  ch=128
  [train] modma      53 subjects  (24 MDD / 29 HC)  |  fs=125Hz  ch=17  win=4.0s/500smp  windows/subj: min=50 med=144 max=165
  [train] opennuero  121 subjects  (46 MDD / 75 HC)  |  fs=125Hz  ch=17  win=4.0s/500smp  windows/subj: min=44 med=142 max=209
  [test ] mumtaz     58 subjects  (30 MDD / 28 HC)  |  fs=125Hz  ch=17  win=4.0s/500smp  windows/subj: min=79 med=141 max=187
** harmonised to shared 17-channel 10-20 montage **

=== LODO modma+opennuero -> mumtaz training/evaluation — stage spddann (58 subjects) ===
 fold   subject true  score pred  ok  win  cumAUC  cumBACC    time
------------------------------------------------------------------------------
/home/hasan/fable's rEEG/triad/spddann.py:292: UserWarning: Converting a tensor with requires_grad=True to a scalar may lead to unexpected behavior.
Consider using tensor.detach() first. (Triggered internally at /pytorch/torch/csrc/autograd/generated/python_variable_methods.cpp:838.)
  tot += float(L_C) * len(bs)
    1         1   HC  0.379   HC   Y  100     -       -       8.3s
    2         2   HC  0.030   HC   Y  100     -       -       8.3s
    3         3   HC  0.014   HC   Y  100     -       -       8.3s
    4         4   HC  0.002   HC   Y  100     -       -       8.3s
    5         5   HC  0.001   HC   Y  100     -       -       8.3s
    6         6   HC  0.899  MDD   .  100     -       -       8.3s
    7         7   HC  0.012   HC   Y  100     -       -       8.3s
    8         8   HC  0.247   HC   Y  100     -       -       8.3s
    9         9   HC  0.071   HC   Y  100     -       -       8.3s
   10        10   HC  0.150   HC   Y  100     -       -       8.3s
   11        11   HC  0.032   HC   Y  100     -       -       8.3s
   12        13   HC  0.005   HC   Y  100     -       -       8.3s
   13        14   HC  0.065   HC   Y  100     -       -       8.3s
   14        15   HC  0.118   HC   Y  100     -       -       8.3s
   15        16   HC  0.074   HC   Y  100     -       -       8.3s
   16        17   HC  0.002   HC   Y  100     -       -       8.3s
   17        19   HC  0.062   HC   Y  100     -       -       8.3s
   18        20   HC  0.035   HC   Y  100     -       -       8.3s
   19        21   HC  0.469   HC   Y  100     -       -       8.3s
   20        22   HC  0.014   HC   Y  100     -       -       8.3s
   21        23   HC  0.057   HC   Y  100     -       -       8.3s
   22        24   HC  0.001   HC   Y  100     -       -       8.3s
   23        25   HC  0.001   HC   Y  100     -       -       8.3s
   24        26   HC  0.839  MDD   .  100     -       -       8.3s
   25        27   HC  0.013   HC   Y  100     -       -       8.3s
   26        28   HC  0.985  MDD   .  100     -       -       8.3s
   27        29   HC  0.014   HC   Y  100     -       -       8.3s
   28        30   HC  0.013   HC   Y  100     -       -       8.3s
   29      1001  MDD  0.064   HC   .   79  0.6071   0.4464    8.3s
   30      1002  MDD  0.045   HC   .  100  0.5714   0.4464    8.3s
   31      1003  MDD  0.970  MDD   Y   84  0.7024   0.6131    8.3s
   32      1005  MDD  0.876  MDD   Y  100  0.7589   0.6964    8.3s
   33      1006  MDD  0.660  MDD   Y  100  0.7857   0.7464    8.3s
   34      1007  MDD  0.532  MDD   Y  100  0.8036   0.7798    8.3s
   35      1009  MDD  0.680  MDD   Y  100  0.8163   0.8036    8.3s
   36      1010  MDD  0.549  MDD   Y  100  0.8259   0.8214    8.3s
   37      1011  MDD  0.458   HC   .  100  0.8294   0.7798    8.3s
   38      1013  MDD  0.140   HC   .  100  0.8214   0.7464    8.3s
   39      1014  MDD  0.999  MDD   Y  100  0.8377   0.7646    8.3s
   40      1015  MDD  0.450   HC   .  100  0.8393   0.7381    8.3s
   41      1017  MDD  0.111   HC   .  100  0.8297   0.7157    8.3s
   42      1018  MDD  0.998  MDD   Y  100  0.8418   0.7321    8.3s
   43      1019  MDD  0.299   HC   .  100  0.8405   0.7131    8.3s
   44      1020  MDD  0.005   HC   .  100  0.8013   0.6964    8.3s
   45      1021  MDD  0.483   HC   .  100  0.8067   0.6817    8.3s
   46      1022  MDD  0.997  MDD   Y  100  0.8175   0.6964    8.3s
   47      1023  MDD  0.910  MDD   Y  100  0.8252   0.7096    8.3s
   48      1024  MDD  0.920  MDD   Y  100  0.8321   0.7214    8.3s
   49      1025  MDD  0.885  MDD   Y  100  0.8367   0.7321    8.3s
   50      1026  MDD  0.600  MDD   Y  100  0.8393   0.7419    8.3s
   51      1027  MDD  0.015   HC   .  100  0.8214   0.7290    8.3s
   52      1028  MDD  0.018   HC   .  100  0.8051   0.7173    8.3s
   53      1029  MDD  0.855  MDD   Y  100  0.8100   0.7264    8.3s
   54      1030  MDD  0.297   HC   .  100  0.8104   0.7157    8.3s
   55      1031  MDD  0.231   HC   .  100  0.8095   0.7057    8.3s
   56      1032  MDD  0.524  MDD   Y  100  0.8125   0.7143    8.3s
   57      1033  MDD  0.856  MDD   Y  100  0.8165   0.7223    8.3s
   58      1034  MDD  0.856  MDD   Y  100  0.8202   0.7298    8.3s
------------------------------------------------------------------------------

FINAL  stage spddann  [LODO modma+opennuero -> mumtaz]  |  58 subjects (30 MDD / 28 HC)
  Subject-level ROC-AUC : 0.8202   (primary)
  Balanced accuracy     : 0.7298  @thr=0.50   |  0.7774  @thr=0.297 (Youden)
  Macro-F1              : 0.7188  @thr=0.50   |  0.7758  @thr=0.297
  Confusion matrix @0.50 (rows=true HC/MDD, cols=pred HC/MDD):
        pred_HC  pred_MDD
  HC        25         3
  MDD       13        17

Total wall time: 483.7s
Saved per-fold results -> /home/hasan/fable's rEEG/results/lodo_mumtaz_spddann_harm.json
