[dataset] modma  raw=/home/hasan/fable's rEEG/EEG_128channels_resting_lanzhou_2015  cache=/home/hasan/fable's rEEG/cache  fs_orig=250->125Hz  ch=128
  [train] modma      53 subjects  (24 MDD / 29 HC)  |  fs=125Hz  ch=17  win=4.0s/500smp  windows/subj: min=50 med=144 max=165
  [train] opennuero  121 subjects  (46 MDD / 75 HC)  |  fs=125Hz  ch=17  win=4.0s/500smp  windows/subj: min=44 med=142 max=209
  [test ] mumtaz     58 subjects  (30 MDD / 28 HC)  |  fs=125Hz  ch=17  win=4.0s/500smp  windows/subj: min=79 med=141 max=187
** harmonised to shared 17-channel 10-20 montage **

=== LODO modma+opennuero -> mumtaz training/evaluation — stage nrde (58 subjects) ===
 fold   subject true  score pred  ok  win  cumAUC  cumBACC    time
------------------------------------------------------------------------------
    1         1   HC  0.311   HC   Y  120     -       -       0.5s
    2         2   HC  0.288   HC   Y  120     -       -       0.5s
    3         3   HC  0.083   HC   Y  120     -       -       0.5s
    4         4   HC  0.172   HC   Y  120     -       -       0.5s
    5         5   HC  0.210   HC   Y  120     -       -       0.5s
    6         6   HC  0.625  MDD   .  120     -       -       0.5s
    7         7   HC  0.437   HC   Y  120     -       -       0.5s
    8         8   HC  0.176   HC   Y  120     -       -       0.5s
    9         9   HC  0.547  MDD   .  120     -       -       0.5s
   10        10   HC  0.491   HC   Y  120     -       -       0.5s
   11        11   HC  0.621  MDD   .  120     -       -       0.5s
   12        13   HC  0.163   HC   Y  120     -       -       0.5s
   13        14   HC  0.117   HC   Y  120     -       -       0.5s
   14        15   HC  0.282   HC   Y  120     -       -       0.5s
   15        16   HC  0.119   HC   Y  120     -       -       0.5s
   16        17   HC  0.167   HC   Y  120     -       -       0.5s
   17        19   HC  0.314   HC   Y  120     -       -       0.5s
   18        20   HC  0.620  MDD   .  120     -       -       0.5s
   19        21   HC  0.231   HC   Y  120     -       -       0.5s
   20        22   HC  0.267   HC   Y  120     -       -       0.5s
   21        23   HC  0.165   HC   Y  120     -       -       0.5s
   22        24   HC  0.060   HC   Y  120     -       -       0.5s
   23        25   HC  0.177   HC   Y  120     -       -       0.5s
   24        26   HC  0.343   HC   Y  120     -       -       0.5s
   25        27   HC  0.073   HC   Y  120     -       -       0.5s
   26        28   HC  0.987  MDD   .  120     -       -       0.5s
   27        29   HC  0.354   HC   Y  120     -       -       0.5s
   28        30   HC  0.073   HC   Y  120     -       -       0.5s
   29      1001  MDD  0.241   HC   .   79  0.5000   0.4107    0.5s
   30      1002  MDD  0.655  MDD   Y  120  0.7321   0.6607    0.5s
   31      1003  MDD  0.660  MDD   Y   84  0.8095   0.7440    0.5s
   32      1005  MDD  0.705  MDD   Y  120  0.8482   0.7857    0.5s
   33      1006  MDD  0.184   HC   .  120  0.7643   0.7107    0.5s
   34      1007  MDD  0.893  MDD   Y  111  0.7976   0.7440    0.5s
   35      1009  MDD  0.756  MDD   Y  120  0.8214   0.7679    0.5s
   36      1010  MDD  0.395   HC   .  120  0.8125   0.7232    0.5s
   37      1011  MDD  0.434   HC   .  120  0.8056   0.6885    0.5s
   38      1013  MDD  0.317   HC   .  120  0.7929   0.6607    0.5s
   39      1014  MDD  0.895  MDD   Y  120  0.8084   0.6834    0.5s
   40      1015  MDD  0.433   HC   .  120  0.8036   0.6607    0.5s
   41      1017  MDD  0.226   HC   .  120  0.7775   0.6415    0.5s
   42      1018  MDD  0.459   HC   .  120  0.7781   0.6250    0.5s
   43      1019  MDD  0.044   HC   .  120  0.7262   0.6107    0.5s
   44      1020  MDD  0.221   HC   .  120  0.7098   0.5982    0.5s
   45      1021  MDD  0.278   HC   .  120  0.6996   0.5872    0.5s
   46      1022  MDD  0.728  MDD   Y  120  0.7143   0.6052    0.5s
   47      1023  MDD  0.332   HC   .  120  0.7124   0.5949    0.5s
   48      1024  MDD  0.618  MDD   Y  120  0.7196   0.6107    0.5s
   49      1025  MDD  0.969  MDD   Y  120  0.7313   0.6250    0.5s
   50      1026  MDD  0.616  MDD   Y  120  0.7370   0.6380    0.5s
   51      1027  MDD  0.119   HC   .  120  0.7127   0.6281    0.5s
   52      1028  MDD  0.444   HC   .  119  0.7158   0.6190    0.5s
   53      1029  MDD  0.544  MDD   Y  120  0.7200   0.6307    0.5s
   54      1030  MDD  0.558  MDD   Y  119  0.7253   0.6415    0.5s
   55      1031  MDD  0.849  MDD   Y  120  0.7341   0.6515    0.5s
   56      1032  MDD  0.578  MDD   Y  120  0.7385   0.6607    0.5s
   57      1033  MDD  0.587  MDD   Y  120  0.7426   0.6693    0.5s
   58      1034  MDD  0.587  MDD   Y  120  0.7464   0.6774    0.5s
------------------------------------------------------------------------------

FINAL  stage nrde  [LODO modma+opennuero -> mumtaz]  |  58 subjects (30 MDD / 28 HC)
  Subject-level ROC-AUC : 0.7464   (primary)
  Balanced accuracy     : 0.6774  @thr=0.50   |  0.7250  @thr=0.395 (Youden)
  Macro-F1              : 0.6676  @thr=0.50   |  0.7241  @thr=0.395
  Confusion matrix @0.50 (rows=true HC/MDD, cols=pred HC/MDD):
        pred_HC  pred_MDD
  HC        23         5
  MDD       14        16

Total wall time: 34.4s
Saved per-fold results -> /home/hasan/fable's rEEG/results/lodo_mumtaz_nrde_harm_destd.json
