[dataset] modma  raw=/home/hasan/fable's rEEG/EEG_128channels_resting_lanzhou_2015  cache=/home/hasan/fable's rEEG/cache  fs_orig=250->125Hz  ch=128
  [train] mumtaz     58 subjects  (30 MDD / 28 HC)  |  fs=125Hz  ch=17  win=4.0s/500smp  windows/subj: min=79 med=141 max=187
  [train] opennuero  121 subjects  (46 MDD / 75 HC)  |  fs=125Hz  ch=17  win=4.0s/500smp  windows/subj: min=44 med=142 max=209
  [test ] modma      53 subjects  (24 MDD / 29 HC)  |  fs=125Hz  ch=17  win=4.0s/500smp  windows/subj: min=50 med=144 max=165
** harmonised to shared 17-channel 10-20 montage **

=== LODO mumtaz+opennuero -> modma training/evaluation — stage spddann (53 subjects) ===
 fold   subject true  score pred  ok  win  cumAUC  cumBACC    time
------------------------------------------------------------------------------
    1   2010002  MDD  0.470   HC   .  100     -       -      12.0s
    2   2010004  MDD  0.960  MDD   Y   50     -       -      12.0s
    3   2010005  MDD  0.094   HC   .  100     -       -      12.0s
    4   2010006  MDD  0.519  MDD   Y  100     -       -      12.0s
    5   2010008  MDD  0.939  MDD   Y  100     -       -      12.0s
    6   2010010  MDD  0.143   HC   .  100     -       -      12.0s
    7   2010011  MDD  0.222   HC   .  100     -       -      12.0s
    8   2010012  MDD  0.428   HC   .  100     -       -      12.0s
    9   2010013  MDD  0.406   HC   .  100     -       -      12.0s
   10   2010015  MDD  0.224   HC   .  100     -       -      12.0s
   11   2010016  MDD  0.950  MDD   Y  100     -       -      12.0s
   12   2010018  MDD  0.146   HC   .  100     -       -      12.0s
   13   2010019  MDD  0.305   HC   .  100     -       -      12.0s
   14   2010021  MDD  0.814  MDD   Y  100     -       -      12.0s
   15   2010022  MDD  0.816  MDD   Y  100     -       -      12.0s
   16   2010023  MDD  0.509  MDD   Y  100     -       -      12.0s
   17   2010024  MDD  1.000  MDD   Y  100     -       -      12.0s
   18   2010025  MDD  0.363   HC   .  100     -       -      12.0s
   19   2010026  MDD  0.852  MDD   Y  100     -       -      12.0s
   20   2010028  MDD  0.797  MDD   Y  100     -       -      12.0s
   21   2010030  MDD  0.655  MDD   Y  100     -       -      12.0s
   22   2010033  MDD  0.027   HC   .  100     -       -      12.0s
   23   2010034  MDD  0.001   HC   .  100     -       -      12.0s
   24   2010036  MDD  0.368   HC   .  100     -       -      12.0s
   25   2020008   HC  0.114   HC   Y  100  0.8750   0.7292   12.0s
   26   2020010   HC  0.247   HC   Y  100  0.7917   0.7292   12.0s
   27   2020013   HC  0.500   HC   Y  100  0.6806   0.7292   12.0s
   28   2020014   HC  0.235   HC   Y  100  0.6875   0.7292   12.0s
   29   2020015   HC  0.004   HC   Y  100  0.7417   0.7292   12.0s
   30   2020016   HC  0.238   HC   Y  100  0.7361   0.7292   12.0s
   31   2020018   HC  0.618  MDD   .  100  0.6845   0.6577   12.0s
   32   2020019   HC  0.029   HC   Y  100  0.7135   0.6667   12.0s
   33   2020020   HC  0.007   HC   Y  100  0.7407   0.6736   12.0s
   34   2020021   HC  0.277   HC   Y  100  0.7375   0.6792   12.0s
   35   2020022   HC  0.928  MDD   .  100  0.6856   0.6383   12.0s
   36   2020023   HC  0.039   HC   Y  100  0.7049   0.6458   12.0s
   37   2020025   HC  0.422   HC   Y  100  0.6923   0.6522   12.0s
   38   2020026   HC  0.090   HC   Y  100  0.7083   0.6577   12.0s
   39   2020027   HC  0.236   HC   Y  100  0.7083   0.6625   12.0s
   40   2020029   HC  0.354   HC   Y  100  0.7057   0.6667   12.0s
   41   2030002   HC  0.000   HC   Y  100  0.7230   0.6703   12.0s
   42   2030003   HC  0.101   HC   Y  100  0.7315   0.6736   12.0s
   43   2030004   HC  0.570  MDD   .  100  0.7127   0.6502   12.0s
   44   2030005   HC  0.000   HC   Y  100  0.7271   0.6542   12.0s
   45   2030006   HC  0.959  MDD   .  100  0.6964   0.6339   12.0s
   46   2030007   HC  0.247   HC   Y  100  0.6970   0.6383   12.0s
   47   2030009   HC  0.000   HC   Y  100  0.7101   0.6422   12.0s
   48   2030014   HC  0.025   HC   Y  100  0.7205   0.6458   12.0s
   49   2030017   HC  0.032   HC   Y  100  0.7283   0.6492   12.0s
   50   2030018   HC  0.035   HC   Y  100  0.7356   0.6522   12.0s
   51   2030019   HC  0.768  MDD   .  100  0.7207   0.6366   12.0s
   52   2030020   HC  0.781  MDD   .  100  0.7068   0.6220   12.0s
   53   2030021   HC  0.277   HC   Y  100  0.7069   0.6257   12.0s
------------------------------------------------------------------------------

FINAL  stage spddann  [LODO mumtaz+opennuero -> modma]  |  53 subjects (24 MDD / 29 HC)
  Subject-level ROC-AUC : 0.7069   (primary)
  Balanced accuracy     : 0.6257  @thr=0.50   |  0.6990  @thr=0.305 (Youden)
  Macro-F1              : 0.6221  @thr=0.50   |  0.6971  @thr=0.305
  Confusion matrix @0.50 (rows=true HC/MDD, cols=pred HC/MDD):
        pred_HC  pred_MDD
  HC        23         6
  MDD       13        11

Total wall time: 638.6s
Saved per-fold results -> /home/hasan/fable's rEEG/results/lodo_modma_spddann_harm.json
