[dataset] modma  raw=/home/hasan/fable's rEEG/EEG_128channels_resting_lanzhou_2015  cache=/home/hasan/fable's rEEG/cache  fs_orig=250->125Hz  ch=128
  [train] modma      53 subjects  (24 MDD / 29 HC)  |  fs=125Hz  ch=17  win=4.0s/500smp  windows/subj: min=50 med=144 max=165
  [train] mumtaz     58 subjects  (30 MDD / 28 HC)  |  fs=125Hz  ch=17  win=4.0s/500smp  windows/subj: min=79 med=141 max=187
  [test ] opennuero  121 subjects  (46 MDD / 75 HC)  |  fs=125Hz  ch=17  win=4.0s/500smp  windows/subj: min=44 med=142 max=209
** harmonised to shared 17-channel 10-20 montage **

=== LODO modma+mumtaz -> opennuero training/evaluation — stage spddann (121 subjects) ===
 fold   subject true  score pred  ok  win  cumAUC  cumBACC    time
------------------------------------------------------------------------------
/home/hasan/fable's rEEG/triad/spddann.py:292: UserWarning: Converting a tensor with requires_grad=True to a scalar may lead to unexpected behavior.
Consider using tensor.detach() first. (Triggered internally at /pytorch/torch/csrc/autograd/generated/python_variable_methods.cpp:838.)
  tot += float(L_C) * len(bs)
      epoch  10/80  L_C=0.0148 lambd=0.55
      epoch  20/80  L_C=0.0118 lambd=0.85
      epoch  30/80  L_C=0.0666 lambd=0.95
      epoch  40/80  L_C=0.0509 lambd=0.99
      epoch  50/80  L_C=0.0137 lambd=1.00
      epoch  60/80  L_C=0.0788 lambd=1.00
      epoch  70/80  L_C=0.0181 lambd=1.00
      epoch  80/80  L_C=0.0130 lambd=1.00
    1         1   HC  0.301   HC   Y  100     -       -       3.0s
    2         2   HC  0.129   HC   Y  100     -       -       3.0s
    3         3   HC  0.115   HC   Y  100     -       -       3.0s
    4         4   HC  0.313   HC   Y  100     -       -       3.0s
    5         5   HC  0.004   HC   Y  100     -       -       3.0s
    6         6   HC  0.010   HC   Y   96     -       -       2.9s
    7         7   HC  0.051   HC   Y  100     -       -       2.9s
    8         8   HC  0.057   HC   Y  100     -       -       3.0s
    9         9   HC  0.524  MDD   .  100     -       -       3.0s
   10        10   HC  0.075   HC   Y  100     -       -       3.0s
   11        11   HC  0.474   HC   Y  100     -       -       3.0s
   12        12   HC  1.000  MDD   .  100     -       -       3.0s
   13        13   HC  0.002   HC   Y  100     -       -       3.0s
   14        14   HC  0.060   HC   Y  100     -       -       3.0s
   15        15   HC  0.330   HC   Y  100     -       -       2.9s
   16        16   HC  0.932  MDD   .  100     -       -       3.0s
   17        17   HC  0.014   HC   Y  100     -       -       3.0s
   18        18   HC  0.163   HC   Y  100     -       -       3.0s
   19        19   HC  0.005   HC   Y  100     -       -       3.0s
   20        20   HC  0.093   HC   Y  100     -       -       3.0s
   21        21   HC  0.642  MDD   .  100     -       -       3.0s
   22        22   HC  0.059   HC   Y  100     -       -       3.0s
   23        23   HC  0.100   HC   Y  100     -       -       3.0s
   24        24   HC  0.339   HC   Y  100     -       -       3.0s
   25        25   HC  0.254   HC   Y  100     -       -       3.0s
   26        26   HC  0.763  MDD   .  100     -       -       3.0s
   27        27   HC  0.582  MDD   .  100     -       -       3.0s
   28        28   HC  0.068   HC   Y  100     -       -       3.0s
   29        29   HC  0.242   HC   Y  100     -       -       3.0s
   30        30   HC  0.021   HC   Y  100     -       -       3.0s
   31        31   HC  0.924  MDD   .  100     -       -       3.0s
   32        32   HC  0.783  MDD   .  100     -       -       3.0s
   33        33   HC  0.488   HC   Y  100     -       -       2.9s
   34        34   HC  0.000   HC   Y  100     -       -       3.0s
   35        35   HC  0.084   HC   Y  100     -       -       3.0s
   36        36   HC  0.482   HC   Y  100     -       -       3.0s
   37        37   HC  0.402   HC   Y  100     -       -       3.0s
   38        39   HC  0.581  MDD   .  100     -       -       3.0s
   39        40   HC  0.583  MDD   .  100     -       -       2.9s
   40        41   HC  0.028   HC   Y  100     -       -       3.0s
   41        42   HC  0.914  MDD   .  100     -       -       3.0s
   42        43   HC  0.412   HC   Y  100     -       -       2.9s
   43        44   HC  0.409   HC   Y  100     -       -       2.9s
   44        45   HC  0.219   HC   Y  100     -       -       3.0s
   45        46   HC  0.005   HC   Y  100     -       -       2.9s
   46        47   HC  0.446   HC   Y  100     -       -       3.0s
   47        48   HC  0.146   HC   Y  100     -       -       3.0s
   48        49   HC  0.817  MDD   .  100     -       -       3.0s
   49        50   HC  1.000  MDD   .  100     -       -       3.0s
   50        51   HC  0.586  MDD   .  100     -       -       3.0s
   51        52  MDD  1.000  MDD   Y  100  1.0000   0.8600    3.0s
   52        53  MDD  0.270   HC   .  100  0.7500   0.6100    3.0s
   53        54   HC  0.079   HC   Y  100  0.7549   0.6127    2.9s
   54        55  MDD  0.970  MDD   Y  100  0.8235   0.6961    2.9s
   55        56   HC  0.987  MDD   .  100  0.8141   0.6891    3.0s
   56        57   HC  0.324   HC   Y  100  0.8113   0.6918    2.9s
   57        58  MDD  0.668  MDD   Y  100  0.8160   0.7335    2.9s
   58        59  MDD  0.143   HC   .  100  0.7321   0.6585    3.0s
   59        60  MDD  0.104   HC   .   76  0.6698   0.6085    2.9s
   60        61  MDD  0.944  MDD   Y  100  0.7089   0.6442    3.0s
   61        62   HC  0.446   HC   Y  100  0.7063   0.6468    3.0s
   62        63  MDD  0.696  MDD   Y  100  0.7222   0.6736    2.9s
   63        64   HC  0.003   HC   Y  100  0.7273   0.6761    2.9s
   64        65  MDD  0.099   HC   .  100  0.6848   0.6414    3.0s
   65        66  MDD  0.010   HC   .  100  0.6273   0.6136    3.0s
   66        67   HC  0.064   HC   Y  100  0.6321   0.6161    3.0s
   67        68   HC  0.505  MDD   .  100  0.6298   0.6096    2.9s
   68        69   HC  0.683  MDD   .  100  0.6259   0.6034    2.9s
   69        70   HC  0.596  MDD   .  100  0.6237   0.5975    3.0s
   70        71   HC  0.129   HC   Y  100  0.6250   0.6000    3.0s
   71        72   HC  0.376   HC   Y  100  0.6230   0.6025    3.0s
   72        73   HC  0.970  MDD   .  100  0.6161   0.5968    2.9s
   73        74   HC  0.017   HC   Y  100  0.6206   0.5992    3.0s
   74        75   HC  0.002   HC   Y   93  0.6266   0.6016    2.9s
   75        76   HC  0.498   HC   Y   97  0.6246   0.6038    2.9s
   76        77   HC  0.085   HC   Y  100  0.6288   0.6061    2.9s
   77        78   HC  0.101   HC   Y  100  0.6313   0.6082    3.0s
   78        79   HC  0.589  MDD   .  100  0.6294   0.6029    3.0s
   79        80  MDD  0.230   HC   .  100  0.6136   0.5802    3.0s
   80        81  MDD  0.001   HC   .  100  0.5637   0.5613    3.0s
   81        82   HC  0.569  MDD   .  100  0.5616   0.5562    3.0s
   82        83   HC  0.095   HC   Y  100  0.5655   0.5583    3.0s
   83        84  MDD  0.779  MDD   Y  100  0.5890   0.5808    3.0s
   84        85  MDD  0.146   HC   .  100  0.5776   0.5643    2.9s
   85        86  MDD  0.283   HC   .  100  0.5714   0.5500    2.9s
   86        87   HC  0.039   HC   Y  100  0.5756   0.5521    3.0s
   87        88  MDD  0.174   HC   .  100  0.5678   0.5396    3.0s
   88        89  MDD  0.115   HC   .  100  0.5576   0.5286    3.0s
   89        90   HC  0.072   HC   Y  100  0.5621   0.5306    2.9s
   90        91  MDD  0.137   HC   .  100  0.5548   0.5208    2.9s
   91        92  MDD  0.316   HC   .  100  0.5534   0.5121    3.0s
   92        93   HC  0.200   HC   Y  100  0.5530   0.5141    3.0s
   93        94   HC  0.013   HC   Y  100  0.5576   0.5160    2.9s
   94        95   HC  0.561  MDD   .  100  0.5544   0.5112    3.0s
   95        96  MDD  0.409   HC   .  100  0.5573   0.5033    3.0s
   96        97  MDD  0.028   HC   .  100  0.5384   0.4962    3.0s
   97        98  MDD  0.813  MDD   Y  100  0.5545   0.5124    3.0s
   98        99  MDD  0.855  MDD   Y  100  0.5699   0.5272    3.0s
   99       100  MDD  0.344   HC   .  100  0.5700   0.5200    2.9s
  100       101  MDD  0.415   HC   .  100  0.5723   0.5133    3.0s
  101       102  MDD  0.151   HC   .  100  0.5672   0.5072    3.0s
  102       103  MDD  0.130   HC   .  100  0.5620   0.5015    3.0s
  103       104  MDD  0.000   HC   .  100  0.5424   0.4962    3.0s
  104       105  MDD  0.000   HC   .  100  0.5237   0.4913    2.9s
  105       106  MDD  0.747  MDD   Y  100  0.5351   0.5033    2.9s
  106       107  MDD  0.359   HC   .   44  0.5363   0.4985    2.9s
  107       108  MDD  0.907  MDD   Y  100  0.5479   0.5096    3.0s
  108       109  MDD  0.362   HC   .  100  0.5487   0.5048    3.0s
  109       110  MDD  0.215   HC   .  100  0.5463   0.5004    3.0s
  110       111  MDD  0.940  MDD   Y  100  0.5577   0.5105    3.0s
  111       112  MDD  0.404   HC   .  100  0.5589   0.5061    2.9s
  112       113  MDD  0.001   HC   .  100  0.5441   0.5020    2.9s
  113       114  MDD  0.414   HC   .  100  0.5463   0.4981    3.0s
  114       115  MDD  0.330   HC   .  100  0.5463   0.4944    3.0s
  115       116  MDD  0.900  MDD   Y  100  0.5553   0.5033    3.0s
  116       117  MDD  0.090   HC   .  100  0.5499   0.4997    3.0s
  117       118  MDD  0.354   HC   .  100  0.5505   0.4962    2.9s
  118       119  MDD  0.615  MDD   Y  100  0.5572   0.5045    2.9s
  119       120  MDD  0.592  MDD   Y  100  0.5633   0.5124    3.0s
  120       121  MDD  0.527  MDD   Y  100  0.5671   0.5200    3.0s
  121       122  MDD  0.173   HC   .  100  0.5646   0.5164    2.9s
------------------------------------------------------------------------------

FINAL  stage spddann  [LODO modma+mumtaz -> opennuero]  |  121 subjects (46 MDD / 75 HC)
  Subject-level ROC-AUC : 0.5646   (primary)
  Balanced accuracy     : 0.5164  @thr=0.50   |  0.6064  @thr=0.104 (Youden)
  Macro-F1              : 0.5141  @thr=0.50   |  0.5512  @thr=0.104
  Confusion matrix @0.50 (rows=true HC/MDD, cols=pred HC/MDD):
        pred_HC  pred_MDD
  HC        53        22
  MDD       31        15

Total wall time: 358.3s
Saved per-fold results -> /home/hasan/fable's rEEG/results/lodo_opennuero_spddann_harm.json
