10 subjects  (5 MDD / 5 HC)  |  fs=125Hz  ch=125  win=4.0s/500smp  windows/subj: min=42 med=116 max=146

=== LOSO training/evaluation — stage mbds (10 folds) ===
 fold   subject true  score pred  ok  win  cumAUC  cumBACC    time
------------------------------------------------------------------------------
  ... fold  1/10: training on 9 subjects (held-out sid=2010002) ...
  [mbds] fitting band=delta ...
  [mbds] fitting band=theta ...
  [mbds] fitting band=alpha ...
  [mbds] fitting band=beta ...
  [mbds] fitting band=gamma ...
      [ds sid=2010002 y=1] meanp=0.486 medp=0.486 meanlogit=-0.054
      [ds sid=2010002 y=1] meanp=0.447 medp=0.447 meanlogit=-0.213
      [ds sid=2010002 y=1] meanp=0.482 medp=0.486 meanlogit=-0.074
      [ds sid=2010002 y=1] meanp=0.497 medp=0.497 meanlogit=-0.013
      [ds sid=2010002 y=1] meanp=0.479 medp=0.479 meanlogit=-0.082
      [mbds sid=2010002 y=1] delta=0.49 theta=0.45 alpha=0.48 beta=0.50 gamma=0.48  mean=0.478
    1   2010002  MDD  0.478   HC   .  120     -       -      31.1s
  ... fold  2/10: training on 9 subjects (held-out sid=2010004) ...
  [mbds] fitting band=delta ...
  [mbds] fitting band=theta ...
  [mbds] fitting band=alpha ...
  [mbds] fitting band=beta ...
  [mbds] fitting band=gamma ...
      [ds sid=2010004 y=1] meanp=0.480 medp=0.481 meanlogit=-0.082
      [ds sid=2010004 y=1] meanp=0.486 medp=0.485 meanlogit=-0.055
      [ds sid=2010004 y=1] meanp=0.304 medp=0.307 meanlogit=-0.849
      [ds sid=2010004 y=1] meanp=0.487 medp=0.487 meanlogit=-0.053
      [ds sid=2010004 y=1] meanp=0.502 medp=0.501 meanlogit=+0.008
      [mbds sid=2010004 y=1] delta=0.48 theta=0.49 alpha=0.30 beta=0.49 gamma=0.50  mean=0.452
    2   2010004  MDD  0.452   HC   .   44     -       -      15.5s
  ... fold  3/10: training on 9 subjects (held-out sid=2010005) ...
  [mbds] fitting band=delta ...
  [mbds] fitting band=theta ...
  [mbds] fitting band=alpha ...
  [mbds] fitting band=beta ...
  [mbds] fitting band=gamma ...
      [ds sid=2010005 y=1] meanp=0.447 medp=0.445 meanlogit=-0.213
      [ds sid=2010005 y=1] meanp=0.457 medp=0.456 meanlogit=-0.173
      [ds sid=2010005 y=1] meanp=0.312 medp=0.308 meanlogit=-0.798
      [ds sid=2010005 y=1] meanp=0.467 medp=0.467 meanlogit=-0.131
      [ds sid=2010005 y=1] meanp=0.440 medp=0.440 meanlogit=-0.243
      [mbds sid=2010005 y=1] delta=0.45 theta=0.46 alpha=0.31 beta=0.47 gamma=0.44  mean=0.425
    3   2010005  MDD  0.425   HC   .  120     -       -      14.1s
  ... fold  4/10: training on 9 subjects (held-out sid=2010006) ...
  [mbds] fitting band=delta ...
  [mbds] fitting band=theta ...
  [mbds] fitting band=alpha ...
  [mbds] fitting band=beta ...
  [mbds] fitting band=gamma ...
      [ds sid=2010006 y=1] meanp=0.463 medp=0.462 meanlogit=-0.148
      [ds sid=2010006 y=1] meanp=0.477 medp=0.477 meanlogit=-0.094
      [ds sid=2010006 y=1] meanp=0.384 medp=0.381 meanlogit=-0.478
      [ds sid=2010006 y=1] meanp=0.458 medp=0.463 meanlogit=-0.170
      [ds sid=2010006 y=1] meanp=0.453 medp=0.455 meanlogit=-0.189
      [mbds sid=2010006 y=1] delta=0.46 theta=0.48 alpha=0.38 beta=0.46 gamma=0.45  mean=0.447
    4   2010006  MDD  0.447   HC   .  120     -       -      15.0s
  ... fold  5/10: training on 9 subjects (held-out sid=2010008) ...
  [mbds] fitting band=delta ...
  [mbds] fitting band=theta ...
  [mbds] fitting band=alpha ...
  [mbds] fitting band=beta ...
  [mbds] fitting band=gamma ...
      [ds sid=2010008 y=1] meanp=0.491 medp=0.492 meanlogit=-0.035
      [ds sid=2010008 y=1] meanp=0.484 medp=0.486 meanlogit=-0.063
      [ds sid=2010008 y=1] meanp=0.498 medp=0.498 meanlogit=-0.009
      [ds sid=2010008 y=1] meanp=0.487 medp=0.486 meanlogit=-0.053
      [ds sid=2010008 y=1] meanp=0.482 medp=0.481 meanlogit=-0.073
      [mbds sid=2010008 y=1] delta=0.49 theta=0.48 alpha=0.50 beta=0.49 gamma=0.48  mean=0.488
    5   2010008  MDD  0.488   HC   .  120     -       -      14.6s
  ... fold  6/10: training on 9 subjects (held-out sid=2020008) ...
  [mbds] fitting band=delta ...
  [mbds] fitting band=theta ...
  [mbds] fitting band=alpha ...
  [mbds] fitting band=beta ...
  [mbds] fitting band=gamma ...
      [ds sid=2020008 y=0] meanp=0.489 medp=0.487 meanlogit=-0.044
      [ds sid=2020008 y=0] meanp=0.342 medp=0.339 meanlogit=-0.667
      [ds sid=2020008 y=0] meanp=0.506 medp=0.518 meanlogit=+0.022
      [ds sid=2020008 y=0] meanp=0.496 medp=0.493 meanlogit=-0.015
      [ds sid=2020008 y=0] meanp=0.503 medp=0.506 meanlogit=+0.013
      [mbds sid=2020008 y=0] delta=0.49 theta=0.34 alpha=0.51 beta=0.50 gamma=0.50  mean=0.467
    6   2020008   HC  0.467   HC   Y   42  0.4000   0.5000   16.9s
  ... fold  7/10: training on 9 subjects (held-out sid=2020010) ...
  [mbds] fitting band=delta ...
  [mbds] fitting band=theta ...
  [mbds] fitting band=alpha ...
  [mbds] fitting band=beta ...
  [mbds] fitting band=gamma ...
      [ds sid=2020010 y=0] meanp=0.459 medp=0.459 meanlogit=-0.163
      [ds sid=2020010 y=0] meanp=0.573 medp=0.583 meanlogit=+0.296
      [ds sid=2020010 y=0] meanp=0.560 medp=0.561 meanlogit=+0.240
      [ds sid=2020010 y=0] meanp=0.472 medp=0.472 meanlogit=-0.113
      [ds sid=2020010 y=0] meanp=0.464 medp=0.464 meanlogit=-0.144
      [mbds sid=2020010 y=0] delta=0.46 theta=0.57 alpha=0.56 beta=0.47 gamma=0.46  mean=0.505
    7   2020010   HC  0.505  MDD   .  112  0.2000   0.2500   15.0s
  ... fold  8/10: training on 9 subjects (held-out sid=2020013) ...
  [mbds] fitting band=delta ...
  [mbds] fitting band=theta ...
  [mbds] fitting band=alpha ...
  [mbds] fitting band=beta ...
  [mbds] fitting band=gamma ...
      [ds sid=2020013 y=0] meanp=0.469 medp=0.469 meanlogit=-0.124
      [ds sid=2020013 y=0] meanp=0.546 medp=0.545 meanlogit=+0.186
      [ds sid=2020013 y=0] meanp=0.558 medp=0.565 meanlogit=+0.234
      [ds sid=2020013 y=0] meanp=0.492 medp=0.492 meanlogit=-0.034
      [ds sid=2020013 y=0] meanp=0.602 medp=0.607 meanlogit=+0.414
      [mbds sid=2020013 y=0] delta=0.47 theta=0.55 alpha=0.56 beta=0.49 gamma=0.60  mean=0.533
    8   2020013   HC  0.533  MDD   .  113  0.1333   0.1667   16.5s
  ... fold  9/10: training on 9 subjects (held-out sid=2020014) ...
  [mbds] fitting band=delta ...
  [mbds] fitting band=theta ...
  [mbds] fitting band=alpha ...
  [mbds] fitting band=beta ...
  [mbds] fitting band=gamma ...
      [ds sid=2020014 y=0] meanp=0.463 medp=0.464 meanlogit=-0.147
      [ds sid=2020014 y=0] meanp=0.488 medp=0.499 meanlogit=-0.051
      [ds sid=2020014 y=0] meanp=0.455 medp=0.440 meanlogit=-0.182
      [ds sid=2020014 y=0] meanp=0.453 medp=0.454 meanlogit=-0.189
      [ds sid=2020014 y=0] meanp=0.442 medp=0.443 meanlogit=-0.232
      [mbds sid=2020014 y=0] delta=0.46 theta=0.49 alpha=0.46 beta=0.45 gamma=0.44  mean=0.460
    9   2020014   HC  0.460   HC   Y   66  0.2000   0.2500   16.6s
  ... fold 10/10: training on 9 subjects (held-out sid=2020015) ...
  [mbds] fitting band=delta ...
  [mbds] fitting band=theta ...
  [mbds] fitting band=alpha ...
  [mbds] fitting band=beta ...
  [mbds] fitting band=gamma ...
      [ds sid=2020015 y=0] meanp=0.476 medp=0.476 meanlogit=-0.097
      [ds sid=2020015 y=0] meanp=0.478 medp=0.479 meanlogit=-0.088
      [ds sid=2020015 y=0] meanp=0.508 medp=0.509 meanlogit=+0.031
      [ds sid=2020015 y=0] meanp=0.491 medp=0.491 meanlogit=-0.034
      [ds sid=2020015 y=0] meanp=0.485 medp=0.486 meanlogit=-0.058
      [mbds sid=2020015 y=0] delta=0.48 theta=0.48 alpha=0.51 beta=0.49 gamma=0.49  mean=0.488
   10   2020015   HC  0.488   HC   Y  120  0.2000   0.3000   14.2s
------------------------------------------------------------------------------

FINAL  stage mbds  |  10 subjects (5 MDD / 5 HC)
  Subject-level ROC-AUC : 0.2000   (primary)
  Balanced accuracy     : 0.3000  @thr=0.50   |  0.5000  @thr=0.425 (Youden)
  Macro-F1              : 0.2308  @thr=0.50   |  0.3333  @thr=0.425
  Confusion matrix @0.50 (rows=true HC/MDD, cols=pred HC/MDD):
        pred_HC  pred_MDD
  HC         3         2
  MDD        5         0

Total wall time: 170.7s
Saved per-fold results -> /home/hasan/fable's rEEG/results/mbds_loso.json
