53 subjects  (24 MDD / 29 HC)  |  fs=125Hz  ch=125  win=4.0s/500smp  windows/subj: min=42 med=127 max=160

=== 10-fold CV training/evaluation — stage mlp (53 subjects) ===
 fold   subject true  score pred  ok  win  cumAUC  cumBACC    time
------------------------------------------------------------------------------
  ... fold  1/10: training on 47 subjects (held-out: 2010005, 2010012, 2010016, 2020019, 2020021, 2030002) ...
    1   2010005  MDD  0.502  MDD   Y  120     -       -      28.4s
    2   2010012  MDD  0.503  MDD   Y  112     -       -      28.5s
    3   2010016  MDD  0.474   HC   .  120     -       -      28.5s
    4   2020019   HC  0.462   HC   Y   90  1.0000   0.8333   27.9s
    5   2020021   HC  0.467   HC   Y  120  1.0000   0.8333   28.1s
    6   2030002   HC  0.524  MDD   .  120  0.6667   0.6667   28.0s
  ... fold  2/10: training on 47 subjects (held-out: 2010015, 2010021, 2010022, 2020016, 2020020, 2020029) ...
    7   2010015  MDD  0.492   HC   .  120  0.6667   0.5833    3.0s
    8   2010021  MDD  0.488   HC   .  120  0.6667   0.5333    3.0s
    9   2010022  MDD  0.524  MDD   Y  107  0.6667   0.5833    3.0s
   10   2020016   HC  0.484   HC   Y  119  0.7083   0.6250    3.0s
   11   2020020   HC  0.489   HC   Y  120  0.7000   0.6500    3.1s
   12   2020029   HC  0.498   HC   Y   96  0.6667   0.6667    3.0s
  ... fold  3/10: training on 47 subjects (held-out: 2010002, 2010028, 2010036, 2020013, 2020023, 2020026) ...
   13   2010002  MDD  0.545  MDD   Y  120  0.7143   0.7024    2.9s
   14   2010028  MDD  0.487   HC   .  120  0.6875   0.6667    2.9s
   15   2010036  MDD  0.493   HC   .   99  0.6852   0.6389    2.9s
   16   2020013   HC  0.492   HC   Y  113  0.6667   0.6508    2.9s
   17   2020023   HC  0.579  MDD   .  120  0.5833   0.5972    2.9s
   18   2020026   HC  0.500  MDD   .  120  0.5679   0.5556    2.9s
  ... fold  4/10: training on 48 subjects (held-out: 2010008, 2010010, 2010030, 2020010, 2030009) ...
   19   2010008  MDD  0.305   HC   .  120  0.5111   0.5333    3.5s
   20   2010010  MDD  0.448   HC   .   92  0.4646   0.5152    3.5s
   21   2010030  MDD  0.824  MDD   Y  120  0.5093   0.5417    3.5s
   22   2020010   HC  0.073   HC   Y  112  0.5583   0.5583    3.5s
   23   2030009   HC  0.051   HC   Y   95  0.5985   0.5720    3.5s
  ... fold  5/10: training on 48 subjects (held-out: 2010011, 2010018, 2020014, 2020022, 2030021) ...
   24   2010011  MDD  0.485   HC   .  120  0.5874   0.5559    3.5s
   25   2010018  MDD  0.488   HC   .  120  0.5779   0.5422    3.6s
   26   2020014   HC  0.479   HC   Y   66  0.5952   0.5536    3.5s
   27   2020022   HC  0.494   HC   Y  120  0.5769   0.5632    3.5s
   28   2030021   HC  0.447   HC   Y  120  0.6020   0.5714    3.5s
  ... fold  6/10: training on 48 subjects (held-out: 2010019, 2010033, 2030006, 2030007, 2030014) ...
   29   2010019  MDD  0.506  MDD   Y  120  0.6190   0.5929    3.6s
   30   2010033  MDD  0.472   HC   .  120  0.6027   0.5804    3.5s
   31   2030006   HC  0.482   HC   Y  120  0.6125   0.5875    3.5s
   32   2030007   HC  0.432   HC   Y  120  0.6328   0.5938    3.5s
   33   2030014   HC  0.502  MDD   .  120  0.6176   0.5699    3.5s
  ... fold  7/10: training on 48 subjects (held-out: 2010004, 2010024, 2020008, 2020018, 2030004) ...
   34   2010004  MDD  0.497   HC   .   44  0.6228   0.5588    3.5s
   35   2010024  MDD  0.536  MDD   Y  120  0.6405   0.5768    3.6s
   36   2020008   HC  0.520  MDD   .   42  0.6173   0.5556    3.5s
   37   2020018   HC  0.518  MDD   .   95  0.5965   0.5365    3.5s
   38   2030004   HC  0.480   HC   Y  120  0.6056   0.5444    3.6s
  ... fold  8/10: training on 48 subjects (held-out: 2010006, 2010034, 2020015, 2030005, 2030019) ...
   39   2010006  MDD  0.315   HC   .  120  0.5789   0.5342    3.5s
   40   2010034  MDD  0.482   HC   .   70  0.5725   0.5250    3.4s
   41   2020015   HC  0.498   HC   Y  120  0.5619   0.5321    3.5s
   42   2030005   HC  0.327   HC   Y   90  0.5773   0.5386    3.5s
   43   2030019   HC  0.249   HC   Y  120  0.5957   0.5446    3.5s
  ... fold  9/10: training on 48 subjects (held-out: 2010013, 2010025, 2020027, 2030017, 2030020) ...
   44   2010013  MDD  0.700  MDD   Y  120  0.6149   0.5600    3.5s
   45   2010025  MDD  0.372   HC   .  120  0.5949   0.5514    3.5s
   46   2020027   HC  0.239   HC   Y  120  0.6117   0.5568    3.5s
   47   2030017   HC  0.285   HC   Y  120  0.6273   0.5618    3.5s
   48   2030020   HC  0.568  MDD   .  120  0.6066   0.5472    3.5s
  ... fold 10/10: training on 48 subjects (held-out: 2010023, 2010026, 2020025, 2030003, 2030018) ...
   49   2010023  MDD  0.505  MDD   Y  120  0.6154   0.5610    3.5s
   50   2010026  MDD  0.531  MDD   Y  115  0.6282   0.5737    3.6s
   51   2020025   HC  0.466   HC   Y  120  0.6358   0.5787    3.6s
   52   2030003   HC  0.496   HC   Y   94  0.6295   0.5833    3.5s
   53   2030018   HC  0.540  MDD   .  104  0.6121   0.5704    3.8s
------------------------------------------------------------------------------

FINAL  stage mlp  [10-fold CV]  |  53 subjects (24 MDD / 29 HC)
  Subject-level ROC-AUC : 0.6121   (primary)
  Balanced accuracy     : 0.5704  @thr=0.50   |  0.6164  @thr=0.482 (Youden)
  Macro-F1              : 0.5662  @thr=0.50   |  0.6015  @thr=0.482
  Confusion matrix @0.50 (rows=true HC/MDD, cols=pred HC/MDD):
        pred_HC  pred_MDD
  HC        21         8
  MDD       14        10

Total wall time: 329.2s
Saved per-fold results -> /home/hasan/fable's rEEG/results/mlp_cv10.json
