[dataset] modma  raw=/home/hasan/fable's rEEG/EEG_128channels_resting_lanzhou_2015  cache=/home/hasan/fable's rEEG/cache  fs_orig=250->125Hz  ch=128
** harmonised to shared 17-channel 10-20 montage **
53 subjects  (24 MDD / 29 HC)  |  fs=125Hz  ch=17  win=4.0s/500smp  windows/subj: min=50 med=144 max=165

=== 10-fold CV training/evaluation — stage nrde (53 subjects) ===
 fold   subject true  score pred  ok  win  cumAUC  cumBACC    time
------------------------------------------------------------------------------
  ... fold  1/10: training on 47 subjects (held-out: 2010005, 2010012, 2010016, 2020019, 2020021, 2030002) ...
    1   2010005  MDD  0.997  MDD   Y  120     -       -       1.4s
    2   2010012  MDD  0.857  MDD   Y  120     -       -       1.3s
    3   2010016  MDD  0.806  MDD   Y  120     -       -       1.3s
    4   2020019   HC  0.038   HC   Y  110  1.0000   1.0000    1.3s
    5   2020021   HC  0.539  MDD   .  120  1.0000   0.7500    1.3s
    6   2030002   HC  0.394   HC   Y  120  1.0000   0.8333    1.3s
  ... fold  2/10: training on 47 subjects (held-out: 2010015, 2010021, 2010022, 2020016, 2020020, 2020029) ...
    7   2010015  MDD  0.019   HC   .  120  0.7500   0.7083    0.1s
    8   2010021  MDD  0.001   HC   .  120  0.6000   0.6333    0.1s
    9   2010022  MDD  0.948  MDD   Y  120  0.6667   0.6667    0.1s
   10   2020016   HC  0.036   HC   Y  120  0.6667   0.7083    0.1s
   11   2020020   HC  0.003   HC   Y  120  0.7000   0.7333    0.1s
   12   2020029   HC  0.012   HC   Y  120  0.7222   0.7500    0.1s
  ... fold  3/10: training on 47 subjects (held-out: 2010002, 2010028, 2010036, 2020013, 2020023, 2020026) ...
   13   2010002  MDD  0.968  MDD   Y  120  0.7619   0.7738    0.1s
   14   2010028  MDD  0.100   HC   .  120  0.7500   0.7292    0.1s
   15   2010036  MDD  0.809  MDD   Y  120  0.7778   0.7500    0.1s
   16   2020013   HC  0.352   HC   Y  120  0.7619   0.7619    0.1s
   17   2020023   HC  0.041   HC   Y  120  0.7639   0.7708    0.1s
   18   2020026   HC  0.237   HC   Y  120  0.7531   0.7778    0.1s
  ... fold  4/10: training on 48 subjects (held-out: 2010008, 2010010, 2010030, 2020010, 2030009) ...
   19   2010008  MDD  0.726  MDD   Y  120  0.7778   0.7944    0.1s
   20   2010010  MDD  0.673  MDD   Y  120  0.7980   0.8081    0.1s
   21   2010030  MDD  0.328   HC   .  120  0.7870   0.7778    0.1s
   22   2020010   HC  0.893  MDD   .  120  0.7333   0.7333    0.1s
   23   2030009   HC  0.359   HC   Y  120  0.7273   0.7424    0.1s
  ... fold  5/10: training on 48 subjects (held-out: 2010011, 2010018, 2020014, 2020022, 2030021) ...
   24   2010011  MDD  0.802  MDD   Y  120  0.7413   0.7552    0.1s
   25   2010018  MDD  0.138   HC   .  120  0.7208   0.7305    0.1s
   26   2020014   HC  0.791  MDD   .  103  0.7024   0.6964    0.1s
   27   2020022   HC  0.069   HC   Y  120  0.7143   0.7060    0.1s
   28   2030021   HC  0.926  MDD   .  120  0.6786   0.6786    0.1s
  ... fold  6/10: training on 48 subjects (held-out: 2010019, 2010033, 2030006, 2030007, 2030014) ...
   29   2010019  MDD  0.409   HC   .  120  0.6810   0.6571    0.1s
   30   2010033  MDD  0.251   HC   .  120  0.6696   0.6384    0.1s
   31   2030006   HC  0.000   HC   Y  120  0.6917   0.6479    0.1s
   32   2030007   HC  0.882  MDD   .  120  0.6602   0.6250    0.1s
   33   2030014   HC  0.982  MDD   .  120  0.6250   0.6048    0.1s
  ... fold  7/10: training on 48 subjects (held-out: 2010004, 2010024, 2020008, 2020018, 2030004) ...
   34   2010004  MDD  1.000  MDD   Y   50  0.6471   0.6176    0.1s
   35   2010024  MDD  1.000  MDD   Y  120  0.6667   0.6291    0.1s
   36   2020008   HC  0.037   HC   Y  104  0.6790   0.6389    0.1s
   37   2020018   HC  0.000   HC   Y  120  0.6959   0.6477    0.1s
   38   2030004   HC  0.242   HC   Y  120  0.7000   0.6556    0.1s
  ... fold  8/10: training on 48 subjects (held-out: 2010006, 2010034, 2020015, 2030005, 2030019) ...
   39   2010006  MDD  0.930  MDD   Y  120  0.7132   0.6658    0.1s
   40   2010034  MDD  0.052   HC   .  120  0.6975   0.6500    0.1s
   41   2020015   HC  0.985  MDD   .  120  0.6714   0.6333    0.1s
   42   2030005   HC  0.004   HC   Y  120  0.6841   0.6409    0.1s
   43   2030019   HC  0.023   HC   Y  120  0.6935   0.6478    0.1s
  ... fold  9/10: training on 48 subjects (held-out: 2010013, 2010025, 2020027, 2030017, 2030020) ...
   44   2010013  MDD  0.999  MDD   Y  120  0.7081   0.6573    0.1s
   45   2010025  MDD  0.486   HC   .  120  0.7075   0.6433    0.1s
   46   2020027   HC  0.020   HC   Y  120  0.7159   0.6496    0.1s
   47   2030017   HC  0.710  MDD   .  120  0.7091   0.6355    0.1s
   48   2030020   HC  1.000  MDD   .  120  0.6818   0.6224    0.1s
  ... fold 10/10: training on 48 subjects (held-out: 2010023, 2010026, 2020025, 2030003, 2030018) ...
   49   2010023  MDD  0.051   HC   .  120  0.6706   0.6095    0.1s
   50   2010026  MDD  0.618  MDD   Y  120  0.6715   0.6186    0.1s
   51   2020025   HC  0.086   HC   Y  120  0.6775   0.6250    0.1s
   52   2030003   HC  0.478   HC   Y  120  0.6756   0.6310    0.1s
   53   2030018   HC  0.987  MDD   .  120  0.6580   0.6193    0.1s
------------------------------------------------------------------------------

FINAL  stage nrde  [10-fold CV]  |  53 subjects (24 MDD / 29 HC)
  Subject-level ROC-AUC : 0.6580   (primary)
  Balanced accuracy     : 0.6193  @thr=0.50   |  0.6480  @thr=0.051 (Youden)
  Macro-F1              : 0.6193  @thr=0.50   |  0.6057  @thr=0.051
  Confusion matrix @0.50 (rows=true HC/MDD, cols=pred HC/MDD):
        pred_HC  pred_MDD
  HC        19        10
  MDD       10        14

Total wall time: 12.4s
Saved per-fold results -> /home/hasan/fable's rEEG/results/nrde_cv10_harm.json
