[dataset] mumtaz  raw=/home/hasan/fable's rEEG/Mumtaz  cache=/home/hasan/fable's rEEG/cache/mumtaz  fs_orig=256->125Hz  ch=19
** harmonised to shared 17-channel 10-20 montage **
58 subjects  (30 MDD / 28 HC)  |  fs=125Hz  ch=17  win=4.0s/500smp  windows/subj: min=79 med=141 max=187

=== 10-fold CV training/evaluation — stage nr (58 subjects) ===
 fold   subject true  score pred  ok  win  cumAUC  cumBACC    time
------------------------------------------------------------------------------
  ... fold  1/10: training on 52 subjects (held-out: 5, 13, 16, 1001, 1017, 1023) ...
    1         5   HC  0.352   HC   Y  120     -       -       0.8s
    2        13   HC  0.594  MDD   .  120     -       -       0.7s
    3        16   HC  0.471   HC   Y  120     -       -       0.7s
    4      1001  MDD  0.348   HC   .   79  0.0000   0.3333    0.7s
    5      1017  MDD  0.463   HC   .  120  0.1667   0.3333    0.7s
    6      1023  MDD  0.794  MDD   Y  120  0.4444   0.5000    0.7s
  ... fold  2/10: training on 52 subjects (held-out: 14, 15, 20, 1002, 1015, 1022) ...
    7        14   HC  0.262   HC   Y  120  0.5833   0.5417    0.1s
    8        15   HC  0.827  MDD   .  120  0.4667   0.4667    0.1s
    9        20   HC  0.697  MDD   .  120  0.4444   0.4167    0.1s
   10      1002  MDD  0.975  MDD   Y  120  0.5833   0.5000    0.1s
   11      1015  MDD  0.236   HC   .  120  0.4667   0.4500    0.1s
   12      1022  MDD  0.754  MDD   Y  120  0.5278   0.5000    0.1s
  ... fold  3/10: training on 52 subjects (held-out: 3, 26, 30, 1007, 1019, 1021) ...
   13         3   HC  0.576  MDD   .  120  0.5238   0.4643    0.1s
   14        26   HC  0.683  MDD   .  120  0.5208   0.4375    0.1s
   15        30   HC  0.237   HC   Y  120  0.5556   0.4722    0.1s
   16      1007  MDD  0.887  MDD   Y  111  0.6190   0.5079    0.1s
   17      1019  MDD  0.556  MDD   Y  120  0.5972   0.5347    0.1s
   18      1021  MDD  0.273   HC   .  120  0.5556   0.5000    0.1s
  ... fold  4/10: training on 52 subjects (held-out: 1, 9, 27, 1011, 1030, 1033) ...
   19         1   HC  0.532  MDD   .  120  0.5556   0.4778    0.1s
   20         9   HC  0.499   HC   Y  120  0.5556   0.5051    0.1s
   21        27   HC  0.234   HC   Y  120  0.5926   0.5278    0.1s
   22      1011  MDD  0.118   HC   .  120  0.5333   0.5000    0.1s
   23      1030  MDD  0.340   HC   .  119  0.5076   0.4773    0.1s
   24      1033  MDD  0.900  MDD   Y  120  0.5486   0.5000    0.1s
  ... fold  5/10: training on 52 subjects (held-out: 6, 10, 28, 1005, 1013, 1028) ...
   25         6   HC  0.309   HC   Y  120  0.5641   0.5192    0.1s
   26        10   HC  0.267   HC   Y  120  0.5833   0.5357    0.1s
   27        28   HC  0.655  MDD   .  120  0.5722   0.5167    0.1s
   28      1005  MDD  0.418   HC   .  120  0.5590   0.4974    0.1s
   29      1013  MDD  0.280   HC   .  120  0.5381   0.4810    0.1s
   30      1028  MDD  0.769  MDD   Y  119  0.5644   0.5000    0.1s
  ... fold  6/10: training on 52 subjects (held-out: 7, 11, 17, 1020, 1029, 1031) ...
   31         7   HC  0.702  MDD   .  120  0.5542   0.4833    0.1s
   32        11   HC  0.443   HC   Y  120  0.5529   0.4980    0.1s
   33        17   HC  0.268   HC   Y  120  0.5704   0.5111    0.1s
   34      1020  MDD  0.298   HC   .  120  0.5521   0.4965    0.1s
   35      1029  MDD  0.442   HC   .  120  0.5425   0.4837    0.1s
   36      1031  MDD  0.638  MDD   Y  120  0.5525   0.5000    0.1s
  ... fold  7/10: training on 52 subjects (held-out: 23, 25, 29, 1006, 1024, 1026) ...
   37        23   HC  0.259   HC   Y  120  0.5702   0.5117    0.1s
   38        25   HC  0.657  MDD   .  120  0.5583   0.4972    0.1s
   39        29   HC  0.057   HC   Y  120  0.5794   0.5079    0.1s
   40      1006  MDD  0.247   HC   .  120  0.5564   0.4962    0.1s
   41      1024  MDD  0.276   HC   .  120  0.5452   0.4857    0.1s
   42      1026  MDD  0.399   HC   .  120  0.5397   0.4762    0.1s
  ... fold  8/10: training on 52 subjects (held-out: 4, 8, 19, 1003, 1014, 1027) ...
   43         4   HC  0.540  MDD   .  120  0.5325   0.4632    0.1s
   44         8   HC  0.290   HC   Y  120  0.5404   0.4731    0.1s
   45        19   HC  0.008   HC   Y  120  0.5595   0.4821    0.1s
   46      1003  MDD  0.768  MDD   Y   84  0.5777   0.4962    0.1s
   47      1014  MDD  0.287   HC   .  120  0.5670   0.4873    0.1s
   48      1027  MDD  0.263   HC   .  120  0.5538   0.4792    0.1s
  ... fold  9/10: training on 53 subjects (held-out: 2, 22, 1010, 1018, 1032) ...
   49         2   HC  0.150   HC   Y  120  0.5700   0.4875    0.1s
   50        22   HC  0.659  MDD   .  120  0.5593   0.4760    0.1s
   51      1010  MDD  0.171   HC   .  120  0.5415   0.4685    0.1s
   52      1018  MDD  0.999  MDD   Y  120  0.5592   0.4808    0.1s
   53      1032  MDD  0.967  MDD   Y  120  0.5755   0.4922    0.1s
  ... fold 10/10: training on 53 subjects (held-out: 21, 24, 1009, 1025, 1034) ...
   54        21   HC  0.426   HC   Y  120  0.5720   0.5000    0.1s
   55        24   HC  0.195   HC   Y  120  0.5847   0.5073    0.1s
   56      1009  MDD  0.817  MDD   Y  120  0.5982   0.5179    0.1s
   57      1025  MDD  0.361   HC   .  120  0.5936   0.5105    0.1s
   58      1034  MDD  0.872  MDD   Y  120  0.6071   0.5202    0.1s
------------------------------------------------------------------------------

FINAL  stage nr  [10-fold CV]  |  58 subjects (30 MDD / 28 HC)
  Subject-level ROC-AUC : 0.6071   (primary)
  Balanced accuracy     : 0.5202  @thr=0.50   |  0.6655  @thr=0.754 (Youden)
  Macro-F1              : 0.5149  @thr=0.50   |  0.6268  @thr=0.754
  Confusion matrix @0.50 (rows=true HC/MDD, cols=pred HC/MDD):
        pred_HC  pred_MDD
  HC        17        11
  MDD       17        13

Total wall time: 10.0s
Saved per-fold results -> /home/hasan/fable's rEEG/results/mumtaz_nr_cv10_harm.json
