[dataset] mumtaz  raw=/home/hasan/fable's rEEG/Mumtaz  cache=/home/hasan/fable's rEEG/cache/mumtaz  fs_orig=256->125Hz  ch=19
58 subjects  (30 MDD / 28 HC)  |  fs=125Hz  ch=19  win=4.0s/500smp  windows/subj: min=77 med=141 max=187

=== 10-fold CV training/evaluation — stage nr (58 subjects) ===
 fold   subject true  score pred  ok  win  cumAUC  cumBACC    time
------------------------------------------------------------------------------
  ... fold  1/10: training on 52 subjects (held-out: 5, 13, 16, 1001, 1017, 1023) ...
    1         5   HC  0.193   HC   Y  120     -       -       0.9s
    2        13   HC  0.352   HC   Y  120     -       -       0.8s
    3        16   HC  0.371   HC   Y  120     -       -       0.8s
    4      1001  MDD  0.342   HC   .   77  0.3333   0.5000    0.8s
    5      1017  MDD  0.623  MDD   Y  120  0.6667   0.7500    0.8s
    6      1023  MDD  0.752  MDD   Y  120  0.7778   0.8333    0.8s
  ... fold  2/10: training on 52 subjects (held-out: 14, 15, 20, 1002, 1015, 1022) ...
    7        14   HC  0.216   HC   Y  120  0.8333   0.8333    0.1s
    8        15   HC  0.702  MDD   .  120  0.7333   0.7333    0.1s
    9        20   HC  0.825  MDD   .  120  0.6111   0.6667    0.1s
   10      1002  MDD  0.987  MDD   Y  120  0.7083   0.7083    0.1s
   11      1015  MDD  0.212   HC   .  120  0.6000   0.6333    0.1s
   12      1022  MDD  0.799  MDD   Y  120  0.6389   0.6667    0.1s
  ... fold  3/10: training on 52 subjects (held-out: 3, 26, 30, 1007, 1019, 1021) ...
   13         3   HC  0.468   HC   Y  120  0.6429   0.6905    0.1s
   14        26   HC  0.911  MDD   .  120  0.5833   0.6458    0.1s
   15        30   HC  0.162   HC   Y  120  0.6296   0.6667    0.1s
   16      1007  MDD  0.949  MDD   Y  111  0.6825   0.6905    0.1s
   17      1019  MDD  0.813  MDD   Y  120  0.6944   0.7083    0.1s
   18      1021  MDD  0.075   HC   .  120  0.6173   0.6667    0.1s
  ... fold  4/10: training on 52 subjects (held-out: 1, 9, 27, 1011, 1030, 1033) ...
   19         1   HC  0.230   HC   Y  120  0.6333   0.6833    0.1s
   20         9   HC  0.185   HC   Y  120  0.6566   0.6970    0.1s
   21        27   HC  0.170   HC   Y  120  0.6759   0.7083    0.1s
   22      1011  MDD  0.178   HC   .  120  0.6250   0.6750    0.1s
   23      1030  MDD  0.603  MDD   Y  119  0.6364   0.6932    0.1s
   24      1033  MDD  0.898  MDD   Y  120  0.6597   0.7083    0.1s
  ... fold  5/10: training on 52 subjects (held-out: 6, 10, 28, 1005, 1013, 1028) ...
   25         6   HC  0.273   HC   Y  120  0.6667   0.7179    0.1s
   26        10   HC  0.178   HC   Y  120  0.6845   0.7262    0.1s
   27        28   HC  0.786  MDD   .  120  0.6667   0.7000    0.1s
   28      1005  MDD  0.732  MDD   Y  120  0.6769   0.7128    0.1s
   29      1013  MDD  0.448   HC   .  120  0.6762   0.6881    0.1s
   30      1028  MDD  0.917  MDD   Y  119  0.6978   0.7000    0.1s
  ... fold  6/10: training on 52 subjects (held-out: 7, 11, 17, 1020, 1029, 1031) ...
   31         7   HC  0.655  MDD   .  120  0.6875   0.6771    0.1s
   32        11   HC  0.244   HC   Y  120  0.6941   0.6863    0.1s
   33        17   HC  0.169   HC   Y  120  0.7074   0.6944    0.1s
   34      1020  MDD  0.268   HC   .  120  0.6944   0.6736    0.1s
   35      1029  MDD  0.407   HC   .  120  0.6928   0.6552    0.1s
   36      1031  MDD  0.787  MDD   Y  120  0.7037   0.6667    0.1s
  ... fold  7/10: training on 52 subjects (held-out: 23, 25, 29, 1006, 1024, 1026) ...
   37        23   HC  0.290   HC   Y  120  0.7076   0.6740    0.1s
   38        25   HC  0.606  MDD   .  120  0.7000   0.6556    0.1s
   39        29   HC  0.096   HC   Y  120  0.7116   0.6627    0.1s
   40      1006  MDD  0.482   HC   .  120  0.7118   0.6466    0.1s
   41      1024  MDD  0.192   HC   .  120  0.6905   0.6321    0.1s
   42      1026  MDD  0.502  MDD   Y  120  0.6916   0.6429    0.1s
  ... fold  8/10: training on 52 subjects (held-out: 4, 8, 19, 1003, 1014, 1027) ...
   43         4   HC  0.704  MDD   .  120  0.6797   0.6266    0.1s
   44         8   HC  0.265   HC   Y  120  0.6853   0.6335    0.1s
   45        19   HC  0.000   HC   Y  120  0.6984   0.6399    0.1s
   46      1003  MDD  0.881  MDD   Y   84  0.7102   0.6496    0.1s
   47      1014  MDD  0.450   HC   .  120  0.7083   0.6368    0.1s
   48      1027  MDD  0.066   HC   .  120  0.6806   0.6250    0.1s
  ... fold  9/10: training on 53 subjects (held-out: 2, 22, 1010, 1018, 1032) ...
   49         2   HC  0.031   HC   Y  120  0.6933   0.6308    0.1s
   50        22   HC  0.742  MDD   .  120  0.6811   0.6170    0.1s
   51      1010  MDD  0.164   HC   .  120  0.6600   0.6062    0.1s
   52      1018  MDD  1.000  MDD   Y  120  0.6731   0.6154    0.1s
   53      1032  MDD  0.952  MDD   Y  120  0.6852   0.6239    0.1s
  ... fold 10/10: training on 53 subjects (held-out: 21, 24, 1009, 1025, 1034) ...
   54        21   HC  0.128   HC   Y  120  0.6941   0.6296    0.1s
   55        24   HC  0.206   HC   Y  120  0.6984   0.6349    0.1s
   56      1009  MDD  0.812  MDD   Y  120  0.7066   0.6429    0.1s
   57      1025  MDD  0.333   HC   .  120  0.7032   0.6330    0.1s
   58      1034  MDD  0.842  MDD   Y  120  0.7119   0.6405    0.1s
------------------------------------------------------------------------------

FINAL  stage nr  [10-fold CV]  |  58 subjects (30 MDD / 28 HC)
  Subject-level ROC-AUC : 0.7119   (primary)
  Balanced accuracy     : 0.6405  @thr=0.50   |  0.6893  @thr=0.407 (Youden)
  Macro-F1              : 0.6370  @thr=0.50   |  0.6893  @thr=0.407
  Confusion matrix @0.50 (rows=true HC/MDD, cols=pred HC/MDD):
        pred_HC  pred_MDD
  HC        20         8
  MDD       13        17

Total wall time: 11.6s
Saved per-fold results -> /home/hasan/fable's rEEG/results/mumtaz_nr_cv10.json
