[dataset] mumtaz  raw=/home/hasan/fable's rEEG/Mumtaz  cache=/home/hasan/fable's rEEG/cache/mumtaz  fs_orig=256->125Hz  ch=19
58 subjects  (30 MDD / 28 HC)  |  fs=125Hz  ch=19  win=4.0s/500smp  windows/subj: min=77 med=141 max=187

=== 10-fold CV training/evaluation — stage de (58 subjects) ===
 fold   subject true  score pred  ok  win  cumAUC  cumBACC    time
------------------------------------------------------------------------------
  ... fold  1/10: training on 52 subjects (held-out: 5, 13, 16, 1001, 1017, 1023) ...
    1         5   HC  0.000   HC   Y  120     -       -       1.3s
    2        13   HC  0.035   HC   Y  120     -       -       1.3s
    3        16   HC  0.957  MDD   .  120     -       -       1.3s
    4      1001  MDD  0.997  MDD   Y   77  1.0000   0.8333    1.2s
    5      1017  MDD  0.889  MDD   Y  120  0.8333   0.8333    1.3s
    6      1023  MDD  0.988  MDD   Y  120  0.8889   0.8333    1.3s
  ... fold  2/10: training on 52 subjects (held-out: 14, 15, 20, 1002, 1015, 1022) ...
    7        14   HC  0.011   HC   Y  120  0.9167   0.8750    0.2s
    8        15   HC  0.154   HC   Y  120  0.9333   0.9000    0.2s
    9        20   HC  0.282   HC   Y  120  0.9444   0.9167    0.2s
   10      1002  MDD  0.578  MDD   Y  120  0.9167   0.9167    0.2s
   11      1015  MDD  0.922  MDD   Y  120  0.9000   0.9167    0.2s
   12      1022  MDD  1.000  MDD   Y  120  0.9167   0.9167    0.2s
  ... fold  3/10: training on 52 subjects (held-out: 3, 26, 30, 1007, 1019, 1021) ...
   13         3   HC  0.254   HC   Y  120  0.9286   0.9286    0.2s
   14        26   HC  0.019   HC   Y  120  0.9375   0.9375    0.2s
   15        30   HC  0.046   HC   Y  120  0.9444   0.9444    0.2s
   16      1007  MDD  0.974  MDD   Y  111  0.9524   0.9444    0.2s
   17      1019  MDD  0.771  MDD   Y  120  0.9444   0.9444    0.2s
   18      1021  MDD  0.951  MDD   Y  120  0.9383   0.9444    0.2s
  ... fold  4/10: training on 52 subjects (held-out: 1, 9, 27, 1011, 1030, 1033) ...
   19         1   HC  0.417   HC   Y  120  0.9444   0.9500    0.2s
   20         9   HC  0.001   HC   Y  120  0.9495   0.9545    0.2s
   21        27   HC  0.039   HC   Y  120  0.9537   0.9583    0.2s
   22      1011  MDD  0.406   HC   .  120  0.9417   0.9083    0.2s
   23      1030  MDD  0.825  MDD   Y  119  0.9394   0.9129    0.2s
   24      1033  MDD  1.000  MDD   Y  120  0.9444   0.9167    0.2s
  ... fold  5/10: training on 52 subjects (held-out: 6, 10, 28, 1005, 1013, 1028) ...
   25         6   HC  0.362   HC   Y  120  0.9487   0.9199    0.2s
   26        10   HC  0.152   HC   Y  120  0.9524   0.9226    0.2s
   27        28   HC  0.019   HC   Y  120  0.9556   0.9250    0.2s
   28      1005  MDD  0.846  MDD   Y  120  0.9538   0.9282    0.2s
   29      1013  MDD  0.985  MDD   Y  120  0.9571   0.9310    0.2s
   30      1028  MDD  0.872  MDD   Y  119  0.9556   0.9333    0.2s
  ... fold  6/10: training on 52 subjects (held-out: 7, 11, 17, 1020, 1029, 1031) ...
   31         7   HC  0.056   HC   Y  120  0.9583   0.9354    0.2s
   32        11   HC  0.149   HC   Y  120  0.9608   0.9373    0.2s
   33        17   HC  0.057   HC   Y  120  0.9630   0.9389    0.2s
   34      1020  MDD  0.345   HC   .  120  0.9549   0.9097    0.2s
   35      1029  MDD  0.989  MDD   Y  120  0.9575   0.9134    0.2s
   36      1031  MDD  0.999  MDD   Y  120  0.9599   0.9167    0.2s
  ... fold  7/10: training on 52 subjects (held-out: 23, 25, 29, 1006, 1024, 1026) ...
   37        23   HC  0.006   HC   Y  120  0.9620   0.9181    0.2s
   38        25   HC  0.987  MDD   .  120  0.9306   0.8944    0.2s
   39        29   HC  0.003   HC   Y  120  0.9339   0.8968    0.2s
   40      1006  MDD  0.431   HC   .  120  0.9323   0.8734    0.2s
   41      1024  MDD  1.000  MDD   Y  120  0.9357   0.8774    0.2s
   42      1026  MDD  0.992  MDD   Y  120  0.9388   0.8810    0.2s
  ... fold  8/10: training on 52 subjects (held-out: 4, 8, 19, 1003, 1014, 1027) ...
   43         4   HC  0.001   HC   Y  120  0.9416   0.8831    0.2s
   44         8   HC  0.002   HC   Y  120  0.9441   0.8851    0.2s
   45        19   HC  0.001   HC   Y  120  0.9464   0.8869    0.2s
   46      1003  MDD  0.996  MDD   Y   84  0.9489   0.8902    0.2s
   47      1014  MDD  0.998  MDD   Y  120  0.9511   0.8931    0.2s
   48      1027  MDD  0.058   HC   .  120  0.9375   0.8750    0.2s
  ... fold  9/10: training on 53 subjects (held-out: 2, 22, 1010, 1018, 1032) ...
   49         2   HC  0.004   HC   Y  120  0.9400   0.8767    0.2s
   50        22   HC  0.027   HC   Y  120  0.9423   0.8782    0.2s
   51      1010  MDD  0.978  MDD   Y  120  0.9431   0.8815    0.2s
   52      1018  MDD  0.961  MDD   Y  120  0.9438   0.8846    0.2s
   53      1032  MDD  0.991  MDD   Y  120  0.9459   0.8875    0.2s
  ... fold 10/10: training on 53 subjects (held-out: 21, 24, 1009, 1025, 1034) ...
   54        21   HC  0.000   HC   Y  120  0.9479   0.8889    0.2s
   55        24   HC  0.025   HC   Y  120  0.9497   0.8902    0.2s
   56      1009  MDD  1.000  MDD   Y  120  0.9515   0.8929    0.2s
   57      1025  MDD  0.246   HC   .  120  0.9458   0.8781    0.2s
   58      1034  MDD  0.995  MDD   Y  120  0.9476   0.8810    0.2s
------------------------------------------------------------------------------

FINAL  stage de  [10-fold CV]  |  58 subjects (30 MDD / 28 HC)
  Subject-level ROC-AUC : 0.9476   (primary)
  Balanced accuracy     : 0.8810  @thr=0.50   |  0.8976  @thr=0.431 (Youden)
  Macro-F1              : 0.8793  @thr=0.50   |  0.8966  @thr=0.431
  Confusion matrix @0.50 (rows=true HC/MDD, cols=pred HC/MDD):
        pred_HC  pred_MDD
  HC        26         2
  MDD        5        25

Total wall time: 18.3s
Saved per-fold results -> /home/hasan/fable's rEEG/results/mumtaz_de_cv10.json
