[dataset] mumtaz  raw=/home/hasan/fable's rEEG/Mumtaz  cache=/home/hasan/fable's rEEG/cache/mumtaz  fs_orig=256->125Hz  ch=19
** harmonised to shared 17-channel 10-20 montage **
58 subjects  (30 MDD / 28 HC)  |  fs=125Hz  ch=17  win=4.0s/500smp  windows/subj: min=79 med=141 max=187

=== 10-fold CV training/evaluation — stage defu (58 subjects) ===
 fold   subject true  score pred  ok  win  cumAUC  cumBACC    time
------------------------------------------------------------------------------
  ... fold  1/10: training on 52 subjects (held-out: 5, 13, 16, 1001, 1017, 1023) ...
      [defu sid=5 y=0] nr=0.352  de=0.064  fused=0.208
    1         5   HC  0.208   HC   Y  120     -       -       1.9s
      [defu sid=13 y=0] nr=0.594  de=0.663  fused=0.628
    2        13   HC  0.628  MDD   .  120     -       -       1.9s
      [defu sid=16 y=0] nr=0.471  de=0.563  fused=0.517
    3        16   HC  0.517  MDD   .  120     -       -       1.9s
      [defu sid=1001 y=1] nr=0.348  de=0.511  fused=0.429
    4      1001  MDD  0.429   HC   .   79  0.3333   0.1667    1.8s
      [defu sid=1017 y=1] nr=0.463  de=0.626  fused=0.545
    5      1017  MDD  0.545  MDD   Y  120  0.5000   0.4167    1.9s
      [defu sid=1023 y=1] nr=0.794  de=0.797  fused=0.795
    6      1023  MDD  0.795  MDD   Y  120  0.6667   0.5000    1.9s
  ... fold  2/10: training on 52 subjects (held-out: 14, 15, 20, 1002, 1015, 1022) ...
      [defu sid=14 y=0] nr=0.262  de=0.664  fused=0.463
    7        14   HC  0.463   HC   Y  120  0.6667   0.5833    0.2s
      [defu sid=15 y=0] nr=0.827  de=0.694  fused=0.761
    8        15   HC  0.761  MDD   .  120  0.6000   0.5333    0.2s
      [defu sid=20 y=0] nr=0.697  de=0.363  fused=0.530
    9        20   HC  0.530  MDD   .  120  0.6111   0.5000    0.2s
      [defu sid=1002 y=1] nr=0.975  de=0.578  fused=0.777
   10      1002  MDD  0.777  MDD   Y  120  0.7083   0.5417    0.2s
      [defu sid=1015 y=1] nr=0.236  de=0.519  fused=0.378
   11      1015  MDD  0.378   HC   .  120  0.6000   0.4667    0.2s
      [defu sid=1022 y=1] nr=0.754  de=0.677  fused=0.716
   12      1022  MDD  0.716  MDD   Y  120  0.6389   0.5000    0.2s
  ... fold  3/10: training on 52 subjects (held-out: 3, 26, 30, 1007, 1019, 1021) ...
      [defu sid=3 y=0] nr=0.576  de=0.322  fused=0.449
   13         3   HC  0.449   HC   Y  120  0.6429   0.5476    0.2s
      [defu sid=26 y=0] nr=0.683  de=0.416  fused=0.550
   14        26   HC  0.550  MDD   .  120  0.6250   0.5208    0.2s
      [defu sid=30 y=0] nr=0.237  de=0.371  fused=0.304
   15        30   HC  0.304   HC   Y  120  0.6667   0.5556    0.2s
      [defu sid=1007 y=1] nr=0.887  de=0.691  fused=0.789
   16      1007  MDD  0.789  MDD   Y  111  0.7143   0.5794    0.3s
      [defu sid=1019 y=1] nr=0.556  de=0.422  fused=0.489
   17      1019  MDD  0.489   HC   .  120  0.6806   0.5347    0.2s
      [defu sid=1021 y=1] nr=0.273  de=0.726  fused=0.500
   18      1021  MDD  0.500   HC   .  120  0.6543   0.5000    0.2s
  ... fold  4/10: training on 52 subjects (held-out: 1, 9, 27, 1011, 1030, 1033) ...
      [defu sid=1 y=0] nr=0.532  de=0.372  fused=0.452
   19         1   HC  0.452   HC   Y  120  0.6667   0.5278    0.2s
      [defu sid=9 y=0] nr=0.499  de=0.316  fused=0.407
   20         9   HC  0.407   HC   Y  120  0.6869   0.5505    0.2s
      [defu sid=27 y=0] nr=0.234  de=0.419  fused=0.326
   21        27   HC  0.326   HC   Y  120  0.7130   0.5694    0.2s
      [defu sid=1011 y=1] nr=0.118  de=0.280  fused=0.199
   22      1011  MDD  0.199   HC   .  120  0.6417   0.5417    0.2s
      [defu sid=1030 y=1] nr=0.340  de=0.580  fused=0.460
   23      1030  MDD  0.460   HC   .  119  0.6288   0.5189    0.2s
      [defu sid=1033 y=1] nr=0.900  de=0.238  fused=0.569
   24      1033  MDD  0.569  MDD   Y  120  0.6458   0.5417    0.2s
  ... fold  5/10: training on 52 subjects (held-out: 6, 10, 28, 1005, 1013, 1028) ...
      [defu sid=6 y=0] nr=0.309  de=0.533  fused=0.421
   25         6   HC  0.421   HC   Y  120  0.6603   0.5577    0.2s
      [defu sid=10 y=0] nr=0.267  de=0.755  fused=0.511
   26        10   HC  0.511  MDD   .  120  0.6488   0.5357    0.2s
      [defu sid=28 y=0] nr=0.655  de=0.182  fused=0.419
   27        28   HC  0.419   HC   Y  120  0.6611   0.5500    0.2s
      [defu sid=1005 y=1] nr=0.418  de=0.362  fused=0.390
   28      1005  MDD  0.390   HC   .  120  0.6256   0.5308    0.2s
      [defu sid=1013 y=1] nr=0.280  de=0.718  fused=0.499
   29      1013  MDD  0.499   HC   .  120  0.6238   0.5143    0.2s
      [defu sid=1028 y=1] nr=0.769  de=0.846  fused=0.808
   30      1028  MDD  0.808  MDD   Y  119  0.6489   0.5333    0.2s
  ... fold  6/10: training on 52 subjects (held-out: 7, 11, 17, 1020, 1029, 1031) ...
      [defu sid=7 y=0] nr=0.702  de=0.265  fused=0.484
   31         7   HC  0.484   HC   Y  120  0.6500   0.5458    0.2s
      [defu sid=11 y=0] nr=0.443  de=0.118  fused=0.280
   32        11   HC  0.280   HC   Y  120  0.6667   0.5569    0.2s
      [defu sid=17 y=0] nr=0.268  de=0.104  fused=0.186
   33        17   HC  0.186   HC   Y  120  0.6852   0.5667    0.2s
      [defu sid=1020 y=1] nr=0.298  de=0.503  fused=0.400
   34      1020  MDD  0.400   HC   .  120  0.6597   0.5521    0.2s
      [defu sid=1029 y=1] nr=0.442  de=0.521  fused=0.482
   35      1029  MDD  0.482   HC   .  120  0.6569   0.5392    0.2s
      [defu sid=1031 y=1] nr=0.638  de=0.701  fused=0.669
   36      1031  MDD  0.669  MDD   Y  120  0.6728   0.5556    0.2s
  ... fold  7/10: training on 52 subjects (held-out: 23, 25, 29, 1006, 1024, 1026) ...
      [defu sid=23 y=0] nr=0.259  de=0.415  fused=0.337
   37        23   HC  0.337   HC   Y  120  0.6871   0.5643    0.3s
      [defu sid=25 y=0] nr=0.657  de=0.717  fused=0.687
   38        25   HC  0.687  MDD   .  120  0.6667   0.5472    0.3s
      [defu sid=29 y=0] nr=0.057  de=0.273  fused=0.165
   39        29   HC  0.165   HC   Y  120  0.6825   0.5556    0.3s
      [defu sid=1006 y=1] nr=0.247  de=0.281  fused=0.264
   40      1006  MDD  0.264   HC   .  120  0.6541   0.5439    0.3s
      [defu sid=1024 y=1] nr=0.276  de=0.710  fused=0.493
   41      1024  MDD  0.493   HC   .  120  0.6548   0.5333    0.3s
      [defu sid=1026 y=1] nr=0.399  de=0.580  fused=0.490
   42      1026  MDD  0.490   HC   .  120  0.6553   0.5238    0.3s
  ... fold  8/10: training on 52 subjects (held-out: 4, 8, 19, 1003, 1014, 1027) ...
      [defu sid=4 y=0] nr=0.540  de=0.859  fused=0.700
   43         4   HC  0.700  MDD   .  120  0.6364   0.5087    0.2s
      [defu sid=8 y=0] nr=0.290  de=0.632  fused=0.461
   44         8   HC  0.461   HC   Y  120  0.6377   0.5166    0.2s
      [defu sid=19 y=0] nr=0.008  de=0.458  fused=0.233
   45        19   HC  0.233   HC   Y  120  0.6508   0.5238    0.2s
      [defu sid=1003 y=1] nr=0.768  de=0.836  fused=0.802
   46      1003  MDD  0.802  MDD   Y   84  0.6667   0.5379    0.2s
      [defu sid=1014 y=1] nr=0.287  de=0.614  fused=0.451
   47      1014  MDD  0.451   HC   .  120  0.6594   0.5290    0.2s
      [defu sid=1027 y=1] nr=0.263  de=0.443  fused=0.353
   48      1027  MDD  0.353   HC   .  120  0.6458   0.5208    0.2s
  ... fold  9/10: training on 53 subjects (held-out: 2, 22, 1010, 1018, 1032) ...
      [defu sid=2 y=0] nr=0.150  de=0.242  fused=0.196
   49         2   HC  0.196   HC   Y  120  0.6600   0.5275    0.3s
      [defu sid=22 y=0] nr=0.659  de=0.410  fused=0.535
   50        22   HC  0.535  MDD   .  120  0.6490   0.5144    0.3s
      [defu sid=1010 y=1] nr=0.171  de=0.685  fused=0.428
   51      1010  MDD  0.428   HC   .  120  0.6415   0.5069    0.3s
      [defu sid=1018 y=1] nr=0.999  de=0.435  fused=0.717
   52      1018  MDD  0.717  MDD   Y  120  0.6538   0.5192    0.3s
      [defu sid=1032 y=1] nr=0.967  de=0.513  fused=0.740
   53      1032  MDD  0.740  MDD   Y  120  0.6652   0.5306    0.3s
  ... fold 10/10: training on 53 subjects (held-out: 21, 24, 1009, 1025, 1034) ...
      [defu sid=21 y=0] nr=0.426  de=0.435  fused=0.431
   54        21   HC  0.431   HC   Y  120  0.6667   0.5370    0.3s
      [defu sid=24 y=0] nr=0.195  de=0.237  fused=0.216
   55        24   HC  0.216   HC   Y  120  0.6772   0.5430    0.3s
      [defu sid=1009 y=1] nr=0.817  de=0.655  fused=0.736
   56      1009  MDD  0.736  MDD   Y  120  0.6875   0.5536    0.3s
      [defu sid=1025 y=1] nr=0.361  de=0.069  fused=0.215
   57      1025  MDD  0.215   HC   .  120  0.6687   0.5462    0.3s
      [defu sid=1034 y=1] nr=0.872  de=0.196  fused=0.534
   58      1034  MDD  0.534  MDD   Y  120  0.6726   0.5560    0.3s
------------------------------------------------------------------------------

FINAL  stage defu  [10-fold CV]  |  58 subjects (30 MDD / 28 HC)
  Subject-level ROC-AUC : 0.6726   (primary)
  Balanced accuracy     : 0.5560  @thr=0.50   |  0.6393  @thr=0.489 (Youden)
  Macro-F1              : 0.5469  @thr=0.50   |  0.6378  @thr=0.489
  Confusion matrix @0.50 (rows=true HC/MDD, cols=pred HC/MDD):
        pred_HC  pred_MDD
  HC        19         9
  MDD       17        13

Total wall time: 24.0s
Saved per-fold results -> /home/hasan/fable's rEEG/results/mumtaz_defu_cv10_harm.json
