[dataset] modma  raw=/home/hasan/fable's rEEG/EEG_128channels_resting_lanzhou_2015  cache=/home/hasan/fable's rEEG/cache  fs_orig=250->125Hz  ch=128
** harmonised to shared 17-channel 10-20 montage **
53 subjects  (24 MDD / 29 HC)  |  fs=125Hz  ch=17  win=4.0s/500smp  windows/subj: min=50 med=144 max=165

=== 10-fold CV training/evaluation — stage nr (53 subjects) ===
 fold   subject true  score pred  ok  win  cumAUC  cumBACC    time
------------------------------------------------------------------------------
  ... fold  1/10: training on 47 subjects (held-out: 2010005, 2010012, 2010016, 2020019, 2020021, 2030002) ...
    1   2010005  MDD  0.997  MDD   Y  120     -       -       0.6s
    2   2010012  MDD  0.161   HC   .  120     -       -       0.6s
    3   2010016  MDD  0.007   HC   .  120     -       -       0.6s
    4   2020019   HC  0.012   HC   Y  110  0.6667   0.6667    0.6s
    5   2020021   HC  0.110   HC   Y  120  0.6667   0.6667    0.6s
    6   2030002   HC  0.569  MDD   .  120  0.5556   0.5000    0.6s
  ... fold  2/10: training on 47 subjects (held-out: 2010015, 2010021, 2010022, 2020016, 2020020, 2020029) ...
    7   2010015  MDD  0.207   HC   .  120  0.5833   0.4583    0.1s
    8   2010021  MDD  0.000   HC   .  120  0.4667   0.4333    0.1s
    9   2010022  MDD  0.653  MDD   Y  120  0.5556   0.5000    0.1s
   10   2020016   HC  0.060   HC   Y  120  0.5833   0.5417    0.1s
   11   2020020   HC  0.001   HC   Y  120  0.6333   0.5667    0.1s
   12   2020029   HC  0.104   HC   Y  120  0.6389   0.5833    0.1s
  ... fold  3/10: training on 47 subjects (held-out: 2010002, 2010028, 2010036, 2020013, 2020023, 2020026) ...
   13   2010002  MDD  1.000  MDD   Y  120  0.6905   0.6310    0.1s
   14   2010028  MDD  0.001   HC   .  120  0.6042   0.6042    0.1s
   15   2010036  MDD  0.826  MDD   Y  120  0.6481   0.6389    0.1s
   16   2020013   HC  0.166   HC   Y  120  0.6349   0.6508    0.1s
   17   2020023   HC  0.043   HC   Y  120  0.6389   0.6597    0.1s
   18   2020026   HC  0.054   HC   Y  120  0.6420   0.6667    0.1s
  ... fold  4/10: training on 48 subjects (held-out: 2010008, 2010010, 2010030, 2020010, 2030009) ...
   19   2010008  MDD  0.556  MDD   Y  120  0.6667   0.6944    0.1s
   20   2010010  MDD  0.582  MDD   Y  120  0.6970   0.7172    0.1s
   21   2010030  MDD  0.634  MDD   Y  120  0.7222   0.7361    0.1s
   22   2020010   HC  0.362   HC   Y  120  0.7083   0.7417    0.1s
   23   2030009   HC  0.029   HC   Y  120  0.7121   0.7462    0.1s
  ... fold  5/10: training on 48 subjects (held-out: 2010011, 2010018, 2020014, 2020022, 2030021) ...
   24   2010011  MDD  0.164   HC   .  120  0.7133   0.7238    0.1s
   25   2010018  MDD  0.043   HC   .  120  0.6818   0.7045    0.1s
   26   2020014   HC  0.861  MDD   .  103  0.6369   0.6667    0.1s
   27   2020022   HC  0.033   HC   Y  120  0.6484   0.6731    0.1s
   28   2030021   HC  1.000  MDD   .  120  0.6071   0.6429    0.1s
  ... fold  6/10: training on 48 subjects (held-out: 2010019, 2010033, 2030006, 2030007, 2030014) ...
   29   2010019  MDD  0.514  MDD   Y  120  0.6190   0.6595    0.1s
   30   2010033  MDD  0.874  MDD   Y  120  0.6384   0.6741    0.1s
   31   2030006   HC  0.000   HC   Y  120  0.6625   0.6813    0.1s
   32   2030007   HC  0.010   HC   Y  120  0.6719   0.6875    0.1s
   33   2030014   HC  0.976  MDD   .  120  0.6397   0.6636    0.1s
  ... fold  7/10: training on 48 subjects (held-out: 2010004, 2010024, 2020008, 2020018, 2030004) ...
   34   2010004  MDD  1.000  MDD   Y   50  0.6609   0.6765    0.1s
   35   2010024  MDD  1.000  MDD   Y  120  0.6797   0.6879    0.1s
   36   2020008   HC  0.112   HC   Y  104  0.6852   0.6944    0.1s
   37   2020018   HC  0.000   HC   Y  120  0.6988   0.7003    0.1s
   38   2030004   HC  0.081   HC   Y  120  0.7028   0.7056    0.1s
  ... fold  8/10: training on 48 subjects (held-out: 2010006, 2010034, 2020015, 2030005, 2030019) ...
   39   2010006  MDD  0.964  MDD   Y  120  0.7132   0.7158    0.1s
   40   2010034  MDD  0.039   HC   .  120  0.6950   0.7000    0.1s
   41   2020015   HC  1.000  MDD   .  120  0.6667   0.6810    0.1s
   42   2030005   HC  0.164   HC   Y  120  0.6659   0.6864    0.1s
   43   2030019   HC  0.775  MDD   .  120  0.6522   0.6696    0.1s
  ... fold  9/10: training on 48 subjects (held-out: 2010013, 2010025, 2020027, 2030017, 2030020) ...
   44   2010013  MDD  0.747  MDD   Y  120  0.6584   0.6791    0.1s
   45   2010025  MDD  0.991  MDD   Y  120  0.6700   0.6877    0.1s
   46   2020027   HC  0.151   HC   Y  120  0.6742   0.6932    0.1s
   47   2030017   HC  1.000  MDD   .  120  0.6527   0.6782    0.1s
   48   2030020   HC  1.000  MDD   .  120  0.6311   0.6643    0.1s
  ... fold 10/10: training on 48 subjects (held-out: 2010023, 2010026, 2020025, 2030003, 2030018) ...
   49   2010023  MDD  0.043   HC   .  120  0.6154   0.6505    0.1s
   50   2010026  MDD  0.084   HC   .  120  0.6074   0.6378    0.1s
   51   2020025   HC  0.089   HC   Y  120  0.6111   0.6435    0.1s
   52   2030003   HC  0.458   HC   Y  120  0.6101   0.6488    0.1s
   53   2030018   HC  0.999  MDD   .  120  0.5934   0.6365    0.1s
------------------------------------------------------------------------------

FINAL  stage nr  [10-fold CV]  |  53 subjects (24 MDD / 29 HC)
  Subject-level ROC-AUC : 0.5934   (primary)
  Balanced accuracy     : 0.6365  @thr=0.50   |  0.6365  @thr=0.514 (Youden)
  Macro-F1              : 0.6369  @thr=0.50   |  0.6369  @thr=0.514
  Confusion matrix @0.50 (rows=true HC/MDD, cols=pred HC/MDD):
        pred_HC  pred_MDD
  HC        20         9
  MDD       10        14

Total wall time: 7.4s
Saved per-fold results -> /home/hasan/fable's rEEG/results/nr_cv10_harm.json
