53 subjects  (24 MDD / 29 HC)  |  fs=125Hz  ch=125  win=4.0s/500smp  windows/subj: min=42 med=127 max=160

=== 10-fold CV training/evaluation — stage nr (53 subjects) ===
 fold   subject true  score pred  ok  win  cumAUC  cumBACC    time
------------------------------------------------------------------------------
  ... fold  1/10: training on 47 subjects (held-out: 2010005, 2010012, 2010016, 2020019, 2020021, 2030002) ...
    1   2010005  MDD  0.266   HC   .  120     -       -      31.0s
    2   2010012  MDD  0.980  MDD   Y  112     -       -      30.8s
    3   2010016  MDD  0.030   HC   .  120     -       -      31.0s
    4   2020019   HC  0.010   HC   Y   90  1.0000   0.6667   30.2s
    5   2020021   HC  0.040   HC   Y  120  0.8333   0.6667   30.5s
    6   2030002   HC  0.253   HC   Y  120  0.7778   0.6667   30.7s
  ... fold  2/10: training on 47 subjects (held-out: 2010015, 2010021, 2010022, 2020016, 2020020, 2020029) ...
    7   2010015  MDD  0.033   HC   .  120  0.6667   0.6250    1.8s
    8   2010021  MDD  0.341   HC   .  120  0.7333   0.6000    1.7s
    9   2010022  MDD  0.815  MDD   Y  107  0.7778   0.6667    1.6s
   10   2020016   HC  0.402   HC   Y  119  0.6667   0.6667    1.7s
   11   2020020   HC  0.081   HC   Y  120  0.6667   0.6667    1.7s
   12   2020029   HC  0.024   HC   Y   96  0.7222   0.6667    1.6s
  ... fold  3/10: training on 47 subjects (held-out: 2010002, 2010028, 2010036, 2020013, 2020023, 2020026) ...
   13   2010002  MDD  0.744  MDD   Y  120  0.7619   0.7143    3.2s
   14   2010028  MDD  0.805  MDD   Y  120  0.7917   0.7500    3.0s
   15   2010036  MDD  0.917  MDD   Y   99  0.8148   0.7778    2.9s
   16   2020013   HC  0.009   HC   Y  113  0.8413   0.7778    3.0s
   17   2020023   HC  0.983  MDD   .  120  0.7361   0.7153    3.1s
   18   2020026   HC  0.144   HC   Y  120  0.7407   0.7222    2.9s
  ... fold  4/10: training on 48 subjects (held-out: 2010008, 2010010, 2010030, 2020010, 2030009) ...
   19   2010008  MDD  0.777  MDD   Y  120  0.7556   0.7444    4.3s
   20   2010010  MDD  0.561  MDD   Y   92  0.7677   0.7626    4.2s
   21   2010030  MDD  0.991  MDD   Y  120  0.7870   0.7778    4.2s
   22   2020010   HC  0.014   HC   Y  112  0.8083   0.7833    4.2s
   23   2030009   HC  0.012   HC   Y   95  0.8258   0.7879    4.2s
  ... fold  5/10: training on 48 subjects (held-out: 2010011, 2010018, 2020014, 2020022, 2030021) ...
   24   2010011  MDD  0.062   HC   .  120  0.8042   0.7622    2.1s
   25   2010018  MDD  0.537  MDD   Y  120  0.8117   0.7760    2.0s
   26   2020014   HC  0.467   HC   Y   66  0.7976   0.7798    1.9s
   27   2020022   HC  0.009   HC   Y  120  0.8132   0.7830    2.0s
   28   2030021   HC  0.003   HC   Y  120  0.8265   0.7857    2.0s
  ... fold  6/10: training on 48 subjects (held-out: 2010019, 2010033, 2030006, 2030007, 2030014) ...
   29   2010019  MDD  0.849  MDD   Y  120  0.8333   0.7976    1.9s
   30   2010033  MDD  0.147   HC   .  120  0.8259   0.7768    1.8s
   31   2030006   HC  0.000   HC   Y  120  0.8375   0.7792    1.8s
   32   2030007   HC  0.000   HC   Y  120  0.8477   0.7812    1.8s
   33   2030014   HC  0.889  MDD   .  120  0.8088   0.7537    1.8s
  ... fold  7/10: training on 48 subjects (held-out: 2010004, 2010024, 2020008, 2020018, 2030004) ...
   34   2010004  MDD  0.894  MDD   Y   44  0.8166   0.7647    1.8s
   35   2010024  MDD  0.998  MDD   Y  120  0.8268   0.7745    1.8s
   36   2020008   HC  0.883  MDD   .   42  0.7963   0.7500    1.7s
   37   2020018   HC  0.025   HC   Y   95  0.8070   0.7544    1.8s
   38   2030004   HC  0.937  MDD   .  120  0.7750   0.7333    1.8s
  ... fold  8/10: training on 48 subjects (held-out: 2010006, 2010034, 2020015, 2030005, 2030019) ...
   39   2010006  MDD  0.060   HC   .  120  0.7632   0.7158    1.9s
   40   2010034  MDD  0.186   HC   .   70  0.7575   0.7000    1.8s
   41   2020015   HC  0.814  MDD   .  120  0.7381   0.6810    1.8s
   42   2030005   HC  0.191   HC   Y   90  0.7364   0.6864    1.8s
   43   2030019   HC  0.003   HC   Y  120  0.7478   0.6913    1.8s
  ... fold  9/10: training on 48 subjects (held-out: 2010013, 2010025, 2020027, 2030017, 2030020) ...
   44   2010013  MDD  0.993  MDD   Y  120  0.7598   0.7008    1.8s
   45   2010025  MDD  0.213   HC   .  120  0.7549   0.6868    1.7s
   46   2020027   HC  0.259   HC   Y  120  0.7519   0.6913    1.7s
   47   2030017   HC  0.491   HC   Y  120  0.7455   0.6955    1.7s
   48   2030020   HC  0.934  MDD   .  120  0.7238   0.6801    1.7s
  ... fold 10/10: training on 48 subjects (held-out: 2010023, 2010026, 2020025, 2030003, 2030018) ...
   49   2010023  MDD  0.338   HC   .  120  0.7207   0.6672    1.7s
   50   2010026  MDD  0.566  MDD   Y  115  0.7228   0.6763    1.6s
   51   2020025   HC  0.151   HC   Y  120  0.7253   0.6806    1.7s
   52   2030003   HC  0.032   HC   Y   94  0.7336   0.6845    1.6s
   53   2030018   HC  0.749  MDD   .  104  0.7227   0.6710    1.6s
------------------------------------------------------------------------------

FINAL  stage nr  [10-fold CV]  |  53 subjects (24 MDD / 29 HC)
  Subject-level ROC-AUC : 0.7227   (primary)
  Balanced accuracy     : 0.6710  @thr=0.50   |  0.6897  @thr=0.030 (Youden)
  Macro-F1              : 0.6718  @thr=0.50   |  0.6386  @thr=0.030
  Confusion matrix @0.50 (rows=true HC/MDD, cols=pred HC/MDD):
        pred_HC  pred_MDD
  HC        22         7
  MDD       10        14

Total wall time: 287.5s
Saved per-fold results -> /home/hasan/fable's rEEG/results/nr_cv10.json
