53 subjects  (24 MDD / 29 HC)  |  fs=125Hz  ch=125  win=4.0s/500smp  windows/subj: min=42 med=127 max=160

=== LOSO training/evaluation — stage nr (53 folds) ===
 fold   subject true  score pred  ok  win  cumAUC  cumBACC    time
------------------------------------------------------------------------------
  ... fold  1/53: training on 52 subjects (held-out sid=2010002) ...
/home/hasan/miniconda3/lib/python3.13/site-packages/pyriemann/utils/base.py:51: UserWarning: Convergence not reached
  return func(X, *args, **kwargs)
    1   2010002  MDD  0.332   HC   .  120     -       -     113.5s
  ... fold  2/53: training on 52 subjects (held-out sid=2010004) ...
    2   2010004  MDD  0.876  MDD   Y   44     -       -       8.5s
  ... fold  3/53: training on 52 subjects (held-out sid=2010005) ...
    3   2010005  MDD  0.271   HC   .  120     -       -       8.4s
  ... fold  4/53: training on 52 subjects (held-out sid=2010006) ...
    4   2010006  MDD  0.122   HC   .  120     -       -       8.6s
  ... fold  5/53: training on 52 subjects (held-out sid=2010008) ...
    5   2010008  MDD  0.820  MDD   Y  120     -       -       8.7s
  ... fold  6/53: training on 52 subjects (held-out sid=2010010) ...
    6   2010010  MDD  0.538  MDD   Y   92     -       -       8.4s
  ... fold  7/53: training on 52 subjects (held-out sid=2010011) ...
    7   2010011  MDD  0.057   HC   .  120     -       -       8.7s
  ... fold  8/53: training on 52 subjects (held-out sid=2010012) ...
    8   2010012  MDD  0.973  MDD   Y  112     -       -       8.5s
  ... fold  9/53: training on 52 subjects (held-out sid=2010013) ...
    9   2010013  MDD  0.996  MDD   Y  120     -       -       8.5s
  ... fold 10/53: training on 52 subjects (held-out sid=2010015) ...
   10   2010015  MDD  0.060   HC   .  120     -       -       8.4s
  ... fold 11/53: training on 52 subjects (held-out sid=2010016) ...
   11   2010016  MDD  0.019   HC   .  120     -       -       8.6s
  ... fold 12/53: training on 52 subjects (held-out sid=2010018) ...
   12   2010018  MDD  0.520  MDD   Y  120     -       -       8.6s
  ... fold 13/53: training on 52 subjects (held-out sid=2010019) ...
   13   2010019  MDD  0.873  MDD   Y  120     -       -       8.5s
  ... fold 14/53: training on 52 subjects (held-out sid=2010021) ...
   14   2010021  MDD  0.073   HC   .  120     -       -       8.6s
  ... fold 15/53: training on 52 subjects (held-out sid=2010022) ...
   15   2010022  MDD  0.951  MDD   Y  107     -       -       8.5s
  ... fold 16/53: training on 52 subjects (held-out sid=2010023) ...
   16   2010023  MDD  0.299   HC   .  120     -       -       8.4s
  ... fold 17/53: training on 52 subjects (held-out sid=2010024) ...
   17   2010024  MDD  0.994  MDD   Y  120     -       -       8.5s
  ... fold 18/53: training on 52 subjects (held-out sid=2010025) ...
   18   2010025  MDD  0.326   HC   .  120     -       -       8.6s
  ... fold 19/53: training on 52 subjects (held-out sid=2010026) ...
   19   2010026  MDD  0.673  MDD   Y  115     -       -       8.8s
  ... fold 20/53: training on 52 subjects (held-out sid=2010028) ...
   20   2010028  MDD  0.352   HC   .  120     -       -       8.5s
  ... fold 21/53: training on 52 subjects (held-out sid=2010030) ...
   21   2010030  MDD  0.997  MDD   Y  120     -       -       8.6s
  ... fold 22/53: training on 52 subjects (held-out sid=2010033) ...
   22   2010033  MDD  0.255   HC   .  120     -       -       8.5s
  ... fold 23/53: training on 52 subjects (held-out sid=2010034) ...
   23   2010034  MDD  0.509  MDD   Y   70     -       -       8.5s
  ... fold 24/53: training on 52 subjects (held-out sid=2010036) ...
   24   2010036  MDD  0.728  MDD   Y   99     -       -       8.7s
  ... fold 25/53: training on 52 subjects (held-out sid=2020008) ...
   25   2020008   HC  0.652  MDD   .   42  0.4167   0.2708    8.4s
  ... fold 26/53: training on 52 subjects (held-out sid=2020010) ...
   26   2020010   HC  0.014   HC   Y  112  0.7083   0.5208    8.7s
  ... fold 27/53: training on 52 subjects (held-out sid=2020013) ...
   27   2020013   HC  0.008   HC   Y  113  0.8056   0.6042    8.6s
  ... fold 28/53: training on 52 subjects (held-out sid=2020014) ...
   28   2020014   HC  0.448   HC   Y   66  0.7396   0.6458    8.4s
  ... fold 29/53: training on 52 subjects (held-out sid=2020015) ...
   29   2020015   HC  0.892  MDD   .  120  0.6333   0.5708    8.5s
  ... fold 30/53: training on 52 subjects (held-out sid=2020016) ...
   30   2020016   HC  0.455   HC   Y  119  0.6181   0.6042    8.4s
  ... fold 31/53: training on 52 subjects (held-out sid=2020018) ...
   31   2020018   HC  0.003   HC   Y   95  0.6726   0.6280    8.5s
  ... fold 32/53: training on 52 subjects (held-out sid=2020019) ...
   32   2020019   HC  0.005   HC   Y   90  0.7135   0.6458    8.4s
  ... fold 33/53: training on 52 subjects (held-out sid=2020020) ...
   33   2020020   HC  0.173   HC   Y  120  0.7222   0.6597    8.6s
  ... fold 34/53: training on 52 subjects (held-out sid=2020021) ...
   34   2020021   HC  0.039   HC   Y  120  0.7458   0.6708    8.4s
  ... fold 35/53: training on 52 subjects (held-out sid=2020022) ...
   35   2020022   HC  0.001   HC   Y  120  0.7689   0.6799    8.3s
  ... fold 36/53: training on 52 subjects (held-out sid=2020023) ...
   36   2020023   HC  0.918  MDD   .  120  0.7222   0.6458    8.4s
  ... fold 37/53: training on 52 subjects (held-out sid=2020025) ...
   37   2020025   HC  0.198   HC   Y  120  0.7276   0.6554    8.4s
  ... fold 38/53: training on 52 subjects (held-out sid=2020026) ...
   38   2020026   HC  0.268   HC   Y  120  0.7292   0.6637    8.3s
  ... fold 39/53: training on 52 subjects (held-out sid=2020027) ...
   39   2020027   HC  0.262   HC   Y  120  0.7306   0.6708    8.4s
  ... fold 40/53: training on 52 subjects (held-out sid=2020029) ...
   40   2020029   HC  0.008   HC   Y   96  0.7474   0.6771    8.6s
  ... fold 41/53: training on 52 subjects (held-out sid=2030002) ...
   41   2030002   HC  0.056   HC   Y  120  0.7598   0.6826    8.5s
  ... fold 42/53: training on 52 subjects (held-out sid=2030003) ...
   42   2030003   HC  0.041   HC   Y   94  0.7708   0.6875    8.3s
  ... fold 43/53: training on 52 subjects (held-out sid=2030004) ...
   43   2030004   HC  0.922  MDD   .  120  0.7412   0.6656    8.5s
  ... fold 44/53: training on 52 subjects (held-out sid=2030005) ...
   44   2030005   HC  0.614  MDD   .   90  0.7250   0.6458    8.4s
  ... fold 45/53: training on 52 subjects (held-out sid=2030006) ...
   45   2030006   HC  0.000   HC   Y  120  0.7381   0.6518    8.5s
  ... fold 46/53: training on 52 subjects (held-out sid=2030007) ...
   46   2030007   HC  0.000   HC   Y  120  0.7500   0.6572    8.6s
  ... fold 47/53: training on 52 subjects (held-out sid=2030009) ...
   47   2030009   HC  0.018   HC   Y   95  0.7609   0.6621    8.6s
  ... fold 48/53: training on 52 subjects (held-out sid=2030014) ...
   48   2030014   HC  0.941  MDD   .  120  0.7378   0.6458    8.5s
  ... fold 49/53: training on 52 subjects (held-out sid=2030017) ...
   49   2030017   HC  0.542  MDD   .  120  0.7250   0.6308    8.6s
  ... fold 50/53: training on 52 subjects (held-out sid=2030018) ...
   50   2030018   HC  0.798  MDD   .  104  0.7099   0.6170    8.5s
  ... fold 51/53: training on 52 subjects (held-out sid=2030019) ...
   51   2030019   HC  0.002   HC   Y  120  0.7207   0.6227    8.5s
  ... fold 52/53: training on 52 subjects (held-out sid=2030020) ...
   52   2030020   HC  0.957  MDD   .  120  0.7009   0.6101    8.7s
  ... fold 53/53: training on 52 subjects (held-out sid=2030021) ...
   53   2030021   HC  0.003   HC   Y  120  0.7112   0.6157    8.4s
------------------------------------------------------------------------------

FINAL  stage nr  |  53 subjects (24 MDD / 29 HC)
  Subject-level ROC-AUC : 0.7112   (primary)
  Balanced accuracy     : 0.6157  @thr=0.50   |  0.7205  @thr=0.057 (Youden)
  Macro-F1              : 0.6159  @thr=0.50   |  0.6891  @thr=0.057
  Confusion matrix @0.50 (rows=true HC/MDD, cols=pred HC/MDD):
        pred_HC  pred_MDD
  HC        20         9
  MDD       11        13

Total wall time: 557.1s
Saved per-fold results -> /home/hasan/fable's rEEG/results/nr_loso.json
