53 subjects  (24 MDD / 29 HC)  |  fs=125Hz  ch=125  win=4.0s/500smp  windows/subj: min=42 med=127 max=160

=== LOSO training/evaluation — stage nr (53 folds) ===
 fold   subject true  score pred  ok  win  cumAUC  cumBACC    time
------------------------------------------------------------------------------
  ... fold  1/53: training on 52 subjects (held-out sid=2010002) ...
/home/hasan/miniconda3/lib/python3.13/site-packages/pyriemann/utils/base.py:51: UserWarning: Convergence not reached
  return func(X, *args, **kwargs)
    1   2010002  MDD  0.756  MDD   Y  120     -       -     113.2s
  ... fold  2/53: training on 52 subjects (held-out sid=2010004) ...
    2   2010004  MDD  0.982  MDD   Y   44     -       -       8.6s
  ... fold  3/53: training on 52 subjects (held-out sid=2010005) ...
    3   2010005  MDD  0.007   HC   .  120     -       -       8.5s
  ... fold  4/53: training on 52 subjects (held-out sid=2010006) ...
    4   2010006  MDD  0.142   HC   .  120     -       -       8.5s
  ... fold  5/53: training on 52 subjects (held-out sid=2010008) ...
    5   2010008  MDD  0.852  MDD   Y  120     -       -       8.6s
  ... fold  6/53: training on 52 subjects (held-out sid=2010010) ...
    6   2010010  MDD  0.569  MDD   Y   92     -       -       8.5s
  ... fold  7/53: training on 52 subjects (held-out sid=2010011) ...
    7   2010011  MDD  0.088   HC   .  120     -       -       8.4s
  ... fold  8/53: training on 52 subjects (held-out sid=2010012) ...
    8   2010012  MDD  0.983  MDD   Y  112     -       -       8.5s
  ... fold  9/53: training on 52 subjects (held-out sid=2010013) ...
    9   2010013  MDD  0.996  MDD   Y  120     -       -       8.6s
  ... fold 10/53: training on 52 subjects (held-out sid=2010015) ...
   10   2010015  MDD  0.035   HC   .  120     -       -       8.5s
  ... fold 11/53: training on 52 subjects (held-out sid=2010016) ...
   11   2010016  MDD  0.026   HC   .  120     -       -       8.5s
  ... fold 12/53: training on 52 subjects (held-out sid=2010018) ...
   12   2010018  MDD  0.509  MDD   Y  120     -       -       8.5s
  ... fold 13/53: training on 52 subjects (held-out sid=2010019) ...
   13   2010019  MDD  0.982  MDD   Y  120     -       -       8.6s
  ... fold 14/53: training on 52 subjects (held-out sid=2010021) ...
   14   2010021  MDD  0.054   HC   .  120     -       -       8.5s
  ... fold 15/53: training on 52 subjects (held-out sid=2010022) ...
   15   2010022  MDD  0.879  MDD   Y  107     -       -       8.5s
  ... fold 16/53: training on 52 subjects (held-out sid=2010023) ...
   16   2010023  MDD  0.202   HC   .  120     -       -       8.7s
  ... fold 17/53: training on 52 subjects (held-out sid=2010024) ...
   17   2010024  MDD  0.996  MDD   Y  120     -       -       8.7s
  ... fold 18/53: training on 52 subjects (held-out sid=2010025) ...
   18   2010025  MDD  0.109   HC   .  120     -       -       8.6s
  ... fold 19/53: training on 52 subjects (held-out sid=2010026) ...
   19   2010026  MDD  0.770  MDD   Y  115     -       -       8.6s
  ... fold 20/53: training on 52 subjects (held-out sid=2010028) ...
   20   2010028  MDD  0.348   HC   .  120     -       -       8.5s
  ... fold 21/53: training on 52 subjects (held-out sid=2010030) ...
   21   2010030  MDD  0.999  MDD   Y  120     -       -       8.4s
  ... fold 22/53: training on 52 subjects (held-out sid=2010033) ...
   22   2010033  MDD  0.602  MDD   Y  120     -       -       8.5s
  ... fold 23/53: training on 52 subjects (held-out sid=2010034) ...
   23   2010034  MDD  0.423   HC   .   70     -       -       8.7s
  ... fold 24/53: training on 52 subjects (held-out sid=2010036) ...
   24   2010036  MDD  0.827  MDD   Y   99     -       -       8.5s
  ... fold 25/53: training on 52 subjects (held-out sid=2020008) ...
   25   2020008   HC  0.714  MDD   .   42  0.4583   0.2917    8.4s
  ... fold 26/53: training on 52 subjects (held-out sid=2020010) ...
   26   2020010   HC  0.018   HC   Y  112  0.7083   0.5417    8.5s
  ... fold 27/53: training on 52 subjects (held-out sid=2020013) ...
   27   2020013   HC  0.023   HC   Y  113  0.7917   0.6250    8.4s
  ... fold 28/53: training on 52 subjects (held-out sid=2020014) ...
   28   2020014   HC  0.492   HC   Y   66  0.7396   0.6667    8.4s
  ... fold 29/53: training on 52 subjects (held-out sid=2020015) ...
   29   2020015   HC  0.638  MDD   .  120  0.6833   0.5917    8.4s
  ... fold 30/53: training on 52 subjects (held-out sid=2020016) ...
   30   2020016   HC  0.391   HC   Y  119  0.6736   0.6250    8.6s
  ... fold 31/53: training on 52 subjects (held-out sid=2020018) ...
   31   2020018   HC  0.005   HC   Y   95  0.7202   0.6488    8.6s
  ... fold 32/53: training on 52 subjects (held-out sid=2020019) ...
   32   2020019   HC  0.009   HC   Y   90  0.7500   0.6667    8.4s
  ... fold 33/53: training on 52 subjects (held-out sid=2020020) ...
   33   2020020   HC  0.205   HC   Y  120  0.7407   0.6806    8.5s
  ... fold 34/53: training on 52 subjects (held-out sid=2020021) ...
   34   2020021   HC  0.036   HC   Y  120  0.7542   0.6917    8.8s
  ... fold 35/53: training on 52 subjects (held-out sid=2020022) ...
   35   2020022   HC  0.000   HC   Y  120  0.7765   0.7008    8.5s
  ... fold 36/53: training on 52 subjects (held-out sid=2020023) ...
   36   2020023   HC  0.881  MDD   .  120  0.7326   0.6667    8.5s
  ... fold 37/53: training on 52 subjects (held-out sid=2020025) ...
   37   2020025   HC  0.241   HC   Y  120  0.7276   0.6763    8.6s
  ... fold 38/53: training on 52 subjects (held-out sid=2020026) ...
   38   2020026   HC  0.406   HC   Y  120  0.7202   0.6845    8.4s
  ... fold 39/53: training on 52 subjects (held-out sid=2020027) ...
   39   2020027   HC  0.179   HC   Y  120  0.7194   0.6917    8.4s
  ... fold 40/53: training on 52 subjects (held-out sid=2020029) ...
   40   2020029   HC  0.002   HC   Y   96  0.7370   0.6979    8.5s
  ... fold 41/53: training on 52 subjects (held-out sid=2030002) ...
   41   2030002   HC  0.126   HC   Y  120  0.7377   0.7034    8.4s
  ... fold 42/53: training on 52 subjects (held-out sid=2030003) ...
   42   2030003   HC  0.071   HC   Y   94  0.7431   0.7083    8.5s
  ... fold 43/53: training on 52 subjects (held-out sid=2030004) ...
   43   2030004   HC  0.978  MDD   .  120  0.7171   0.6864    8.4s
  ... fold 44/53: training on 52 subjects (held-out sid=2030005) ...
   44   2030005   HC  0.266   HC   Y   90  0.7146   0.6917    8.6s
  ... fold 45/53: training on 52 subjects (held-out sid=2030006) ...
   45   2030006   HC  0.000   HC   Y  120  0.7282   0.6964    8.3s
  ... fold 46/53: training on 52 subjects (held-out sid=2030007) ...
   46   2030007   HC  0.000   HC   Y  120  0.7405   0.7008    8.5s
  ... fold 47/53: training on 52 subjects (held-out sid=2030009) ...
   47   2030009   HC  0.036   HC   Y   95  0.7464   0.7047    8.5s
  ... fold 48/53: training on 52 subjects (held-out sid=2030014) ...
   48   2030014   HC  0.871  MDD   .  120  0.7274   0.6875    8.5s
  ... fold 49/53: training on 52 subjects (held-out sid=2030017) ...
   49   2030017   HC  0.376   HC   Y  120  0.7233   0.6917    8.5s
  ... fold 50/53: training on 52 subjects (held-out sid=2030018) ...
   50   2030018   HC  0.716  MDD   .  104  0.7131   0.6763    8.5s
  ... fold 51/53: training on 52 subjects (held-out sid=2030019) ...
   51   2030019   HC  0.004   HC   Y  120  0.7238   0.6806    8.5s
  ... fold 52/53: training on 52 subjects (held-out sid=2030020) ...
   52   2030020   HC  0.644  MDD   .  120  0.7143   0.6667    8.3s
  ... fold 53/53: training on 52 subjects (held-out sid=2030021) ...
   53   2030021   HC  0.017   HC   Y  120  0.7227   0.6710    8.4s
------------------------------------------------------------------------------

FINAL  stage nr  |  53 subjects (24 MDD / 29 HC)
  Subject-level ROC-AUC : 0.7227   (primary)
  Balanced accuracy     : 0.6710  @thr=0.50   |  0.6774  @thr=0.756 (Youden)
  Macro-F1              : 0.6718  @thr=0.50   |  0.6718  @thr=0.756
  Confusion matrix @0.50 (rows=true HC/MDD, cols=pred HC/MDD):
        pred_HC  pred_MDD
  HC        22         7
  MDD       10        14

Total wall time: 556.6s
Saved per-fold results -> /home/hasan/fable's rEEG/results/nr_loso.json
