53 subjects  (24 MDD / 29 HC)  |  fs=125Hz  ch=125  win=4.0s/500smp  windows/subj: min=42 med=127 max=160

=== LOSO training/evaluation — stage nr (53 folds) ===
 fold   subject true  score pred  ok  win  cumAUC  cumBACC    time
------------------------------------------------------------------------------
  ... fold  1/53: training on 52 subjects (held-out sid=2010002) ...
/home/hasan/miniconda3/lib/python3.13/site-packages/pyriemann/utils/base.py:51: UserWarning: Convergence not reached
  return func(X, *args, **kwargs)
    1   2010002  MDD  0.402   HC   .  120     -       -     113.0s
  ... fold  2/53: training on 52 subjects (held-out sid=2010004) ...
    2   2010004  MDD  0.934  MDD   Y   44     -       -       8.3s
  ... fold  3/53: training on 52 subjects (held-out sid=2010005) ...
    3   2010005  MDD  0.246   HC   .  120     -       -       8.6s
  ... fold  4/53: training on 52 subjects (held-out sid=2010006) ...
    4   2010006  MDD  0.083   HC   .  120     -       -       8.5s
  ... fold  5/53: training on 52 subjects (held-out sid=2010008) ...
    5   2010008  MDD  0.820  MDD   Y  120     -       -       8.5s
  ... fold  6/53: training on 52 subjects (held-out sid=2010010) ...
    6   2010010  MDD  0.636  MDD   Y   92     -       -       8.4s
  ... fold  7/53: training on 52 subjects (held-out sid=2010011) ...
    7   2010011  MDD  0.046   HC   .  120     -       -       8.4s
  ... fold  8/53: training on 52 subjects (held-out sid=2010012) ...
    8   2010012  MDD  0.969  MDD   Y  112     -       -       8.4s
  ... fold  9/53: training on 52 subjects (held-out sid=2010013) ...
    9   2010013  MDD  0.992  MDD   Y  120     -       -       8.5s
  ... fold 10/53: training on 52 subjects (held-out sid=2010015) ...
   10   2010015  MDD  0.050   HC   .  120     -       -       8.5s
  ... fold 11/53: training on 52 subjects (held-out sid=2010016) ...
   11   2010016  MDD  0.070   HC   .  120     -       -       8.4s
  ... fold 12/53: training on 52 subjects (held-out sid=2010018) ...
   12   2010018  MDD  0.417   HC   .  120     -       -       8.5s
  ... fold 13/53: training on 52 subjects (held-out sid=2010019) ...
   13   2010019  MDD  0.872  MDD   Y  120     -       -       8.3s
  ... fold 14/53: training on 52 subjects (held-out sid=2010021) ...
   14   2010021  MDD  0.102   HC   .  120     -       -       8.5s
  ... fold 15/53: training on 52 subjects (held-out sid=2010022) ...
   15   2010022  MDD  0.955  MDD   Y  107     -       -       8.6s
  ... fold 16/53: training on 52 subjects (held-out sid=2010023) ...
   16   2010023  MDD  0.251   HC   .  120     -       -       8.4s
  ... fold 17/53: training on 52 subjects (held-out sid=2010024) ...
   17   2010024  MDD  0.994  MDD   Y  120     -       -       8.6s
  ... fold 18/53: training on 52 subjects (held-out sid=2010025) ...
   18   2010025  MDD  0.368   HC   .  120     -       -       8.4s
  ... fold 19/53: training on 52 subjects (held-out sid=2010026) ...
   19   2010026  MDD  0.766  MDD   Y  115     -       -       8.4s
  ... fold 20/53: training on 52 subjects (held-out sid=2010028) ...
   20   2010028  MDD  0.483   HC   .  120     -       -       8.4s
  ... fold 21/53: training on 52 subjects (held-out sid=2010030) ...
   21   2010030  MDD  0.996  MDD   Y  120     -       -       8.5s
  ... fold 22/53: training on 52 subjects (held-out sid=2010033) ...
   22   2010033  MDD  0.166   HC   .  120     -       -       8.9s
  ... fold 23/53: training on 52 subjects (held-out sid=2010034) ...
   23   2010034  MDD  0.449   HC   .   70     -       -       8.5s
  ... fold 24/53: training on 52 subjects (held-out sid=2010036) ...
   24   2010036  MDD  0.835  MDD   Y   99     -       -       8.6s
  ... fold 25/53: training on 52 subjects (held-out sid=2020008) ...
   25   2020008   HC  0.806  MDD   .   42  0.3750   0.2292    8.5s
  ... fold 26/53: training on 52 subjects (held-out sid=2020010) ...
   26   2020010   HC  0.010   HC   Y  112  0.6875   0.4792    8.4s
  ... fold 27/53: training on 52 subjects (held-out sid=2020013) ...
   27   2020013   HC  0.006   HC   Y  113  0.7917   0.5625    8.4s
  ... fold 28/53: training on 52 subjects (held-out sid=2020014) ...
   28   2020014   HC  0.439   HC   Y   66  0.7292   0.6042    8.4s
  ... fold 29/53: training on 52 subjects (held-out sid=2020015) ...
   29   2020015   HC  0.854  MDD   .  120  0.6417   0.5292    8.5s
  ... fold 30/53: training on 52 subjects (held-out sid=2020016) ...
   30   2020016   HC  0.326   HC   Y  119  0.6458   0.5625    8.3s
  ... fold 31/53: training on 52 subjects (held-out sid=2020018) ...
   31   2020018   HC  0.013   HC   Y   95  0.6964   0.5863    8.4s
  ... fold 32/53: training on 52 subjects (held-out sid=2020019) ...
   32   2020019   HC  0.006   HC   Y   90  0.7344   0.6042    8.4s
  ... fold 33/53: training on 52 subjects (held-out sid=2020020) ...
   33   2020020   HC  0.101   HC   Y  120  0.7454   0.6181    8.5s
  ... fold 34/53: training on 52 subjects (held-out sid=2020021) ...
   34   2020021   HC  0.071   HC   Y  120  0.7583   0.6292    8.3s
  ... fold 35/53: training on 52 subjects (held-out sid=2020022) ...
   35   2020022   HC  0.003   HC   Y  120  0.7803   0.6383    8.3s
  ... fold 36/53: training on 52 subjects (held-out sid=2020023) ...
   36   2020023   HC  0.958  MDD   .  120  0.7292   0.6042    8.5s
  ... fold 37/53: training on 52 subjects (held-out sid=2020025) ...
   37   2020025   HC  0.170   HC   Y  120  0.7308   0.6138    8.5s
  ... fold 38/53: training on 52 subjects (held-out sid=2020026) ...
   38   2020026   HC  0.224   HC   Y  120  0.7321   0.6220    8.5s
  ... fold 39/53: training on 52 subjects (held-out sid=2020027) ...
   39   2020027   HC  0.342   HC   Y  120  0.7278   0.6292    8.5s
  ... fold 40/53: training on 52 subjects (held-out sid=2020029) ...
   40   2020029   HC  0.011   HC   Y   96  0.7448   0.6354    8.5s
  ... fold 41/53: training on 52 subjects (held-out sid=2030002) ...
   41   2030002   HC  0.203   HC   Y  120  0.7451   0.6409    8.4s
  ... fold 42/53: training on 52 subjects (held-out sid=2030003) ...
   42   2030003   HC  0.054   HC   Y   94  0.7546   0.6458    8.5s
  ... fold 43/53: training on 52 subjects (held-out sid=2030004) ...
   43   2030004   HC  0.625  MDD   .  120  0.7390   0.6239    8.6s
  ... fold 44/53: training on 52 subjects (held-out sid=2030005) ...
   44   2030005   HC  0.250   HC   Y   90  0.7375   0.6292    8.4s
  ... fold 45/53: training on 52 subjects (held-out sid=2030006) ...
   45   2030006   HC  0.000   HC   Y  120  0.7500   0.6339    8.3s
  ... fold 46/53: training on 52 subjects (held-out sid=2030007) ...
   46   2030007   HC  0.000   HC   Y  120  0.7614   0.6383    8.6s
  ... fold 47/53: training on 52 subjects (held-out sid=2030009) ...
   47   2030009   HC  0.024   HC   Y   95  0.7717   0.6422    8.3s
  ... fold 48/53: training on 52 subjects (held-out sid=2030014) ...
   48   2030014   HC  0.939  MDD   .  120  0.7483   0.6250    8.6s
  ... fold 49/53: training on 52 subjects (held-out sid=2030017) ...
   49   2030017   HC  0.477   HC   Y  120  0.7383   0.6292    8.3s
  ... fold 50/53: training on 52 subjects (held-out sid=2030018) ...
   50   2030018   HC  0.823  MDD   .  104  0.7228   0.6138    8.5s
  ... fold 51/53: training on 52 subjects (held-out sid=2030019) ...
   51   2030019   HC  0.001   HC   Y  120  0.7330   0.6181    8.3s
  ... fold 52/53: training on 52 subjects (held-out sid=2030020) ...
   52   2030020   HC  0.887  MDD   .  120  0.7158   0.6042    8.4s
  ... fold 53/53: training on 52 subjects (held-out sid=2030021) ...
   53   2030021   HC  0.005   HC   Y  120  0.7256   0.6085    8.4s
------------------------------------------------------------------------------

FINAL  stage nr  |  53 subjects (24 MDD / 29 HC)
  Subject-level ROC-AUC : 0.7256   (primary)
  Balanced accuracy     : 0.6085  @thr=0.50   |  0.6897  @thr=0.046 (Youden)
  Macro-F1              : 0.6057  @thr=0.50   |  0.6386  @thr=0.046
  Confusion matrix @0.50 (rows=true HC/MDD, cols=pred HC/MDD):
        pred_HC  pred_MDD
  HC        22         7
  MDD       13        11

Total wall time: 554.0s
Saved per-fold results -> /home/hasan/fable's rEEG/results/nr_loso.json
