53 subjects  (24 MDD / 29 HC)  |  fs=125Hz  ch=125  win=4.0s/500smp  windows/subj: min=42 med=127 max=160

=== LOSO training/evaluation — stage nr (53 folds) ===
 fold   subject true  score pred  ok  win  cumAUC  cumBACC    time
------------------------------------------------------------------------------
  ... fold  1/53: training on 52 subjects (held-out sid=2010002) ...
/home/hasan/miniconda3/lib/python3.13/site-packages/pyriemann/utils/base.py:51: UserWarning: Convergence not reached
  return func(X, *args, **kwargs)
    1   2010002  MDD  0.338   HC   .  120     -       -     119.3s
  ... fold  2/53: training on 52 subjects (held-out sid=2010004) ...
    2   2010004  MDD  0.910  MDD   Y   44     -       -       8.8s
  ... fold  3/53: training on 52 subjects (held-out sid=2010005) ...
    3   2010005  MDD  0.124   HC   .  120     -       -       8.9s
  ... fold  4/53: training on 52 subjects (held-out sid=2010006) ...
    4   2010006  MDD  0.077   HC   .  120     -       -       8.8s
  ... fold  5/53: training on 52 subjects (held-out sid=2010008) ...
    5   2010008  MDD  0.603  MDD   Y  120     -       -       8.9s
  ... fold  6/53: training on 52 subjects (held-out sid=2010010) ...
    6   2010010  MDD  0.621  MDD   Y   92     -       -       9.0s
  ... fold  7/53: training on 52 subjects (held-out sid=2010011) ...
    7   2010011  MDD  0.050   HC   .  120     -       -      10.3s
  ... fold  8/53: training on 52 subjects (held-out sid=2010012) ...
    8   2010012  MDD  0.926  MDD   Y  112     -       -       9.1s
  ... fold  9/53: training on 52 subjects (held-out sid=2010013) ...
    9   2010013  MDD  0.997  MDD   Y  120     -       -      10.3s
  ... fold 10/53: training on 52 subjects (held-out sid=2010015) ...
   10   2010015  MDD  0.086   HC   .  120     -       -       9.9s
  ... fold 11/53: training on 52 subjects (held-out sid=2010016) ...
   11   2010016  MDD  0.081   HC   .  120     -       -       8.6s
  ... fold 12/53: training on 52 subjects (held-out sid=2010018) ...
   12   2010018  MDD  0.614  MDD   Y  120     -       -       8.6s
  ... fold 13/53: training on 52 subjects (held-out sid=2010019) ...
   13   2010019  MDD  0.901  MDD   Y  120     -       -       8.7s
  ... fold 14/53: training on 52 subjects (held-out sid=2010021) ...
   14   2010021  MDD  0.034   HC   .  120     -       -       8.6s
  ... fold 15/53: training on 52 subjects (held-out sid=2010022) ...
   15   2010022  MDD  0.951  MDD   Y  107     -       -       8.6s
  ... fold 16/53: training on 52 subjects (held-out sid=2010023) ...
   16   2010023  MDD  0.481   HC   .  120     -       -       8.8s
  ... fold 17/53: training on 52 subjects (held-out sid=2010024) ...
   17   2010024  MDD  0.993  MDD   Y  120     -       -       8.8s
  ... fold 18/53: training on 52 subjects (held-out sid=2010025) ...
   18   2010025  MDD  0.359   HC   .  120     -       -       8.9s
  ... fold 19/53: training on 52 subjects (held-out sid=2010026) ...
   19   2010026  MDD  0.834  MDD   Y  115     -       -      10.8s
  ... fold 20/53: training on 52 subjects (held-out sid=2010028) ...
   20   2010028  MDD  0.413   HC   .  120     -       -       9.9s
  ... fold 21/53: training on 52 subjects (held-out sid=2010030) ...
   21   2010030  MDD  0.990  MDD   Y  120     -       -       8.5s
  ... fold 22/53: training on 52 subjects (held-out sid=2010033) ...
   22   2010033  MDD  0.348   HC   .  120     -       -       8.4s
  ... fold 23/53: training on 52 subjects (held-out sid=2010034) ...
   23   2010034  MDD  0.429   HC   .   70     -       -       8.4s
  ... fold 24/53: training on 52 subjects (held-out sid=2010036) ...
   24   2010036  MDD  0.862  MDD   Y   99     -       -       8.5s
  ... fold 25/53: training on 52 subjects (held-out sid=2020008) ...
   25   2020008   HC  0.728  MDD   .   42  0.3750   0.2500    8.3s
  ... fold 26/53: training on 52 subjects (held-out sid=2020010) ...
   26   2020010   HC  0.015   HC   Y  112  0.6875   0.5000    8.3s
  ... fold 27/53: training on 52 subjects (held-out sid=2020013) ...
   27   2020013   HC  0.012   HC   Y  113  0.7917   0.5833    8.5s
  ... fold 28/53: training on 52 subjects (held-out sid=2020014) ...
   28   2020014   HC  0.599  MDD   .   66  0.7188   0.5000    8.4s
  ... fold 29/53: training on 52 subjects (held-out sid=2020015) ...
   29   2020015   HC  0.887  MDD   .  120  0.6333   0.4500    8.5s
  ... fold 30/53: training on 52 subjects (held-out sid=2020016) ...
   30   2020016   HC  0.358   HC   Y  119  0.6389   0.5000    8.5s
  ... fold 31/53: training on 52 subjects (held-out sid=2020018) ...
   31   2020018   HC  0.022   HC   Y   95  0.6905   0.5357    8.3s
  ... fold 32/53: training on 52 subjects (held-out sid=2020019) ...
   32   2020019   HC  0.012   HC   Y   90  0.7292   0.5625    8.3s
  ... fold 33/53: training on 52 subjects (held-out sid=2020020) ...
   33   2020020   HC  0.131   HC   Y  120  0.7315   0.5833    8.3s
  ... fold 34/53: training on 52 subjects (held-out sid=2020021) ...
   34   2020021   HC  0.065   HC   Y  120  0.7500   0.6000    8.6s
  ... fold 35/53: training on 52 subjects (held-out sid=2020022) ...
   35   2020022   HC  0.003   HC   Y  120  0.7727   0.6136    8.7s
  ... fold 36/53: training on 52 subjects (held-out sid=2020023) ...
   36   2020023   HC  0.872  MDD   .  120  0.7326   0.5833    8.8s
  ... fold 37/53: training on 52 subjects (held-out sid=2020025) ...
   37   2020025   HC  0.211   HC   Y  120  0.7340   0.5962    9.0s
  ... fold 38/53: training on 52 subjects (held-out sid=2020026) ...
   38   2020026   HC  0.299   HC   Y  120  0.7351   0.6071    8.6s
  ... fold 39/53: training on 52 subjects (held-out sid=2020027) ...
   39   2020027   HC  0.212   HC   Y  120  0.7361   0.6167    8.4s
  ... fold 40/53: training on 52 subjects (held-out sid=2020029) ...
   40   2020029   HC  0.008   HC   Y   96  0.7526   0.6250    8.6s
  ... fold 41/53: training on 52 subjects (held-out sid=2030002) ...
   41   2030002   HC  0.249   HC   Y  120  0.7525   0.6324    8.7s
  ... fold 42/53: training on 52 subjects (held-out sid=2030003) ...
   42   2030003   HC  0.156   HC   Y   94  0.7523   0.6389    8.5s
  ... fold 43/53: training on 52 subjects (held-out sid=2030004) ...
   43   2030004   HC  0.530  MDD   .  120  0.7390   0.6184    8.5s
  ... fold 44/53: training on 52 subjects (held-out sid=2030005) ...
   44   2030005   HC  0.708  MDD   .   90  0.7208   0.6000    8.6s
  ... fold 45/53: training on 52 subjects (held-out sid=2030006) ...
   45   2030006   HC  0.001   HC   Y  120  0.7341   0.6071    8.5s
  ... fold 46/53: training on 52 subjects (held-out sid=2030007) ...
   46   2030007   HC  0.001   HC   Y  120  0.7462   0.6136    8.7s
  ... fold 47/53: training on 52 subjects (held-out sid=2030009) ...
   47   2030009   HC  0.015   HC   Y   95  0.7572   0.6196    8.5s
  ... fold 48/53: training on 52 subjects (held-out sid=2030014) ...
   48   2030014   HC  0.979  MDD   .  120  0.7309   0.6042    9.3s
  ... fold 49/53: training on 52 subjects (held-out sid=2030017) ...
   49   2030017   HC  0.510  MDD   .  120  0.7217   0.5900    8.6s
  ... fold 50/53: training on 52 subjects (held-out sid=2030018) ...
   50   2030018   HC  0.951  MDD   .  104  0.7003   0.5769    8.6s
  ... fold 51/53: training on 52 subjects (held-out sid=2030019) ...
   51   2030019   HC  0.003   HC   Y  120  0.7114   0.5833    8.5s
  ... fold 52/53: training on 52 subjects (held-out sid=2030020) ...
   52   2030020   HC  0.957  MDD   .  120  0.6905   0.5714    8.5s
  ... fold 53/53: training on 52 subjects (held-out sid=2030021) ...
   53   2030021   HC  0.005   HC   Y  120  0.7011   0.5776    8.4s
------------------------------------------------------------------------------

FINAL  stage nr  |  53 subjects (24 MDD / 29 HC)
  Subject-level ROC-AUC : 0.7011   (primary)
  Balanced accuracy     : 0.5776  @thr=0.50   |  0.6897  @thr=0.034 (Youden)
  Macro-F1              : 0.5775  @thr=0.50   |  0.6386  @thr=0.034
  Confusion matrix @0.50 (rows=true HC/MDD, cols=pred HC/MDD):
        pred_HC  pred_MDD
  HC        19        10
  MDD       12        12

Total wall time: 576.7s
Saved per-fold results -> /home/hasan/fable's rEEG/results/nr_loso.json
