53 subjects  (24 MDD / 29 HC)  |  fs=125Hz  ch=125  win=4.0s/500smp  windows/subj: min=42 med=127 max=160

=== LOSO training/evaluation — stage nr (53 folds) ===
 fold   subject true  score pred  ok  win  cumAUC  cumBACC    time
------------------------------------------------------------------------------
  ... fold  1/53: training on 52 subjects (held-out sid=2010002) ...
/home/hasan/miniconda3/lib/python3.13/site-packages/pyriemann/utils/base.py:51: UserWarning: Convergence not reached
  return func(X, *args, **kwargs)
    1   2010002  MDD  0.342   HC   .  120     -       -     113.8s
  ... fold  2/53: training on 52 subjects (held-out sid=2010004) ...
    2   2010004  MDD  0.925  MDD   Y   44     -       -       8.3s
  ... fold  3/53: training on 52 subjects (held-out sid=2010005) ...
    3   2010005  MDD  0.133   HC   .  120     -       -       8.5s
  ... fold  4/53: training on 52 subjects (held-out sid=2010006) ...
    4   2010006  MDD  0.082   HC   .  120     -       -       8.5s
  ... fold  5/53: training on 52 subjects (held-out sid=2010008) ...
    5   2010008  MDD  0.604  MDD   Y  120     -       -       8.5s
  ... fold  6/53: training on 52 subjects (held-out sid=2010010) ...
    6   2010010  MDD  0.620  MDD   Y   92     -       -       8.6s
  ... fold  7/53: training on 52 subjects (held-out sid=2010011) ...
    7   2010011  MDD  0.053   HC   .  120     -       -       8.4s
  ... fold  8/53: training on 52 subjects (held-out sid=2010012) ...
    8   2010012  MDD  0.936  MDD   Y  112     -       -       8.4s
  ... fold  9/53: training on 52 subjects (held-out sid=2010013) ...
    9   2010013  MDD  0.997  MDD   Y  120     -       -       8.5s
  ... fold 10/53: training on 52 subjects (held-out sid=2010015) ...
   10   2010015  MDD  0.109   HC   .  120     -       -       8.7s
  ... fold 11/53: training on 52 subjects (held-out sid=2010016) ...
   11   2010016  MDD  0.084   HC   .  120     -       -       8.5s
  ... fold 12/53: training on 52 subjects (held-out sid=2010018) ...
   12   2010018  MDD  0.629  MDD   Y  120     -       -       8.5s
  ... fold 13/53: training on 52 subjects (held-out sid=2010019) ...
   13   2010019  MDD  0.901  MDD   Y  120     -       -       8.5s
  ... fold 14/53: training on 52 subjects (held-out sid=2010021) ...
   14   2010021  MDD  0.011   HC   .  120     -       -       8.5s
  ... fold 15/53: training on 52 subjects (held-out sid=2010022) ...
   15   2010022  MDD  0.955  MDD   Y  107     -       -       8.5s
  ... fold 16/53: training on 52 subjects (held-out sid=2010023) ...
   16   2010023  MDD  0.475   HC   .  120     -       -       8.6s
  ... fold 17/53: training on 52 subjects (held-out sid=2010024) ...
   17   2010024  MDD  0.993  MDD   Y  120     -       -       8.6s
  ... fold 18/53: training on 52 subjects (held-out sid=2010025) ...
   18   2010025  MDD  0.346   HC   .  120     -       -       8.4s
  ... fold 19/53: training on 52 subjects (held-out sid=2010026) ...
   19   2010026  MDD  0.831  MDD   Y  115     -       -       8.4s
  ... fold 20/53: training on 52 subjects (held-out sid=2010028) ...
   20   2010028  MDD  0.398   HC   .  120     -       -       8.6s
  ... fold 21/53: training on 52 subjects (held-out sid=2010030) ...
   21   2010030  MDD  0.993  MDD   Y  120     -       -       8.4s
  ... fold 22/53: training on 52 subjects (held-out sid=2010033) ...
   22   2010033  MDD  0.305   HC   .  120     -       -       8.4s
  ... fold 23/53: training on 52 subjects (held-out sid=2010034) ...
   23   2010034  MDD  0.413   HC   .   70     -       -       8.5s
  ... fold 24/53: training on 52 subjects (held-out sid=2010036) ...
   24   2010036  MDD  0.868  MDD   Y   99     -       -       8.8s
  ... fold 25/53: training on 52 subjects (held-out sid=2020008) ...
   25   2020008   HC  0.742  MDD   .   42  0.3750   0.2500    8.4s
  ... fold 26/53: training on 52 subjects (held-out sid=2020010) ...
   26   2020010   HC  0.014   HC   Y  112  0.6667   0.5000    8.5s
  ... fold 27/53: training on 52 subjects (held-out sid=2020013) ...
   27   2020013   HC  0.008   HC   Y  113  0.7778   0.5833    8.5s
  ... fold 28/53: training on 52 subjects (held-out sid=2020014) ...
   28   2020014   HC  0.599  MDD   .   66  0.7083   0.5000    8.5s
  ... fold 29/53: training on 52 subjects (held-out sid=2020015) ...
   29   2020015   HC  0.882  MDD   .  120  0.6250   0.4500    8.4s
  ... fold 30/53: training on 52 subjects (held-out sid=2020016) ...
   30   2020016   HC  0.351   HC   Y  119  0.6250   0.5000    8.4s
  ... fold 31/53: training on 52 subjects (held-out sid=2020018) ...
   31   2020018   HC  0.024   HC   Y   95  0.6726   0.5357    8.5s
  ... fold 32/53: training on 52 subjects (held-out sid=2020019) ...
   32   2020019   HC  0.012   HC   Y   90  0.7083   0.5625    8.4s
  ... fold 33/53: training on 52 subjects (held-out sid=2020020) ...
   33   2020020   HC  0.125   HC   Y  120  0.7176   0.5833    8.3s
  ... fold 34/53: training on 52 subjects (held-out sid=2020021) ...
   34   2020021   HC  0.066   HC   Y  120  0.7375   0.6000    8.3s
  ... fold 35/53: training on 52 subjects (held-out sid=2020022) ...
   35   2020022   HC  0.002   HC   Y  120  0.7614   0.6136    8.3s
  ... fold 36/53: training on 52 subjects (held-out sid=2020023) ...
   36   2020023   HC  0.885  MDD   .  120  0.7222   0.5833    8.4s
  ... fold 37/53: training on 52 subjects (held-out sid=2020025) ...
   37   2020025   HC  0.216   HC   Y  120  0.7244   0.5962    8.3s
  ... fold 38/53: training on 52 subjects (held-out sid=2020026) ...
   38   2020026   HC  0.304   HC   Y  120  0.7262   0.6071    8.5s
  ... fold 39/53: training on 52 subjects (held-out sid=2020027) ...
   39   2020027   HC  0.215   HC   Y  120  0.7278   0.6167    8.4s
  ... fold 40/53: training on 52 subjects (held-out sid=2020029) ...
   40   2020029   HC  0.008   HC   Y   96  0.7448   0.6250    8.4s
  ... fold 41/53: training on 52 subjects (held-out sid=2030002) ...
   41   2030002   HC  0.148   HC   Y  120  0.7451   0.6324    8.4s
  ... fold 42/53: training on 52 subjects (held-out sid=2030003) ...
   42   2030003   HC  0.112   HC   Y   94  0.7477   0.6389    8.3s
  ... fold 43/53: training on 52 subjects (held-out sid=2030004) ...
   43   2030004   HC  0.470   HC   Y  120  0.7368   0.6447    8.4s
  ... fold 44/53: training on 52 subjects (held-out sid=2030005) ...
   44   2030005   HC  0.720  MDD   .   90  0.7188   0.6250    8.5s
  ... fold 45/53: training on 52 subjects (held-out sid=2030006) ...
   45   2030006   HC  0.001   HC   Y  120  0.7321   0.6310    8.6s
  ... fold 46/53: training on 52 subjects (held-out sid=2030007) ...
   46   2030007   HC  0.001   HC   Y  120  0.7443   0.6364    8.4s
  ... fold 47/53: training on 52 subjects (held-out sid=2030009) ...
   47   2030009   HC  0.013   HC   Y   95  0.7536   0.6413    8.3s
  ... fold 48/53: training on 52 subjects (held-out sid=2030014) ...
   48   2030014   HC  0.981  MDD   .  120  0.7274   0.6250    8.4s
  ... fold 49/53: training on 52 subjects (held-out sid=2030017) ...
   49   2030017   HC  0.500   HC   Y  120  0.7183   0.6300    8.3s
  ... fold 50/53: training on 52 subjects (held-out sid=2030018) ...
   50   2030018   HC  0.947  MDD   .  104  0.6971   0.6154    8.3s
  ... fold 51/53: training on 52 subjects (held-out sid=2030019) ...
   51   2030019   HC  0.002   HC   Y  120  0.7083   0.6204    8.3s
  ... fold 52/53: training on 52 subjects (held-out sid=2030020) ...
   52   2030020   HC  0.957  MDD   .  120  0.6875   0.6071    8.6s
  ... fold 53/53: training on 52 subjects (held-out sid=2030021) ...
   53   2030021   HC  0.003   HC   Y  120  0.6983   0.6121    8.5s
------------------------------------------------------------------------------

FINAL  stage nr  |  53 subjects (24 MDD / 29 HC)
  Subject-level ROC-AUC : 0.6983   (primary)
  Balanced accuracy     : 0.6121  @thr=0.50   |  0.6853  @thr=0.305 (Youden)
  Macro-F1              : 0.6114  @thr=0.50   |  0.6792  @thr=0.305
  Confusion matrix @0.50 (rows=true HC/MDD, cols=pred HC/MDD):
        pred_HC  pred_MDD
  HC        21         8
  MDD       12        12

Total wall time: 554.2s
Saved per-fold results -> /home/hasan/fable's rEEG/results/nr_loso.json
