53 subjects  (24 MDD / 29 HC)  |  fs=125Hz  ch=125  win=4.0s/500smp  windows/subj: min=42 med=127 max=160

=== 10-fold CV training/evaluation — stage nrde (53 subjects) ===
 fold   subject true  score pred  ok  win  cumAUC  cumBACC    time
------------------------------------------------------------------------------
  ... fold  1/10: training on 47 subjects (held-out: 2010005, 2010012, 2010016, 2020019, 2020021, 2030002) ...
    1   2010005  MDD  0.359   HC   .  120     -       -      31.7s
    2   2010012  MDD  0.994  MDD   Y  112     -       -      31.6s
    3   2010016  MDD  0.248   HC   .  120     -       -      31.8s
    4   2020019   HC  0.009   HC   Y   90  1.0000   0.6667   31.0s
    5   2020021   HC  0.022   HC   Y  120  1.0000   0.6667   31.5s
    6   2030002   HC  0.006   HC   Y  120  1.0000   0.6667   31.4s
  ... fold  2/10: training on 47 subjects (held-out: 2010015, 2010021, 2010022, 2020016, 2020020, 2020029) ...
    7   2010015  MDD  0.018   HC   .  120  0.9167   0.6250    1.5s
    8   2010021  MDD  0.121   HC   .  120  0.9333   0.6000    1.5s
    9   2010022  MDD  0.981  MDD   Y  107  0.9444   0.6667    1.4s
   10   2020016   HC  0.110   HC   Y  119  0.9167   0.6667    1.5s
   11   2020020   HC  0.043   HC   Y  120  0.9000   0.6667    1.5s
   12   2020029   HC  0.063   HC   Y   96  0.8889   0.6667    1.4s
  ... fold  3/10: training on 47 subjects (held-out: 2010002, 2010028, 2010036, 2020013, 2020023, 2020026) ...
   13   2010002  MDD  0.599  MDD   Y  120  0.9048   0.7143    1.5s
   14   2010028  MDD  0.725  MDD   Y  120  0.9167   0.7500    1.5s
   15   2010036  MDD  0.626  MDD   Y   99  0.9259   0.7778    1.4s
   16   2020013   HC  0.038   HC   Y  113  0.9206   0.7778    1.4s
   17   2020023   HC  0.788  MDD   .  120  0.8333   0.7153    1.5s
   18   2020026   HC  0.506  MDD   .  120  0.8025   0.6667    1.5s
  ... fold  4/10: training on 48 subjects (held-out: 2010008, 2010010, 2010030, 2020010, 2030009) ...
   19   2010008  MDD  0.052   HC   .  120  0.7778   0.6389    1.8s
   20   2010010  MDD  0.213   HC   .   92  0.7778   0.6162    1.7s
   21   2010030  MDD  0.894  MDD   Y  120  0.7963   0.6389    1.7s
   22   2020010   HC  0.138   HC   Y  112  0.7917   0.6500    1.7s
   23   2030009   HC  0.087   HC   Y   95  0.7955   0.6591    1.7s
  ... fold  5/10: training on 48 subjects (held-out: 2010011, 2010018, 2020014, 2020022, 2030021) ...
   24   2010011  MDD  0.877  MDD   Y  120  0.8112   0.6783    1.7s
   25   2010018  MDD  0.979  MDD   Y  120  0.8247   0.6948    1.7s
   26   2020014   HC  0.263   HC   Y   66  0.8095   0.7024    1.7s
   27   2020022   HC  0.820  MDD   .  120  0.7747   0.6703    1.8s
   28   2030021   HC  0.020   HC   Y  120  0.7857   0.6786    1.7s
  ... fold  6/10: training on 48 subjects (held-out: 2010019, 2010033, 2030006, 2030007, 2030014) ...
   29   2010019  MDD  0.734  MDD   Y  120  0.7905   0.6929    1.7s
   30   2010033  MDD  0.626  MDD   Y  120  0.7946   0.7054    1.7s
   31   2030006   HC  0.560  MDD   .  120  0.7833   0.6792    1.7s
   32   2030007   HC  0.070   HC   Y  120  0.7891   0.6875    1.7s
   33   2030014   HC  0.853  MDD   .  120  0.7610   0.6654    1.7s
  ... fold  7/10: training on 48 subjects (held-out: 2010004, 2010024, 2020008, 2020018, 2030004) ...
   34   2010004  MDD  0.999  MDD   Y   44  0.7751   0.6765    1.7s
   35   2010024  MDD  1.000  MDD   Y  120  0.7876   0.6863    1.8s
   36   2020008   HC  0.707  MDD   .   42  0.7716   0.6667    1.7s
   37   2020018   HC  0.013   HC   Y   95  0.7836   0.6754    1.7s
   38   2030004   HC  0.780  MDD   .  120  0.7639   0.6583    1.8s
  ... fold  8/10: training on 48 subjects (held-out: 2010006, 2010034, 2020015, 2030005, 2030019) ...
   39   2010006  MDD  0.248   HC   .  120  0.7553   0.6408    1.7s
   40   2010034  MDD  0.071   HC   .   70  0.7400   0.6250    1.7s
   41   2020015   HC  0.644  MDD   .  120  0.7262   0.6095    1.8s
   42   2030005   HC  0.471   HC   Y   90  0.7205   0.6182    1.7s
   43   2030019   HC  0.001   HC   Y  120  0.7326   0.6261    1.7s
  ... fold  9/10: training on 48 subjects (held-out: 2010013, 2010025, 2020027, 2030017, 2030020) ...
   44   2010013  MDD  0.998  MDD   Y  120  0.7453   0.6356    1.8s
   45   2010025  MDD  0.355   HC   .  120  0.7391   0.6215    1.8s
   46   2020027   HC  0.644  MDD   .  120  0.7273   0.6080    1.8s
   47   2030017   HC  0.263   HC   Y  120  0.7255   0.6155    1.8s
   48   2030020   HC  1.000  MDD   .  120  0.6976   0.6031    1.8s
  ... fold 10/10: training on 48 subjects (held-out: 2010023, 2010026, 2020025, 2030003, 2030018) ...
   49   2010023  MDD  0.176   HC   .  120  0.6890   0.5903    1.7s
   50   2010026  MDD  0.916  MDD   Y  115  0.7003   0.5994    1.7s
   51   2020025   HC  0.040   HC   Y  120  0.7099   0.6065    1.7s
   52   2030003   HC  0.102   HC   Y   94  0.7158   0.6131    1.7s
   53   2030018   HC  0.669  MDD   .  104  0.7069   0.6020    1.7s
------------------------------------------------------------------------------

FINAL  stage nrde  [10-fold CV]  |  53 subjects (24 MDD / 29 HC)
  Subject-level ROC-AUC : 0.7069   (primary)
  Balanced accuracy     : 0.6020  @thr=0.50   |  0.6789  @thr=0.121 (Youden)
  Macro-F1              : 0.6015  @thr=0.50   |  0.6543  @thr=0.121
  Confusion matrix @0.50 (rows=true HC/MDD, cols=pred HC/MDD):
        pred_HC  pred_MDD
  HC        18        11
  MDD       10        14

Total wall time: 267.8s
Saved per-fold results -> /home/hasan/fable's rEEG/results/nrde_cv10.json
