[dataset] opennuero  raw=/home/hasan/fable's rEEG/ds003478-download  cache=/home/hasan/fable's rEEG/cache/opennuero  fs_orig=500->125Hz  ch=64
121 subjects  (46 MDD / 75 HC)  |  fs=125Hz  ch=64  win=4.0s/500smp  windows/subj: min=32 med=129 max=207

=== 10-fold CV training/evaluation — stage de (121 subjects) ===
 fold   subject true  score pred  ok  win  cumAUC  cumBACC    time
------------------------------------------------------------------------------
  ... fold  1/10: training on 108 subjects (held-out: 1, 4, 17, 27, 40, 45, 61, 77, 82, 85, 98, 101, 114) ...
    1         1   HC  0.001   HC   Y  120     -       -       4.0s
    2         4   HC  0.766  MDD   .  120     -       -       3.9s
    3        17   HC  0.187   HC   Y  115     -       -       3.9s
    4        27   HC  0.003   HC   Y  120     -       -       3.9s
    5        40   HC  0.008   HC   Y  120     -       -       3.9s
    6        45   HC  0.571  MDD   .  120     -       -       3.9s
    7        61  MDD  0.169   HC   .  120  0.5000   0.3333    3.9s
    8        77   HC  0.796  MDD   .  109  0.4286   0.2857    3.9s
    9        82   HC  0.756  MDD   .  120  0.3750   0.2500    3.9s
   10        85  MDD  0.187   HC   .  120  0.4375   0.2500    3.9s
   11        98  MDD  0.869  MDD   Y  120  0.6250   0.4167    3.9s
   12       101  MDD  0.806  MDD   Y  104  0.7188   0.5000    3.9s
   13       114  MDD  0.841  MDD   Y  120  0.7750   0.5500    3.9s
  ... fold  2/10: training on 109 subjects (held-out: 3, 8, 15, 37, 43, 51, 60, 70, 94, 107, 111, 112) ...
   14         3   HC  0.260   HC   Y  120  0.7556   0.5778    0.4s
   15         8   HC  0.738  MDD   .  120  0.7400   0.5500    0.4s
   16        15   HC  0.066   HC   Y  120  0.7636   0.5727    0.4s
   17        37   HC  0.867  MDD   .  120  0.7167   0.5500    0.4s
   18        43   HC  0.907  MDD   .  120  0.6615   0.5308    0.4s
   19        51   HC  0.080   HC   Y  119  0.6857   0.5500    0.4s
   20        60  MDD  0.963  MDD   Y   69  0.7381   0.5833    0.4s
   21        70   HC  0.920  MDD   .  103  0.7000   0.5667    0.4s
   22        94   HC  0.543  MDD   .  109  0.6979   0.5521    0.4s
   23       107  MDD  0.311   HC   .   32  0.6607   0.5045    0.4s
   24       111  MDD  0.320   HC   .  109  0.6328   0.4688    0.4s
   25       112  MDD  0.341   HC   .  120  0.6111   0.4410    0.4s
  ... fold  3/10: training on 109 subjects (held-out: 14, 16, 23, 33, 41, 55, 79, 83, 87, 97, 105, 108) ...
   26        14   HC  0.202   HC   Y  115  0.6209   0.4575    0.4s
   27        16   HC  0.910  MDD   .  116  0.5926   0.4444    0.4s
   28        23   HC  0.074   HC   Y  102  0.6140   0.4591    0.4s
   29        33   HC  0.379   HC   Y  120  0.6056   0.4722    0.4s
   30        41   HC  0.119   HC   Y  120  0.6243   0.4841    0.4s
   31        55  MDD  0.506  MDD   Y  120  0.6143   0.5119    0.4s
   32        79   HC  0.245   HC   Y  117  0.6227   0.5227    0.4s
   33        83   HC  0.053   HC   Y  120  0.6391   0.5326    0.4s
   34        87   HC  0.582  MDD   .  120  0.6292   0.5208    0.4s
   35        97  MDD  0.107   HC   .  120  0.5985   0.4981    0.4s
   36       105  MDD  0.026   HC   .  110  0.5590   0.4792    0.4s
   37       108  MDD  0.582  MDD   Y  120  0.5673   0.5016    0.4s
  ... fold  4/10: training on 109 subjects (held-out: 7, 26, 30, 35, 52, 54, 57, 64, 76, 103, 115, 121) ...
   38         7   HC  0.383   HC   Y  120  0.5631   0.5108    0.5s
   39        26   HC  0.135   HC   Y  120  0.5740   0.5192    0.5s
   40        30   HC  0.002   HC   Y  117  0.5897   0.5271    0.5s
   41        35   HC  0.194   HC   Y  120  0.5934   0.5343    0.5s
   42        52  MDD  0.948  MDD   Y  120  0.6224   0.5536    0.5s
   43        54   HC  0.192   HC   Y  107  0.6256   0.5603    0.5s
   44        57   HC  0.004   HC   Y  111  0.6381   0.5667    0.5s
   45        64   HC  0.015   HC   Y   95  0.6498   0.5726    0.5s
   46        76   HC  0.188   HC   Y   97  0.6518   0.5781    0.5s
   47       103  MDD  0.368   HC   .  120  0.6479   0.5615    0.5s
   48       115  MDD  0.035   HC   .  120  0.6191   0.5469    0.5s
   49       121  MDD  0.990  MDD   Y   93  0.6415   0.5634    0.5s
  ... fold  5/10: training on 109 subjects (held-out: 5, 11, 18, 21, 42, 46, 71, 75, 91, 104, 120, 122) ...
   50         5   HC  0.539  MDD   .  120  0.6346   0.5535    0.4s
   51        11   HC  0.263   HC   Y   99  0.6367   0.5588    0.4s
   52        18   HC  0.093   HC   Y  120  0.6437   0.5639    0.4s
   53        21   HC  0.052   HC   Y  115  0.6503   0.5686    0.4s
   54        42   HC  0.292   HC   Y  110  0.6518   0.5731    0.4s
   55        46   HC  0.257   HC   Y  120  0.6533   0.5774    0.4s
   56        71   HC  0.030   HC   Y  105  0.6606   0.5814    0.4s
   57        75   HC  0.990  MDD   .   90  0.6456   0.5728    0.4s
   58        91  MDD  0.646  MDD   Y  120  0.6528   0.5875    0.4s
   59       104  MDD  1.000  MDD   Y  120  0.6711   0.6007    0.4s
   60       120  MDD  0.921  MDD   Y   92  0.6863   0.6125    0.4s
   61       122  MDD  0.167   HC   .  110  0.6714   0.5994    0.4s
  ... fold  6/10: training on 109 subjects (held-out: 12, 22, 24, 25, 49, 56, 65, 67, 84, 117, 118, 119) ...
   62        12   HC  0.072   HC   Y  120  0.6771   0.6034    0.4s
   63        22   HC  0.637  MDD   .  120  0.6712   0.5952    0.4s
   64        24   HC  0.979  MDD   .  120  0.6578   0.5875    0.4s
   65        25   HC  0.053   HC   Y  120  0.6634   0.5915    0.4s
   66        49   HC  0.010   HC   Y  120  0.6709   0.5952    0.4s
   67        56   HC  0.000   HC   Y  120  0.6781   0.5989    0.4s
   68        65  MDD  0.689  MDD   Y  120  0.6828   0.6097    0.4s
   69        67   HC  0.652  MDD   .  120  0.6770   0.6025    0.4s
   70        84  MDD  0.130   HC   .  120  0.6642   0.5907    0.4s
   71       117  MDD  0.981  MDD   Y  107  0.6773   0.6006    0.4s
   72       118  MDD  0.414   HC   .  120  0.6766   0.5898    0.4s
   73       119  MDD  0.954  MDD   Y  101  0.6874   0.5990    0.4s
  ... fold  7/10: training on 109 subjects (held-out: 13, 29, 31, 32, 58, 62, 63, 78, 89, 95, 102, 116) ...
   74        13   HC  0.046   HC   Y  120  0.6923   0.6026    0.4s
   75        29   HC  0.519  MDD   .  120  0.6884   0.5958    0.4s
   76        31   HC  0.642  MDD   .  120  0.6838   0.5892    0.4s
   77        32   HC  0.181   HC   Y  120  0.6855   0.5928    0.4s
   78        58  MDD  0.705  MDD   Y  120  0.6899   0.6013    0.4s
   79        62   HC  0.545  MDD   .  120  0.6866   0.5951    0.4s
   80        63  MDD  0.050   HC   .  120  0.6690   0.5852    0.4s
   81        78   HC  0.645  MDD   .   97  0.6651   0.5792    0.4s
   82        89  MDD  0.391   HC   .  113  0.6636   0.5699    0.4s
   83        95   HC  0.666  MDD   .  120  0.6590   0.5642    0.4s
   84       102  MDD  0.763  MDD   Y  109  0.6654   0.5722    0.4s
   85       116  MDD  0.566  MDD   Y   78  0.6661   0.5797    0.4s
  ... fold  8/10: training on 109 subjects (held-out: 19, 28, 39, 48, 69, 73, 86, 90, 92, 96, 99, 106) ...
   86        19   HC  0.418   HC   Y  118  0.6639   0.5833    0.4s
   87        28   HC  0.119   HC   Y  120  0.6676   0.5867    0.4s
   88        39   HC  0.129   HC   Y  120  0.6712   0.5900    0.4s
   89        48   HC  0.974  MDD   .  120  0.6613   0.5845    0.4s
   90        69   HC  0.309   HC   Y  120  0.6627   0.5878    0.4s
   91        73   HC  0.152   HC   Y  115  0.6656   0.5909    0.4s
   92        86  MDD  0.830  MDD   Y  120  0.6724   0.5979    0.4s
   93        90   HC  0.113   HC   Y  110  0.6757   0.6009    0.4s
   94        92  MDD  0.562  MDD   Y  120  0.6766   0.6076    0.4s
   95        96  MDD  0.431   HC   .  120  0.6755   0.5991    0.4s
   96        99  MDD  0.807  MDD   Y  120  0.6815   0.6054    0.4s
   97       106  MDD  0.407   HC   .  107  0.6799   0.5974    0.4s
  ... fold  9/10: training on 109 subjects (held-out: 2, 6, 10, 20, 34, 53, 68, 74, 80, 100, 109, 113) ...
   98         2   HC  0.095   HC   Y  120  0.6837   0.6004    0.4s
   99         6   HC  0.676  MDD   .   46  0.6795   0.5952    0.4s
  100        10   HC  0.032   HC   Y  120  0.6840   0.5981    0.4s
  101        20   HC  0.024   HC   Y  120  0.6889   0.6009    0.4s
  102        34   HC  0.015   HC   Y  120  0.6936   0.6035    0.4s
  103        53  MDD  0.009   HC   .  120  0.6773   0.5960    0.4s
  104        68   HC  0.258   HC   Y  120  0.6785   0.5986    0.4s
  105        74   HC  0.023   HC   Y  120  0.6828   0.6012    0.4s
  106        80  MDD  0.239   HC   .  112  0.6784   0.5940    0.4s
  107       100  MDD  0.246   HC   .  120  0.6746   0.5873    0.4s
  108       109  MDD  0.277   HC   .   97  0.6724   0.5809    0.4s
  109       113  MDD  0.037   HC   .  120  0.6607   0.5748    0.4s
  ... fold 10/10: training on 109 subjects (held-out: 9, 36, 44, 47, 50, 59, 66, 72, 81, 88, 93, 110) ...
  110         9   HC  0.169   HC   Y  120  0.6624   0.5772    0.3s
  111        36   HC  0.843  MDD   .  120  0.6557   0.5725    0.3s
  112        44   HC  0.211   HC   Y  120  0.6572   0.5749    0.3s
  113        47   HC  0.210   HC   Y  120  0.6585   0.5772    0.3s
  114        50   HC  0.088   HC   Y  120  0.6615   0.5795    0.3s
  115        59  MDD  0.297   HC   .  120  0.6605   0.5737    0.3s
  116        66  MDD  0.901  MDD   Y  120  0.6665   0.5798    0.3s
  117        72   HC  0.222   HC   Y  120  0.6678   0.5820    0.3s
  118        81  MDD  0.888  MDD   Y  112  0.6735   0.5878    0.3s
  119        88  MDD  0.373   HC   .  111  0.6727   0.5823    0.3s
  120        93   HC  0.758  MDD   .  120  0.6681   0.5778    0.3s
  121       110  MDD  0.431   HC   .  120  0.6681   0.5725    0.3s
------------------------------------------------------------------------------

FINAL  stage de  [10-fold CV]  |  121 subjects (46 MDD / 75 HC)
  Subject-level ROC-AUC : 0.6681   (primary)
  Balanced accuracy     : 0.5725  @thr=0.50   |  0.6696  @thr=0.277 (Youden)
  Macro-F1              : 0.5721  @thr=0.50   |  0.6500  @thr=0.277
  Confusion matrix @0.50 (rows=true HC/MDD, cols=pred HC/MDD):
        pred_HC  pred_MDD
  HC        50        25
  MDD       24        22

Total wall time: 92.4s
Saved per-fold results -> /home/hasan/fable's rEEG/results/opennuero_de_cv10.json
