[dataset] opennuero  raw=/home/hasan/fable's rEEG/ds003478-download  cache=/home/hasan/fable's rEEG/cache/opennuero  fs_orig=500->125Hz  ch=64
** harmonised to shared 17-channel 10-20 montage **
121 subjects  (46 MDD / 75 HC)  |  fs=125Hz  ch=17  win=4.0s/500smp  windows/subj: min=44 med=142 max=209

=== 10-fold CV training/evaluation — stage defu (121 subjects) ===
 fold   subject true  score pred  ok  win  cumAUC  cumBACC    time
------------------------------------------------------------------------------
  ... fold  1/10: training on 108 subjects (held-out: 1, 4, 17, 27, 40, 45, 61, 77, 82, 85, 98, 101, 114) ...
      [defu sid=1 y=0] nr=0.389  de=0.256  fused=0.322
    1         1   HC  0.322   HC   Y  120     -       -       1.7s
      [defu sid=4 y=0] nr=0.315  de=0.527  fused=0.421
    2         4   HC  0.421   HC   Y  120     -       -       1.7s
      [defu sid=17 y=0] nr=0.566  de=0.269  fused=0.418
    3        17   HC  0.418   HC   Y  115     -       -       1.7s
      [defu sid=27 y=0] nr=0.387  de=0.614  fused=0.500
    4        27   HC  0.500  MDD   .  120     -       -       1.7s
      [defu sid=40 y=0] nr=0.476  de=0.654  fused=0.565
    5        40   HC  0.565  MDD   .  120     -       -       1.7s
      [defu sid=45 y=0] nr=0.610  de=0.583  fused=0.596
    6        45   HC  0.596  MDD   .  120     -       -       1.7s
      [defu sid=61 y=1] nr=0.287  de=0.649  fused=0.468
    7        61  MDD  0.468   HC   .  120  0.5000   0.2500    1.7s
      [defu sid=77 y=0] nr=0.813  de=0.244  fused=0.529
    8        77   HC  0.529  MDD   .  111  0.4286   0.2143    1.7s
      [defu sid=82 y=0] nr=0.470  de=0.770  fused=0.620
    9        82   HC  0.620  MDD   .  120  0.3750   0.1875    1.7s
      [defu sid=85 y=1] nr=0.468  de=0.478  fused=0.473
   10        85  MDD  0.473   HC   .  120  0.3750   0.1875    1.7s
      [defu sid=98 y=1] nr=0.667  de=0.779  fused=0.723
   11        98  MDD  0.723  MDD   Y  120  0.5833   0.3542    1.7s
      [defu sid=101 y=1] nr=0.742  de=0.684  fused=0.713
   12       101  MDD  0.713  MDD   Y  113  0.6875   0.4375    1.7s
      [defu sid=114 y=1] nr=0.579  de=0.482  fused=0.531
   13       114  MDD  0.531  MDD   Y  120  0.6750   0.4875    1.7s
  ... fold  2/10: training on 109 subjects (held-out: 3, 8, 15, 37, 43, 51, 60, 70, 94, 107, 111, 112) ...
      [defu sid=3 y=0] nr=0.389  de=0.567  fused=0.478
   14         3   HC  0.478   HC   Y  120  0.6667   0.5222    0.2s
      [defu sid=8 y=0] nr=0.303  de=0.487  fused=0.395
   15         8   HC  0.395   HC   Y  120  0.7000   0.5500    0.2s
      [defu sid=15 y=0] nr=0.745  de=0.604  fused=0.674
   16        15   HC  0.674  MDD   .  120  0.6727   0.5273    0.2s
      [defu sid=37 y=0] nr=0.598  de=0.600  fused=0.599
   17        37   HC  0.599  MDD   .  120  0.6500   0.5083    0.2s
      [defu sid=43 y=0] nr=0.554  de=0.908  fused=0.731
   18        43   HC  0.731  MDD   .  120  0.6000   0.4923    0.2s
      [defu sid=51 y=0] nr=0.478  de=0.477  fused=0.478
   19        51   HC  0.478   HC   Y  120  0.6000   0.5143    0.2s
      [defu sid=60 y=1] nr=0.786  de=0.808  fused=0.797
   20        60  MDD  0.797  MDD   Y   76  0.6667   0.5476    0.2s
      [defu sid=70 y=0] nr=0.382  de=0.457  fused=0.419
   21        70   HC  0.419   HC   Y  109  0.6889   0.5667    0.2s
      [defu sid=94 y=0] nr=0.553  de=0.667  fused=0.610
   22        94   HC  0.610  MDD   .  120  0.6771   0.5521    0.2s
      [defu sid=107 y=1] nr=0.394  de=0.256  fused=0.325
   23       107  MDD  0.325   HC   .   44  0.5893   0.5045    0.1s
      [defu sid=111 y=1] nr=0.801  de=0.535  fused=0.668
   24       111  MDD  0.668  MDD   Y  111  0.6250   0.5312    0.2s
      [defu sid=112 y=1] nr=0.472  de=0.615  fused=0.543
   25       112  MDD  0.543  MDD   Y  120  0.6181   0.5521    0.2s
  ... fold  3/10: training on 109 subjects (held-out: 14, 16, 23, 33, 41, 55, 79, 83, 87, 97, 105, 108) ...
      [defu sid=14 y=0] nr=0.162  de=0.273  fused=0.218
   26        14   HC  0.218   HC   Y  120  0.6405   0.5686    0.1s
      [defu sid=16 y=0] nr=0.146  de=0.633  fused=0.390
   27        16   HC  0.390   HC   Y  118  0.6543   0.5833    0.1s
      [defu sid=23 y=0] nr=0.376  de=0.087  fused=0.231
   28        23   HC  0.231   HC   Y  117  0.6725   0.5965    0.1s
      [defu sid=33 y=0] nr=0.431  de=0.337  fused=0.384
   29        33   HC  0.384   HC   Y  120  0.6833   0.6083    0.1s
      [defu sid=41 y=0] nr=0.420  de=0.173  fused=0.296
   30        41   HC  0.296   HC   Y  120  0.6984   0.6190    0.1s
      [defu sid=55 y=1] nr=0.198  de=0.708  fused=0.453
   31        55  MDD  0.453   HC   .  120  0.6762   0.5857    0.1s
      [defu sid=79 y=0] nr=0.706  de=0.355  fused=0.530
   32        79   HC  0.530  MDD   .  120  0.6727   0.5727    0.1s
      [defu sid=83 y=0] nr=0.333  de=0.302  fused=0.317
   33        83   HC  0.317   HC   Y  120  0.6870   0.5826    0.1s
      [defu sid=87 y=0] nr=0.321  de=0.330  fused=0.326
   34        87   HC  0.326   HC   Y  120  0.6958   0.5917    0.1s
      [defu sid=97 y=1] nr=0.369  de=0.119  fused=0.244
   35        97  MDD  0.244   HC   .  120  0.6402   0.5644    0.1s
      [defu sid=105 y=1] nr=0.836  de=0.377  fused=0.606
   36       105  MDD  0.606  MDD   Y  120  0.6562   0.5833    0.1s
      [defu sid=108 y=1] nr=0.098  de=0.564  fused=0.331
   37       108  MDD  0.331   HC   .  120  0.6250   0.5609    0.1s
  ... fold  4/10: training on 109 subjects (held-out: 7, 26, 30, 35, 52, 54, 57, 64, 76, 103, 115, 121) ...
      [defu sid=7 y=0] nr=0.372  de=0.346  fused=0.359
   38         7   HC  0.359   HC   Y  120  0.6308   0.5692    0.1s
      [defu sid=26 y=0] nr=0.254  de=0.389  fused=0.322
   39        26   HC  0.322   HC   Y  120  0.6420   0.5769    0.1s
      [defu sid=30 y=0] nr=0.407  de=0.350  fused=0.378
   40        30   HC  0.378   HC   Y  120  0.6467   0.5840    0.1s
      [defu sid=35 y=0] nr=0.413  de=0.573  fused=0.493
   41        35   HC  0.493   HC   Y  120  0.6429   0.5907    0.1s
      [defu sid=52 y=1] nr=0.138  de=0.501  fused=0.320
   42        52  MDD  0.320   HC   .  120  0.6071   0.5714    0.1s
      [defu sid=54 y=0] nr=0.618  de=0.444  fused=0.531
   43        54   HC  0.531  MDD   .  109  0.6010   0.5603    0.1s
      [defu sid=57 y=0] nr=0.581  de=0.377  fused=0.479
   44        57   HC  0.479   HC   Y  116  0.5976   0.5667    0.1s
      [defu sid=64 y=0] nr=0.224  de=0.219  fused=0.221
   45        64   HC  0.221   HC   Y  101  0.6106   0.5726    0.1s
      [defu sid=76 y=0] nr=0.241  de=0.585  fused=0.413
   46        76   HC  0.413   HC   Y   97  0.6138   0.5781    0.1s
      [defu sid=103 y=1] nr=0.706  de=0.486  fused=0.596
   47       103  MDD  0.596  MDD   Y  120  0.6271   0.5948    0.1s
      [defu sid=115 y=1] nr=0.227  de=0.588  fused=0.408
   48       115  MDD  0.408   HC   .  120  0.6133   0.5781    0.1s
      [defu sid=121 y=1] nr=0.515  de=0.749  fused=0.632
   49       121  MDD  0.632  MDD   Y  120  0.6324   0.5928    0.1s
  ... fold  5/10: training on 109 subjects (held-out: 5, 11, 18, 21, 42, 46, 71, 75, 91, 104, 120, 122) ...
      [defu sid=5 y=0] nr=0.205  de=0.379  fused=0.292
   50         5   HC  0.292   HC   Y  120  0.6417   0.5980    0.1s
      [defu sid=11 y=0] nr=0.165  de=0.454  fused=0.310
   51        11   HC  0.310   HC   Y  101  0.6505   0.6029    0.1s
      [defu sid=18 y=0] nr=0.575  de=0.642  fused=0.608
   52        18   HC  0.608  MDD   .  120  0.6403   0.5933    0.1s
      [defu sid=21 y=0] nr=0.479  de=0.121  fused=0.300
   53        21   HC  0.300   HC   Y  117  0.6487   0.5980    0.1s
      [defu sid=42 y=0] nr=0.881  de=0.388  fused=0.635
   54        42   HC  0.635  MDD   .  112  0.6375   0.5890    0.1s
      [defu sid=46 y=0] nr=0.158  de=0.120  fused=0.139
   55        46   HC  0.139   HC   Y  120  0.6471   0.5937    0.1s
      [defu sid=71 y=0] nr=0.405  de=0.344  fused=0.374
   56        71   HC  0.374   HC   Y  116  0.6501   0.5980    0.1s
      [defu sid=75 y=0] nr=0.798  de=0.079  fused=0.439
   57        75   HC  0.439   HC   Y   93  0.6515   0.6022    0.1s
      [defu sid=91 y=1] nr=0.578  de=0.664  fused=0.621
   58        91  MDD  0.621  MDD   Y  120  0.6667   0.6153    0.1s
      [defu sid=104 y=1] nr=0.869  de=0.760  fused=0.815
   59       104  MDD  0.815  MDD   Y  120  0.6842   0.6270    0.1s
      [defu sid=120 y=1] nr=0.408  de=0.605  fused=0.506
   60       120  MDD  0.506  MDD   Y  100  0.6850   0.6375    0.1s
      [defu sid=122 y=1] nr=0.768  de=0.265  fused=0.516
   61       122  MDD  0.516  MDD   Y  115  0.6857   0.6470    0.1s
  ... fold  6/10: training on 109 subjects (held-out: 12, 22, 24, 25, 49, 56, 65, 67, 84, 117, 118, 119) ...
      [defu sid=12 y=0] nr=0.152  de=0.335  fused=0.244
   62        12   HC  0.244   HC   Y  120  0.6934   0.6510    0.1s
      [defu sid=22 y=0] nr=0.500  de=0.620  fused=0.560
   63        22   HC  0.560  MDD   .  120  0.6871   0.6429    0.1s
      [defu sid=24 y=0] nr=0.712  de=0.605  fused=0.658
   64        24   HC  0.658  MDD   .  120  0.6766   0.6351    0.1s
      [defu sid=25 y=0] nr=0.511  de=0.525  fused=0.518
   65        25   HC  0.518  MDD   .  120  0.6732   0.6277    0.1s
      [defu sid=49 y=0] nr=0.235  de=0.487  fused=0.361
   66        49   HC  0.361   HC   Y  120  0.6762   0.6317    0.1s
      [defu sid=56 y=0] nr=0.218  de=0.212  fused=0.215
   67        56   HC  0.215   HC   Y  120  0.6832   0.6356    0.1s
      [defu sid=65 y=1] nr=0.697  de=0.487  fused=0.592
   68        65  MDD  0.592  MDD   Y  120  0.6887   0.6443    0.1s
      [defu sid=67 y=0] nr=0.279  de=0.620  fused=0.450
   69        67   HC  0.450   HC   Y  120  0.6905   0.6480    0.1s
      [defu sid=84 y=1] nr=0.362  de=0.166  fused=0.264
   70        84  MDD  0.264   HC   .  120  0.6660   0.6341    0.1s
      [defu sid=117 y=1] nr=0.398  de=0.636  fused=0.517
   71       117  MDD  0.517  MDD   Y  107  0.6667   0.6423    0.1s
      [defu sid=118 y=1] nr=0.484  de=0.564  fused=0.524
   72       118  MDD  0.524  MDD   Y  120  0.6681   0.6498    0.1s
      [defu sid=119 y=1] nr=0.709  de=0.535  fused=0.622
   73       119  MDD  0.622  MDD   Y  109  0.6776   0.6567    0.1s
  ... fold  7/10: training on 109 subjects (held-out: 13, 29, 31, 32, 58, 62, 63, 78, 89, 95, 102, 116) ...
      [defu sid=13 y=0] nr=0.318  de=0.333  fused=0.326
   74        13   HC  0.326   HC   Y  120  0.6811   0.6603    0.1s
      [defu sid=29 y=0] nr=0.383  de=0.575  fused=0.479
   75        29   HC  0.479   HC   Y  120  0.6805   0.6637    0.1s
      [defu sid=31 y=0] nr=0.660  de=0.560  fused=0.610
   76        31   HC  0.610  MDD   .  120  0.6731   0.6569    0.1s
      [defu sid=32 y=0] nr=0.467  de=0.432  fused=0.450
   77        32   HC  0.450   HC   Y  120  0.6750   0.6603    0.1s
      [defu sid=58 y=1] nr=0.515  de=0.501  fused=0.508
   78        58  MDD  0.508  MDD   Y  120  0.6754   0.6667    0.1s
      [defu sid=62 y=0] nr=0.190  de=0.726  fused=0.458
   79        62   HC  0.458   HC   Y  120  0.6766   0.6699    0.1s
      [defu sid=63 y=1] nr=0.294  de=0.420  fused=0.357
   80        63  MDD  0.357   HC   .  120  0.6628   0.6580    0.1s
      [defu sid=78 y=0] nr=0.635  de=0.254  fused=0.444
   81        78   HC  0.444   HC   Y  116  0.6644   0.6611    0.1s
      [defu sid=89 y=1] nr=0.667  de=0.528  fused=0.598
   82        89  MDD  0.598  MDD   Y  117  0.6701   0.6672    0.1s
      [defu sid=95 y=0] nr=0.836  de=0.301  fused=0.568
   83        95   HC  0.568  MDD   .  120  0.6654   0.6609    0.1s
      [defu sid=102 y=1] nr=0.616  de=0.725  fused=0.670
   84       102  MDD  0.670  MDD   Y  109  0.6753   0.6667    0.1s
      [defu sid=116 y=1] nr=0.528  de=0.388  fused=0.458
   85       116  MDD  0.458   HC   .  101  0.6720   0.6559    0.1s
  ... fold  8/10: training on 109 subjects (held-out: 19, 28, 39, 48, 69, 73, 86, 90, 92, 96, 99, 106) ...
      [defu sid=19 y=0] nr=0.610  de=0.259  fused=0.434
   86        19   HC  0.434   HC   Y  120  0.6739   0.6589    0.1s
      [defu sid=28 y=0] nr=0.331  de=0.571  fused=0.451
   87        28   HC  0.451   HC   Y  120  0.6757   0.6619    0.1s
      [defu sid=39 y=0] nr=0.343  de=0.571  fused=0.457
   88        39   HC  0.457   HC   Y  120  0.6769   0.6647    0.1s
      [defu sid=48 y=0] nr=0.674  de=0.488  fused=0.581
   89        48   HC  0.581  MDD   .  120  0.6724   0.6588    0.1s
      [defu sid=69 y=0] nr=0.435  de=0.517  fused=0.476
   90        69   HC  0.476   HC   Y  120  0.6720   0.6616    0.1s
      [defu sid=73 y=0] nr=0.116  de=0.195  fused=0.155
   91        73   HC  0.155   HC   Y  120  0.6774   0.6642    0.1s
      [defu sid=86 y=1] nr=0.106  de=0.260  fused=0.183
   92        86  MDD  0.183   HC   .  120  0.6573   0.6542    0.1s
      [defu sid=90 y=0] nr=0.123  de=0.302  fused=0.213
   93        90   HC  0.213   HC   Y  120  0.6624   0.6568    0.1s
      [defu sid=92 y=1] nr=0.548  de=0.284  fused=0.416
   94        92  MDD  0.416   HC   .  120  0.6547   0.6473    0.1s
      [defu sid=96 y=1] nr=0.616  de=0.693  fused=0.655
   95        96  MDD  0.655  MDD   Y  120  0.6635   0.6531    0.1s
      [defu sid=99 y=1] nr=0.384  de=0.326  fused=0.355
   96        99  MDD  0.355   HC   .  120  0.6525   0.6443    0.1s
      [defu sid=106 y=1] nr=0.120  de=0.525  fused=0.322
   97       106  MDD  0.322   HC   .  113  0.6407   0.6359    0.1s
  ... fold  9/10: training on 109 subjects (held-out: 2, 6, 10, 20, 34, 53, 68, 74, 80, 100, 109, 113) ...
      [defu sid=2 y=0] nr=0.446  de=0.602  fused=0.524
   98         2   HC  0.524  MDD   .  120  0.6380   0.6304    0.1s
      [defu sid=6 y=0] nr=0.282  de=0.323  fused=0.302
   99         6   HC  0.302   HC   Y   96  0.6424   0.6329    0.1s
      [defu sid=10 y=0] nr=0.184  de=0.550  fused=0.367
  100        10   HC  0.367   HC   Y  120  0.6441   0.6354    0.1s
      [defu sid=20 y=0] nr=0.477  de=0.552  fused=0.514
  101        20   HC  0.514  MDD   .  120  0.6423   0.6301    0.1s
      [defu sid=34 y=0] nr=0.613  de=0.803  fused=0.708
  102        34   HC  0.708  MDD   .  120  0.6343   0.6250    0.1s
      [defu sid=53 y=1] nr=0.313  de=0.333  fused=0.323
  103        53  MDD  0.323   HC   .  120  0.6237   0.6171    0.1s
      [defu sid=68 y=0] nr=0.117  de=0.328  fused=0.223
  104        68   HC  0.223   HC   Y  120  0.6289   0.6196    0.1s
      [defu sid=74 y=0] nr=0.649  de=0.297  fused=0.473
  105        74   HC  0.473   HC   Y  120  0.6284   0.6220    0.1s
      [defu sid=80 y=1] nr=0.111  de=0.525  fused=0.318
  106        80  MDD  0.318   HC   .  120  0.6176   0.6146    0.1s
      [defu sid=100 y=1] nr=0.463  de=0.151  fused=0.307
  107       100  MDD  0.307   HC   .  120  0.6067   0.6075    0.1s
      [defu sid=109 y=1] nr=0.420  de=0.524  fused=0.472
  108       109  MDD  0.472   HC   .  111  0.6059   0.6007    0.1s
      [defu sid=113 y=1] nr=0.252  de=0.388  fused=0.320
  109       113  MDD  0.320   HC   .  120  0.5965   0.5943    0.1s
  ... fold 10/10: training on 109 subjects (held-out: 9, 36, 44, 47, 50, 59, 66, 72, 81, 88, 93, 110) ...
      [defu sid=9 y=0] nr=0.334  de=0.547  fused=0.440
  110         9   HC  0.440   HC   Y  120  0.5970   0.5967    0.1s
      [defu sid=36 y=0] nr=0.349  de=0.415  fused=0.382
  111        36   HC  0.382   HC   Y  120  0.5983   0.5990    0.1s
      [defu sid=44 y=0] nr=0.296  de=0.682  fused=0.489
  112        44   HC  0.489   HC   Y  120  0.5970   0.6012    0.1s
      [defu sid=47 y=0] nr=0.239  de=0.381  fused=0.310
  113        47   HC  0.310   HC   Y  120  0.6013   0.6033    0.2s
      [defu sid=50 y=0] nr=0.540  de=0.465  fused=0.502
  114        50   HC  0.502  MDD   .  120  0.6001   0.5986    0.1s
      [defu sid=59 y=1] nr=0.671  de=0.436  fused=0.553
  115        59  MDD  0.553  MDD   Y  120  0.6047   0.6044    0.1s
      [defu sid=66 y=1] nr=0.387  de=0.449  fused=0.418
  116        66  MDD  0.418   HC   .  120  0.6005   0.5983    0.1s
      [defu sid=72 y=0] nr=0.456  de=0.305  fused=0.380
  117        72   HC  0.380   HC   Y  120  0.6018   0.6004    0.1s
      [defu sid=81 y=1] nr=0.640  de=0.221  fused=0.430
  118        81  MDD  0.430   HC   .  120  0.5986   0.5946    0.1s
      [defu sid=88 y=1] nr=0.282  de=0.460  fused=0.371
  119        88  MDD  0.371   HC   .  116  0.5922   0.5890    0.1s
      [defu sid=93 y=0] nr=0.376  de=0.655  fused=0.516
  120        93   HC  0.516  MDD   .  120  0.5902   0.5844    0.1s
      [defu sid=110 y=1] nr=0.779  de=0.311  fused=0.545
  121       110  MDD  0.545  MDD   Y  120  0.5948   0.5900    0.1s
------------------------------------------------------------------------------

FINAL  stage defu  [10-fold CV]  |  121 subjects (46 MDD / 75 HC)
  Subject-level ROC-AUC : 0.5948   (primary)
  Balanced accuracy     : 0.5900  @thr=0.50   |  0.6033  @thr=0.506 (Youden)
  Macro-F1              : 0.5896  @thr=0.50   |  0.6037  @thr=0.506
  Confusion matrix @0.50 (rows=true HC/MDD, cols=pred HC/MDD):
        pred_HC  pred_MDD
  HC        51        24
  MDD       23        23

Total wall time: 37.0s
Saved per-fold results -> /home/hasan/fable's rEEG/results/opennuero_defu_cv10_harm.json
