[dataset] opennuero  raw=/home/hasan/fable's rEEG/ds003478-download  cache=/home/hasan/fable's rEEG/cache/opennuero  fs_orig=500->125Hz  ch=64
Cache not found — building (one-off preprocessing) ...
  [pass1  1/121] sid=1  BAD=[0, 1, 2, 3, 4]
  [pass1  2/121] sid=2  ok
  [pass1  3/121] sid=3  ok
  [pass1  4/121] sid=4  ok
  [pass1  5/121] sid=5  BAD=[0, 1, 2, 4]
  [pass1  6/121] sid=6  BAD=[0, 1, 2, 3, 4]
  [pass1  7/121] sid=7  ok
  [pass1  8/121] sid=8  BAD=[0, 1, 2, 3, 4]
  [pass1  9/121] sid=9  BAD=[2]
  [pass1 10/121] sid=10  ok
  [pass1 11/121] sid=11  BAD=[0, 1, 2, 3, 4]
  [pass1 12/121] sid=12  BAD=[0, 1, 2]
  [pass1 13/121] sid=13  ok
  [pass1 14/121] sid=14  BAD=[0, 1, 2, 4]
  [pass1 15/121] sid=15  ok
  [pass1 16/121] sid=16  BAD=[0, 1, 2, 3, 4]
  [pass1 17/121] sid=17  BAD=[0, 1, 2, 3, 4]
  [pass1 18/121] sid=18  BAD=[0, 1, 2, 3]
  [pass1 19/121] sid=19  BAD=[2]
  [pass1 20/121] sid=20  ok
  [pass1 21/121] sid=21  BAD=[0]
  [pass1 22/121] sid=22  BAD=[0, 1, 2, 3]
  [pass1 23/121] sid=23  BAD=[0, 1, 2]
  [pass1 24/121] sid=24  ok
  [pass1 25/121] sid=25  BAD=[2]
  [pass1 26/121] sid=26  ok
  [pass1 27/121] sid=27  BAD=[0, 2]
  [pass1 28/121] sid=28  ok
  [pass1 29/121] sid=29  BAD=[0, 1, 2, 3, 4, 5, 6, 7, 8, 9, 10, 11, 12, 13, 14, 15, 16, 17, 18, 19, 20, 21, 22, 23, 24, 25, 26, 27, 28, 29, 30, 31, 32, 33, 34, 35, 36, 37, 38, 39, 40, 41, 42, 43, 44, 45, 46, 47, 48, 49, 50, 51, 52, 53, 54, 55, 56, 57, 58, 59, 60, 61, 62, 63]
  [pass1 30/121] sid=30  BAD=[0, 1, 2]
  [pass1 31/121] sid=31  ok
  [pass1 32/121] sid=32  ok
  [pass1 33/121] sid=33  ok
  [pass1 34/121] sid=34  ok
  [pass1 35/121] sid=35  BAD=[0, 1, 2]
  [pass1 36/121] sid=36  BAD=[0, 2]
  [pass1 37/121] sid=37  BAD=[2]
  [pass1 38/121] sid=39  ok
  [pass1 39/121] sid=40  BAD=[0, 1, 2, 3, 4]
  [pass1 40/121] sid=41  ok
  [pass1 41/121] sid=42  BAD=[0, 1, 2]
  [pass1 42/121] sid=43  ok
  [pass1 43/121] sid=44  BAD=[0]
  [pass1 44/121] sid=45  BAD=[0, 1, 2]
  [pass1 45/121] sid=46  ok
  [pass1 46/121] sid=47  ok
  [pass1 47/121] sid=48  BAD=[2]
  [pass1 48/121] sid=49  ok
  [pass1 49/121] sid=50  ok
  [pass1 50/121] sid=51  BAD=[0, 1, 2, 3, 4, 8, 9, 10]
  [pass1 51/121] sid=52  BAD=[0, 2, 4]
  [pass1 52/121] sid=53  ok
  [pass1 53/121] sid=54  BAD=[0, 1, 2, 3, 4]
  [pass1 54/121] sid=55  BAD=[1, 2]
  [pass1 55/121] sid=56  BAD=[0, 1, 2]
  [pass1 56/121] sid=57  BAD=[0, 1, 2]
  [pass1 57/121] sid=58  ok
  [pass1 58/121] sid=59  ok
  [pass1 59/121] sid=60  BAD=[0, 1, 2, 3, 4]
  [pass1 60/121] sid=61  ok
  [pass1 61/121] sid=62  ok
  [pass1 62/121] sid=63  ok
  [pass1 63/121] sid=64  BAD=[0, 1, 2, 3, 4]
  [pass1 64/121] sid=65  BAD=[0]
  [pass1 65/121] sid=66  BAD=[0, 1, 2]
  [pass1 66/121] sid=67  BAD=[0, 2]
  [pass1 67/121] sid=68  BAD=[2]
  [pass1 68/121] sid=69  BAD=[0, 1, 2]
  [pass1 69/121] sid=70  BAD=[0, 1, 2]
  [pass1 70/121] sid=71  BAD=[0, 1, 2, 3, 4, 8]
  [pass1 71/121] sid=72  ok
  [pass1 72/121] sid=73  ok
  [pass1 73/121] sid=74  ok
  [pass1 74/121] sid=75  BAD=[0, 2]
  [pass1 75/121] sid=76  BAD=[0, 1, 2, 3, 4]
  [pass1 76/121] sid=77  BAD=[0, 1, 2, 3, 4, 8, 9, 10]
  [pass1 77/121] sid=78  BAD=[0, 1, 2, 3, 4]
  [pass1 78/121] sid=79  BAD=[0, 1, 2]
  [pass1 79/121] sid=80  BAD=[0, 1, 2, 3]
  [pass1 80/121] sid=81  BAD=[0, 1]
  [pass1 81/121] sid=82  BAD=[0, 1, 2, 3, 4, 10, 11]
  [pass1 82/121] sid=83  ok
  [pass1 83/121] sid=84  ok
  [pass1 84/121] sid=85  ok
  [pass1 85/121] sid=86  BAD=[0, 1, 2]
  [pass1 86/121] sid=87  BAD=[0, 1, 2]
  [pass1 87/121] sid=88  BAD=[0, 1, 2, 3, 4]
  [pass1 88/121] sid=89  BAD=[0, 1, 2, 3, 4]
  [pass1 89/121] sid=90  BAD=[0, 1, 2, 3]
  [pass1 90/121] sid=91  ok
  [pass1 91/121] sid=92  ok
  [pass1 92/121] sid=93  BAD=[0, 1, 2]
  [pass1 93/121] sid=94  BAD=[0, 1, 2, 3, 4]
  [pass1 94/121] sid=95  ok
  [pass1 95/121] sid=96  BAD=[0, 1, 2]
  [pass1 96/121] sid=97  ok
  [pass1 97/121] sid=98  ok
  [pass1 98/121] sid=99  BAD=[0, 1, 2]
  [pass1 99/121] sid=100  ok
  [pass1 100/121] sid=101  BAD=[0, 1, 2, 3, 4]
  [pass1 101/121] sid=102  BAD=[0, 1, 2, 3, 4, 5, 6, 7]
  [pass1 102/121] sid=103  ok
  [pass1 103/121] sid=104  ok
  [pass1 104/121] sid=105  BAD=[0, 1, 2, 3, 4]
  [pass1 105/121] sid=106  BAD=[0, 1, 2, 3, 4]
  [pass1 106/121] sid=107  BAD=[0, 1, 2, 3, 4, 6, 7, 8, 9, 10, 11, 12, 19, 20, 21]
  [pass1 107/121] sid=108  ok
  [pass1 108/121] sid=109  BAD=[0, 1, 2, 3, 4]
  [pass1 109/121] sid=110  BAD=[0, 1, 2]
  [pass1 110/121] sid=111  BAD=[0, 1, 2]
  [pass1 111/121] sid=112  BAD=[1, 2]
  [pass1 112/121] sid=113  ok
  [pass1 113/121] sid=114  BAD=[0, 1, 2, 3, 4]
  [pass1 114/121] sid=115  BAD=[0, 1, 2, 3, 4]
  [pass1 115/121] sid=116  BAD=[0, 1, 2, 3, 4, 7]
  [pass1 116/121] sid=117  BAD=[0, 1, 2, 3, 4]
  [pass1 117/121] sid=118  ok
  [pass1 118/121] sid=119  BAD=[0, 1, 2, 3, 4]
  [pass1 119/121] sid=120  BAD=[0, 1, 2, 3, 4, 8, 9]
  [pass1 120/121] sid=121  BAD=[1, 2, 3, 4, 8, 9, 10]
  [pass1 121/121] sid=122  BAD=[0, 1, 2, 3, 4, 8, 9, 11]

  keeping full 64-channel montage (per-window artifact rejection handles transients; flagged-by-subject for info only)

  [pass2  1/121] saved   sid=1  label=HC  shape=(64, 62684)
  [pass2  2/121] saved   sid=2  label=HC  shape=(64, 61234)
  [pass2  3/121] saved   sid=3  label=HC  shape=(64, 63364)
  [pass2  4/121] saved   sid=4  label=HC  shape=(64, 65959)
  [pass2  5/121] saved   sid=5  label=HC  shape=(64, 61010)
  [pass2  6/121] saved   sid=6  label=HC  shape=(64, 65440)
  [pass2  7/121] saved   sid=7  label=HC  shape=(64, 62309)
  [pass2  8/121] saved   sid=8  label=HC  shape=(64, 61585)
  [pass2  9/121] saved   sid=9  label=HC  shape=(64, 62484)
  [pass2 10/121] saved   sid=10  label=HC  shape=(64, 62469)
  [pass2 11/121] saved   sid=11  label=HC  shape=(64, 65425)
  [pass2 12/121] saved   sid=12  label=HC  shape=(64, 65394)
  [pass2 13/121] saved   sid=13  label=HC  shape=(64, 66760)
  [pass2 14/121] saved   sid=14  label=HC  shape=(64, 62675)
  [pass2 15/121] saved   sid=15  label=HC  shape=(64, 63848)
  [pass2 16/121] saved   sid=16  label=HC  shape=(64, 53630)
  [pass2 17/121] saved   sid=17  label=HC  shape=(64, 62490)
  [pass2 18/121] saved   sid=18  label=HC  shape=(64, 62695)
  [pass2 19/121] saved   sid=19  label=HC  shape=(64, 61734)
  [pass2 20/121] saved   sid=20  label=HC  shape=(64, 62819)
  [pass2 21/121] saved   sid=21  label=HC  shape=(64, 61286)
  [pass2 22/121] saved   sid=22  label=HC  shape=(64, 61719)
  [pass2 23/121] saved   sid=23  label=HC  shape=(64, 63895)
  [pass2 24/121] saved   sid=24  label=HC  shape=(64, 58105)
  [pass2 25/121] saved   sid=25  label=HC  shape=(64, 64080)
  [pass2 26/121] saved   sid=26  label=HC  shape=(64, 61730)
  [pass2 27/121] saved   sid=27  label=HC  shape=(64, 61464)
  [pass2 28/121] saved   sid=28  label=HC  shape=(64, 61659)
  [pass2 29/121] saved   sid=29  label=HC  shape=(64, 61868)
  [pass2 30/121] saved   sid=30  label=HC  shape=(64, 56380)
  [pass2 31/121] saved   sid=31  label=HC  shape=(64, 61695)
  [pass2 32/121] saved   sid=32  label=HC  shape=(64, 63150)
  [pass2 33/121] saved   sid=33  label=HC  shape=(64, 42251)
  [pass2 34/121] saved   sid=34  label=HC  shape=(64, 57236)
  [pass2 35/121] saved   sid=35  label=HC  shape=(64, 62659)
  [pass2 36/121] saved   sid=36  label=HC  shape=(64, 62934)
  [pass2 37/121] saved   sid=37  label=HC  shape=(64, 61815)
  [pass2 38/121] saved   sid=39  label=HC  shape=(64, 62104)
  [pass2 39/121] saved   sid=40  label=HC  shape=(64, 60804)
  [pass2 40/121] saved   sid=41  label=HC  shape=(64, 62158)
  [pass2 41/121] saved   sid=42  label=HC  shape=(64, 63354)
  [pass2 42/121] saved   sid=43  label=HC  shape=(64, 61004)
  [pass2 43/121] saved   sid=44  label=HC  shape=(64, 57273)
  [pass2 44/121] saved   sid=45  label=HC  shape=(64, 61109)
  [pass2 45/121] saved   sid=46  label=HC  shape=(64, 64994)
  [pass2 46/121] saved   sid=47  label=HC  shape=(64, 65589)
  [pass2 47/121] saved   sid=48  label=HC  shape=(64, 66840)
  [pass2 48/121] saved   sid=49  label=HC  shape=(64, 63199)
  [pass2 49/121] saved   sid=50  label=HC  shape=(64, 60705)
  [pass2 50/121] saved   sid=51  label=HC  shape=(64, 60430)
  [pass2 51/121] saved   sid=52  label=MDD  shape=(64, 56368)
  [pass2 52/121] saved   sid=53  label=MDD  shape=(64, 61270)
  [pass2 53/121] saved   sid=54  label=HC  shape=(64, 59858)
  [pass2 54/121] saved   sid=55  label=MDD  shape=(64, 62289)
  [pass2 55/121] saved   sid=56  label=HC  shape=(64, 59935)
  [pass2 56/121] saved   sid=57  label=HC  shape=(64, 59270)
  [pass2 57/121] saved   sid=58  label=MDD  shape=(64, 62295)
  [pass2 58/121] saved   sid=59  label=MDD  shape=(64, 62035)
  [pass2 59/121] saved   sid=60  label=MDD  shape=(64, 62065)
  [pass2 60/121] saved   sid=61  label=MDD  shape=(64, 60485)
  [pass2 61/121] saved   sid=62  label=HC  shape=(64, 60695)
  [pass2 62/121] saved   sid=63  label=MDD  shape=(64, 62344)
  [pass2 63/121] saved   sid=64  label=HC  shape=(64, 62452)
  [pass2 64/121] saved   sid=65  label=MDD  shape=(64, 61640)
  [pass2 65/121] saved   sid=66  label=MDD  shape=(64, 62830)
  [pass2 66/121] saved   sid=67  label=HC  shape=(64, 59807)
  [pass2 67/121] saved   sid=68  label=HC  shape=(64, 62702)
  [pass2 68/121] saved   sid=69  label=HC  shape=(64, 61865)
  [pass2 69/121] saved   sid=70  label=HC  shape=(64, 62825)
  [pass2 70/121] saved   sid=71  label=HC  shape=(64, 67176)
  [pass2 71/121] saved   sid=72  label=HC  shape=(64, 62419)
  [pass2 72/121] saved   sid=73  label=HC  shape=(64, 61740)
  [pass2 73/121] saved   sid=74  label=HC  shape=(64, 68795)
  [pass2 74/121] saved   sid=75  label=HC  shape=(64, 66688)
  [pass2 75/121] saved   sid=76  label=HC  shape=(64, 65085)
  [pass2 76/121] saved   sid=77  label=HC  shape=(64, 63520)
  [pass2 77/121] saved   sid=78  label=HC  shape=(64, 61375)
  [pass2 78/121] saved   sid=79  label=HC  shape=(64, 61265)
  [pass2 79/121] saved   sid=80  label=MDD  shape=(64, 57728)
  [pass2 80/121] saved   sid=81  label=MDD  shape=(64, 61455)
  [pass2 81/121] saved   sid=82  label=HC  shape=(64, 72164)
  [pass2 82/121] saved   sid=83  label=HC  shape=(64, 61744)
  [pass2 83/121] saved   sid=84  label=MDD  shape=(64, 62230)
  [pass2 84/121] saved   sid=85  label=MDD  shape=(64, 62684)
  [pass2 85/121] saved   sid=86  label=MDD  shape=(64, 62760)
  [pass2 86/121] saved   sid=87  label=HC  shape=(64, 61880)
  [pass2 87/121] saved   sid=88  label=MDD  shape=(64, 61655)
  [pass2 88/121] saved   sid=89  label=MDD  shape=(64, 61580)
  [pass2 89/121] saved   sid=90  label=HC  shape=(64, 61659)
  [pass2 90/121] saved   sid=91  label=MDD  shape=(64, 70955)
  [pass2 91/121] saved   sid=92  label=MDD  shape=(64, 56795)
  [pass2 92/121] saved   sid=93  label=HC  shape=(64, 63000)
  [pass2 93/121] saved   sid=94  label=HC  shape=(64, 63553)
  [pass2 94/121] saved   sid=95  label=HC  shape=(64, 61735)
  [pass2 95/121] saved   sid=96  label=MDD  shape=(64, 61190)
  [pass2 96/121] saved   sid=97  label=MDD  shape=(64, 63380)
  [pass2 97/121] saved   sid=98  label=MDD  shape=(64, 62189)
  [pass2 98/121] saved   sid=99  label=MDD  shape=(64, 62840)
  [pass2 99/121] saved   sid=100  label=MDD  shape=(64, 61928)
  [pass2 100/121] saved   sid=101  label=MDD  shape=(64, 61195)
  [pass2 101/121] saved   sid=102  label=MDD  shape=(64, 62120)
  [pass2 102/121] saved   sid=103  label=MDD  shape=(64, 63215)
  [pass2 103/121] saved   sid=104  label=MDD  shape=(64, 61480)
  [pass2 104/121] saved   sid=105  label=MDD  shape=(64, 61995)
  [pass2 105/121] saved   sid=106  label=MDD  shape=(64, 69290)
  [pass2 106/121] saved   sid=107  label=MDD  shape=(64, 29173)
  [pass2 107/121] saved   sid=108  label=MDD  shape=(64, 62415)
  [pass2 108/121] saved   sid=109  label=MDD  shape=(64, 60415)
  [pass2 109/121] saved   sid=110  label=MDD  shape=(64, 68540)
  [pass2 110/121] saved   sid=111  label=MDD  shape=(64, 57015)
  [pass2 111/121] saved   sid=112  label=MDD  shape=(64, 61885)
  [pass2 112/121] saved   sid=113  label=MDD  shape=(64, 63415)
  [pass2 113/121] saved   sid=114  label=MDD  shape=(64, 61615)
  [pass2 114/121] saved   sid=115  label=MDD  shape=(64, 62830)
  [pass2 115/121] saved   sid=116  label=MDD  shape=(64, 62440)
  [pass2 116/121] saved   sid=117  label=MDD  shape=(64, 67259)
  [pass2 117/121] saved   sid=118  label=MDD  shape=(64, 59495)
  [pass2 118/121] saved   sid=119  label=MDD  shape=(64, 62975)
  [pass2 119/121] saved   sid=120  label=MDD  shape=(64, 62540)
  [pass2 120/121] saved   sid=121  label=MDD  shape=(64, 64440)
  [pass2 121/121] saved   sid=122  label=MDD  shape=(64, 72505)
121 subjects  (46 MDD / 75 HC)  |  fs=125Hz  ch=64  win=4.0s/500smp  windows/subj: min=32 med=129 max=207

=== 10-fold CV training/evaluation — stage wattn (121 subjects) ===
 fold   subject true  score pred  ok  win  cumAUC  cumBACC    time
------------------------------------------------------------------------------
  ... fold  1/10: training on 108 subjects (held-out: 1, 4, 17, 27, 40, 45, 61, 77, 82, 85, 98, 101, 114) ...
      [wattn sid=1 y=0] score=0.049  top-attn windows=[101, 13, 16]
    1         1   HC  0.049   HC   Y  120     -       -       8.6s
      [wattn sid=4 y=0] score=0.111  top-attn windows=[29, 6, 28]
    2         4   HC  0.111   HC   Y  120     -       -       8.4s
      [wattn sid=17 y=0] score=0.697  top-attn windows=[95, 96, 84]
    3        17   HC  0.697  MDD   .  115     -       -       8.3s
      [wattn sid=27 y=0] score=0.236  top-attn windows=[63, 84, 64]
    4        27   HC  0.236   HC   Y  120     -       -       8.5s
      [wattn sid=40 y=0] score=0.018  top-attn windows=[100, 45, 98]
    5        40   HC  0.018   HC   Y  120     -       -       8.4s
      [wattn sid=45 y=0] score=0.790  top-attn windows=[76, 99, 53]
    6        45   HC  0.790  MDD   .  120     -       -       8.4s
      [wattn sid=61 y=1] score=0.275  top-attn windows=[107, 119, 106]
    7        61  MDD  0.275   HC   .  120  0.6667   0.3333    8.7s
      [wattn sid=77 y=0] score=0.732  top-attn windows=[24, 36, 37]
    8        77   HC  0.732  MDD   .  109  0.5714   0.2857    8.4s
      [wattn sid=82 y=0] score=0.418  top-attn windows=[92, 88, 112]
    9        82   HC  0.418   HC   Y  120  0.5000   0.3125    8.4s
      [wattn sid=85 y=1] score=0.915  top-attn windows=[87, 116, 49]
   10        85  MDD  0.915  MDD   Y  120  0.7500   0.5625    8.5s
      [wattn sid=98 y=1] score=0.604  top-attn windows=[116, 115, 73]
   11        98  MDD  0.604  MDD   Y  120  0.7083   0.6458    8.5s
      [wattn sid=101 y=1] score=0.632  top-attn windows=[102, 33, 32]
   12       101  MDD  0.632  MDD   Y  104  0.6875   0.6875    8.4s
      [wattn sid=114 y=1] score=0.834  top-attn windows=[119, 13, 76]
   13       114  MDD  0.834  MDD   Y  120  0.7500   0.7125    8.6s
  ... fold  2/10: training on 109 subjects (held-out: 3, 8, 15, 37, 43, 51, 60, 70, 94, 107, 111, 112) ...
      [wattn sid=3 y=0] score=0.492  top-attn windows=[70, 74, 89]
   14         3   HC  0.492   HC   Y  120  0.7556   0.7333    1.3s
      [wattn sid=8 y=0] score=0.409  top-attn windows=[77, 76, 21]
   15         8   HC  0.409   HC   Y  120  0.7600   0.7500    1.3s
      [wattn sid=15 y=0] score=0.197  top-attn windows=[42, 63, 51]
   16        15   HC  0.197   HC   Y  120  0.7818   0.7636    1.3s
      [wattn sid=37 y=0] score=0.505  top-attn windows=[43, 42, 38]
   17        37   HC  0.505  MDD   .  120  0.7833   0.7333    1.3s
      [wattn sid=43 y=0] score=0.527  top-attn windows=[105, 114, 103]
   18        43   HC  0.527  MDD   .  120  0.7846   0.7077    1.3s
      [wattn sid=51 y=0] score=0.382  top-attn windows=[109, 110, 114]
   19        51   HC  0.382   HC   Y  119  0.7857   0.7214    1.3s
      [wattn sid=60 y=1] score=0.545  top-attn windows=[32, 16, 26]
   20        60  MDD  0.545  MDD   Y   69  0.7857   0.7381    1.3s
      [wattn sid=70 y=0] score=0.561  top-attn windows=[97, 98, 12]
   21        70   HC  0.561  MDD   .  103  0.7778   0.7167    1.3s
      [wattn sid=94 y=0] score=0.335  top-attn windows=[98, 103, 6]
   22        94   HC  0.335   HC   Y  109  0.7812   0.7292    1.3s
      [wattn sid=107 y=1] score=0.624  top-attn windows=[25, 28, 29]
   23       107  MDD  0.624  MDD   Y   32  0.7857   0.7411    1.3s
      [wattn sid=111 y=1] score=0.657  top-attn windows=[5, 57, 58]
   24       111  MDD  0.657  MDD   Y  109  0.7891   0.7500    1.3s
      [wattn sid=112 y=1] score=0.579  top-attn windows=[75, 76, 53]
   25       112  MDD  0.579  MDD   Y  120  0.7917   0.7569    1.3s
  ... fold  3/10: training on 109 subjects (held-out: 14, 16, 23, 33, 41, 55, 79, 83, 87, 97, 105, 108) ...
      [wattn sid=14 y=0] score=0.410  top-attn windows=[32, 113, 112]
   26        14   HC  0.410   HC   Y  115  0.7974   0.7680    1.2s
      [wattn sid=16 y=0] score=0.484  top-attn windows=[40, 37, 79]
   27        16   HC  0.484   HC   Y  116  0.8025   0.7778    1.2s
      [wattn sid=23 y=0] score=0.461  top-attn windows=[51, 34, 41]
   28        23   HC  0.461   HC   Y  102  0.8070   0.7865    1.2s
      [wattn sid=33 y=0] score=0.543  top-attn windows=[117, 109, 43]
   29        33   HC  0.543  MDD   .  120  0.8111   0.7694    1.2s
      [wattn sid=41 y=0] score=0.513  top-attn windows=[20, 117, 111]
   30        41   HC  0.513  MDD   .  120  0.8148   0.7540    1.2s
      [wattn sid=55 y=1] score=0.568  top-attn windows=[23, 115, 6]
   31        55  MDD  0.568  MDD   Y  120  0.8190   0.7595    1.2s
      [wattn sid=79 y=0] score=0.541  top-attn windows=[3, 7, 6]
   32        79   HC  0.541  MDD   .  117  0.8227   0.7455    1.2s
      [wattn sid=83 y=0] score=0.489  top-attn windows=[88, 39, 57]
   33        83   HC  0.489   HC   Y  120  0.8261   0.7543    1.2s
      [wattn sid=87 y=0] score=0.483  top-attn windows=[119, 36, 96]
   34        87   HC  0.483   HC   Y  120  0.8292   0.7625    1.2s
      [wattn sid=97 y=1] score=0.442  top-attn windows=[56, 101, 52]
   35        97  MDD  0.442   HC   .  120  0.7917   0.7216    1.2s
      [wattn sid=105 y=1] score=0.533  top-attn windows=[34, 36, 77]
   36       105  MDD  0.533  MDD   Y  110  0.7882   0.7292    1.2s
      [wattn sid=108 y=1] score=0.562  top-attn windows=[108, 119, 101]
   37       108  MDD  0.562  MDD   Y  120  0.7949   0.7356    1.2s
  ... fold  4/10: training on 109 subjects (held-out: 7, 26, 30, 35, 52, 54, 57, 64, 76, 103, 115, 121) ...
      [wattn sid=7 y=0] score=0.590  top-attn windows=[38, 37, 32]
   38         7   HC  0.590  MDD   .  120  0.7815   0.7231    1.3s
      [wattn sid=26 y=0] score=0.454  top-attn windows=[40, 77, 62]
   39        26   HC  0.454   HC   Y  120  0.7840   0.7308    1.2s
      [wattn sid=30 y=0] score=0.247  top-attn windows=[20, 80, 25]
   40        30   HC  0.247   HC   Y  117  0.7920   0.7379    1.2s
      [wattn sid=35 y=0] score=0.578  top-attn windows=[112, 26, 2]
   41        35   HC  0.578  MDD   .  120  0.7830   0.7266    1.2s
      [wattn sid=52 y=1] score=0.242  top-attn windows=[86, 45, 0]
   42        52  MDD  0.242   HC   .  120  0.7398   0.6964    1.2s
      [wattn sid=54 y=0] score=0.336  top-attn windows=[42, 7, 94]
   43        54   HC  0.336   HC   Y  107  0.7438   0.7032    1.2s
      [wattn sid=57 y=0] score=0.428  top-attn windows=[22, 46, 36]
   44        57   HC  0.428   HC   Y  111  0.7476   0.7095    1.2s
      [wattn sid=64 y=0] score=0.420  top-attn windows=[12, 63, 72]
   45        64   HC  0.420   HC   Y   95  0.7512   0.7154    1.2s
      [wattn sid=76 y=0] score=0.578  top-attn windows=[73, 66, 93]
   46        76   HC  0.578  MDD   .   97  0.7433   0.7054    1.2s
      [wattn sid=103 y=1] score=0.921  top-attn windows=[17, 77, 82]
   47       103  MDD  0.921  MDD   Y  120  0.7604   0.7125    1.2s
      [wattn sid=115 y=1] score=0.814  top-attn windows=[58, 59, 98]
   48       115  MDD  0.814  MDD   Y  120  0.7754   0.7188    1.2s
      [wattn sid=121 y=1] score=0.261  top-attn windows=[20, 79, 19]
   49       121  MDD  0.261   HC   .   93  0.7408   0.6949    1.2s
  ... fold  5/10: training on 109 subjects (held-out: 5, 11, 18, 21, 42, 46, 71, 75, 91, 104, 120, 122) ...
      [wattn sid=5 y=0] score=0.475  top-attn windows=[112, 113, 3]
   50         5   HC  0.475   HC   Y  120  0.7415   0.7005    1.2s
      [wattn sid=11 y=0] score=0.428  top-attn windows=[83, 82, 48]
   51        11   HC  0.428   HC   Y   99  0.7439   0.7059    1.2s
      [wattn sid=18 y=0] score=0.523  top-attn windows=[100, 32, 114]
   52        18   HC  0.523  MDD   .  120  0.7445   0.6966    1.2s
      [wattn sid=21 y=0] score=0.604  top-attn windows=[75, 70, 13]
   53        21   HC  0.604  MDD   .  115  0.7353   0.6879    1.2s
      [wattn sid=42 y=0] score=0.575  top-attn windows=[33, 1, 2]
   54        42   HC  0.575  MDD   .  110  0.7297   0.6797    1.2s
      [wattn sid=46 y=0] score=0.532  top-attn windows=[116, 115, 114]
   55        46   HC  0.532  MDD   .  120  0.7307   0.6718    1.2s
      [wattn sid=71 y=0] score=0.630  top-attn windows=[91, 44, 45]
   56        71   HC  0.630  MDD   .  105  0.7210   0.6644    1.2s
      [wattn sid=75 y=0] score=0.463  top-attn windows=[0, 1, 49]
   57        75   HC  0.463   HC   Y   90  0.7221   0.6699    1.2s
      [wattn sid=91 y=1] score=0.455  top-attn windows=[85, 83, 45]
   58        91  MDD  0.455   HC   .  120  0.7042   0.6486    1.2s
      [wattn sid=104 y=1] score=0.570  top-attn windows=[102, 103, 104]
   59       104  MDD  0.570  MDD   Y  120  0.7079   0.6559    1.2s
      [wattn sid=120 y=1] score=0.511  top-attn windows=[17, 23, 57]
   60       120  MDD  0.511  MDD   Y   92  0.7025   0.6625    1.2s
      [wattn sid=122 y=1] score=0.477  top-attn windows=[52, 89, 19]
   61       122  MDD  0.477   HC   .  110  0.6917   0.6446    1.2s
  ... fold  6/10: training on 109 subjects (held-out: 12, 22, 24, 25, 49, 56, 65, 67, 84, 117, 118, 119) ...
      [wattn sid=12 y=0] score=0.128  top-attn windows=[5, 6, 57]
   62        12   HC  0.128   HC   Y  120  0.6992   0.6498    1.4s
      [wattn sid=22 y=0] score=0.398  top-attn windows=[94, 13, 35]
   63        22   HC  0.398   HC   Y  120  0.7029   0.6548    1.4s
      [wattn sid=24 y=0] score=0.600  top-attn windows=[112, 31, 107]
   64        24   HC  0.600  MDD   .  120  0.6955   0.6478    1.4s
      [wattn sid=25 y=0] score=0.475  top-attn windows=[34, 85, 88]
   65        25   HC  0.475   HC   Y  120  0.6970   0.6526    1.4s
      [wattn sid=49 y=0] score=0.233  top-attn windows=[21, 35, 20]
   66        49   HC  0.233   HC   Y  120  0.7037   0.6571    1.4s
      [wattn sid=56 y=0] score=0.208  top-attn windows=[73, 74, 79]
   67        56   HC  0.208   HC   Y  120  0.7101   0.6615    1.4s
      [wattn sid=65 y=1] score=0.797  top-attn windows=[51, 31, 32]
   68        65  MDD  0.797  MDD   Y  120  0.7233   0.6680    1.4s
      [wattn sid=67 y=0] score=0.205  top-attn windows=[74, 29, 18]
   69        67   HC  0.205   HC   Y  120  0.7292   0.6721    1.4s
      [wattn sid=84 y=1] score=0.826  top-attn windows=[26, 42, 71]
   70        84  MDD  0.826  MDD   Y  120  0.7410   0.6781    1.4s
      [wattn sid=117 y=1] score=0.177  top-attn windows=[87, 102, 86]
   71       117  MDD  0.177   HC   .  107  0.7137   0.6627    1.4s
      [wattn sid=118 y=1] score=0.480  top-attn windows=[9, 25, 5]
   72       118  MDD  0.480   HC   .  120  0.7064   0.6485    1.4s
      [wattn sid=119 y=1] score=0.745  top-attn windows=[100, 38, 30]
   73       119  MDD  0.745  MDD   Y  101  0.7169   0.6547    1.4s
  ... fold  7/10: training on 109 subjects (held-out: 13, 29, 31, 32, 58, 62, 63, 78, 89, 95, 102, 116) ...
      [wattn sid=13 y=0] score=0.151  top-attn windows=[43, 41, 28]
   74        13   HC  0.151   HC   Y  120  0.7228   0.6587    1.3s
      [wattn sid=29 y=0] score=0.533  top-attn windows=[9, 12, 63]
   75        29   HC  0.533  MDD   .  120  0.7214   0.6523    1.3s
      [wattn sid=31 y=0] score=0.481  top-attn windows=[43, 99, 62]
   76        31   HC  0.481   HC   Y  120  0.7208   0.6562    1.4s
      [wattn sid=32 y=0] score=0.367  top-attn windows=[98, 11, 99]
   77        32   HC  0.367   HC   Y  120  0.7232   0.6599    1.3s
      [wattn sid=58 y=1] score=0.621  top-attn windows=[39, 21, 0]
   78        58  MDD  0.621  MDD   Y  120  0.7306   0.6656    1.3s
      [wattn sid=62 y=0] score=0.434  top-attn windows=[10, 11, 12]
   79        62   HC  0.434   HC   Y  120  0.7329   0.6692    1.3s
      [wattn sid=63 y=1] score=0.557  top-attn windows=[100, 58, 59]
   80        63  MDD  0.557  MDD   Y  120  0.7349   0.6745    1.3s
      [wattn sid=78 y=0] score=0.645  top-attn windows=[26, 3, 90]
   81        78   HC  0.645  MDD   .   97  0.7264   0.6685    1.3s
      [wattn sid=89 y=1] score=0.680  top-attn windows=[11, 4, 28]
   82        89  MDD  0.680  MDD   Y  113  0.7339   0.6734    1.3s
      [wattn sid=95 y=0] score=0.689  top-attn windows=[47, 89, 46]
   83        95   HC  0.689  MDD   .  120  0.7248   0.6676    1.3s
      [wattn sid=102 y=1] score=0.344  top-attn windows=[78, 45, 77]
   84       102  MDD  0.344   HC   .  109  0.7086   0.6556    1.3s
      [wattn sid=116 y=1] score=0.668  top-attn windows=[71, 70, 69]
   85       116  MDD  0.668  MDD   Y   78  0.7157   0.6604    1.3s
  ... fold  8/10: training on 109 subjects (held-out: 19, 28, 39, 48, 69, 73, 86, 90, 92, 96, 99, 106) ...
      [wattn sid=19 y=0] score=0.611  top-attn windows=[48, 86, 38]
   86        19   HC  0.611  MDD   .  118  0.7103   0.6548    1.4s
      [wattn sid=28 y=0] score=0.422  top-attn windows=[37, 31, 27]
   87        28   HC  0.422   HC   Y  120  0.7126   0.6584    1.3s
      [wattn sid=39 y=0] score=0.493  top-attn windows=[83, 49, 53]
   88        39   HC  0.493   HC   Y  120  0.7125   0.6619    1.3s
      [wattn sid=48 y=0] score=0.311  top-attn windows=[52, 44, 78]
   89        48   HC  0.311   HC   Y  120  0.7152   0.6652    1.3s
      [wattn sid=69 y=0] score=0.543  top-attn windows=[58, 34, 74]
   90        69   HC  0.543  MDD   .  120  0.7141   0.6599    1.3s
      [wattn sid=73 y=0] score=0.219  top-attn windows=[92, 104, 13]
   91        73   HC  0.219   HC   Y  115  0.7183   0.6632    1.4s
      [wattn sid=86 y=1] score=0.426  top-attn windows=[49, 50, 110]
   92        86  MDD  0.426   HC   .  120  0.7078   0.6521    1.4s
      [wattn sid=90 y=0] score=0.678  top-attn windows=[7, 10, 1]
   93        90   HC  0.678  MDD   .  110  0.7003   0.6470    1.3s
      [wattn sid=92 y=1] score=0.785  top-attn windows=[58, 27, 28]
   94        92  MDD  0.785  MDD   Y  120  0.7089   0.6518    1.4s
      [wattn sid=96 y=1] score=0.399  top-attn windows=[117, 66, 114]
   95        96  MDD  0.399   HC   .  120  0.6967   0.6415    1.4s
      [wattn sid=99 y=1] score=0.674  top-attn windows=[117, 116, 114]
   96        99  MDD  0.674  MDD   Y  120  0.7030   0.6461    1.3s
      [wattn sid=106 y=1] score=0.518  top-attn windows=[45, 101, 67]
   97       106  MDD  0.518  MDD   Y  107  0.7013   0.6505    1.3s
  ... fold  9/10: training on 109 subjects (held-out: 2, 6, 10, 20, 34, 53, 68, 74, 80, 100, 109, 113) ...
      [wattn sid=2 y=0] score=0.019  top-attn windows=[42, 114, 43]
   98         2   HC  0.019   HC   Y  120  0.7061   0.6537    1.4s
      [wattn sid=6 y=0] score=0.763  top-attn windows=[21, 20, 39]
   99         6   HC  0.763  MDD   .   46  0.6980   0.6488    1.4s
      [wattn sid=10 y=0] score=0.226  top-attn windows=[73, 72, 110]
  100        10   HC  0.226   HC   Y  120  0.7023   0.6519    1.4s
      [wattn sid=20 y=0] score=0.756  top-attn windows=[79, 31, 115]
  101        20   HC  0.756  MDD   .  120  0.6944   0.6472    1.4s
      [wattn sid=34 y=0] score=0.143  top-attn windows=[81, 109, 80]
  102        34   HC  0.143   HC   Y  120  0.6991   0.6503    1.4s
      [wattn sid=53 y=1] score=0.037  top-attn windows=[81, 65, 108]
  103        53  MDD  0.037   HC   .  120  0.6810   0.6409    1.4s
      [wattn sid=68 y=0] score=0.019  top-attn windows=[49, 70, 69]
  104        68   HC  0.019   HC   Y  120  0.6858   0.6438    1.4s
      [wattn sid=74 y=0] score=0.831  top-attn windows=[106, 112, 94]
  105        74   HC  0.831  MDD   .  120  0.6769   0.6393    1.4s
      [wattn sid=80 y=1] score=0.058  top-attn windows=[16, 22, 26]
  106        80  MDD  0.058   HC   .  112  0.6606   0.6304    1.4s
      [wattn sid=100 y=1] score=0.080  top-attn windows=[59, 57, 56]
  107       100  MDD  0.080   HC   .  120  0.6452   0.6220    1.4s
      [wattn sid=109 y=1] score=0.049  top-attn windows=[76, 75, 83]
  108       109  MDD  0.049   HC   .   97  0.6301   0.6140    1.4s
      [wattn sid=113 y=1] score=0.050  top-attn windows=[60, 66, 62]
  109       113  MDD  0.050   HC   .  120  0.6162   0.6063    1.5s
  ... fold 10/10: training on 109 subjects (held-out: 9, 36, 44, 47, 50, 59, 66, 72, 81, 88, 93, 110) ...
      [wattn sid=9 y=0] score=0.032  top-attn windows=[21, 4, 20]
  110         9   HC  0.032   HC   Y  120  0.6218   0.6092    1.4s
      [wattn sid=36 y=0] score=0.634  top-attn windows=[25, 12, 105]
  111        36   HC  0.634  MDD   .  120  0.6171   0.6049    1.3s
      [wattn sid=44 y=0] score=0.114  top-attn windows=[49, 75, 74]
  112        44   HC  0.114   HC   Y  120  0.6207   0.6077    1.3s
      [wattn sid=47 y=0] score=0.277  top-attn windows=[119, 18, 10]
  113        47   HC  0.277   HC   Y  120  0.6230   0.6104    1.3s
      [wattn sid=50 y=0] score=0.803  top-attn windows=[17, 79, 0]
  114        50   HC  0.803  MDD   .  120  0.6161   0.6062    1.3s
      [wattn sid=59 y=1] score=0.168  top-attn windows=[114, 101, 29]
  115        59  MDD  0.168   HC   .  120  0.6047   0.5990    1.3s
      [wattn sid=66 y=1] score=0.502  top-attn windows=[13, 14, 40]
  116        66  MDD  0.502  MDD   Y  120  0.6047   0.6037    1.3s
      [wattn sid=72 y=0] score=0.431  top-attn windows=[42, 85, 84]
  117        72   HC  0.431   HC   Y  120  0.6059   0.6064    1.3s
      [wattn sid=81 y=1] score=0.805  top-attn windows=[59, 62, 96]
  118        81  MDD  0.805  MDD   Y  112  0.6146   0.6109    1.3s
      [wattn sid=88 y=1] score=0.359  top-attn windows=[33, 34, 0]
  119        88  MDD  0.359   HC   .  111  0.6075   0.6041    1.3s
      [wattn sid=93 y=0] score=0.263  top-attn windows=[86, 78, 79]
  120        93   HC  0.263   HC   Y  120  0.6101   0.6067    1.3s
      [wattn sid=110 y=1] score=0.902  top-attn windows=[112, 75, 73]
  121       110  MDD  0.902  MDD   Y  120  0.6186   0.6110    1.3s
------------------------------------------------------------------------------

FINAL  stage wattn  [10-fold CV]  |  121 subjects (46 MDD / 75 HC)
  Subject-level ROC-AUC : 0.6186   (primary)
  Balanced accuracy     : 0.6110  @thr=0.50   |  0.6275  @thr=0.545 (Youden)
  Macro-F1              : 0.6028  @thr=0.50   |  0.6285  @thr=0.545
  Confusion matrix @0.50 (rows=true HC/MDD, cols=pred HC/MDD):
        pred_HC  pred_MDD
  HC        46        29
  MDD       18        28

Total wall time: 253.2s
Saved per-fold results -> /home/hasan/fable's rEEG/results/opennuero_wattn_cv10.json
