[dataset] opennuero  raw=/home/hasan/fable's rEEG/ds003478-download  cache=/home/hasan/fable's rEEG/cache/opennuero  fs_orig=500->125Hz  ch=64
121 subjects  (46 MDD / 75 HC)  |  fs=125Hz  ch=64  win=4.0s/500smp  windows/subj: min=32 med=129 max=207

=== 10-fold CV training/evaluation — stage nr (121 subjects) ===
 fold   subject true  score pred  ok  win  cumAUC  cumBACC    time
------------------------------------------------------------------------------
  ... fold  1/10: training on 108 subjects (held-out: 1, 4, 17, 27, 40, 45, 61, 77, 82, 85, 98, 101, 114) ...
    1         1   HC  0.053   HC   Y  120     -       -       7.7s
    2         4   HC  0.049   HC   Y  120     -       -       7.5s
    3        17   HC  0.298   HC   Y  115     -       -       7.5s
    4        27   HC  0.009   HC   Y  120     -       -       7.5s
    5        40   HC  0.000   HC   Y  120     -       -       7.5s
    6        45   HC  0.788  MDD   .  120     -       -       7.5s
    7        61  MDD  0.126   HC   .  120  0.6667   0.4167    7.8s
    8        77   HC  0.935  MDD   .  109  0.5714   0.3571    7.5s
    9        82   HC  0.500   HC   Y  120  0.5000   0.3750    7.5s
   10        85  MDD  0.936  MDD   Y  120  0.7500   0.6250    7.6s
   11        98  MDD  0.764  MDD   Y  120  0.7500   0.7083    7.6s
   12       101  MDD  0.223   HC   .  104  0.6875   0.6250    7.5s
   13       114  MDD  0.953  MDD   Y  120  0.7500   0.6750    7.8s
  ... fold  2/10: training on 109 subjects (held-out: 3, 8, 15, 37, 43, 51, 60, 70, 94, 107, 111, 112) ...
   14         3   HC  0.243   HC   Y  120  0.7333   0.6889    0.6s
   15         8   HC  0.058   HC   Y  120  0.7600   0.7000    0.6s
   16        15   HC  0.005   HC   Y  120  0.7818   0.7091    0.6s
   17        37   HC  0.749  MDD   .  120  0.7667   0.6750    0.6s
   18        43   HC  0.313   HC   Y  120  0.7538   0.6846    0.6s
   19        51   HC  0.032   HC   Y  119  0.7714   0.6929    0.6s
   20        60  MDD  0.657  MDD   Y   69  0.7738   0.7262    0.5s
   21        70   HC  0.584  MDD   .  103  0.7667   0.7000    0.6s
   22        94   HC  0.052   HC   Y  109  0.7812   0.7083    0.6s
   23       107  MDD  0.941  MDD   Y   32  0.8125   0.7321    0.5s
   24       111  MDD  0.468   HC   .  109  0.7969   0.6875    0.6s
   25       112  MDD  0.445   HC   .  120  0.7847   0.6528    0.6s
  ... fold  3/10: training on 109 subjects (held-out: 14, 16, 23, 33, 41, 55, 79, 83, 87, 97, 105, 108) ...
   26        14   HC  0.000   HC   Y  115  0.7974   0.6601    0.6s
   27        16   HC  0.585  MDD   .  116  0.7840   0.6389    0.5s
   28        23   HC  0.286   HC   Y  102  0.7836   0.6462    0.5s
   29        33   HC  0.046   HC   Y  120  0.7944   0.6528    0.5s
   30        41   HC  0.507  MDD   .  120  0.7831   0.6349    0.5s
   31        55  MDD  0.248   HC   .  120  0.7571   0.6071    0.5s
   32        79   HC  0.046   HC   Y  117  0.7682   0.6136    0.5s
   33        83   HC  0.006   HC   Y  120  0.7783   0.6196    0.5s
   34        87   HC  0.078   HC   Y  120  0.7875   0.6250    0.6s
   35        97  MDD  0.087   HC   .  120  0.7652   0.6023    0.5s
   36       105  MDD  0.998  MDD   Y  110  0.7847   0.6250    0.5s
   37       108  MDD  0.001   HC   .  120  0.7308   0.6058    0.6s
  ... fold  4/10: training on 109 subjects (held-out: 7, 26, 30, 35, 52, 54, 57, 64, 76, 103, 115, 121) ...
   38         7   HC  0.206   HC   Y  120  0.7323   0.6108    0.6s
   39        26   HC  0.035   HC   Y  120  0.7396   0.6154    0.5s
   40        30   HC  0.057   HC   Y  117  0.7464   0.6197    0.5s
   41        35   HC  0.048   HC   Y  120  0.7527   0.6236    0.6s
   42        52  MDD  0.069   HC   .  120  0.7372   0.6071    0.6s
   43        54   HC  0.045   HC   Y  107  0.7438   0.6108    0.5s
   44        57   HC  0.978  MDD   .  111  0.7214   0.5976    0.5s
   45        64   HC  0.003   HC   Y   95  0.7281   0.6014    0.5s
   46        76   HC  0.387   HC   Y   97  0.7232   0.6049    0.5s
   47       103  MDD  0.999  MDD   Y  120  0.7417   0.6240    0.5s
   48       115  MDD  0.994  MDD   Y  120  0.7578   0.6406    0.6s
   49       121  MDD  0.016   HC   .   93  0.7243   0.6259    0.5s
  ... fold  5/10: training on 109 subjects (held-out: 5, 11, 18, 21, 42, 46, 71, 75, 91, 104, 120, 122) ...
   50         5   HC  0.003   HC   Y  120  0.7308   0.6292    0.6s
   51        11   HC  0.573  MDD   .   99  0.7232   0.6176    0.6s
   52        18   HC  0.047   HC   Y  120  0.7277   0.6210    0.6s
   53        21   HC  0.127   HC   Y  115  0.7271   0.6242    0.6s
   54        42   HC  0.140   HC   Y  110  0.7266   0.6272    0.6s
   55        46   HC  0.127   HC   Y  120  0.7260   0.6300    0.6s
   56        71   HC  0.443   HC   Y  105  0.7225   0.6327    0.6s
   57        75   HC  0.792  MDD   .   90  0.7132   0.6228    0.6s
   58        91  MDD  0.393   HC   .  120  0.7139   0.6097    0.6s
   59       104  MDD  0.980  MDD   Y  120  0.7289   0.6243    0.6s
   60       120  MDD  0.745  MDD   Y   92  0.7363   0.6375    0.5s
   61       122  MDD  0.117   HC   .  110  0.7250   0.6256    0.6s
  ... fold  6/10: training on 109 subjects (held-out: 12, 22, 24, 25, 49, 56, 65, 67, 84, 117, 118, 119) ...
   62        12   HC  0.065   HC   Y  120  0.7294   0.6283    0.6s
   63        22   HC  0.096   HC   Y  120  0.7313   0.6310    0.5s
   64        24   HC  0.521  MDD   .  120  0.7254   0.6218    0.5s
   65        25   HC  0.200   HC   Y  120  0.7251   0.6245    0.6s
   66        49   HC  0.075   HC   Y  120  0.7280   0.6270    0.5s
   67        56   HC  0.042   HC   Y  120  0.7319   0.6294    0.6s
   68        65  MDD  0.987  MDD   Y  120  0.7441   0.6413    0.5s
   69        67   HC  0.056   HC   Y  120  0.7476   0.6436    0.5s
   70        84  MDD  0.814  MDD   Y  120  0.7567   0.6545    0.5s
   71       117  MDD  0.410   HC   .  107  0.7562   0.6436    0.5s
   72       118  MDD  0.787  MDD   Y  120  0.7626   0.6536    0.5s
   73       119  MDD  0.993  MDD   Y  101  0.7717   0.6628    0.5s
  ... fold  7/10: training on 109 subjects (held-out: 13, 29, 31, 32, 58, 62, 63, 78, 89, 95, 102, 116) ...
   74        13   HC  0.000   HC   Y  120  0.7764   0.6651    0.6s
   75        29   HC  0.162   HC   Y  120  0.7763   0.6672    0.6s
   76        31   HC  0.076   HC   Y  120  0.7785   0.6692    0.6s
   77        32   HC  0.002   HC   Y  120  0.7821   0.6712    0.6s
   78        58  MDD  0.456   HC   .  120  0.7821   0.6612    0.6s
   79        62   HC  0.271   HC   Y  120  0.7806   0.6631    0.6s
   80        63  MDD  0.869  MDD   Y  120  0.7871   0.6717    0.6s
   81        78   HC  0.740  MDD   .   97  0.7817   0.6641    0.5s
   82        89  MDD  0.897  MDD   Y  113  0.7879   0.6721    0.6s
   83        95   HC  0.580  MDD   .  120  0.7835   0.6648    0.6s
   84       102  MDD  0.200   HC   .  109  0.7778   0.6556    0.6s
   85       116  MDD  0.586  MDD   Y   78  0.7814   0.6631    0.5s
  ... fold  8/10: training on 109 subjects (held-out: 19, 28, 39, 48, 69, 73, 86, 90, 92, 96, 99, 106) ...
   86        19   HC  0.705  MDD   .  118  0.7760   0.6560    0.6s
   87        28   HC  0.100   HC   Y  120  0.7776   0.6581    0.5s
   88        39   HC  0.015   HC   Y  120  0.7810   0.6602    0.5s
   89        48   HC  0.429   HC   Y  120  0.7786   0.6621    0.5s
   90        69   HC  0.334   HC   Y  120  0.7775   0.6640    0.6s
   91        73   HC  0.109   HC   Y  115  0.7790   0.6659    0.5s
   92        86  MDD  0.670  MDD   Y  120  0.7823   0.6729    0.5s
   93        90   HC  0.323   HC   Y  110  0.7812   0.6747    0.5s
   94        92  MDD  0.995  MDD   Y  120  0.7879   0.6813    0.5s
   95        96  MDD  0.013   HC   .  120  0.7690   0.6729    0.5s
   96        99  MDD  0.600  MDD   Y  120  0.7724   0.6792    0.6s
   97       106  MDD  0.251   HC   .  107  0.7682   0.6712    0.5s
  ... fold  9/10: training on 109 subjects (held-out: 2, 6, 10, 20, 34, 53, 68, 74, 80, 100, 109, 113) ...
   98         2   HC  0.000   HC   Y  120  0.7720   0.6729    0.6s
   99         6   HC  0.289   HC   Y   46  0.7707   0.6746    0.5s
  100        10   HC  0.066   HC   Y  120  0.7730   0.6762    0.5s
  101        20   HC  0.070   HC   Y  120  0.7748   0.6778    0.5s
  102        34   HC  0.001   HC   Y  120  0.7782   0.6793    0.5s
  103        53  MDD  0.005   HC   .  120  0.7604   0.6718    0.5s
  104        68   HC  0.047   HC   Y  120  0.7624   0.6733    0.5s
  105        74   HC  0.592  MDD   .  120  0.7587   0.6673    0.5s
  106        80  MDD  0.020   HC   .  112  0.7434   0.6602    0.5s
  107       100  MDD  0.152   HC   .  120  0.7391   0.6535    0.5s
  108       109  MDD  0.002   HC   .   97  0.7228   0.6471    0.5s
  109       113  MDD  0.069   HC   .  120  0.7156   0.6410    0.6s
  ... fold 10/10: training on 109 subjects (held-out: 9, 36, 44, 47, 50, 59, 66, 72, 81, 88, 93, 110) ...
  110         9   HC  0.000   HC   Y  120  0.7197   0.6425    0.6s
  111        36   HC  0.710  MDD   .  120  0.7150   0.6368    0.6s
  112        44   HC  0.002   HC   Y  120  0.7187   0.6383    0.6s
  113        47   HC  0.058   HC   Y  120  0.7205   0.6397    0.6s
  114        50   HC  0.219   HC   Y  120  0.7200   0.6412    0.6s
  115        59  MDD  0.276   HC   .  120  0.7185   0.6354    0.6s
  116        66  MDD  0.199   HC   .  120  0.7155   0.6298    0.6s
  117        72   HC  0.417   HC   Y  120  0.7131   0.6312    0.6s
  118        81  MDD  0.952  MDD   Y  112  0.7193   0.6373    0.6s
  119        88  MDD  0.188   HC   .  111  0.7162   0.6320    0.6s
  120        93   HC  0.089   HC   Y  120  0.7173   0.6333    0.6s
  121       110  MDD  0.973  MDD   Y  120  0.7232   0.6391    0.6s
------------------------------------------------------------------------------

FINAL  stage nr  [10-fold CV]  |  121 subjects (46 MDD / 75 HC)
  Subject-level ROC-AUC : 0.7232   (primary)
  Balanced accuracy     : 0.6391  @thr=0.50   |  0.6791  @thr=0.586 (Youden)
  Macro-F1              : 0.6424  @thr=0.50   |  0.6857  @thr=0.586
  Confusion matrix @0.50 (rows=true HC/MDD, cols=pred HC/MDD):
        pred_HC  pred_MDD
  HC        60        15
  MDD       24        22

Total wall time: 159.0s
Saved per-fold results -> /home/hasan/fable's rEEG/results/opennuero_nr_cv10.json
