[dataset] opennuero  raw=/home/hasan/fable's rEEG/ds003478-download  cache=/home/hasan/fable's rEEG/cache/opennuero  fs_orig=500->125Hz  ch=64
121 subjects  (46 MDD / 75 HC)  |  fs=125Hz  ch=64  win=4.0s/500smp  windows/subj: min=32 med=129 max=207

=== 10-fold CV training/evaluation — stage spec (121 subjects) ===
 fold   subject true  score pred  ok  win  cumAUC  cumBACC    time
------------------------------------------------------------------------------
  ... fold  1/10: training on 108 subjects (held-out: 1, 4, 17, 27, 40, 45, 61, 77, 82, 85, 98, 101, 114) ...
    1         1   HC  0.003   HC   Y  120     -       -       2.1s
    2         4   HC  0.617  MDD   .  120     -       -       2.1s
    3        17   HC  0.210   HC   Y  115     -       -       2.0s
    4        27   HC  0.011   HC   Y  120     -       -       2.1s
    5        40   HC  0.005   HC   Y  120     -       -       2.1s
    6        45   HC  0.575  MDD   .  120     -       -       2.1s
    7        61  MDD  0.105   HC   .  120  0.5000   0.3333    2.1s
    8        77   HC  0.835  MDD   .  109  0.4286   0.2857    2.0s
    9        82   HC  0.720  MDD   .  120  0.3750   0.2500    2.1s
   10        85  MDD  0.113   HC   .  120  0.3750   0.2500    2.1s
   11        98  MDD  0.834  MDD   Y  120  0.5417   0.4167    2.1s
   12       101  MDD  0.703  MDD   Y  104  0.5938   0.5000    2.0s
   13       114  MDD  0.781  MDD   Y  120  0.6500   0.5500    2.0s
  ... fold  2/10: training on 109 subjects (held-out: 3, 8, 15, 37, 43, 51, 60, 70, 94, 107, 111, 112) ...
   14         3   HC  0.364   HC   Y  120  0.6444   0.5778    0.6s
   15         8   HC  0.812  MDD   .  120  0.6000   0.5500    0.6s
   16        15   HC  0.044   HC   Y  120  0.6364   0.5727    0.6s
   17        37   HC  0.803  MDD   .  120  0.6000   0.5500    0.6s
   18        43   HC  0.919  MDD   .  120  0.5538   0.5308    0.6s
   19        51   HC  0.287   HC   Y  119  0.5571   0.5500    0.6s
   20        60  MDD  0.966  MDD   Y   69  0.6310   0.5833    0.6s
   21        70   HC  0.968  MDD   .  103  0.5889   0.5667    0.6s
   22        94   HC  0.258   HC   Y  109  0.5938   0.5833    0.6s
   23       107  MDD  0.280   HC   .   32  0.5625   0.5357    0.6s
   24       111  MDD  0.310   HC   .  109  0.5469   0.5000    0.6s
   25       112  MDD  0.286   HC   .  120  0.5278   0.4722    0.6s
  ... fold  3/10: training on 109 subjects (held-out: 14, 16, 23, 33, 41, 55, 79, 83, 87, 97, 105, 108) ...
   26        14   HC  0.043   HC   Y  115  0.5556   0.4869    0.6s
   27        16   HC  0.749  MDD   .  116  0.5432   0.4722    0.6s
   28        23   HC  0.089   HC   Y  102  0.5673   0.4854    0.6s
   29        33   HC  0.359   HC   Y  120  0.5611   0.4972    0.6s
   30        41   HC  0.282   HC   Y  120  0.5661   0.5079    0.6s
   31        55  MDD  0.372   HC   .  120  0.5667   0.4857    0.6s
   32        79   HC  0.245   HC   Y  117  0.5773   0.4955    0.6s
   33        83   HC  0.074   HC   Y  120  0.5957   0.5043    0.6s
   34        87   HC  0.699  MDD   .  120  0.5875   0.4917    0.6s
   35        97  MDD  0.137   HC   .  120  0.5606   0.4735    0.6s
   36       105  MDD  0.066   HC   .  110  0.5312   0.4583    0.6s
   37       108  MDD  0.503  MDD   Y  120  0.5353   0.4840    0.6s
  ... fold  4/10: training on 109 subjects (held-out: 7, 26, 30, 35, 52, 54, 57, 64, 76, 103, 115, 121) ...
