[dataset] opennuero  raw=/home/hasan/fable's rEEG/ds003478-download  cache=/home/hasan/fable's rEEG/cache/opennuero  fs_orig=500->125Hz  ch=64
121 subjects  (46 MDD / 75 HC)  |  fs=125Hz  ch=64  win=4.0s/500smp  windows/subj: min=32 med=129 max=207

=== 10-fold CV training/evaluation — stage nrde (121 subjects) ===
 fold   subject true  score pred  ok  win  cumAUC  cumBACC    time
------------------------------------------------------------------------------
  ... fold  1/10: training on 108 subjects (held-out: 1, 4, 17, 27, 40, 45, 61, 77, 82, 85, 98, 101, 114) ...
    1         1   HC  0.000   HC   Y  120     -       -      10.5s
    2         4   HC  0.222   HC   Y  120     -       -      10.4s
    3        17   HC  0.288   HC   Y  115     -       -      10.2s
    4        27   HC  0.008   HC   Y  120     -       -      10.3s
    5        40   HC  0.000   HC   Y  120     -       -      10.3s
    6        45   HC  0.742  MDD   .  120     -       -      10.3s
    7        61  MDD  0.096   HC   .  120  0.5000   0.4167   10.6s
    8        77   HC  0.951  MDD   .  109  0.4286   0.3571   10.2s
    9        82   HC  0.436   HC   Y  120  0.3750   0.3750   10.4s
   10        85  MDD  0.610  MDD   Y  120  0.5625   0.6250   10.4s
   11        98  MDD  0.955  MDD   Y  120  0.7083   0.7083   10.4s
   12       101  MDD  0.649  MDD   Y  104  0.7188   0.7500   10.3s
   13       114  MDD  0.912  MDD   Y  120  0.7500   0.7750   10.5s
  ... fold  2/10: training on 109 subjects (held-out: 3, 8, 15, 37, 43, 51, 60, 70, 94, 107, 111, 112) ...
   14         3   HC  0.174   HC   Y  120  0.7556   0.7889    0.7s
   15         8   HC  0.125   HC   Y  120  0.7600   0.8000    0.7s
   16        15   HC  0.005   HC   Y  120  0.7818   0.8091    0.7s
   17        37   HC  0.916  MDD   .  120  0.7333   0.7750    0.7s
   18        43   HC  0.737  MDD   .  120  0.7077   0.7462    0.7s
   19        51   HC  0.004   HC   Y  119  0.7286   0.7571    0.7s
   20        60  MDD  0.904  MDD   Y   69  0.7500   0.7738    0.6s
   21        70   HC  0.903  MDD   .  103  0.7333   0.7500    0.6s
   22        94   HC  0.394   HC   Y  109  0.7396   0.7604    0.6s
   23       107  MDD  0.834  MDD   Y   32  0.7500   0.7723    0.6s
   24       111  MDD  0.311   HC   .  109  0.7266   0.7188    0.6s
   25       112  MDD  0.237   HC   .  120  0.7014   0.6771    0.7s
  ... fold  3/10: training on 109 subjects (held-out: 14, 16, 23, 33, 41, 55, 79, 83, 87, 97, 105, 108) ...
   26        14   HC  0.001   HC   Y  115  0.7190   0.6863    0.7s
   27        16   HC  0.961  MDD   .  116  0.6790   0.6667    0.7s
   28        23   HC  0.230   HC   Y  102  0.6901   0.6754    0.6s
   29        33   HC  0.053   HC   Y  120  0.7056   0.6833    0.6s
   30        41   HC  0.065   HC   Y  120  0.7196   0.6905    0.6s
   31        55  MDD  0.333   HC   .  120  0.7095   0.6571    0.6s
   32        79   HC  0.186   HC   Y  117  0.7182   0.6636    0.6s
   33        83   HC  0.005   HC   Y  120  0.7304   0.6696    0.6s
   34        87   HC  0.180   HC   Y  120  0.7375   0.6750    0.6s
   35        97  MDD  0.023   HC   .  120  0.6970   0.6477    0.6s
   36       105  MDD  0.644  MDD   Y  110  0.7014   0.6667    0.6s
   37       108  MDD  0.117   HC   .  120  0.6763   0.6442    0.6s
  ... fold  4/10: training on 109 subjects (held-out: 7, 26, 30, 35, 52, 54, 57, 64, 76, 103, 115, 121) ...
   38         7   HC  0.247   HC   Y  120  0.6769   0.6492    0.7s
   39        26   HC  0.003   HC   Y  120  0.6893   0.6538    0.7s
   40        30   HC  0.002   HC   Y  117  0.7009   0.6581    0.7s
   41        35   HC  0.008   HC   Y  120  0.7115   0.6621    0.7s
   42        52  MDD  0.045   HC   .  120  0.6862   0.6429    0.7s
   43        54   HC  0.020   HC   Y  107  0.6970   0.6466    0.7s
   44        57   HC  0.618  MDD   .  111  0.6881   0.6333    0.6s
   45        64   HC  0.002   HC   Y   95  0.6982   0.6371    0.7s
   46        76   HC  0.464   HC   Y   97  0.6920   0.6406    0.6s
   47       103  MDD  0.999  MDD   Y  120  0.7125   0.6573    0.7s
   48       115  MDD  0.999  MDD   Y  120  0.7305   0.6719    0.7s
   49       121  MDD  0.595  MDD   Y   93  0.7335   0.6847    0.6s
  ... fold  5/10: training on 109 subjects (held-out: 5, 11, 18, 21, 42, 46, 71, 75, 91, 104, 120, 122) ...
   50         5   HC  0.010   HC   Y  120  0.7415   0.6881    0.7s
   51        11   HC  0.626  MDD   .   99  0.7336   0.6765    0.7s
   52        18   HC  0.012   HC   Y  120  0.7412   0.6798    0.6s
   53        21   HC  0.062   HC   Y  115  0.7451   0.6830    0.7s
   54        42   HC  0.018   HC   Y  110  0.7520   0.6860    0.6s
   55        46   HC  0.086   HC   Y  120  0.7554   0.6889    0.7s
   56        71   HC  0.264   HC   Y  105  0.7541   0.6916    0.6s
   57        75   HC  0.797  MDD   .   90  0.7441   0.6816    0.6s
   58        91  MDD  0.370   HC   .  120  0.7417   0.6653    0.6s
   59       104  MDD  0.998  MDD   Y  120  0.7553   0.6770    0.6s
   60       120  MDD  0.800  MDD   Y   92  0.7625   0.6875    0.6s
   61       122  MDD  0.067   HC   .  110  0.7476   0.6732    0.6s
  ... fold  6/10: training on 109 subjects (held-out: 12, 22, 24, 25, 49, 56, 65, 67, 84, 117, 118, 119) ...
   62        12   HC  0.019   HC   Y  120  0.7538   0.6760    0.7s
   63        22   HC  0.488   HC   Y  120  0.7494   0.6786    0.7s
   64        24   HC  0.978  MDD   .  120  0.7353   0.6694    0.7s
   65        25   HC  0.065   HC   Y  120  0.7392   0.6721    0.7s
   66        49   HC  0.007   HC   Y  120  0.7450   0.6746    0.7s
   67        56   HC  0.000   HC   Y  120  0.7505   0.6770    0.7s
   68        65  MDD  0.950  MDD   Y  120  0.7589   0.6868    0.7s
   69        67   HC  0.120   HC   Y  120  0.7592   0.6891    0.7s
   70        84  MDD  0.370   HC   .  120  0.7567   0.6762    0.7s
   71       117  MDD  0.822  MDD   Y  107  0.7624   0.6853    0.7s
   72       118  MDD  0.589  MDD   Y  120  0.7634   0.6936    0.7s
   73       119  MDD  0.997  MDD   Y  101  0.7725   0.7013    0.6s
  ... fold  7/10: training on 109 subjects (held-out: 13, 29, 31, 32, 58, 62, 63, 78, 89, 95, 102, 116) ...
   74        13   HC  0.000   HC   Y  120  0.7772   0.7035    0.7s
   75        29   HC  0.465   HC   Y  120  0.7739   0.7057    0.6s
   76        31   HC  0.284   HC   Y  120  0.7738   0.7077    0.6s
   77        32   HC  0.015   HC   Y  120  0.7783   0.7097    0.6s
   78        58  MDD  0.750  MDD   Y  120  0.7821   0.7168    0.6s
   79        62   HC  0.542  MDD   .  120  0.7792   0.7090    0.6s
   80        63  MDD  0.043   HC   .  120  0.7651   0.6978    0.6s
   81        78   HC  0.728  MDD   .   97  0.7588   0.6904    0.6s
   82        89  MDD  0.763  MDD   Y  113  0.7632   0.6971    0.6s
   83        95   HC  0.627  MDD   .  120  0.7586   0.6900    0.6s
   84       102  MDD  0.345   HC   .  109  0.7556   0.6796    0.7s
   85       116  MDD  0.342   HC   .   78  0.7527   0.6700    0.6s
  ... fold  8/10: training on 109 subjects (held-out: 19, 28, 39, 48, 69, 73, 86, 90, 92, 96, 99, 106) ...
   86        19   HC  0.642  MDD   .  118  0.7478   0.6630    0.7s
   87        28   HC  0.015   HC   Y  120  0.7523   0.6653    0.6s
   88        39   HC  0.022   HC   Y  120  0.7566   0.6675    0.7s
   89        48   HC  0.616  MDD   .  120  0.7519   0.6610    0.6s
   90        69   HC  0.377   HC   Y  120  0.7490   0.6632    0.6s
   91        73   HC  0.284   HC   Y  115  0.7495   0.6653    0.6s
   92        86  MDD  0.480   HC   .  120  0.7490   0.6562    0.6s
   93        90   HC  0.178   HC   Y  110  0.7500   0.6583    0.6s
   94        92  MDD  0.985  MDD   Y  120  0.7576   0.6649    0.7s
   95        96  MDD  0.032   HC   .  120  0.7459   0.6565    0.6s
   96        99  MDD  0.811  MDD   Y  120  0.7508   0.6628    0.6s
   97       106  MDD  0.092   HC   .  107  0.7423   0.6548    0.6s
  ... fold  9/10: training on 109 subjects (held-out: 2, 6, 10, 20, 34, 53, 68, 74, 80, 100, 109, 113) ...
   98         2   HC  0.000   HC   Y  120  0.7464   0.6568    0.7s
   99         6   HC  0.479   HC   Y   46  0.7438   0.6587    0.6s
  100        10   HC  0.064   HC   Y  120  0.7461   0.6606    0.7s
  101        20   HC  0.070   HC   Y  120  0.7479   0.6624    0.7s
  102        34   HC  0.000   HC   Y  120  0.7517   0.6641    0.7s
  103        53  MDD  0.003   HC   .  120  0.7355   0.6566    0.7s
  104        68   HC  0.092   HC   Y  120  0.7366   0.6583    0.7s
  105        74   HC  0.113   HC   Y  120  0.7373   0.6600    0.7s
  106        80  MDD  0.055   HC   .  112  0.7276   0.6529    0.7s
  107       100  MDD  0.033   HC   .  120  0.7179   0.6461    0.7s
  108       109  MDD  0.010   HC   .   97  0.7063   0.6397    0.7s
  109       113  MDD  0.012   HC   .  120  0.6955   0.6336    0.7s
  ... fold 10/10: training on 109 subjects (held-out: 9, 36, 44, 47, 50, 59, 66, 72, 81, 88, 93, 110) ...
  110         9   HC  0.000   HC   Y  120  0.6999   0.6352    0.7s
  111        36   HC  0.696  MDD   .  120  0.6951   0.6296    0.6s
  112        44   HC  0.006   HC   Y  120  0.6991   0.6312    0.6s
  113        47   HC  0.031   HC   Y  120  0.7019   0.6328    0.6s
  114        50   HC  0.258   HC   Y  120  0.7013   0.6343    0.6s
  115        59  MDD  0.265   HC   .  120  0.6999   0.6285    0.6s
  116        66  MDD  0.475   HC   .  120  0.7012   0.6230    0.6s
  117        72   HC  0.394   HC   Y  120  0.6986   0.6245    0.6s
  118        81  MDD  0.856  MDD   Y  112  0.7039   0.6305    0.6s
  119        88  MDD  0.110   HC   .  111  0.6988   0.6252    0.6s
  120        93   HC  0.070   HC   Y  120  0.6999   0.6267    0.6s
  121       110  MDD  0.766  MDD   Y  120  0.7046   0.6325    0.6s
------------------------------------------------------------------------------

FINAL  stage nrde  [10-fold CV]  |  121 subjects (46 MDD / 75 HC)
  Subject-level ROC-AUC : 0.7046   (primary)
  Balanced accuracy     : 0.6325  @thr=0.50   |  0.6661  @thr=0.311 (Youden)
  Macro-F1              : 0.6353  @thr=0.50   |  0.6592  @thr=0.311
  Confusion matrix @0.50 (rows=true HC/MDD, cols=pred HC/MDD):
        pred_HC  pred_MDD
  HC        59        16
  MDD       24        22

Total wall time: 206.2s
Saved per-fold results -> /home/hasan/fable's rEEG/results/opennuero_nrde_cv10.json
