[dataset] opennuero  raw=/home/hasan/fable's rEEG/ds003478-download  cache=/home/hasan/fable's rEEG/cache/opennuero  fs_orig=500->125Hz  ch=64
** harmonised to shared 17-channel 10-20 montage **
121 subjects  (46 MDD / 75 HC)  |  fs=125Hz  ch=17  win=4.0s/500smp  windows/subj: min=44 med=142 max=209

=== 10-fold CV training/evaluation — stage nr (121 subjects) ===
 fold   subject true  score pred  ok  win  cumAUC  cumBACC    time
------------------------------------------------------------------------------
  ... fold  1/10: training on 108 subjects (held-out: 1, 4, 17, 27, 40, 45, 61, 77, 82, 85, 98, 101, 114) ...
    1         1   HC  0.389   HC   Y  120     -       -       0.7s
    2         4   HC  0.315   HC   Y  120     -       -       0.7s
    3        17   HC  0.566  MDD   .  115     -       -       0.7s
    4        27   HC  0.387   HC   Y  120     -       -       0.7s
    5        40   HC  0.476   HC   Y  120     -       -       0.7s
    6        45   HC  0.610  MDD   .  120     -       -       0.7s
    7        61  MDD  0.287   HC   .  120  0.0000   0.3333    0.7s
    8        77   HC  0.813  MDD   .  111  0.0000   0.2857    0.7s
    9        82   HC  0.470   HC   Y  120  0.0000   0.3125    0.7s
   10        85  MDD  0.468   HC   .  120  0.1875   0.3125    0.7s
   11        98  MDD  0.667  MDD   Y  120  0.4167   0.4792    0.7s
   12       101  MDD  0.742  MDD   Y  113  0.5312   0.5625    0.7s
   13       114  MDD  0.579  MDD   Y  120  0.5750   0.6125    0.7s
  ... fold  2/10: training on 109 subjects (held-out: 3, 8, 15, 37, 43, 51, 60, 70, 94, 107, 111, 112) ...
   14         3   HC  0.389   HC   Y  120  0.6000   0.6333    0.1s
   15         8   HC  0.303   HC   Y  120  0.6200   0.6500    0.1s
   16        15   HC  0.745  MDD   .  120  0.5636   0.6182    0.1s
   17        37   HC  0.598  MDD   .  120  0.5500   0.5917    0.1s
   18        43   HC  0.554  MDD   .  120  0.5538   0.5692    0.1s
   19        51   HC  0.478   HC   Y  120  0.5571   0.5857    0.1s
   20        60  MDD  0.786  MDD   Y   76  0.6190   0.6190    0.1s
   21        70   HC  0.382   HC   Y  109  0.6333   0.6333    0.1s
   22        94   HC  0.553  MDD   .  120  0.6354   0.6146    0.1s
   23       107  MDD  0.394   HC   .   44  0.5982   0.5670    0.1s
   24       111  MDD  0.801  MDD   Y  111  0.6406   0.5938    0.1s
   25       112  MDD  0.472   HC   .  120  0.6181   0.5590    0.1s
  ... fold  3/10: training on 109 subjects (held-out: 14, 16, 23, 33, 41, 55, 79, 83, 87, 97, 105, 108) ...
   26        14   HC  0.162   HC   Y  120  0.6405   0.5719    0.1s
   27        16   HC  0.146   HC   Y  118  0.6605   0.5833    0.1s
   28        23   HC  0.376   HC   Y  117  0.6725   0.5936    0.1s
   29        33   HC  0.431   HC   Y  120  0.6778   0.6028    0.1s
   30        41   HC  0.420   HC   Y  120  0.6825   0.6111    0.1s
   31        55  MDD  0.198   HC   .  120  0.6238   0.5833    0.1s
   32        79   HC  0.706  MDD   .  120  0.6091   0.5682    0.1s
   33        83   HC  0.333   HC   Y  120  0.6174   0.5761    0.1s
   34        87   HC  0.321   HC   Y  120  0.6250   0.5833    0.1s
   35        97  MDD  0.369   HC   .  120  0.5909   0.5606    0.1s
   36       105  MDD  0.836  MDD   Y  120  0.6250   0.5833    0.1s
   37       108  MDD  0.098   HC   .  120  0.5769   0.5641    0.1s
  ... fold  4/10: training on 109 subjects (held-out: 7, 26, 30, 35, 52, 54, 57, 64, 76, 103, 115, 121) ...
   38         7   HC  0.372   HC   Y  120  0.5815   0.5708    0.1s
   39        26   HC  0.254   HC   Y  120  0.5917   0.5769    0.1s
   40        30   HC  0.407   HC   Y  120  0.5926   0.5826    0.1s
   41        35   HC  0.413   HC   Y  120  0.5934   0.5879    0.1s
   42        52  MDD  0.138   HC   .  120  0.5510   0.5714    0.1s
   43        54   HC  0.618  MDD   .  109  0.5443   0.5591    0.1s
   44        57   HC  0.581  MDD   .  116  0.5381   0.5476    0.1s
   45        64   HC  0.224   HC   Y  101  0.5461   0.5530    0.0s
   46        76   HC  0.241   HC   Y   97  0.5536   0.5580    0.0s
   47       103  MDD  0.706  MDD   Y  120  0.5771   0.5771    0.1s
   48       115  MDD  0.227   HC   .  120  0.5469   0.5625    0.1s
   49       121  MDD  0.515  MDD   Y  120  0.5551   0.5790    0.1s
  ... fold  5/10: training on 109 subjects (held-out: 5, 11, 18, 21, 42, 46, 71, 75, 91, 104, 120, 122) ...
   50         5   HC  0.205   HC   Y  120  0.5633   0.5838    0.0s
   51        11   HC  0.165   HC   Y  101  0.5727   0.5882    0.0s
   52        18   HC  0.575  MDD   .  120  0.5681   0.5782    0.0s
   53        21   HC  0.479   HC   Y  117  0.5654   0.5825    0.0s
   54        42   HC  0.881  MDD   .  112  0.5501   0.5731    0.0s
   55        46   HC  0.158   HC   Y  120  0.5588   0.5774    0.0s
   56        71   HC  0.405   HC   Y  116  0.5596   0.5814    0.0s
   57        75   HC  0.798  MDD   .   93  0.5485   0.5728    0.0s
   58        91  MDD  0.578  MDD   Y  120  0.5611   0.5875    0.0s
   59       104  MDD  0.869  MDD   Y  120  0.5829   0.6007    0.0s
   60       120  MDD  0.408   HC   .  100  0.5788   0.5875    0.0s
   61       122  MDD  0.768  MDD   Y  115  0.5952   0.5994    0.0s
  ... fold  6/10: training on 109 subjects (held-out: 12, 22, 24, 25, 49, 56, 65, 67, 84, 117, 118, 119) ...
   62        12   HC  0.152   HC   Y  120  0.6028   0.6034    0.1s
   63        22   HC  0.500   HC   Y  120  0.6009   0.6071    0.1s
   64        24   HC  0.712  MDD   .  120  0.5936   0.5991    0.1s
   65        25   HC  0.511  MDD   .  120  0.5920   0.5915    0.1s
   66        49   HC  0.235   HC   Y  120  0.5968   0.5952    0.1s
   67        56   HC  0.218   HC   Y  120  0.6025   0.5989    0.1s
   68        65  MDD  0.697  MDD   Y  120  0.6146   0.6097    0.1s
   69        67   HC  0.279   HC   Y  120  0.6190   0.6132    0.1s
   70        84  MDD  0.362   HC   .  120  0.6068   0.6013    0.1s
   71       117  MDD  0.398   HC   .  107  0.6011   0.5904    0.1s
   72       118  MDD  0.484   HC   .  120  0.6034   0.5804    0.1s
   73       119  MDD  0.709  MDD   Y  109  0.6146   0.5904    0.1s
  ... fold  7/10: training on 109 subjects (held-out: 13, 29, 31, 32, 58, 62, 63, 78, 89, 95, 102, 116) ...
   74        13   HC  0.318   HC   Y  120  0.6186   0.5938    0.1s
   75        29   HC  0.383   HC   Y  120  0.6209   0.5969    0.1s
   76        31   HC  0.660  MDD   .  120  0.6162   0.5900    0.1s
   77        32   HC  0.467   HC   Y  120  0.6161   0.5931    0.1s
   78        58  MDD  0.515  MDD   Y  120  0.6195   0.6024    0.1s
   79        62   HC  0.190   HC   Y  120  0.6254   0.6054    0.1s
   80        63  MDD  0.294   HC   .  120  0.6120   0.5962    0.1s
   81        78   HC  0.635  MDD   .  116  0.6071   0.5896    0.1s
   82        89  MDD  0.667  MDD   Y  117  0.6168   0.5982    0.1s
   83        95   HC  0.836  MDD   .  120  0.6066   0.5920    0.1s
   84       102  MDD  0.616  MDD   Y  109  0.6136   0.6000    0.1s
   85       116  MDD  0.528  MDD   Y  101  0.6159   0.6075    0.1s
  ... fold  8/10: training on 109 subjects (held-out: 19, 28, 39, 48, 69, 73, 86, 90, 92, 96, 99, 106) ...
   86        19   HC  0.610  MDD   .  120  0.6117   0.6015    0.1s
   87        28   HC  0.331   HC   Y  120  0.6152   0.6046    0.1s
   88        39   HC  0.343   HC   Y  120  0.6186   0.6075    0.1s
   89        48   HC  0.674  MDD   .  120  0.6129   0.6018    0.1s
   90        69   HC  0.435   HC   Y  120  0.6134   0.6047    0.1s
   91        73   HC  0.116   HC   Y  120  0.6194   0.6075    0.1s
   92        86  MDD  0.106   HC   .  120  0.6000   0.5990    0.1s
   93        90   HC  0.123   HC   Y  120  0.6055   0.6017    0.1s
   94        92  MDD  0.548  MDD   Y  120  0.6080   0.6088    0.1s
   95        96  MDD  0.616  MDD   Y  120  0.6143   0.6155    0.1s
   96        99  MDD  0.384   HC   .  120  0.6089   0.6075    0.1s
   97       106  MDD  0.120   HC   .  113  0.5924   0.6000    0.1s
  ... fold  9/10: training on 109 subjects (held-out: 2, 6, 10, 20, 34, 53, 68, 74, 80, 100, 109, 113) ...
   98         2   HC  0.446   HC   Y  120  0.5927   0.6026    0.1s
   99         6   HC  0.282   HC   Y   96  0.5966   0.6052    0.1s
  100        10   HC  0.184   HC   Y  120  0.6011   0.6076    0.1s
  101        20   HC  0.477   HC   Y  120  0.6004   0.6100    0.1s
  102        34   HC  0.613  MDD   .  120  0.5968   0.6048    0.1s
  103        53  MDD  0.313   HC   .  120  0.5880   0.5977    0.1s
  104        68   HC  0.117   HC   Y  120  0.5934   0.6000    0.1s
  105        74   HC  0.649  MDD   .  120  0.5890   0.5950    0.1s
  106        80  MDD  0.111   HC   .  120  0.5735   0.5882    0.1s
  107       100  MDD  0.463   HC   .  120  0.5735   0.5818    0.1s
  108       109  MDD  0.420   HC   .  111  0.5724   0.5757    0.1s
  109       113  MDD  0.252   HC   .  120  0.5638   0.5699    0.1s
  ... fold 10/10: training on 109 subjects (held-out: 9, 36, 44, 47, 50, 59, 66, 72, 81, 88, 93, 110) ...
  110         9   HC  0.334   HC   Y  120  0.5663   0.5723    0.1s
  111        36   HC  0.349   HC   Y  120  0.5686   0.5746    0.1s
  112        44   HC  0.296   HC   Y  120  0.5713   0.5768    0.1s
  113        47   HC  0.239   HC   Y  120  0.5749   0.5789    0.1s
  114        50   HC  0.540  MDD   .  120  0.5723   0.5742    0.1s
  115        59  MDD  0.671  MDD   Y  120  0.5799   0.5806    0.1s
  116        66  MDD  0.387   HC   .  120  0.5773   0.5750    0.1s
  117        72   HC  0.456   HC   Y  120  0.5770   0.5772    0.1s
  118        81  MDD  0.640  MDD   Y  120  0.5835   0.5832    0.1s
  119        88  MDD  0.282   HC   .  116  0.5763   0.5779    0.1s
  120        93   HC  0.376   HC   Y  120  0.5778   0.5800    0.1s
  121       110  MDD  0.779  MDD   Y  120  0.5858   0.5858    0.1s
------------------------------------------------------------------------------

FINAL  stage nr  [10-fold CV]  |  121 subjects (46 MDD / 75 HC)
  Subject-level ROC-AUC : 0.5858   (primary)
  Balanced accuracy     : 0.5858  @thr=0.50   |  0.5939  @thr=0.616 (Youden)
  Macro-F1              : 0.5861  @thr=0.50   |  0.5912  @thr=0.616
  Confusion matrix @0.50 (rows=true HC/MDD, cols=pred HC/MDD):
        pred_HC  pred_MDD
  HC        52        23
  MDD       24        22

Total wall time: 15.3s
Saved per-fold results -> /home/hasan/fable's rEEG/results/opennuero_nr_cv10_harm.json
