[dataset] opennuero  raw=/home/hasan/fable's rEEG/ds003478-download  cache=/home/hasan/fable's rEEG/cache/opennuero  fs_orig=500->125Hz  ch=64
** harmonised to shared 17-channel 10-20 montage **
121 subjects  (46 MDD / 75 HC)  |  fs=125Hz  ch=17  win=4.0s/500smp  windows/subj: min=44 med=142 max=209

=== 10-fold CV training/evaluation — stage nrde (121 subjects) ===
 fold   subject true  score pred  ok  win  cumAUC  cumBACC    time
------------------------------------------------------------------------------
  ... fold  1/10: training on 108 subjects (held-out: 1, 4, 17, 27, 40, 45, 61, 77, 82, 85, 98, 101, 114) ...
    1         1   HC  0.312   HC   Y  120     -       -       1.7s
    2         4   HC  0.202   HC   Y  120     -       -       1.6s
    3        17   HC  0.300   HC   Y  115     -       -       1.6s
    4        27   HC  0.901  MDD   .  120     -       -       1.6s
    5        40   HC  0.116   HC   Y  120     -       -       1.6s
    6        45   HC  0.399   HC   Y  120     -       -       1.6s
    7        61  MDD  0.594  MDD   Y  120  0.8333   0.9167    1.6s
    8        77   HC  0.729  MDD   .  111  0.7143   0.8571    1.6s
    9        82   HC  0.640  MDD   .  120  0.6250   0.8125    1.6s
   10        85  MDD  0.512  MDD   Y  120  0.6250   0.8125    1.6s
   11        98  MDD  0.805  MDD   Y  120  0.7083   0.8125    1.6s
   12       101  MDD  0.906  MDD   Y  113  0.7812   0.8125    1.6s
   13       114  MDD  0.535  MDD   Y  120  0.7500   0.8125    1.6s
  ... fold  2/10: training on 109 subjects (held-out: 3, 8, 15, 37, 43, 51, 60, 70, 94, 107, 111, 112) ...
   14         3   HC  0.584  MDD   .  120  0.7333   0.7778    0.2s
   15         8   HC  0.267   HC   Y  120  0.7600   0.8000    0.2s
   16        15   HC  0.810  MDD   .  120  0.7091   0.7727    0.2s
   17        37   HC  0.664  MDD   .  120  0.6833   0.7500    0.2s
   18        43   HC  0.891  MDD   .  120  0.6462   0.7308    0.2s
   19        51   HC  0.282   HC   Y  120  0.6714   0.7500    0.2s
   20        60  MDD  0.896  MDD   Y   76  0.7143   0.7500    0.2s
   21        70   HC  0.312   HC   Y  109  0.7333   0.7667    0.2s
   22        94   HC  0.663  MDD   .  120  0.7188   0.7500    0.2s
   23       107  MDD  0.410   HC   .   44  0.6875   0.6786    0.2s
   24       111  MDD  0.642  MDD   Y  111  0.6797   0.6875    0.2s
   25       112  MDD  0.393   HC   .  120  0.6528   0.6389    0.2s
  ... fold  3/10: training on 109 subjects (held-out: 14, 16, 23, 33, 41, 55, 79, 83, 87, 97, 105, 108) ...
   26        14   HC  0.227   HC   Y  120  0.6732   0.6536    0.3s
   27        16   HC  0.501  MDD   .  118  0.6790   0.6389    0.3s
   28        23   HC  0.183   HC   Y  117  0.6959   0.6520    0.3s
   29        33   HC  0.082   HC   Y  120  0.7111   0.6639    0.3s
   30        41   HC  0.043   HC   Y  120  0.7249   0.6746    0.3s
   31        55  MDD  0.343   HC   .  120  0.7048   0.6357    0.3s
   32        79   HC  0.575  MDD   .  120  0.6955   0.6227    0.3s
   33        83   HC  0.044   HC   Y  120  0.7087   0.6326    0.3s
   34        87   HC  0.210   HC   Y  120  0.7208   0.6417    0.3s
   35        97  MDD  0.086   HC   .  120  0.6667   0.6098    0.3s
   36       105  MDD  0.782  MDD   Y  120  0.6840   0.6250    0.3s
   37       108  MDD  0.276   HC   .  120  0.6603   0.5994    0.3s
  ... fold  4/10: training on 109 subjects (held-out: 7, 26, 30, 35, 52, 54, 57, 64, 76, 103, 115, 121) ...
   38         7   HC  0.323   HC   Y  120  0.6677   0.6077    0.2s
   39        26   HC  0.063   HC   Y  120  0.6805   0.6154    0.2s
   40        30   HC  0.122   HC   Y  120  0.6895   0.6225    0.2s
   41        35   HC  0.379   HC   Y  120  0.6923   0.6291    0.2s
   42        52  MDD  0.295   HC   .  120  0.6735   0.6071    0.2s
   43        54   HC  0.702  MDD   .  109  0.6601   0.5961    0.2s
   44        57   HC  0.598  MDD   .  116  0.6500   0.5857    0.2s
   45        64   HC  0.230   HC   Y  101  0.6590   0.5922    0.2s
   46        76   HC  0.141   HC   Y   97  0.6674   0.5982    0.2s
   47       103  MDD  0.877  MDD   Y  120  0.6854   0.6125    0.2s
   48       115  MDD  0.458   HC   .  120  0.6816   0.5938    0.2s
   49       121  MDD  0.517  MDD   Y  120  0.6801   0.6066    0.2s
  ... fold  5/10: training on 109 subjects (held-out: 5, 11, 18, 21, 42, 46, 71, 75, 91, 104, 120, 122) ...
   50         5   HC  0.245   HC   Y  120  0.6881   0.6123    0.2s
   51        11   HC  0.064   HC   Y  101  0.6972   0.6176    0.2s
   52        18   HC  0.440   HC   Y  120  0.6958   0.6227    0.2s
   53        21   HC  0.309   HC   Y  117  0.6993   0.6275    0.2s
   54        42   HC  0.571  MDD   .  112  0.6916   0.6184    0.2s
   55        46   HC  0.011   HC   Y  120  0.6997   0.6231    0.2s
   56        71   HC  0.227   HC   Y  116  0.7059   0.6275    0.2s
   57        75   HC  0.196   HC   Y   93  0.7118   0.6316    0.2s
   58        91  MDD  0.765  MDD   Y  120  0.7236   0.6431    0.2s
   59       104  MDD  0.986  MDD   Y  120  0.7382   0.6533    0.2s
   60       120  MDD  0.690  MDD   Y  100  0.7450   0.6625    0.2s
   61       122  MDD  0.526  MDD   Y  115  0.7429   0.6708    0.2s
  ... fold  6/10: training on 109 subjects (held-out: 12, 22, 24, 25, 49, 56, 65, 67, 84, 117, 118, 119) ...
   62        12   HC  0.062   HC   Y  120  0.7491   0.6748    0.2s
   63        22   HC  0.691  MDD   .  120  0.7392   0.6667    0.2s
   64        24   HC  0.739  MDD   .  120  0.7298   0.6589    0.2s
   65        25   HC  0.460   HC   Y  120  0.7284   0.6629    0.2s
   66        49   HC  0.074   HC   Y  120  0.7344   0.6667    0.2s
   67        56   HC  0.183   HC   Y  120  0.7391   0.6703    0.2s
   68        65  MDD  0.499   HC   .  120  0.7362   0.6551    0.2s
   69        67   HC  0.242   HC   Y  120  0.7408   0.6586    0.2s
   70        84  MDD  0.288   HC   .  120  0.7299   0.6448    0.2s
   71       117  MDD  0.659  MDD   Y  107  0.7332   0.6529    0.2s
   72       118  MDD  0.557  MDD   Y  120  0.7319   0.6604    0.2s
   73       119  MDD  0.768  MDD   Y  109  0.7398   0.6673    0.2s
  ... fold  7/10: training on 109 subjects (held-out: 13, 29, 31, 32, 58, 62, 63, 78, 89, 95, 102, 116) ...
   74        13   HC  0.176   HC   Y  120  0.7444   0.6707    0.3s
   75        29   HC  0.187   HC   Y  120  0.7488   0.6739    0.3s
   76        31   HC  0.598  MDD   .  120  0.7423   0.6669    0.3s
   77        32   HC  0.767  MDD   .  120  0.7330   0.6603    0.3s
   78        58  MDD  0.835  MDD   Y  120  0.7415   0.6667    0.2s
   79        62   HC  0.430   HC   Y  120  0.7415   0.6699    0.2s
   80        63  MDD  0.212   HC   .  120  0.7273   0.6580    0.2s
   81        78   HC  0.271   HC   Y  116  0.7311   0.6611    0.2s
   82        89  MDD  0.789  MDD   Y  117  0.7385   0.6672    0.2s
   83        95   HC  0.516  MDD   .  120  0.7363   0.6609    0.2s
   84       102  MDD  0.501  MDD   Y  109  0.7346   0.6667    0.2s
   85       116  MDD  0.503  MDD   Y  101  0.7330   0.6720    0.2s
  ... fold  8/10: training on 109 subjects (held-out: 19, 28, 39, 48, 69, 73, 86, 90, 92, 96, 99, 106) ...
   86        19   HC  0.533  MDD   .  120  0.7290   0.6660    0.3s
   87        28   HC  0.111   HC   Y  120  0.7333   0.6691    0.2s
   88        39   HC  0.319   HC   Y  120  0.7351   0.6720    0.2s
   89        48   HC  0.362   HC   Y  120  0.7364   0.6749    0.3s
   90        69   HC  0.576  MDD   .  120  0.7315   0.6692    0.2s
   91        73   HC  0.074   HC   Y  120  0.7360   0.6720    0.2s
   92        86  MDD  0.021   HC   .  120  0.7135   0.6615    0.2s
   93        90   HC  0.043   HC   Y  120  0.7177   0.6642    0.2s
   94        92  MDD  0.461   HC   .  120  0.7163   0.6542    0.2s
   95        96  MDD  0.630  MDD   Y  120  0.7194   0.6596    0.2s
   96        99  MDD  0.374   HC   .  120  0.7157   0.6504    0.2s
   97       106  MDD  0.363   HC   .  113  0.7122   0.6416    0.2s
  ... fold  9/10: training on 109 subjects (held-out: 2, 6, 10, 20, 34, 53, 68, 74, 80, 100, 109, 113) ...
   98         2   HC  0.320   HC   Y  120  0.7142   0.6443    0.2s
   99         6   HC  0.256   HC   Y   96  0.7174   0.6468    0.2s
  100        10   HC  0.218   HC   Y  120  0.7205   0.6493    0.2s
  101        20   HC  0.168   HC   Y  120  0.7239   0.6517    0.2s
  102        34   HC  0.516  MDD   .  120  0.7210   0.6465    0.2s
  103        53  MDD  0.115   HC   .  120  0.7060   0.6382    0.2s
  104        68   HC  0.274   HC   Y  120  0.7088   0.6406    0.2s
  105        74   HC  0.294   HC   Y  120  0.7107   0.6429    0.2s
  106        80  MDD  0.116   HC   .  120  0.6962   0.6351    0.2s
  107       100  MDD  0.205   HC   .  120  0.6863   0.6276    0.2s
  108       109  MDD  0.609  MDD   Y  111  0.6901   0.6331    0.2s
  109       113  MDD  0.106   HC   .  120  0.6768   0.6261    0.2s
  ... fold 10/10: training on 109 subjects (held-out: 9, 36, 44, 47, 50, 59, 66, 72, 81, 88, 93, 110) ...
  110         9   HC  0.729  MDD   .  120  0.6706   0.6211    0.2s
  111        36   HC  0.353   HC   Y  120  0.6714   0.6233    0.2s
  112        44   HC  0.149   HC   Y  120  0.6743   0.6256    0.2s
  113        47   HC  0.097   HC   Y  120  0.6782   0.6277    0.2s
  114        50   HC  0.460   HC   Y  120  0.6772   0.6298    0.2s
  115        59  MDD  0.828  MDD   Y  120  0.6843   0.6350    0.2s
  116        66  MDD  0.604  MDD   Y  120  0.6878   0.6400    0.2s
  117        72   HC  0.224   HC   Y  120  0.6898   0.6420    0.2s
  118        81  MDD  0.496   HC   .  120  0.6901   0.6354    0.2s
  119        88  MDD  0.071   HC   .  116  0.6769   0.6291    0.2s
  120        93   HC  0.611  MDD   .  120  0.6723   0.6244    0.2s
  121       110  MDD  0.761  MDD   Y  120  0.6783   0.6293    0.2s
------------------------------------------------------------------------------

FINAL  stage nrde  [10-fold CV]  |  121 subjects (46 MDD / 75 HC)
  Subject-level ROC-AUC : 0.6783   (primary)
  Balanced accuracy     : 0.6293  @thr=0.50   |  0.6762  @thr=0.363 (Youden)
  Macro-F1              : 0.6274  @thr=0.50   |  0.6578  @thr=0.363
  Confusion matrix @0.50 (rows=true HC/MDD, cols=pred HC/MDD):
        pred_HC  pred_MDD
  HC        52        23
  MDD       20        26

Total wall time: 46.0s
Saved per-fold results -> /home/hasan/fable's rEEG/results/opennuero_nrde_cv10_harm.json
