  [modma] 53 subjects
  [mumtaz] 58 subjects
  [opennuero] 121 subjects
POOLED 232 subjects (100 MDD / 132 HC) across 3 datasets, harmonized 17-ch


=== POOLED 10-fold CV training/evaluation — stage spddann (232 subjects) ===
 fold   subject true  score pred  ok  win  cumAUC  cumBACC    time
------------------------------------------------------------------------------
    1   2010015  MDD  0.024   HC   .  100     -       -       7.4s
    2   2010023  MDD  0.924  MDD   Y  100     -       -       7.4s
    3   2020013   HC  0.039   HC   Y  100  0.5000   0.7500    7.4s
    4         8   HC  0.000   HC   Y  100  0.7500   0.7500    7.4s
    5        22   HC  0.189   HC   Y  100  0.6667   0.7500    7.4s
    6      1006  MDD  0.816  MDD   Y  100  0.7778   0.8333    7.4s
    7      1015  MDD  0.968  MDD   Y  100  0.8333   0.8750    7.4s
    8      1023  MDD  0.986  MDD   Y  100  0.8667   0.9000    7.4s
    9      1032  MDD  0.978  MDD   Y  100  0.8889   0.9167    7.4s
   10         7   HC  0.042   HC   Y  100  0.8750   0.9167    7.4s
   11        13   HC  0.056   HC   Y  100  0.8667   0.9167    7.4s
   12        23   HC  0.053   HC   Y  100  0.8611   0.9167    7.4s
   13        29   HC  0.241   HC   Y  100  0.8571   0.9167    7.4s
   14        39   HC  0.060   HC   Y  100  0.8542   0.9167    7.4s
   15        41   HC  0.005   HC   Y  100  0.8704   0.9167    7.4s
   16        44   HC  0.077   HC   Y  100  0.8667   0.9167    7.4s
   17        45   HC  0.582  MDD   .  100  0.8636   0.8712    7.4s
   18        52  MDD  0.268   HC   .  100  0.8701   0.8117    7.4s
   19        55  MDD  0.550  MDD   Y  100  0.8750   0.8295    7.4s
   20        74   HC  0.747  MDD   .  100  0.8542   0.7917    7.4s
   21        77   HC  0.203   HC   Y  100  0.8558   0.7981    7.4s
   22        90   HC  0.146   HC   Y  100  0.8571   0.8036    7.4s
   23       107  MDD  0.327   HC   .   44  0.8571   0.7619    7.4s
   24       110  MDD  0.358   HC   .  100  0.8571   0.7286    7.4s
   25   2010013  MDD  0.953  MDD   Y  100  0.8701   0.7468    6.6s
   26   2010016  MDD  0.942  MDD   Y  100  0.8810   0.7619    6.6s
   27   2010026  MDD  0.957  MDD   Y  100  0.8901   0.7747    6.6s
   28   2020015   HC  0.000   HC   Y  100  0.8974   0.7795    6.6s
   29   2020018   HC  0.000   HC   Y  100  0.9038   0.7837    6.6s
   30   2020023   HC  0.033   HC   Y  100  0.9050   0.7873    6.6s
   31   2020026   HC  0.008   HC   Y  100  0.9103   0.7906    6.6s
   32   2030014   HC  0.467   HC   Y  100  0.8988   0.7935    6.6s
   33   2030018   HC  0.933  MDD   .  100  0.8769   0.7712    6.6s
   34         2   HC  0.015   HC   Y  100  0.8828   0.7747    6.6s
   35         6   HC  0.196   HC   Y  100  0.8846   0.7780    6.6s
   36        15   HC  0.000   HC   Y  100  0.8896   0.7809    6.6s
   37      1002  MDD  0.320   HC   .  100  0.8851   0.7562    6.6s
   38      1009  MDD  1.000  MDD   Y  100  0.8928   0.7681    6.6s
   39      1020  MDD  0.376   HC   .  100  0.8886   0.7473    6.6s
   40      1026  MDD  0.962  MDD   Y  100  0.8951   0.7583    6.6s
   41      1030  MDD  0.454   HC   .  100  0.8913   0.7403    6.6s
   42      1033  MDD  1.000  MDD   Y  100  0.8970   0.7506    6.6s
   43         3   HC  0.397   HC   Y  100  0.8882   0.7533    6.6s
   44        36   HC  0.086   HC   Y  100  0.8905   0.7558    6.6s
   45        40   HC  0.059   HC   Y  100  0.8927   0.7581    6.6s
   46        70   HC  0.636  MDD   .  100  0.8811   0.7417    6.6s
   47        78   HC  0.385   HC   Y  100  0.8741   0.7444    6.6s
   48       120  MDD  0.433   HC   .  100  0.8714   0.7286    6.6s
   49   2010011  MDD  0.952  MDD   Y  100  0.8776   0.7381    6.9s
   50   2010034  MDD  0.321   HC   .  100  0.8718   0.7240    6.9s
   51   2030003   HC  0.407   HC   Y  100  0.8652   0.7265    6.9s
   52   2030009   HC  0.695  MDD   .  100  0.8545   0.7121    6.9s
   53   2030019   HC  0.745  MDD   .  100  0.8446   0.6987    6.9s
   54      1013  MDD  0.979  MDD   Y  100  0.8513   0.7076    6.9s
   55      1025  MDD  0.998  MDD   Y  100  0.8575   0.7157    6.9s
   56      1028  MDD  0.847  MDD   Y  100  0.8619   0.7232    6.9s
   57      1031  MDD  1.000  MDD   Y  100  0.8672   0.7301    6.9s
   58         2   HC  0.020   HC   Y  100  0.8714   0.7332    6.9s
   59         9   HC  0.402   HC   Y  100  0.8671   0.7360    6.9s
   60        22   HC  0.176   HC   Y  100  0.8699   0.7387    6.9s
   61        24   HC  0.886  MDD   .  100  0.8604   0.7269    6.9s
   62        25   HC  0.310   HC   Y  100  0.8622   0.7297    6.9s
   63        51   HC  0.637  MDD   .  100  0.8555   0.7188    6.9s
   64        67   HC  0.219   HC   Y  100  0.8583   0.7217    6.9s
   65        73   HC  0.012   HC   Y  100  0.8619   0.7244    6.9s
   66        79   HC  0.282   HC   Y  100  0.8635   0.7269    6.9s
   67        94   HC  0.353   HC   Y  100  0.8621   0.7294    6.9s
   68       106  MDD  0.730  MDD   Y  100  0.8636   0.7358    6.9s
   69       109  MDD  0.466   HC   .  100  0.8606   0.7239    6.9s
   70       111  MDD  0.697  MDD   Y  100  0.8621   0.7300    6.9s
   71       117  MDD  0.604  MDD   Y  100  0.8610   0.7358    6.9s
   72   2010010  MDD  1.000  MDD   Y  100  0.8655   0.7411    7.0s
   73   2010018  MDD  0.952  MDD   Y  100  0.8697   0.7462    7.0s
   74   2010021  MDD  0.000   HC   .  100  0.8455   0.7358    7.0s
   75   2010028  MDD  0.557  MDD   Y  100  0.8443   0.7407    7.0s
   76   2020019   HC  0.554  MDD   .  100  0.8396   0.7311    7.0s
   77   2020020   HC  0.006   HC   Y  100  0.8427   0.7336    7.0s
   78   2030007   HC  0.809  MDD   .  100  0.8356   0.7246    7.0s
   79         5   HC  0.000   HC   Y  100  0.8386   0.7271    7.0s
   80        11   HC  0.197   HC   Y  100  0.8408   0.7295    7.0s
   81      1019  MDD  0.447   HC   .  100  0.8385   0.7199    7.0s
   82      1022  MDD  1.000  MDD   Y  100  0.8430   0.7246    7.0s
   83      1034  MDD  0.999  MDD   Y  100  0.8472   0.7291    7.0s
   84        16   HC  0.930  MDD   .  100  0.8390   0.7208    7.0s
   85        26   HC  0.229   HC   Y  100  0.8412   0.7233    7.0s
   86        30   HC  0.009   HC   Y  100  0.8439   0.7256    7.0s
   87        32   HC  0.667  MDD   .  100  0.8389   0.7178    7.0s
   88        34   HC  0.615  MDD   .  100  0.8341   0.7104    7.0s
   89        47   HC  0.324   HC   Y  100  0.8347   0.7128    7.0s
   90        59  MDD  0.354   HC   .  100  0.8300   0.7039    7.0s
   91        62   HC  0.468   HC   Y  100  0.8267   0.7063    7.0s
   92        71   HC  0.238   HC   Y  100  0.8289   0.7086    7.0s
   93       100  MDD  0.198   HC   .  100  0.8200   0.7001    7.0s
   94       105  MDD  0.122   HC   .  100  0.8093   0.6921    7.0s
   95   2010006  MDD  0.947  MDD   Y  100  0.8139   0.6967    6.9s
   96   2010008  MDD  1.000  MDD   Y  100  0.8183   0.7011    6.9s
   97   2010036  MDD  0.999  MDD   Y  100  0.8226   0.7052    6.9s
   98   2020010   HC  0.999  MDD   .  100  0.8106   0.6983    6.9s
   99   2020027   HC  0.065   HC   Y  100  0.8131   0.7006    6.9s
  100   2030005   HC  0.005   HC   Y  100  0.8160   0.7028    6.9s
  101         3   HC  0.076   HC   Y  100  0.8184   0.7049    6.9s
  102        21   HC  0.000   HC   Y  100  0.8210   0.7069    6.9s
  103      1003  MDD  1.000  MDD   Y   84  0.8251   0.7109    6.9s
  104      1010  MDD  0.949  MDD   Y  100  0.8286   0.7147    6.9s
  105      1021  MDD  0.847  MDD   Y  100  0.8309   0.7183    6.9s
  106         5   HC  0.034   HC   Y  100  0.8330   0.7203    6.9s
  107         6   HC  0.223   HC   Y   96  0.8343   0.7222    6.9s
  108        14   HC  0.409   HC   Y  100  0.8331   0.7241    6.9s
  109        18   HC  0.961  MDD   .  100  0.8251   0.7179    6.9s
  110        20   HC  0.032   HC   Y  100  0.8271   0.7198    6.9s
  111        31   HC  0.108   HC   Y  100  0.8291   0.7216    6.9s
  112        50   HC  0.309   HC   Y  100  0.8300   0.7233    6.9s
  113        66  MDD  0.666  MDD   Y  100  0.8304   0.7268    6.9s
  114        69   HC  0.702  MDD   .  100  0.8266   0.7210    6.9s
  115        84  MDD  0.440   HC   .  100  0.8246   0.7139    6.9s
  116        91  MDD  0.730  MDD   Y  100  0.8258   0.7173    6.9s
  117        96  MDD  0.634  MDD   Y  100  0.8254   0.7206    6.9s
  118   2010004  MDD  0.936  MDD   Y   50  0.8282   0.7237    6.9s
  119   2010030  MDD  1.000  MDD   Y  100  0.8315   0.7268    6.9s
  120   2020008   HC  0.055   HC   Y  100  0.8334   0.7285    6.9s
  121        16   HC  0.860  MDD   .  100  0.8283   0.7230    6.9s
  122        23   HC  0.000   HC   Y  100  0.8305   0.7247    6.9s
  123        27   HC  0.000   HC   Y  100  0.8326   0.7264    6.9s
  124         4   HC  0.036   HC   Y  100  0.8344   0.7281    6.9s
  125        11   HC  0.105   HC   Y  100  0.8361   0.7297    6.9s
  126        12   HC  0.077   HC   Y  100  0.8378   0.7313    6.9s
  127        21   HC  0.086   HC   Y  100  0.8395   0.7328    6.9s
  128        33   HC  0.347   HC   Y  100  0.8396   0.7343    6.9s
  129        37   HC  0.196   HC   Y  100  0.8409   0.7358    6.9s
  130        46   HC  0.006   HC   Y  100  0.8427   0.7372    6.9s
  131        61  MDD  0.366   HC   .  100  0.8399   0.7306    6.9s
  132        65  MDD  0.528  MDD   Y  100  0.8388   0.7336    6.9s
  133        75   HC  0.009   HC   Y   93  0.8406   0.7350    6.9s
  134        76   HC  0.035   HC   Y   97  0.8421   0.7363    6.9s
  135        80  MDD  0.148   HC   .  100  0.8357   0.7301    6.9s
  136        92  MDD  0.144   HC   .  100  0.8292   0.7241    6.9s
  137        98  MDD  0.540  MDD   Y  100  0.8285   0.7271    6.9s
  138       102  MDD  0.313   HC   .  100  0.8256   0.7213    6.9s
  139       108  MDD  0.653  MDD   Y  100  0.8261   0.7243    6.9s
  140       122  MDD  0.516  MDD   Y  100  0.8254   0.7271    6.9s
  141   2020029   HC  0.002   HC   Y  100  0.8274   0.7284    7.0s
  142   2030002   HC  0.008   HC   Y  100  0.8293   0.7297    7.0s
  143         1   HC  0.814  MDD   .  100  0.8249   0.7249    7.0s
  144        10   HC  0.438   HC   Y  100  0.8238   0.7262    7.0s
  145        14   HC  0.000   HC   Y  100  0.8257   0.7275    7.0s
  146        24   HC  0.000   HC   Y  100  0.8275   0.7287    7.0s
  147        28   HC  0.381   HC   Y  100  0.8266   0.7299    7.0s
  148      1001  MDD  0.977  MDD   Y   79  0.8293   0.7326    7.0s
  149      1017  MDD  0.830  MDD   Y  100  0.8309   0.7353    7.0s
  150      1018  MDD  0.990  MDD   Y  100  0.8334   0.7378    7.0s
  151      1029  MDD  0.976  MDD   Y  100  0.8358   0.7403    7.0s
  152        27   HC  0.263   HC   Y  100  0.8366   0.7415    7.0s
  153        42   HC  0.769  MDD   .  100  0.8329   0.7370    7.0s
  154        54   HC  0.036   HC   Y  100  0.8344   0.7382    7.0s
  155        56   HC  0.179   HC   Y  100  0.8353   0.7394    7.0s
  156        58  MDD  0.465   HC   .  100  0.8343   0.7341    7.0s
  157        68   HC  0.043   HC   Y  100  0.8358   0.7352    7.0s
  158        81  MDD  0.527  MDD   Y  100  0.8351   0.7376    7.0s
  159        85  MDD  0.250   HC   .  100  0.8319   0.7326    7.0s
  160        86  MDD  0.138   HC   .  100  0.8267   0.7276    7.0s
  161        95   HC  0.264   HC   Y  100  0.8273   0.7287    7.0s
  162       103  MDD  0.508  MDD   Y  100  0.8269   0.7312    7.0s
  163       118  MDD  0.261   HC   .  100  0.8238   0.7264    7.0s
  164   2010005  MDD  0.821  MDD   Y  100  0.8254   0.7288    7.0s
  165   2010019  MDD  0.143   HC   .  100  0.8205   0.7242    7.0s
  166   2010024  MDD  0.820  MDD   Y  100  0.8221   0.7266    7.0s
  167   2010025  MDD  0.985  MDD   Y  100  0.8243   0.7289    7.0s
  168   2020025   HC  0.452   HC   Y  100  0.8230   0.7300    7.0s
  169   2030020   HC  0.995  MDD   .  100  0.8159   0.7258    7.0s
  170   2030021   HC  0.029   HC   Y  100  0.8176   0.7269    7.0s
  171        13   HC  0.000   HC   Y  100  0.8193   0.7280    7.0s
  172        20   HC  0.622  MDD   .  100  0.8166   0.7239    7.0s
  173        29   HC  0.021   HC   Y  100  0.8183   0.7250    7.0s
  174        30   HC  0.003   HC   Y  100  0.8200   0.7261    7.0s
  175      1007  MDD  0.979  MDD   Y  100  0.8221   0.7283    7.0s
  176        35   HC  0.084   HC   Y  100  0.8236   0.7294    7.0s
  177        48   HC  0.773  MDD   .  100  0.8203   0.7255    7.0s
  178        53  MDD  0.051   HC   .  100  0.8140   0.7211    7.0s
  179        57   HC  0.478   HC   Y  100  0.8125   0.7222    7.0s
  180        64   HC  0.399   HC   Y  100  0.8117   0.7232    7.0s
  181        83   HC  0.092   HC   Y  100  0.8132   0.7242    7.0s
  182        87   HC  0.063   HC   Y  100  0.8145   0.7252    7.0s
  183        89  MDD  0.614  MDD   Y  100  0.8145   0.7274    7.0s
  184        99  MDD  0.191   HC   .  100  0.8107   0.7231    7.0s
  185       114  MDD  0.497   HC   .  100  0.8105   0.7190    7.0s
  186       119  MDD  0.161   HC   .  100  0.8065   0.7150    7.0s
  187   2010002  MDD  1.000  MDD   Y  100  0.8089   0.7172    6.9s
  188   2010012  MDD  0.086   HC   .  100  0.8045   0.7133    6.9s
  189   2010033  MDD  0.000   HC   .  100  0.7948   0.7095    6.9s
  190   2020022   HC  0.007   HC   Y  100  0.7965   0.7104    6.9s
  191   2030004   HC  0.023   HC   Y  100  0.7982   0.7114    6.9s
  192   2030006   HC  0.049   HC   Y  100  0.7997   0.7123    6.9s
  193         4   HC  0.000   HC   Y  100  0.8015   0.7133    6.9s
  194        17   HC  0.053   HC   Y  100  0.8029   0.7142    6.9s
  195        19   HC  0.000   HC   Y  100  0.8045   0.7150    6.9s
  196        25   HC  0.888  MDD   .  100  0.8007   0.7115    6.9s
  197      1011  MDD  0.501  MDD   Y  100  0.8007   0.7137    6.9s
  198      1027  MDD  0.001   HC   .  100  0.7926   0.7100    6.9s
  199         1   HC  0.306   HC   Y  100  0.7927   0.7109    6.9s
  200        10   HC  0.096   HC   Y  100  0.7939   0.7118    6.9s
  201        15   HC  0.094   HC   Y  100  0.7950   0.7126    6.9s
  202        17   HC  0.028   HC   Y  100  0.7964   0.7135    6.9s
  203        28   HC  0.004   HC   Y  100  0.7978   0.7143    6.9s
  204        49   HC  0.157   HC   Y  100  0.7984   0.7151    6.9s
  205        60  MDD  0.080   HC   .   76  0.7943   0.7115    6.9s
  206       104  MDD  1.000  MDD   Y  100  0.7967   0.7137    6.9s
  207       112  MDD  0.049   HC   .  100  0.7916   0.7102    6.9s
  208       115  MDD  0.274   HC   .  100  0.7900   0.7067    6.9s
  209       116  MDD  0.133   HC   .  100  0.7869   0.7034    6.9s
  210   2010022  MDD  0.951  MDD   Y  100  0.7890   0.7056    7.0s
  211   2020014   HC  0.002   HC   Y  100  0.7905   0.7064    7.0s
  212   2020016   HC  0.060   HC   Y  100  0.7917   0.7072    7.0s
  213   2020021   HC  0.031   HC   Y  100  0.7930   0.7079    7.0s
  214   2030017   HC  0.038   HC   Y  100  0.7943   0.7087    7.0s
  215         7   HC  0.152   HC   Y  100  0.7948   0.7095    7.0s
  216         9   HC  0.000   HC   Y  100  0.7963   0.7102    7.0s
  217        26   HC  0.009   HC   Y  100  0.7977   0.7109    7.0s
  218      1005  MDD  0.798  MDD   Y  100  0.7990   0.7131    7.0s
  219      1014  MDD  1.000  MDD   Y  100  0.8012   0.7152    7.0s
  220      1024  MDD  1.000  MDD   Y  100  0.8033   0.7172    7.0s
  221         8   HC  0.048   HC   Y  100  0.8045   0.7180    7.0s
  222        19   HC  0.009   HC   Y  100  0.8058   0.7187    7.0s
  223        43   HC  0.645  MDD   .  100  0.8034   0.7155    7.0s
  224        63  MDD  0.224   HC   .  100  0.8016   0.7122    7.0s
  225        72   HC  0.030   HC   Y  100  0.8028   0.7130    7.0s
  226        82   HC  0.563  MDD   .  100  0.8006   0.7098    7.0s
  227        88  MDD  0.013   HC   .  100  0.7947   0.7067    7.0s
  228        93   HC  0.041   HC   Y  100  0.7958   0.7074    7.0s
  229        97  MDD  0.060   HC   .  100  0.7920   0.7043    7.0s
  230       101  MDD  0.718  MDD   Y  100  0.7931   0.7063    7.0s
  231       113  MDD  0.028   HC   .  100  0.7877   0.7033    7.0s
  232       121  MDD  0.608  MDD   Y  100  0.7882   0.7053    7.0s
------------------------------------------------------------------------------

FINAL  stage spddann  [POOLED 10-fold CV]  |  232 subjects (100 MDD / 132 HC)
  Subject-level ROC-AUC : 0.7882   (primary)
  Balanced accuracy     : 0.7053  @thr=0.50   |  0.7235  @thr=0.313 (Youden)
  Macro-F1              : 0.7078  @thr=0.50   |  0.7183  @thr=0.313
  Confusion matrix @0.50 (rows=true HC/MDD, cols=pred HC/MDD):
        pred_HC  pred_MDD
  HC       107        25
  MDD       40        60

Saved -> results/pooled_spddann_cv10.json
