[dataset] modma  raw=/home/hasan/fable's rEEG/EEG_128channels_resting_lanzhou_2015  cache=/home/hasan/fable's rEEG/cache  fs_orig=250->125Hz  ch=128
53 subjects  (24 MDD / 29 HC)  |  fs=125Hz  ch=125  win=4.0s/500smp  windows/subj: min=42 med=127 max=160

=== 10-fold CV training/evaluation — stage spddann (53 subjects) ===
 fold   subject true  score pred  ok  win  cumAUC  cumBACC    time
------------------------------------------------------------------------------
  ... fold  1/10: training on 47 subjects (held-out: 2010005, 2010012, 2010016, 2020019, 2020021, 2030002) ...
    1   2010005  MDD  0.076   HC   .  100     -       -      19.6s
    2   2010012  MDD  0.638  MDD   Y  100     -       -      19.6s
    3   2010016  MDD  0.799  MDD   Y  100     -       -      19.6s
    4   2020019   HC  0.032   HC   Y   90  1.0000   0.8333   19.5s
    5   2020021   HC  0.000   HC   Y  100  1.0000   0.8333   19.6s
    6   2030002   HC  0.000   HC   Y  100  1.0000   0.8333   19.6s
  ... fold  2/10: training on 47 subjects (held-out: 2010015, 2010021, 2010022, 2020016, 2020020, 2020029) ...
    7   2010015  MDD  0.032   HC   .  100  1.0000   0.7500   18.2s
    8   2010021  MDD  0.094   HC   .  100  1.0000   0.7000   18.2s
    9   2010022  MDD  0.985  MDD   Y  100  1.0000   0.7500   18.2s
   10   2020016   HC  0.074   HC   Y  100  0.9583   0.7500   18.2s
   11   2020020   HC  0.643  MDD   .  100  0.8333   0.6500   18.2s
   12   2020029   HC  0.296   HC   Y   96  0.7778   0.6667   18.1s
  ... fold  3/10: training on 47 subjects (held-out: 2010002, 2010028, 2010036, 2020013, 2020023, 2020026) ...
   13   2010002  MDD  0.672  MDD   Y  100  0.8095   0.7024   17.6s
   14   2010028  MDD  0.789  MDD   Y  100  0.8333   0.7292   17.6s
   15   2010036  MDD  0.186   HC   .   99  0.8148   0.6944   17.5s
   16   2020013   HC  0.060   HC   Y  100  0.8254   0.7063   17.6s
   17   2020023   HC  0.267   HC   Y  100  0.7917   0.7153   17.6s
   18   2020026   HC  0.933  MDD   .  100  0.7160   0.6667   17.6s
  ... fold  4/10: training on 48 subjects (held-out: 2010008, 2010010, 2010030, 2020010, 2030009) ...
   19   2010008  MDD  0.008   HC   .  100  0.6667   0.6389   21.3s
   20   2010010  MDD  0.189   HC   .   92  0.6566   0.6162   21.2s
   21   2010030  MDD  0.813  MDD   Y  100  0.6759   0.6389   21.3s
   22   2020010   HC  0.999  MDD   .  100  0.6083   0.6000   21.3s
   23   2030009   HC  0.048   HC   Y   95  0.6288   0.6136   21.2s
  ... fold  5/10: training on 48 subjects (held-out: 2010011, 2010018, 2020014, 2020022, 2030021) ...
   24   2010011  MDD  0.755  MDD   Y  100  0.6434   0.6329   21.5s
   25   2010018  MDD  0.846  MDD   Y  100  0.6558   0.6494   21.5s
   26   2020014   HC  0.630  MDD   .   66  0.6488   0.6190   21.4s
   27   2020022   HC  0.983  MDD   .  100  0.6044   0.5934   21.6s
   28   2030021   HC  0.367   HC   Y  100  0.6020   0.6071   21.5s
  ... fold  6/10: training on 48 subjects (held-out: 2010019, 2010033, 2030006, 2030007, 2030014) ...
   29   2010019  MDD  0.847  MDD   Y  100  0.6143   0.6214   22.2s
   30   2010033  MDD  0.958  MDD   Y  100  0.6295   0.6339   22.1s
   31   2030006   HC  0.552  MDD   .  100  0.6292   0.6125   22.1s
   32   2030007   HC  0.149   HC   Y  100  0.6367   0.6250   22.1s
   33   2030014   HC  0.856  MDD   .  100  0.6066   0.6066   22.2s
  ... fold  7/10: training on 48 subjects (held-out: 2010004, 2010024, 2020008, 2020018, 2030004) ...
   34   2010004  MDD  0.997  MDD   Y   44  0.6263   0.6176   21.6s
   35   2010024  MDD  0.989  MDD   Y  100  0.6438   0.6275   21.9s
   36   2020008   HC  0.555  MDD   .   42  0.6451   0.6111   21.6s
   37   2020018   HC  0.501  MDD   .   95  0.6462   0.5965   21.9s
   38   2030004   HC  0.094   HC   Y  100  0.6528   0.6083   21.9s
  ... fold  8/10: training on 48 subjects (held-out: 2010006, 2010034, 2020015, 2030005, 2030019) ...
   39   2010006  MDD  0.424   HC   .  100  0.6474   0.5908   21.7s
   40   2010034  MDD  0.049   HC   .   70  0.6250   0.5750   21.5s
   41   2020015   HC  0.859  MDD   .  100  0.6048   0.5619   21.7s
   42   2030005   HC  0.883  MDD   .   90  0.5864   0.5500   21.6s
   43   2030019   HC  0.004   HC   Y  100  0.6043   0.5609   21.7s
  ... fold  9/10: training on 48 subjects (held-out: 2010013, 2010025, 2020027, 2030017, 2030020) ...
   44   2010013  MDD  0.977  MDD   Y  100  0.6190   0.5704   22.0s
   45   2010025  MDD  0.111   HC   .  100  0.6067   0.5563   22.0s
   46   2020027   HC  0.847  MDD   .  100  0.5928   0.5455   22.0s
   47   2030017   HC  0.142   HC   Y  100  0.5982   0.5555   22.0s
   48   2030020   HC  1.000  MDD   .  100  0.5752   0.5455   22.0s
  ... fold 10/10: training on 48 subjects (held-out: 2010023, 2010026, 2020025, 2030003, 2030018) ...
   49   2010023  MDD  0.498   HC   .  100  0.5719   0.5326   22.0s
   50   2010026  MDD  0.945  MDD   Y  100  0.5849   0.5417   22.0s
   51   2020025   HC  0.001   HC   Y  100  0.6003   0.5509   22.0s
   52   2030003   HC  0.479   HC   Y   94  0.6012   0.5595   22.0s
   53   2030018   HC  0.276   HC   Y  100  0.6034   0.5675   22.0s
------------------------------------------------------------------------------

FINAL  stage spddann  [10-fold CV]  |  53 subjects (24 MDD / 29 HC)
  Subject-level ROC-AUC : 0.6034   (primary)
  Balanced accuracy     : 0.5675  @thr=0.50   |  0.6365  @thr=0.638 (Youden)
  Macro-F1              : 0.5654  @thr=0.50   |  0.6369  @thr=0.638
  Confusion matrix @0.50 (rows=true HC/MDD, cols=pred HC/MDD):
        pred_HC  pred_MDD
  HC        16        13
  MDD       10        14

Total wall time: 1095.1s
Saved per-fold results -> /home/hasan/fable's rEEG/results/spddann_cv10.json
