[dataset] modma  raw=/home/hasan/fable's rEEG/EEG_128channels_resting_lanzhou_2015  cache=/home/hasan/fable's rEEG/cache  fs_orig=250->125Hz  ch=128
53 subjects  (24 MDD / 29 HC)  |  fs=125Hz  ch=125  win=4.0s/500smp  windows/subj: min=42 med=127 max=160

=== 10-fold CV training/evaluation — stage spddann (53 subjects) ===
 fold   subject true  score pred  ok  win  cumAUC  cumBACC    time
------------------------------------------------------------------------------
  ... fold  1/10: training on 47 subjects (held-out: 2010005, 2010012, 2010016, 2020019, 2020021, 2030002) ...
    1   2010005  MDD  0.003   HC   .  100     -       -      21.2s
    2   2010012  MDD  0.375   HC   .  100     -       -      21.2s
    3   2010016  MDD  0.970  MDD   Y  100     -       -      21.2s
    4   2020019   HC  0.075   HC   Y   90  0.6667   0.6667   21.1s
    5   2020021   HC  0.073   HC   Y  100  0.6667   0.6667   21.2s
    6   2030002   HC  0.006   HC   Y  100  0.6667   0.6667   21.2s
  ... fold  2/10: training on 47 subjects (held-out: 2010015, 2010021, 2010022, 2020016, 2020020, 2020029) ...
    7   2010015  MDD  0.725  MDD   Y  100  0.7500   0.7500   18.6s
    8   2010021  MDD  0.208   HC   .  100  0.8000   0.7000   18.6s
    9   2010022  MDD  0.066   HC   .  100  0.7222   0.6667   18.7s
   10   2020016   HC  0.921  MDD   .  100  0.5833   0.5417   18.6s
   11   2020020   HC  0.647  MDD   .  100  0.5333   0.4667   18.6s
   12   2020029   HC  0.922  MDD   .   96  0.4722   0.4167   18.6s
  ... fold  3/10: training on 47 subjects (held-out: 2010002, 2010028, 2010036, 2020013, 2020023, 2020026) ...
   13   2010002  MDD  0.068   HC   .  100  0.4286   0.3929   18.9s
   14   2010028  MDD  0.988  MDD   Y  100  0.5000   0.4375   18.8s
   15   2010036  MDD  0.961  MDD   Y   99  0.5556   0.4722   18.8s
   16   2020013   HC  0.014   HC   Y  100  0.6032   0.5079   18.8s
   17   2020023   HC  0.957  MDD   .  100  0.5694   0.4722   18.8s
   18   2020026   HC  0.847  MDD   .  100  0.5432   0.4444   18.8s
  ... fold  4/10: training on 48 subjects (held-out: 2010008, 2010010, 2010030, 2020010, 2030009) ...
   19   2010008  MDD  0.302   HC   .  100  0.5333   0.4222   22.8s
   20   2010010  MDD  0.586  MDD   Y   92  0.5253   0.4495   22.8s
   21   2010030  MDD  0.666  MDD   Y  100  0.5278   0.4722   22.8s
   22   2020010   HC  0.234   HC   Y  100  0.5417   0.5000   22.8s
   23   2030009   HC  0.292   HC   Y   95  0.5530   0.5227   22.8s
  ... fold  5/10: training on 48 subjects (held-out: 2010011, 2010018, 2020014, 2020022, 2030021) ...
   24   2010011  MDD  0.110   HC   .  100  0.5385   0.5035   22.9s
   25   2010018  MDD  0.015   HC   .  100  0.5130   0.4870   22.9s
   26   2020014   HC  0.637  MDD   .   66  0.5000   0.4643   22.7s
   27   2020022   HC  0.086   HC   Y  100  0.5165   0.4835   22.9s
   28   2030021   HC  0.045   HC   Y  100  0.5408   0.5000   22.9s
  ... fold  6/10: training on 48 subjects (held-out: 2010019, 2010033, 2030006, 2030007, 2030014) ...
   29   2010019  MDD  0.731  MDD   Y  100  0.5524   0.5190   22.4s
   30   2010033  MDD  0.956  MDD   Y  100  0.5759   0.5357   22.5s
   31   2030006   HC  0.108   HC   Y  100  0.5875   0.5500   22.4s
   32   2030007   HC  0.968  MDD   .  100  0.5586   0.5312   22.4s
   33   2030014   HC  0.988  MDD   .  100  0.5257   0.5147   22.5s
  ... fold  7/10: training on 48 subjects (held-out: 2010004, 2010024, 2020008, 2020018, 2030004) ...
   34   2010004  MDD  0.058   HC   .   44  0.5052   0.5000   23.0s
   35   2010024  MDD  0.034   HC   .  100  0.4837   0.4869   23.3s
   36   2020008   HC  0.715  MDD   .   42  0.4753   0.4722   23.0s
   37   2020018   HC  0.271   HC   Y   95  0.4795   0.4854   23.3s
   38   2030004   HC  0.003   HC   Y  100  0.5056   0.4972   23.3s
  ... fold  8/10: training on 48 subjects (held-out: 2010006, 2010034, 2020015, 2030005, 2030019) ...
   39   2010006  MDD  0.870  MDD   Y  100  0.5184   0.5118   23.3s
   40   2010034  MDD  0.298   HC   .   70  0.5200   0.5000   23.1s
   41   2020015   HC  0.996  MDD   .  100  0.4952   0.4869   23.3s
   42   2030005   HC  0.020   HC   Y   90  0.5136   0.4977   23.2s
   43   2030019   HC  0.003   HC   Y  100  0.5348   0.5076   23.3s
  ... fold  9/10: training on 48 subjects (held-out: 2010013, 2010025, 2020027, 2030017, 2030020) ...
   44   2010013  MDD  0.424   HC   .  100  0.5362   0.4969   22.7s
   45   2010025  MDD  0.920  MDD   Y  100  0.5455   0.5099   22.8s
   46   2020027   HC  0.775  MDD   .  100  0.5341   0.4981   22.8s
   47   2030017   HC  0.140   HC   Y  100  0.5400   0.5073   22.7s
   48   2030020   HC  0.938  MDD   .  100  0.5262   0.4965   22.7s
  ... fold 10/10: training on 48 subjects (held-out: 2010023, 2010026, 2020025, 2030003, 2030018) ...
   49   2010023  MDD  0.939  MDD   Y  100  0.5401   0.5084   22.9s
   50   2010026  MDD  0.966  MDD   Y  100  0.5545   0.5192   22.9s
   51   2020025   HC  0.028   HC   Y  100  0.5679   0.5278   22.9s
   52   2030003   HC  0.249   HC   Y   94  0.5714   0.5357   22.8s
   53   2030018   HC  0.986  MDD   .  100  0.5532   0.5259   22.9s
------------------------------------------------------------------------------

FINAL  stage spddann  [10-fold CV]  |  53 subjects (24 MDD / 29 HC)
  Subject-level ROC-AUC : 0.5532   (primary)
  Balanced accuracy     : 0.5259  @thr=0.50   |  0.6092  @thr=0.298 (Youden)
  Macro-F1              : 0.5256  @thr=0.50   |  0.6038  @thr=0.298
  Confusion matrix @0.50 (rows=true HC/MDD, cols=pred HC/MDD):
        pred_HC  pred_MDD
  HC        16        13
  MDD       12        12

Total wall time: 1153.8s
Saved per-fold results -> /home/hasan/fable's rEEG/results/spddann_cv10.json
