[dataset] modma  raw=/home/hasan/fable's rEEG/EEG_128channels_resting_lanzhou_2015  cache=/home/hasan/fable's rEEG/cache  fs_orig=250->125Hz  ch=128
53 subjects  (24 MDD / 29 HC)  |  fs=125Hz  ch=125  win=4.0s/500smp  windows/subj: min=42 med=127 max=160

=== 10-fold CV training/evaluation — stage spddann (53 subjects) ===
 fold   subject true  score pred  ok  win  cumAUC  cumBACC    time
------------------------------------------------------------------------------
  ... fold  1/10: training on 47 subjects (held-out: 2010005, 2010012, 2010016, 2020019, 2020021, 2030002) ...
    1   2010005  MDD  0.090   HC   .  100     -       -      21.5s
    2   2010012  MDD  0.399   HC   .  100     -       -      21.5s
    3   2010016  MDD  0.692  MDD   Y  100     -       -      21.5s
    4   2020019   HC  0.029   HC   Y   90  1.0000   0.6667   21.4s
    5   2020021   HC  0.000   HC   Y  100  1.0000   0.6667   21.5s
    6   2030002   HC  0.000   HC   Y  100  1.0000   0.6667   21.5s
  ... fold  2/10: training on 47 subjects (held-out: 2010015, 2010021, 2010022, 2020016, 2020020, 2020029) ...
    7   2010015  MDD  0.058   HC   .  100  1.0000   0.6250   18.6s
    8   2010021  MDD  0.104   HC   .  100  1.0000   0.6000   18.6s
    9   2010022  MDD  0.991  MDD   Y  100  1.0000   0.6667   18.6s
   10   2020016   HC  0.068   HC   Y  100  0.9583   0.6667   18.6s
   11   2020020   HC  0.653  MDD   .  100  0.8333   0.5667   18.6s
   12   2020029   HC  0.168   HC   Y   96  0.7778   0.5833   18.6s
  ... fold  3/10: training on 47 subjects (held-out: 2010002, 2010028, 2010036, 2020013, 2020023, 2020026) ...
   13   2010002  MDD  0.742  MDD   Y  100  0.8095   0.6310   18.4s
   14   2010028  MDD  0.797  MDD   Y  100  0.8333   0.6667   18.4s
   15   2010036  MDD  0.170   HC   .   99  0.8333   0.6389   18.4s
   16   2020013   HC  0.113   HC   Y  100  0.8095   0.6508   18.4s
   17   2020023   HC  0.345   HC   Y  100  0.7778   0.6597   18.3s
   18   2020026   HC  0.872  MDD   .  100  0.7037   0.6111   18.3s
  ... fold  4/10: training on 48 subjects (held-out: 2010008, 2010010, 2010030, 2020010, 2030009) ...
   19   2010008  MDD  0.005   HC   .  100  0.6556   0.5889   22.8s
   20   2010010  MDD  0.196   HC   .   92  0.6566   0.5707   22.7s
   21   2010030  MDD  0.727  MDD   Y  100  0.6759   0.5972   22.7s
   22   2020010   HC  0.998  MDD   .  100  0.6083   0.5583   22.7s
   23   2030009   HC  0.136   HC   Y   95  0.6136   0.5720   22.7s
  ... fold  5/10: training on 48 subjects (held-out: 2010011, 2010018, 2020014, 2020022, 2030021) ...
   24   2010011  MDD  0.840  MDD   Y  100  0.6294   0.5944   22.8s
   25   2010018  MDD  0.754  MDD   Y  100  0.6429   0.6136   22.7s
   26   2020014   HC  0.333   HC   Y   66  0.6369   0.6250   22.6s
   27   2020022   HC  0.950  MDD   .  100  0.5934   0.5962   22.7s
   28   2030021   HC  0.363   HC   Y  100  0.5918   0.6071   22.7s
  ... fold  6/10: training on 48 subjects (held-out: 2010019, 2010033, 2030006, 2030007, 2030014) ...
   29   2010019  MDD  0.841  MDD   Y  100  0.6048   0.6238   22.6s
   30   2010033  MDD  0.982  MDD   Y  100  0.6250   0.6384   22.6s
   31   2030006   HC  0.464   HC   Y  100  0.6208   0.6479   22.6s
   32   2030007   HC  0.151   HC   Y  100  0.6289   0.6562   22.6s
   33   2030014   HC  0.871  MDD   .  100  0.5993   0.6342   22.7s
  ... fold  7/10: training on 48 subjects (held-out: 2010004, 2010024, 2020008, 2020018, 2030004) ...
   34   2010004  MDD  0.993  MDD   Y   44  0.6194   0.6471   23.0s
   35   2010024  MDD  0.998  MDD   Y  100  0.6373   0.6585   23.3s
   36   2020008   HC  0.477   HC   Y   42  0.6358   0.6667   23.0s
   37   2020018   HC  0.268   HC   Y   95  0.6374   0.6740   23.3s
   38   2030004   HC  0.087   HC   Y  100  0.6500   0.6806   23.3s
  ... fold  8/10: training on 48 subjects (held-out: 2010006, 2010034, 2020015, 2030005, 2030019) ...
   39   2010006  MDD  0.456   HC   .  100  0.6500   0.6645   23.0s
   40   2010034  MDD  0.041   HC   .   70  0.6250   0.6500   22.8s
   41   2020015   HC  0.913  MDD   .  100  0.6048   0.6321   22.9s
   42   2030005   HC  0.917  MDD   .   90  0.5864   0.6159   22.9s
   43   2030019   HC  0.004   HC   Y  100  0.6043   0.6228   23.0s
  ... fold  9/10: training on 48 subjects (held-out: 2010013, 2010025, 2020027, 2030017, 2030020) ...
   44   2010013  MDD  0.990  MDD   Y  100  0.6211   0.6335   22.5s
   45   2010025  MDD  0.203   HC   .  100  0.6126   0.6206   22.5s
   46   2020027   HC  0.799  MDD   .  100  0.6004   0.6061   22.5s
   47   2030017   HC  0.311   HC   Y  100  0.6018   0.6127   22.5s
   48   2030020   HC  1.000  MDD   .  100  0.5787   0.5997   22.5s
  ... fold 10/10: training on 48 subjects (held-out: 2010023, 2010026, 2020025, 2030003, 2030018) ...
   49   2010023  MDD  0.339   HC   .  100  0.5753   0.5878   22.8s
   50   2010026  MDD  0.869  MDD   Y  100  0.5817   0.5978   22.8s
   51   2020025   HC  0.003   HC   Y  100  0.5972   0.6042   22.8s
   52   2030003   HC  0.530  MDD   .   94  0.5952   0.5923   22.8s
   53   2030018   HC  0.263   HC   Y  100  0.5977   0.5984   22.8s
------------------------------------------------------------------------------

FINAL  stage spddann  [10-fold CV]  |  53 subjects (24 MDD / 29 HC)
  Subject-level ROC-AUC : 0.5977   (primary)
  Balanced accuracy     : 0.5984  @thr=0.50   |  0.6329  @thr=0.692 (Youden)
  Macro-F1              : 0.5986  @thr=0.50   |  0.6332  @thr=0.692
  Confusion matrix @0.50 (rows=true HC/MDD, cols=pred HC/MDD):
        pred_HC  pred_MDD
  HC        19        10
  MDD       11        13

Total wall time: 1149.4s
