[dataset] modma  raw=/home/hasan/fable's rEEG/EEG_128channels_resting_lanzhou_2015  cache=/home/hasan/fable's rEEG/cache  fs_orig=250->125Hz  ch=128
53 subjects  (24 MDD / 29 HC)  |  fs=125Hz  ch=125  win=4.0s/500smp  windows/subj: min=42 med=127 max=160

=== 10-fold CV training/evaluation — stage spddann (53 subjects) ===
 fold   subject true  score pred  ok  win  cumAUC  cumBACC    time
------------------------------------------------------------------------------
  ... fold  1/10: training on 47 subjects (held-out: 2010005, 2010012, 2010016, 2020019, 2020021, 2030002) ...
    1   2010005  MDD  0.089   HC   .  100     -       -      40.1s
    2   2010012  MDD  0.968  MDD   Y  100     -       -      39.9s
    3   2010016  MDD  0.565  MDD   Y  100     -       -      39.8s
    4   2020019   HC  0.007   HC   Y   90  1.0000   0.8333   39.6s
    5   2020021   HC  0.012   HC   Y  100  1.0000   0.8333   39.6s
    6   2030002   HC  0.043   HC   Y  100  1.0000   0.8333   39.2s
  ... fold  2/10: training on 47 subjects (held-out: 2010015, 2010021, 2010022, 2020016, 2020020, 2020029) ...
    7   2010015  MDD  0.399   HC   .  100  1.0000   0.7500   18.2s
    8   2010021  MDD  0.010   HC   .  100  0.8667   0.7000   18.2s
    9   2010022  MDD  0.924  MDD   Y  100  0.8889   0.7500   18.2s
   10   2020016   HC  0.240   HC   Y  100  0.8333   0.7500   18.2s
   11   2020020   HC  0.283   HC   Y  100  0.8000   0.7500   18.2s
   12   2020029   HC  0.003   HC   Y   96  0.8333   0.7500   18.2s
  ... fold  3/10: training on 47 subjects (held-out: 2010002, 2010028, 2010036, 2020013, 2020023, 2020026) ...
   13   2010002  MDD  0.117   HC   .  100  0.8095   0.7143   18.1s
   14   2010028  MDD  0.501  MDD   Y  100  0.8333   0.7500   18.2s
   15   2010036  MDD  0.524  MDD   Y   99  0.8519   0.7778   18.1s
   16   2020013   HC  0.002   HC   Y  100  0.8730   0.7778   18.1s
   17   2020023   HC  0.639  MDD   .  100  0.7917   0.7153   18.1s
   18   2020026   HC  0.020   HC   Y  100  0.8025   0.7222   18.1s
  ... fold  4/10: training on 48 subjects (held-out: 2010008, 2010010, 2010030, 2020010, 2030009) ...
   19   2010008  MDD  0.213   HC   .  100  0.7889   0.6944   22.2s
   20   2010010  MDD  0.301   HC   .   92  0.7980   0.6717   22.1s
   21   2010030  MDD  0.888  MDD   Y  100  0.8148   0.6944   22.1s
   22   2020010   HC  0.048   HC   Y  100  0.8250   0.7000   22.1s
   23   2030009   HC  0.010   HC   Y   95  0.8409   0.7045   22.1s
  ... fold  5/10: training on 48 subjects (held-out: 2010011, 2010018, 2020014, 2020022, 2030021) ...
   24   2010011  MDD  0.003   HC   .  100  0.7832   0.6853   22.3s
   25   2010018  MDD  0.643  MDD   Y  100  0.7987   0.7045   22.3s
   26   2020014   HC  0.713  MDD   .   66  0.7500   0.6667   22.1s
   27   2020022   HC  0.014   HC   Y  100  0.7582   0.6731   22.3s
   28   2030021   HC  0.002   HC   Y  100  0.7755   0.6786   22.3s
  ... fold  6/10: training on 48 subjects (held-out: 2010019, 2010033, 2030006, 2030007, 2030014) ...
   29   2010019  MDD  0.700  MDD   Y  100  0.7857   0.6952   21.7s
   30   2010033  MDD  0.961  MDD   Y  100  0.7991   0.7098   21.7s
   31   2030006   HC  0.019   HC   Y  100  0.8042   0.7146   21.7s
   32   2030007   HC  0.246   HC   Y  100  0.7969   0.7188   21.7s
   33   2030014   HC  0.996  MDD   .  100  0.7500   0.6930   21.7s
  ... fold  7/10: training on 48 subjects (held-out: 2010004, 2010024, 2020008, 2020018, 2030004) ...
   34   2010004  MDD  0.217   HC   .   44  0.7439   0.6765   21.7s
   35   2010024  MDD  0.861  MDD   Y  100  0.7549   0.6895   22.1s
   36   2020008   HC  0.957  MDD   .   42  0.7191   0.6667   21.7s
   37   2020018   HC  0.001   HC   Y   95  0.7339   0.6725   22.1s
   38   2030004   HC  0.032   HC   Y  100  0.7417   0.6778   22.1s
  ... fold  8/10: training on 48 subjects (held-out: 2010006, 2010034, 2020015, 2030005, 2030019) ...
   39   2010006  MDD  0.345   HC   .  100  0.7447   0.6632   22.1s
   40   2010034  MDD  0.746  MDD   Y   70  0.7525   0.6750   21.9s
   41   2020015   HC  0.454   HC   Y  100  0.7429   0.6798   22.1s
   42   2030005   HC  0.428   HC   Y   90  0.7341   0.6841   22.1s
   43   2030019   HC  0.004   HC   Y  100  0.7435   0.6880   22.2s
  ... fold  9/10: training on 48 subjects (held-out: 2010013, 2010025, 2020027, 2030017, 2030020) ...
   44   2010013  MDD  0.978  MDD   Y  100  0.7536   0.6988   21.7s
   45   2010025  MDD  0.381   HC   .  100  0.7530   0.6858   21.7s
   46   2020027   HC  0.085   HC   Y  100  0.7595   0.6894   21.7s
   47   2030017   HC  0.492   HC   Y  100  0.7509   0.6927   21.7s
   48   2030020   HC  0.827  MDD   .  100  0.7325   0.6766   21.7s
  ... fold 10/10: training on 48 subjects (held-out: 2010023, 2010026, 2020025, 2030003, 2030018) ...
   49   2010023  MDD  0.701  MDD   Y  100  0.7375   0.6865   21.9s
   50   2010026  MDD  0.136   HC   .  100  0.7308   0.6747   21.9s
   51   2020025   HC  0.028   HC   Y  100  0.7377   0.6782   21.9s
   52   2030003   HC  0.033   HC   Y   94  0.7440   0.6815   21.9s
   53   2030018   HC  0.947  MDD   .  100  0.7227   0.6674   21.9s
------------------------------------------------------------------------------

FINAL  stage spddann  [10-fold CV]  |  53 subjects (24 MDD / 29 HC)
  Subject-level ROC-AUC : 0.7227   (primary)
  Balanced accuracy     : 0.6674  @thr=0.50   |  0.7514  @thr=0.089 (Youden)
  Macro-F1              : 0.6674  @thr=0.50   |  0.7335  @thr=0.089
  Confusion matrix @0.50 (rows=true HC/MDD, cols=pred HC/MDD):
        pred_HC  pred_MDD
  HC        23         6
  MDD       11        13

Total wall time: 1225.6s
Saved per-fold results -> /home/hasan/fable's rEEG/results/spddann_cv10.json
