[dataset] modma  raw=/home/hasan/fable's rEEG/EEG_128channels_resting_lanzhou_2015  cache=/home/hasan/fable's rEEG/cache  fs_orig=250->125Hz  ch=128
53 subjects  (24 MDD / 29 HC)  |  fs=125Hz  ch=125  win=4.0s/500smp  windows/subj: min=42 med=127 max=160

=== 10-fold CV training/evaluation — stage spddann (53 subjects) ===
 fold   subject true  score pred  ok  win  cumAUC  cumBACC    time
------------------------------------------------------------------------------
  ... fold  1/10: training on 47 subjects (held-out: 2010005, 2010012, 2010016, 2020019, 2020021, 2030002) ...
    1   2010005  MDD  0.020   HC   .  100     -       -      15.2s
    2   2010012  MDD  0.067   HC   .  100     -       -      15.3s
    3   2010016  MDD  0.650  MDD   Y  100     -       -      15.3s
    4   2020019   HC  0.668  MDD   .   90  0.0000   0.1667   15.2s
    5   2020021   HC  0.001   HC   Y  100  0.5000   0.4167   15.2s
    6   2030002   HC  0.002   HC   Y  100  0.6667   0.5000   15.2s
  ... fold  2/10: training on 47 subjects (held-out: 2010015, 2010021, 2010022, 2020016, 2020020, 2020029) ...
    7   2010015  MDD  0.072   HC   .  100  0.6667   0.4583   14.8s
    8   2010021  MDD  0.004   HC   .  100  0.6667   0.4333   14.8s
    9   2010022  MDD  0.944  MDD   Y  100  0.7222   0.5000   14.8s
   10   2020016   HC  0.473   HC   Y  100  0.6250   0.5417   14.8s
   11   2020020   HC  0.218   HC   Y  100  0.5667   0.5667   14.8s
   12   2020029   HC  0.006   HC   Y   96  0.6111   0.5833   14.8s
  ... fold  3/10: training on 47 subjects (held-out: 2010002, 2010028, 2010036, 2020013, 2020023, 2020026) ...
   13   2010002  MDD  0.019   HC   .  100  0.5952   0.5595   14.4s
   14   2010028  MDD  0.956  MDD   Y  100  0.6458   0.6042   14.4s
   15   2010036  MDD  0.823  MDD   Y   99  0.6852   0.6389   14.4s
   16   2020013   HC  0.012   HC   Y  100  0.7143   0.6508   14.4s
   17   2020023   HC  0.953  MDD   .  100  0.6389   0.5972   14.4s
   18   2020026   HC  0.158   HC   Y  100  0.6173   0.6111   14.4s
  ... fold  4/10: training on 48 subjects (held-out: 2010008, 2010010, 2010030, 2020010, 2030009) ...
   19   2010008  MDD  0.667  MDD   Y  100  0.6333   0.6389   17.4s
   20   2010010  MDD  0.575  MDD   Y   92  0.6465   0.6616   17.3s
   21   2010030  MDD  0.984  MDD   Y  100  0.6759   0.6806   17.4s
   22   2020010   HC  0.748  MDD   .  100  0.6417   0.6417   17.4s
   23   2030009   HC  0.016   HC   Y   95  0.6667   0.6553   17.4s
  ... fold  5/10: training on 48 subjects (held-out: 2010011, 2010018, 2020014, 2020022, 2030021) ...
   24   2010011  MDD  0.022   HC   .  100  0.6503   0.6329   17.3s
   25   2010018  MDD  0.571  MDD   Y  100  0.6558   0.6494   17.3s
   26   2020014   HC  0.598  MDD   .   66  0.6369   0.6190   17.2s
   27   2020022   HC  0.061   HC   Y  100  0.6429   0.6319   17.3s
   28   2030021   HC  0.001   HC   Y  100  0.6684   0.6429   17.3s
  ... fold  6/10: training on 48 subjects (held-out: 2010019, 2010033, 2030006, 2030007, 2030014) ...
   29   2010019  MDD  0.534  MDD   Y  100  0.6714   0.6571   17.5s
   30   2010033  MDD  0.975  MDD   Y  100  0.6920   0.6696   17.6s
   31   2030006   HC  0.252   HC   Y  100  0.6875   0.6792   17.5s
   32   2030007   HC  0.963  MDD   .  100  0.6523   0.6562   17.6s
   33   2030014   HC  1.000  MDD   .  100  0.6140   0.6360   17.6s
  ... fold  7/10: training on 48 subjects (held-out: 2010004, 2010024, 2020008, 2020018, 2030004) ...
   34   2010004  MDD  0.952  MDD   Y   44  0.6263   0.6471   17.5s
   35   2010024  MDD  0.948  MDD   Y  100  0.6373   0.6569   17.8s
   36   2020008   HC  0.997  MDD   .   42  0.6019   0.6389   17.5s
   37   2020018   HC  0.166   HC   Y   95  0.6053   0.6491   17.8s
   38   2030004   HC  0.533  MDD   .  100  0.6083   0.6333   17.8s
  ... fold  8/10: training on 48 subjects (held-out: 2010006, 2010034, 2020015, 2030005, 2030019) ...
   39   2010006  MDD  0.989  MDD   Y  100  0.6237   0.6421   18.1s
   40   2010034  MDD  0.166   HC   .   70  0.6150   0.6250   18.0s
   41   2020015   HC  0.965  MDD   .  100  0.5929   0.6107   18.1s
   42   2030005   HC  0.338   HC   Y   90  0.5955   0.6205   18.1s
   43   2030019   HC  0.003   HC   Y  100  0.6130   0.6293   18.1s
  ... fold  9/10: training on 48 subjects (held-out: 2010013, 2010025, 2020027, 2030017, 2030020) ...
   44   2010013  MDD  0.925  MDD   Y  100  0.6211   0.6377   17.5s
   45   2010025  MDD  0.929  MDD   Y  100  0.6285   0.6453   17.6s
   46   2020027   HC  0.943  MDD   .  100  0.6155   0.6326   17.6s
   47   2030017   HC  0.530  MDD   .  100  0.6182   0.6209   17.6s
   48   2030020   HC  0.987  MDD   .  100  0.5962   0.6101   17.6s
  ... fold 10/10: training on 48 subjects (held-out: 2010023, 2010026, 2020025, 2030003, 2030018) ...
   49   2010023  MDD  0.856  MDD   Y  100  0.6020   0.6171   17.2s
   50   2010026  MDD  0.994  MDD   Y  100  0.6154   0.6234   17.2s
   51   2020025   HC  0.001   HC   Y  100  0.6296   0.6319   17.3s
   52   2030003   HC  0.001   HC   Y   94  0.6429   0.6399   17.2s
   53   2030018   HC  0.793  MDD   .  100  0.6379   0.6300   17.2s
------------------------------------------------------------------------------

FINAL  stage spddann  [10-fold CV]  |  53 subjects (24 MDD / 29 HC)
  Subject-level ROC-AUC : 0.6379   (primary)
  Balanced accuracy     : 0.6300  @thr=0.50   |  0.6645  @thr=0.534 (Youden)
  Macro-F1              : 0.6225  @thr=0.50   |  0.6603  @thr=0.534
  Confusion matrix @0.50 (rows=true HC/MDD, cols=pred HC/MDD):
        pred_HC  pred_MDD
  HC        16        13
  MDD        7        17

Total wall time: 882.8s
Saved per-fold results -> /home/hasan/fable's rEEG/results/spddann_cv10.json
