53 subjects  (24 MDD / 29 HC)  |  fs=125Hz  ch=125  win=4.0s/500smp  windows/subj: min=42 med=127 max=160

=== LOSO training/evaluation — stage tnr (53 folds) ===
 fold   subject true  score pred  ok  win  cumAUC  cumBACC    time
------------------------------------------------------------------------------
  ... fold  1/53: training on 52 subjects (held-out sid=2010002) ...
      [tnr sid=2010002 ctrl=inductive] Vdrift=0.000rad  score=0.402
    1   2010002  MDD  0.402   HC   .  120     -       -     170.9s
  ... fold  2/53: training on 52 subjects (held-out sid=2010004) ...
      [tnr sid=2010004 ctrl=inductive] Vdrift=0.000rad  score=0.934
    2   2010004  MDD  0.934  MDD   Y   44     -       -      10.3s
  ... fold  3/53: training on 52 subjects (held-out sid=2010005) ...
      [tnr sid=2010005 ctrl=inductive] Vdrift=0.000rad  score=0.246
    3   2010005  MDD  0.246   HC   .  120     -       -      10.8s
  ... fold  4/53: training on 52 subjects (held-out sid=2010006) ...
      [tnr sid=2010006 ctrl=inductive] Vdrift=0.000rad  score=0.083
    4   2010006  MDD  0.083   HC   .  120     -       -      24.4s
  ... fold  5/53: training on 52 subjects (held-out sid=2010008) ...
      [tnr sid=2010008 ctrl=inductive] Vdrift=0.000rad  score=0.820
    5   2010008  MDD  0.820  MDD   Y  120     -       -      10.4s
  ... fold  6/53: training on 52 subjects (held-out sid=2010010) ...
      [tnr sid=2010010 ctrl=inductive] Vdrift=0.000rad  score=0.636
    6   2010010  MDD  0.636  MDD   Y   92     -       -      10.8s
  ... fold  7/53: training on 52 subjects (held-out sid=2010011) ...
      [tnr sid=2010011 ctrl=inductive] Vdrift=0.000rad  score=0.046
    7   2010011  MDD  0.046   HC   .  120     -       -       9.6s
  ... fold  8/53: training on 52 subjects (held-out sid=2010012) ...
      [tnr sid=2010012 ctrl=inductive] Vdrift=0.000rad  score=0.969
    8   2010012  MDD  0.969  MDD   Y  112     -       -      10.9s
  ... fold  9/53: training on 52 subjects (held-out sid=2010013) ...
      [tnr sid=2010013 ctrl=inductive] Vdrift=0.000rad  score=0.992
    9   2010013  MDD  0.992  MDD   Y  120     -       -       9.9s
  ... fold 10/53: training on 52 subjects (held-out sid=2010015) ...
      [tnr sid=2010015 ctrl=inductive] Vdrift=0.000rad  score=0.050
   10   2010015  MDD  0.050   HC   .  120     -       -      10.9s
  ... fold 11/53: training on 52 subjects (held-out sid=2010016) ...
      [tnr sid=2010016 ctrl=inductive] Vdrift=0.000rad  score=0.070
   11   2010016  MDD  0.070   HC   .  120     -       -      10.0s
  ... fold 12/53: training on 52 subjects (held-out sid=2010018) ...
      [tnr sid=2010018 ctrl=inductive] Vdrift=0.000rad  score=0.417
   12   2010018  MDD  0.417   HC   .  120     -       -       9.5s
  ... fold 13/53: training on 52 subjects (held-out sid=2010019) ...
      [tnr sid=2010019 ctrl=inductive] Vdrift=0.000rad  score=0.872
   13   2010019  MDD  0.872  MDD   Y  120     -       -       9.1s
  ... fold 14/53: training on 52 subjects (held-out sid=2010021) ...
      [tnr sid=2010021 ctrl=inductive] Vdrift=0.000rad  score=0.102
   14   2010021  MDD  0.102   HC   .  120     -       -       8.8s
  ... fold 15/53: training on 52 subjects (held-out sid=2010022) ...
      [tnr sid=2010022 ctrl=inductive] Vdrift=0.000rad  score=0.955
   15   2010022  MDD  0.955  MDD   Y  107     -       -      12.3s
  ... fold 16/53: training on 52 subjects (held-out sid=2010023) ...
      [tnr sid=2010023 ctrl=inductive] Vdrift=0.000rad  score=0.251
   16   2010023  MDD  0.251   HC   .  120     -       -      10.5s
  ... fold 17/53: training on 52 subjects (held-out sid=2010024) ...
      [tnr sid=2010024 ctrl=inductive] Vdrift=0.000rad  score=0.994
   17   2010024  MDD  0.994  MDD   Y  120     -       -      12.5s
  ... fold 18/53: training on 52 subjects (held-out sid=2010025) ...
      [tnr sid=2010025 ctrl=inductive] Vdrift=0.000rad  score=0.368
   18   2010025  MDD  0.368   HC   .  120     -       -      10.2s
  ... fold 19/53: training on 52 subjects (held-out sid=2010026) ...
      [tnr sid=2010026 ctrl=inductive] Vdrift=0.000rad  score=0.766
   19   2010026  MDD  0.766  MDD   Y  115     -       -      12.2s
  ... fold 20/53: training on 52 subjects (held-out sid=2010028) ...
      [tnr sid=2010028 ctrl=inductive] Vdrift=0.000rad  score=0.483
   20   2010028  MDD  0.483   HC   .  120     -       -      10.4s
  ... fold 21/53: training on 52 subjects (held-out sid=2010030) ...
      [tnr sid=2010030 ctrl=inductive] Vdrift=0.000rad  score=0.996
   21   2010030  MDD  0.996  MDD   Y  120     -       -      10.8s
  ... fold 22/53: training on 52 subjects (held-out sid=2010033) ...
      [tnr sid=2010033 ctrl=inductive] Vdrift=0.000rad  score=0.166
   22   2010033  MDD  0.166   HC   .  120     -       -      10.2s
  ... fold 23/53: training on 52 subjects (held-out sid=2010034) ...
      [tnr sid=2010034 ctrl=inductive] Vdrift=0.000rad  score=0.449
   23   2010034  MDD  0.449   HC   .   70     -       -       9.6s
  ... fold 24/53: training on 52 subjects (held-out sid=2010036) ...
      [tnr sid=2010036 ctrl=inductive] Vdrift=0.000rad  score=0.835
   24   2010036  MDD  0.835  MDD   Y   99     -       -       9.4s
  ... fold 25/53: training on 52 subjects (held-out sid=2020008) ...
      [tnr sid=2020008 ctrl=inductive] Vdrift=0.000rad  score=0.806
   25   2020008   HC  0.806  MDD   .   42  0.3750   0.2292    9.4s
  ... fold 26/53: training on 52 subjects (held-out sid=2020010) ...
      [tnr sid=2020010 ctrl=inductive] Vdrift=0.000rad  score=0.010
   26   2020010   HC  0.010   HC   Y  112  0.6875   0.4792    9.3s
  ... fold 27/53: training on 52 subjects (held-out sid=2020013) ...
      [tnr sid=2020013 ctrl=inductive] Vdrift=0.000rad  score=0.006
   27   2020013   HC  0.006   HC   Y  113  0.7917   0.5625    9.4s
  ... fold 28/53: training on 52 subjects (held-out sid=2020014) ...
      [tnr sid=2020014 ctrl=inductive] Vdrift=0.000rad  score=0.439
   28   2020014   HC  0.439   HC   Y   66  0.7292   0.6042    9.4s
  ... fold 29/53: training on 52 subjects (held-out sid=2020015) ...
      [tnr sid=2020015 ctrl=inductive] Vdrift=0.000rad  score=0.854
   29   2020015   HC  0.854  MDD   .  120  0.6417   0.5292    9.8s
  ... fold 30/53: training on 52 subjects (held-out sid=2020016) ...
      [tnr sid=2020016 ctrl=inductive] Vdrift=0.000rad  score=0.326
   30   2020016   HC  0.326   HC   Y  119  0.6458   0.5625   10.0s
  ... fold 31/53: training on 52 subjects (held-out sid=2020018) ...
      [tnr sid=2020018 ctrl=inductive] Vdrift=0.000rad  score=0.013
   31   2020018   HC  0.013   HC   Y   95  0.6964   0.5863    8.7s
  ... fold 32/53: training on 52 subjects (held-out sid=2020019) ...
      [tnr sid=2020019 ctrl=inductive] Vdrift=0.000rad  score=0.006
   32   2020019   HC  0.006   HC   Y   90  0.7344   0.6042    8.6s
  ... fold 33/53: training on 52 subjects (held-out sid=2020020) ...
      [tnr sid=2020020 ctrl=inductive] Vdrift=0.000rad  score=0.101
   33   2020020   HC  0.101   HC   Y  120  0.7454   0.6181    8.6s
  ... fold 34/53: training on 52 subjects (held-out sid=2020021) ...
      [tnr sid=2020021 ctrl=inductive] Vdrift=0.000rad  score=0.071
   34   2020021   HC  0.071   HC   Y  120  0.7583   0.6292    8.6s
  ... fold 35/53: training on 52 subjects (held-out sid=2020022) ...
      [tnr sid=2020022 ctrl=inductive] Vdrift=0.000rad  score=0.003
   35   2020022   HC  0.003   HC   Y  120  0.7803   0.6383    8.5s
  ... fold 36/53: training on 52 subjects (held-out sid=2020023) ...
      [tnr sid=2020023 ctrl=inductive] Vdrift=0.000rad  score=0.958
   36   2020023   HC  0.958  MDD   .  120  0.7292   0.6042    8.5s
  ... fold 37/53: training on 52 subjects (held-out sid=2020025) ...
      [tnr sid=2020025 ctrl=inductive] Vdrift=0.000rad  score=0.170
   37   2020025   HC  0.170   HC   Y  120  0.7308   0.6138    8.6s
  ... fold 38/53: training on 52 subjects (held-out sid=2020026) ...
      [tnr sid=2020026 ctrl=inductive] Vdrift=0.000rad  score=0.224
   38   2020026   HC  0.224   HC   Y  120  0.7321   0.6220    8.5s
  ... fold 39/53: training on 52 subjects (held-out sid=2020027) ...
      [tnr sid=2020027 ctrl=inductive] Vdrift=0.000rad  score=0.342
   39   2020027   HC  0.342   HC   Y  120  0.7278   0.6292    8.5s
  ... fold 40/53: training on 52 subjects (held-out sid=2020029) ...
      [tnr sid=2020029 ctrl=inductive] Vdrift=0.000rad  score=0.011
   40   2020029   HC  0.011   HC   Y   96  0.7448   0.6354    8.6s
  ... fold 41/53: training on 52 subjects (held-out sid=2030002) ...
      [tnr sid=2030002 ctrl=inductive] Vdrift=0.000rad  score=0.203
   41   2030002   HC  0.203   HC   Y  120  0.7451   0.6409    8.5s
  ... fold 42/53: training on 52 subjects (held-out sid=2030003) ...
      [tnr sid=2030003 ctrl=inductive] Vdrift=0.000rad  score=0.054
   42   2030003   HC  0.054   HC   Y   94  0.7546   0.6458    8.6s
  ... fold 43/53: training on 52 subjects (held-out sid=2030004) ...
      [tnr sid=2030004 ctrl=inductive] Vdrift=0.000rad  score=0.625
   43   2030004   HC  0.625  MDD   .  120  0.7390   0.6239    8.5s
  ... fold 44/53: training on 52 subjects (held-out sid=2030005) ...
      [tnr sid=2030005 ctrl=inductive] Vdrift=0.000rad  score=0.250
   44   2030005   HC  0.250   HC   Y   90  0.7375   0.6292    9.7s
  ... fold 45/53: training on 52 subjects (held-out sid=2030006) ...
      [tnr sid=2030006 ctrl=inductive] Vdrift=0.000rad  score=0.000
   45   2030006   HC  0.000   HC   Y  120  0.7500   0.6339   10.0s
  ... fold 46/53: training on 52 subjects (held-out sid=2030007) ...
      [tnr sid=2030007 ctrl=inductive] Vdrift=0.000rad  score=0.000
   46   2030007   HC  0.000   HC   Y  120  0.7614   0.6383    9.6s
  ... fold 47/53: training on 52 subjects (held-out sid=2030009) ...
      [tnr sid=2030009 ctrl=inductive] Vdrift=0.000rad  score=0.024
   47   2030009   HC  0.024   HC   Y   95  0.7717   0.6422   10.0s
  ... fold 48/53: training on 52 subjects (held-out sid=2030014) ...
      [tnr sid=2030014 ctrl=inductive] Vdrift=0.000rad  score=0.939
   48   2030014   HC  0.939  MDD   .  120  0.7483   0.6250    9.6s
  ... fold 49/53: training on 52 subjects (held-out sid=2030017) ...
      [tnr sid=2030017 ctrl=inductive] Vdrift=0.000rad  score=0.477
   49   2030017   HC  0.477   HC   Y  120  0.7383   0.6292    9.5s
  ... fold 50/53: training on 52 subjects (held-out sid=2030018) ...
      [tnr sid=2030018 ctrl=inductive] Vdrift=0.000rad  score=0.823
   50   2030018   HC  0.823  MDD   .  104  0.7228   0.6138    9.6s
  ... fold 51/53: training on 52 subjects (held-out sid=2030019) ...
      [tnr sid=2030019 ctrl=inductive] Vdrift=0.000rad  score=0.001
   51   2030019   HC  0.001   HC   Y  120  0.7330   0.6181    9.6s
  ... fold 52/53: training on 52 subjects (held-out sid=2030020) ...
      [tnr sid=2030020 ctrl=inductive] Vdrift=0.000rad  score=0.887
   52   2030020   HC  0.887  MDD   .  120  0.7158   0.6042   10.0s
  ... fold 53/53: training on 52 subjects (held-out sid=2030021) ...
      [tnr sid=2030021 ctrl=inductive] Vdrift=0.000rad  score=0.005
   53   2030021   HC  0.005   HC   Y  120  0.7256   0.6085   10.0s
------------------------------------------------------------------------------

FINAL  stage tnr  |  53 subjects (24 MDD / 29 HC)
  Subject-level ROC-AUC : 0.7256   (primary)
  Balanced accuracy     : 0.6085  @thr=0.50   |  0.6897  @thr=0.046 (Youden)
  Macro-F1              : 0.6057  @thr=0.50   |  0.6386  @thr=0.046
  Confusion matrix @0.50 (rows=true HC/MDD, cols=pred HC/MDD):
        pred_HC  pred_MDD
  HC        22         7
  MDD       13        11

Total wall time: 691.6s
Saved per-fold results -> /home/hasan/fable's rEEG/results/tnr_loso.json
