53 subjects  (24 MDD / 29 HC)  |  fs=125Hz  ch=125  win=4.0s/500smp  windows/subj: min=42 med=127 max=160

=== LOSO training/evaluation — stage tnr (53 folds) ===
 fold   subject true  score pred  ok  win  cumAUC  cumBACC    time
------------------------------------------------------------------------------
  ... fold  1/53: training on 52 subjects (held-out sid=2010002) ...
      [tnr sid=2010002 ctrl=transductive] Vdrift=0.033rad  score=0.960
    1   2010002  MDD  0.960  MDD   Y  120     -       -     162.1s
  ... fold  2/53: training on 52 subjects (held-out sid=2010004) ...
      [tnr sid=2010004 ctrl=transductive] Vdrift=0.091rad  score=0.046
    2   2010004  MDD  0.046   HC   .   44     -       -       8.7s
  ... fold  3/53: training on 52 subjects (held-out sid=2010005) ...
      [tnr sid=2010005 ctrl=transductive] Vdrift=0.027rad  score=0.598
    3   2010005  MDD  0.598  MDD   Y  120     -       -       8.8s
  ... fold  4/53: training on 52 subjects (held-out sid=2010006) ...
      [tnr sid=2010006 ctrl=transductive] Vdrift=0.035rad  score=0.312
    4   2010006  MDD  0.312   HC   .  120     -       -       8.6s
  ... fold  5/53: training on 52 subjects (held-out sid=2010008) ...
      [tnr sid=2010008 ctrl=transductive] Vdrift=0.013rad  score=0.842
    5   2010008  MDD  0.842  MDD   Y  120     -       -       8.6s
  ... fold  6/53: training on 52 subjects (held-out sid=2010010) ...
      [tnr sid=2010010 ctrl=transductive] Vdrift=0.020rad  score=0.813
    6   2010010  MDD  0.813  MDD   Y   92     -       -       8.7s
  ... fold  7/53: training on 52 subjects (held-out sid=2010011) ...
      [tnr sid=2010011 ctrl=transductive] Vdrift=0.049rad  score=0.534
    7   2010011  MDD  0.534  MDD   Y  120     -       -       8.6s
  ... fold  8/53: training on 52 subjects (held-out sid=2010012) ...
      [tnr sid=2010012 ctrl=transductive] Vdrift=0.069rad  score=0.999
    8   2010012  MDD  0.999  MDD   Y  112     -       -       8.6s
  ... fold  9/53: training on 52 subjects (held-out sid=2010013) ...
      [tnr sid=2010013 ctrl=transductive] Vdrift=0.192rad  score=0.000
    9   2010013  MDD  0.000   HC   .  120     -       -       8.5s
  ... fold 10/53: training on 52 subjects (held-out sid=2010015) ...
      [tnr sid=2010015 ctrl=transductive] Vdrift=0.105rad  score=0.008
   10   2010015  MDD  0.008   HC   .  120     -       -       8.6s
  ... fold 11/53: training on 52 subjects (held-out sid=2010016) ...
      [tnr sid=2010016 ctrl=transductive] Vdrift=0.114rad  score=0.000
   11   2010016  MDD  0.000   HC   .  120     -       -       8.7s
  ... fold 12/53: training on 52 subjects (held-out sid=2010018) ...
      [tnr sid=2010018 ctrl=transductive] Vdrift=0.076rad  score=0.001
   12   2010018  MDD  0.001   HC   .  120     -       -       8.7s
  ... fold 13/53: training on 52 subjects (held-out sid=2010019) ...
      [tnr sid=2010019 ctrl=transductive] Vdrift=0.012rad  score=0.910
   13   2010019  MDD  0.910  MDD   Y  120     -       -       8.7s
  ... fold 14/53: training on 52 subjects (held-out sid=2010021) ...
      [tnr sid=2010021 ctrl=transductive] Vdrift=0.164rad  score=1.000
   14   2010021  MDD  1.000  MDD   Y  120     -       -       8.7s
  ... fold 15/53: training on 52 subjects (held-out sid=2010022) ...
      [tnr sid=2010022 ctrl=transductive] Vdrift=0.107rad  score=0.181
   15   2010022  MDD  0.181   HC   .  107     -       -       8.7s
  ... fold 16/53: training on 52 subjects (held-out sid=2010023) ...
      [tnr sid=2010023 ctrl=transductive] Vdrift=0.030rad  score=0.021
   16   2010023  MDD  0.021   HC   .  120     -       -       8.7s
  ... fold 17/53: training on 52 subjects (held-out sid=2010024) ...
      [tnr sid=2010024 ctrl=transductive] Vdrift=0.080rad  score=1.000
   17   2010024  MDD  1.000  MDD   Y  120     -       -       8.7s
  ... fold 18/53: training on 52 subjects (held-out sid=2010025) ...
      [tnr sid=2010025 ctrl=transductive] Vdrift=0.059rad  score=0.964
   18   2010025  MDD  0.964  MDD   Y  120     -       -       8.8s
  ... fold 19/53: training on 52 subjects (held-out sid=2010026) ...
      [tnr sid=2010026 ctrl=transductive] Vdrift=0.026rad  score=0.610
   19   2010026  MDD  0.610  MDD   Y  115     -       -       8.6s
  ... fold 20/53: training on 52 subjects (held-out sid=2010028) ...
      [tnr sid=2010028 ctrl=transductive] Vdrift=0.039rad  score=0.823
   20   2010028  MDD  0.823  MDD   Y  120     -       -       8.8s
  ... fold 21/53: training on 52 subjects (held-out sid=2010030) ...
      [tnr sid=2010030 ctrl=transductive] Vdrift=0.057rad  score=0.810
   21   2010030  MDD  0.810  MDD   Y  120     -       -       8.8s
  ... fold 22/53: training on 52 subjects (held-out sid=2010033) ...
      [tnr sid=2010033 ctrl=transductive] Vdrift=0.084rad  score=0.000
   22   2010033  MDD  0.000   HC   .  120     -       -       8.7s
  ... fold 23/53: training on 52 subjects (held-out sid=2010034) ...
      [tnr sid=2010034 ctrl=transductive] Vdrift=0.064rad  score=0.000
   23   2010034  MDD  0.000   HC   .   70     -       -       8.6s
  ... fold 24/53: training on 52 subjects (held-out sid=2010036) ...
      [tnr sid=2010036 ctrl=transductive] Vdrift=0.058rad  score=1.000
   24   2010036  MDD  1.000  MDD   Y   99     -       -      11.5s
  ... fold 25/53: training on 52 subjects (held-out sid=2020008) ...
      [tnr sid=2020008 ctrl=transductive] Vdrift=0.039rad  score=0.920
   25   2020008   HC  0.920  MDD   .   42  0.2500   0.2917    8.8s
  ... fold 26/53: training on 52 subjects (held-out sid=2020010) ...
      [tnr sid=2020010 ctrl=transductive] Vdrift=0.027rad  score=0.006
   26   2020010   HC  0.006   HC   Y  112  0.5208   0.5417    8.8s
  ... fold 27/53: training on 52 subjects (held-out sid=2020013) ...
      [tnr sid=2020013 ctrl=transductive] Vdrift=0.044rad  score=0.010
   27   2020013   HC  0.010   HC   Y  113  0.5972   0.6250    8.6s
  ... fold 28/53: training on 52 subjects (held-out sid=2020014) ...
      [tnr sid=2020014 ctrl=transductive] Vdrift=0.024rad  score=0.084
   28   2020014   HC  0.084   HC   Y   66  0.6146   0.6667    8.7s
  ... fold 29/53: training on 52 subjects (held-out sid=2020015) ...
      [tnr sid=2020015 ctrl=transductive] Vdrift=0.078rad  score=0.960
   29   2020015   HC  0.960  MDD   .  120  0.5417   0.5917    8.6s
  ... fold 30/53: training on 52 subjects (held-out sid=2020016) ...
      [tnr sid=2020016 ctrl=transductive] Vdrift=0.016rad  score=0.397
   30   2020016   HC  0.397   HC   Y  119  0.5486   0.6250    9.2s
  ... fold 31/53: training on 52 subjects (held-out sid=2020018) ...
      [tnr sid=2020018 ctrl=transductive] Vdrift=0.038rad  score=0.001
   31   2020018   HC  0.001   HC   Y   95  0.5833   0.6488    8.6s
  ... fold 32/53: training on 52 subjects (held-out sid=2020019) ...
      [tnr sid=2020019 ctrl=transductive] Vdrift=0.029rad  score=0.002
   32   2020019   HC  0.002   HC   Y   90  0.6094   0.6667    8.6s
  ... fold 33/53: training on 52 subjects (held-out sid=2020020) ...
      [tnr sid=2020020 ctrl=transductive] Vdrift=0.037rad  score=0.324
   33   2020020   HC  0.324   HC   Y  120  0.6065   0.6806    8.5s
  ... fold 34/53: training on 52 subjects (held-out sid=2020021) ...
      [tnr sid=2020021 ctrl=transductive] Vdrift=0.013rad  score=0.089
   34   2020021   HC  0.089   HC   Y  120  0.6125   0.6917    8.6s
  ... fold 35/53: training on 52 subjects (held-out sid=2020022) ...
      [tnr sid=2020022 ctrl=transductive] Vdrift=0.096rad  score=0.946
   35   2020022   HC  0.946  MDD   .  120  0.5795   0.6553    8.7s
  ... fold 36/53: training on 52 subjects (held-out sid=2020023) ...
      [tnr sid=2020023 ctrl=transductive] Vdrift=0.042rad  score=0.988
   36   2020023   HC  0.988  MDD   .  120  0.5451   0.6250    8.5s
  ... fold 37/53: training on 52 subjects (held-out sid=2020025) ...
      [tnr sid=2020025 ctrl=transductive] Vdrift=0.009rad  score=0.135
   37   2020025   HC  0.135   HC   Y  120  0.5545   0.6378    8.7s
  ... fold 38/53: training on 52 subjects (held-out sid=2020026) ...
      [tnr sid=2020026 ctrl=transductive] Vdrift=0.020rad  score=0.508
   38   2020026   HC  0.508  MDD   .  120  0.5565   0.6131    8.6s
  ... fold 39/53: training on 52 subjects (held-out sid=2020027) ...
      [tnr sid=2020027 ctrl=transductive] Vdrift=0.054rad  score=0.812
   39   2020027   HC  0.812  MDD   .  120  0.5472   0.5917    8.7s
  ... fold 40/53: training on 52 subjects (held-out sid=2020029) ...
      [tnr sid=2020029 ctrl=transductive] Vdrift=0.023rad  score=0.018
   40   2020029   HC  0.018   HC   Y   96  0.5599   0.6042    8.7s
  ... fold 41/53: training on 52 subjects (held-out sid=2030002) ...
      [tnr sid=2030002 ctrl=transductive] Vdrift=0.123rad  score=0.003
   41   2030002   HC  0.003   HC   Y  120  0.5735   0.6152    8.7s
  ... fold 42/53: training on 52 subjects (held-out sid=2030003) ...
      [tnr sid=2030003 ctrl=transductive] Vdrift=0.033rad  score=0.019
   42   2030003   HC  0.019   HC   Y   94  0.5833   0.6250    8.7s
  ... fold 43/53: training on 52 subjects (held-out sid=2030004) ...
      [tnr sid=2030004 ctrl=transductive] Vdrift=0.222rad  score=1.000
   43   2030004   HC  1.000  MDD   .  120  0.5570   0.6075    8.6s
  ... fold 44/53: training on 52 subjects (held-out sid=2030005) ...
      [tnr sid=2030005 ctrl=transductive] Vdrift=0.155rad  score=0.000
   44   2030005   HC  0.000   HC   Y   90  0.5792   0.6167    8.6s
  ... fold 45/53: training on 52 subjects (held-out sid=2030006) ...
      [tnr sid=2030006 ctrl=transductive] Vdrift=0.455rad  score=0.773
   45   2030006   HC  0.773  MDD   .  120  0.5734   0.6012    8.5s
  ... fold 46/53: training on 52 subjects (held-out sid=2030007) ...
      [tnr sid=2030007 ctrl=transductive] Vdrift=0.141rad  score=0.000
   46   2030007   HC  0.000   HC   Y  120  0.5928   0.6098    8.5s
  ... fold 47/53: training on 52 subjects (held-out sid=2030009) ...
      [tnr sid=2030009 ctrl=transductive] Vdrift=0.098rad  score=0.380
   47   2030009   HC  0.380   HC   Y   95  0.5924   0.6178    8.7s
  ... fold 48/53: training on 52 subjects (held-out sid=2030014) ...
      [tnr sid=2030014 ctrl=transductive] Vdrift=0.107rad  score=0.000
   48   2030014   HC  0.000   HC   Y  120  0.6076   0.6250    8.6s
  ... fold 49/53: training on 52 subjects (held-out sid=2030017) ...
      [tnr sid=2030017 ctrl=transductive] Vdrift=0.106rad  score=0.999
   49   2030017   HC  0.999  MDD   .  120  0.5900   0.6117    8.7s
  ... fold 50/53: training on 52 subjects (held-out sid=2030018) ...
      [tnr sid=2030018 ctrl=transductive] Vdrift=0.038rad  score=0.060
   50   2030018   HC  0.060   HC   Y  104  0.5929   0.6186    8.6s
  ... fold 51/53: training on 52 subjects (held-out sid=2030019) ...
      [tnr sid=2030019 ctrl=transductive] Vdrift=0.059rad  score=0.004
   51   2030019   HC  0.004   HC   Y  120  0.6003   0.6250    8.7s
  ... fold 52/53: training on 52 subjects (held-out sid=2030020) ...
      [tnr sid=2030020 ctrl=transductive] Vdrift=0.151rad  score=0.000
   52   2030020   HC  0.000   HC   Y  120  0.6131   0.6310    8.6s
  ... fold 53/53: training on 52 subjects (held-out sid=2030021) ...
      [tnr sid=2030021 ctrl=transductive] Vdrift=0.101rad  score=0.804
   53   2030021   HC  0.804  MDD   .  120  0.6078   0.6193    8.6s
------------------------------------------------------------------------------

FINAL  stage tnr  |  53 subjects (24 MDD / 29 HC)
  Subject-level ROC-AUC : 0.6078   (primary)
  Balanced accuracy     : 0.6193  @thr=0.50   |  0.6365  @thr=0.534 (Youden)
  Macro-F1              : 0.6193  @thr=0.50   |  0.6369  @thr=0.534
  Confusion matrix @0.50 (rows=true HC/MDD, cols=pred HC/MDD):
        pred_HC  pred_MDD
  HC        19        10
  MDD       10        14

Total wall time: 616.3s
Saved per-fold results -> /home/hasan/fable's rEEG/results/tnr_loso.json
