53 subjects  (24 MDD / 29 HC)  |  fs=125Hz  ch=125  win=4.0s/500smp  windows/subj: min=42 med=127 max=160

=== 10-fold CV training/evaluation — stage wattn (53 subjects) ===
 fold   subject true  score pred  ok  win  cumAUC  cumBACC    time
------------------------------------------------------------------------------
  ... fold  1/10: training on 47 subjects (held-out: 2010005, 2010012, 2010016, 2020019, 2020021, 2030002) ...
      [wattn sid=2010005 y=1] score=0.476  top-attn windows=[48, 49, 101]
    1   2010005  MDD  0.476   HC   .  120     -       -      28.0s
      [wattn sid=2010012 y=1] score=0.610  top-attn windows=[57, 39, 48]
    2   2010012  MDD  0.610  MDD   Y  112     -       -      27.9s
      [wattn sid=2010016 y=1] score=0.655  top-attn windows=[19, 28, 103]
    3   2010016  MDD  0.655  MDD   Y  120     -       -      28.0s
      [wattn sid=2020019 y=0] score=0.279  top-attn windows=[23, 49, 43]
    4   2020019   HC  0.279   HC   Y   90  1.0000   0.8333   27.4s
      [wattn sid=2020021 y=0] score=0.603  top-attn windows=[112, 31, 113]
    5   2020021   HC  0.603  MDD   .  120  0.8333   0.5833   27.6s
      [wattn sid=2030002 y=0] score=0.613  top-attn windows=[13, 14, 56]
    6   2030002   HC  0.613  MDD   .  120  0.6667   0.5000   27.6s
  ... fold  2/10: training on 47 subjects (held-out: 2010015, 2010021, 2010022, 2020016, 2020020, 2020029) ...
      [wattn sid=2010015 y=1] score=0.453  top-attn windows=[72, 90, 71]
    7   2010015  MDD  0.453   HC   .  120  0.5833   0.4167    3.0s
      [wattn sid=2010021 y=1] score=0.361  top-attn windows=[61, 117, 116]
    8   2010021  MDD  0.361   HC   .  120  0.5333   0.3667    3.0s
      [wattn sid=2010022 y=1] score=0.568  top-attn windows=[78, 14, 35]
    9   2010022  MDD  0.568  MDD   Y  107  0.5000   0.4167    3.0s
      [wattn sid=2020016 y=0] score=0.447  top-attn windows=[80, 91, 81]
   10   2020016   HC  0.447   HC   Y  119  0.5833   0.5000    3.0s
      [wattn sid=2020020 y=0] score=0.424  top-attn windows=[71, 86, 62]
   11   2020020   HC  0.424   HC   Y  120  0.6333   0.5500    3.0s
      [wattn sid=2020029 y=0] score=0.341  top-attn windows=[55, 67, 68]
   12   2020029   HC  0.341   HC   Y   96  0.6944   0.5833    3.0s
  ... fold  3/10: training on 47 subjects (held-out: 2010002, 2010028, 2010036, 2020013, 2020023, 2020026) ...
      [wattn sid=2010002 y=1] score=0.492  top-attn windows=[46, 47, 95]
   13   2010002  MDD  0.492   HC   .  120  0.6905   0.5476    2.9s
      [wattn sid=2010028 y=1] score=0.544  top-attn windows=[109, 111, 24]
   14   2010028  MDD  0.544  MDD   Y  120  0.6875   0.5833    2.9s
      [wattn sid=2010036 y=1] score=0.574  top-attn windows=[90, 91, 78]
   15   2010036  MDD  0.574  MDD   Y   99  0.6852   0.6111    2.8s
      [wattn sid=2020013 y=0] score=0.391  top-attn windows=[95, 94, 73]
   16   2020013   HC  0.391   HC   Y  113  0.7143   0.6349    2.9s
      [wattn sid=2020023 y=0] score=0.569  top-attn windows=[105, 106, 84]
   17   2020023   HC  0.569  MDD   .  120  0.6667   0.5903    2.9s
      [wattn sid=2020026 y=0] score=0.479  top-attn windows=[98, 97, 35]
   18   2020026   HC  0.479   HC   Y  120  0.6667   0.6111    2.9s
  ... fold  4/10: training on 48 subjects (held-out: 2010008, 2010010, 2010030, 2020010, 2030009) ...
      [wattn sid=2010008 y=1] score=0.550  top-attn windows=[44, 45, 24]
   19   2010008  MDD  0.550  MDD   Y  120  0.6667   0.6333    3.7s
      [wattn sid=2010010 y=1] score=0.913  top-attn windows=[6, 5, 40]
   20   2010010  MDD  0.913  MDD   Y   92  0.6970   0.6515    3.7s
      [wattn sid=2010030 y=1] score=0.981  top-attn windows=[59, 19, 20]
   21   2010030  MDD  0.981  MDD   Y  120  0.7222   0.6667    3.7s
      [wattn sid=2020010 y=0] score=0.227  top-attn windows=[13, 14, 12]
   22   2020010   HC  0.227   HC   Y  112  0.7500   0.6833    3.7s
      [wattn sid=2030009 y=0] score=0.177  top-attn windows=[40, 39, 35]
   23   2030009   HC  0.177   HC   Y   95  0.7727   0.6970    3.7s
  ... fold  5/10: training on 48 subjects (held-out: 2010011, 2010018, 2020014, 2020022, 2030021) ...
      [wattn sid=2010011 y=1] score=0.420  top-attn windows=[3, 51, 87]
   24   2010011  MDD  0.420   HC   .  120  0.7483   0.6713    3.6s
      [wattn sid=2010018 y=1] score=0.510  top-attn windows=[2, 0, 1]
   25   2010018  MDD  0.510  MDD   Y  120  0.7468   0.6851    3.6s
      [wattn sid=2020014 y=0] score=0.311  top-attn windows=[53, 56, 52]
   26   2020014   HC  0.311   HC   Y   66  0.7679   0.6964    3.5s
      [wattn sid=2020022 y=0] score=0.536  top-attn windows=[115, 114, 20]
   27   2020022   HC  0.536  MDD   .  120  0.7527   0.6676    3.6s
      [wattn sid=2030021 y=0] score=0.406  top-attn windows=[78, 77, 54]
   28   2030021   HC  0.406   HC   Y  120  0.7653   0.6786    3.7s
  ... fold  6/10: training on 48 subjects (held-out: 2010019, 2010033, 2030006, 2030007, 2030014) ...
      [wattn sid=2010019 y=1] score=0.605  top-attn windows=[8, 5, 24]
   29   2010019  MDD  0.605  MDD   Y  120  0.7762   0.6905    3.6s
      [wattn sid=2010033 y=1] score=0.625  top-attn windows=[56, 38, 55]
   30   2010033  MDD  0.625  MDD   Y  120  0.7902   0.7009    3.6s
      [wattn sid=2030006 y=0] score=0.089  top-attn windows=[62, 114, 61]
   31   2030006   HC  0.089   HC   Y  120  0.8042   0.7104    3.6s
      [wattn sid=2030007 y=0] score=0.306  top-attn windows=[72, 73, 64]
   32   2030007   HC  0.306   HC   Y  120  0.8164   0.7188    3.6s
      [wattn sid=2030014 y=0] score=0.377  top-attn windows=[73, 74, 3]
   33   2030014   HC  0.377   HC   Y  120  0.8235   0.7261    3.6s
  ... fold  7/10: training on 48 subjects (held-out: 2010004, 2010024, 2020008, 2020018, 2030004) ...
      [wattn sid=2010004 y=1] score=0.746  top-attn windows=[29, 33, 32]
   34   2010004  MDD  0.746  MDD   Y   44  0.8339   0.7353    3.7s
      [wattn sid=2010024 y=1] score=0.838  top-attn windows=[30, 29, 86]
   35   2010024  MDD  0.838  MDD   Y  120  0.8431   0.7435    3.8s
      [wattn sid=2020008 y=0] score=0.510  top-attn windows=[4, 29, 13]
   36   2020008   HC  0.510  MDD   .   42  0.8333   0.7222    3.7s
      [wattn sid=2020018 y=0] score=0.437  top-attn windows=[77, 76, 88]
   37   2020018   HC  0.437   HC   Y   95  0.8363   0.7295    3.7s
      [wattn sid=2030004 y=0] score=0.669  top-attn windows=[51, 100, 114]
   38   2030004   HC  0.669  MDD   .  120  0.8056   0.7111    3.8s
  ... fold  8/10: training on 48 subjects (held-out: 2010006, 2010034, 2020015, 2030005, 2030019) ...
      [wattn sid=2010006 y=1] score=0.361  top-attn windows=[109, 107, 103]
   39   2010006  MDD  0.361   HC   .  120  0.7816   0.6921    3.6s
      [wattn sid=2010034 y=1] score=0.295  top-attn windows=[21, 25, 22]
   40   2010034  MDD  0.295   HC   .   70  0.7525   0.6750    3.5s
      [wattn sid=2020015 y=0] score=0.666  top-attn windows=[108, 109, 69]
   41   2020015   HC  0.666  MDD   .  120  0.7262   0.6583    3.6s
      [wattn sid=2030005 y=0] score=0.103  top-attn windows=[46, 72, 60]
   42   2030005   HC  0.103   HC   Y   90  0.7386   0.6659    3.6s
      [wattn sid=2030019 y=0] score=0.260  top-attn windows=[90, 91, 117]
   43   2030019   HC  0.260   HC   Y  120  0.7500   0.6728    3.7s
  ... fold  9/10: training on 48 subjects (held-out: 2010013, 2010025, 2020027, 2030017, 2030020) ...
      [wattn sid=2010013 y=1] score=0.803  top-attn windows=[110, 1, 84]
   44   2010013  MDD  0.803  MDD   Y  120  0.7619   0.6812    3.5s
      [wattn sid=2010025 y=1] score=0.459  top-attn windows=[97, 100, 96]
   45   2010025  MDD  0.459   HC   .  120  0.7569   0.6660    3.6s
      [wattn sid=2020027 y=0] score=0.494  top-attn windows=[99, 90, 93]
   46   2020027   HC  0.494   HC   Y  120  0.7519   0.6723    3.6s
      [wattn sid=2030017 y=0] score=0.268  top-attn windows=[108, 4, 99]
   47   2030017   HC  0.268   HC   Y  120  0.7618   0.6782    3.6s
      [wattn sid=2030020 y=0] score=0.658  top-attn windows=[9, 8, 6]
   48   2030020   HC  0.658  MDD   .  120  0.7413   0.6643    3.6s
  ... fold 10/10: training on 48 subjects (held-out: 2010023, 2010026, 2020025, 2030003, 2030018) ...
      [wattn sid=2010023 y=1] score=0.444  top-attn windows=[111, 112, 110]
   49   2010023  MDD  0.444   HC   .  120  0.7341   0.6505    3.5s
      [wattn sid=2010026 y=1] score=0.630  top-attn windows=[53, 63, 112]
   50   2010026  MDD  0.630  MDD   Y  115  0.7404   0.6587    3.5s
      [wattn sid=2020025 y=0] score=0.282  top-attn windows=[104, 94, 93]
   51   2020025   HC  0.282   HC   Y  120  0.7500   0.6644    3.5s
      [wattn sid=2030003 y=0] score=0.296  top-attn windows=[22, 35, 59]
   52   2030003   HC  0.296   HC   Y   94  0.7574   0.6696    3.5s
      [wattn sid=2030018 y=0] score=0.778  top-attn windows=[46, 55, 79]
   53   2030018   HC  0.778  MDD   .  104  0.7371   0.6573    3.5s
------------------------------------------------------------------------------

FINAL  stage wattn  [10-fold CV]  |  53 subjects (24 MDD / 29 HC)
  Subject-level ROC-AUC : 0.7371   (primary)
  Balanced accuracy     : 0.6573  @thr=0.50   |  0.7098  @thr=0.444 (Youden)
  Macro-F1              : 0.6573  @thr=0.50   |  0.6971  @thr=0.444
  Confusion matrix @0.50 (rows=true HC/MDD, cols=pred HC/MDD):
        pred_HC  pred_MDD
  HC        20         9
  MDD        9        15

Total wall time: 329.1s
Saved per-fold results -> /home/hasan/fable's rEEG/results/wattn_cv10.json
